[2026-01-03T13:49:10.512+0000] {processor.py:157} INFO - Started process (PID=10117) to work on /home/vscode/.local/lib/python3.10/site-packages/airflow/example_dags/example_params_ui_tutorial.py
[2026-01-03T13:49:10.513+0000] {processor.py:826} INFO - Processing file /home/vscode/.local/lib/python3.10/site-packages/airflow/example_dags/example_params_ui_tutorial.py for tasks to queue
[2026-01-03T13:49:10.514+0000] {logging_mixin.py:150} INFO - [2026-01-03T13:49:10.513+0000] {dagbag.py:541} INFO - Filling up the DagBag from /home/vscode/.local/lib/python3.10/site-packages/airflow/example_dags/example_params_ui_tutorial.py
[2026-01-03T13:49:10.540+0000] {processor.py:836} INFO - DAG(s) dict_keys(['example_params_ui_tutorial']) retrieved from /home/vscode/.local/lib/python3.10/site-packages/airflow/example_dags/example_params_ui_tutorial.py
[2026-01-03T13:49:10.654+0000] {logging_mixin.py:150} INFO - [2026-01-03T13:49:10.654+0000] {manager.py:504} INFO - Created Permission View: can delete on DAG:example_params_ui_tutorial
[2026-01-03T13:49:10.662+0000] {logging_mixin.py:150} INFO - [2026-01-03T13:49:10.662+0000] {manager.py:504} INFO - Created Permission View: can read on DAG:example_params_ui_tutorial
[2026-01-03T13:49:10.667+0000] {logging_mixin.py:150} INFO - [2026-01-03T13:49:10.667+0000] {manager.py:504} INFO - Created Permission View: can edit on DAG:example_params_ui_tutorial
[2026-01-03T13:49:10.675+0000] {logging_mixin.py:150} INFO - [2026-01-03T13:49:10.675+0000] {dag.py:2742} INFO - Sync 1 DAGs
[2026-01-03T13:49:10.682+0000] {logging_mixin.py:150} INFO - [2026-01-03T13:49:10.682+0000] {dag.py:2763} INFO - Creating ORM DAG for example_params_ui_tutorial
[2026-01-03T13:49:10.688+0000] {logging_mixin.py:150} INFO - [2026-01-03T13:49:10.688+0000] {dag.py:3504} INFO - Setting next_dagrun for example_params_ui_tutorial to None, run_after=None
[2026-01-03T13:49:10.703+0000] {processor.py:179} INFO - Processing /home/vscode/.local/lib/python3.10/site-packages/airflow/example_dags/example_params_ui_tutorial.py took 0.195 seconds
[2026-01-03T13:49:57.099+0000] {processor.py:157} INFO - Started process (PID=10458) to work on /home/vscode/.local/lib/python3.10/site-packages/airflow/example_dags/example_params_ui_tutorial.py
[2026-01-03T13:49:57.099+0000] {processor.py:826} INFO - Processing file /home/vscode/.local/lib/python3.10/site-packages/airflow/example_dags/example_params_ui_tutorial.py for tasks to queue
[2026-01-03T13:49:57.100+0000] {logging_mixin.py:150} INFO - [2026-01-03T13:49:57.100+0000] {dagbag.py:541} INFO - Filling up the DagBag from /home/vscode/.local/lib/python3.10/site-packages/airflow/example_dags/example_params_ui_tutorial.py
[2026-01-03T13:49:57.121+0000] {processor.py:836} INFO - DAG(s) dict_keys(['example_params_ui_tutorial']) retrieved from /home/vscode/.local/lib/python3.10/site-packages/airflow/example_dags/example_params_ui_tutorial.py
[2026-01-03T13:49:57.146+0000] {logging_mixin.py:150} INFO - [2026-01-03T13:49:57.146+0000] {dag.py:2742} INFO - Sync 1 DAGs
[2026-01-03T13:49:57.160+0000] {logging_mixin.py:150} INFO - [2026-01-03T13:49:57.160+0000] {dag.py:3504} INFO - Setting next_dagrun for example_params_ui_tutorial to None, run_after=None
[2026-01-03T13:49:57.176+0000] {processor.py:179} INFO - Processing /home/vscode/.local/lib/python3.10/site-packages/airflow/example_dags/example_params_ui_tutorial.py took 0.080 seconds
[2026-01-03T13:50:41.667+0000] {processor.py:157} INFO - Started process (PID=10804) to work on /home/vscode/.local/lib/python3.10/site-packages/airflow/example_dags/example_params_ui_tutorial.py
[2026-01-03T13:50:41.668+0000] {processor.py:826} INFO - Processing file /home/vscode/.local/lib/python3.10/site-packages/airflow/example_dags/example_params_ui_tutorial.py for tasks to queue
[2026-01-03T13:50:41.669+0000] {logging_mixin.py:150} INFO - [2026-01-03T13:50:41.668+0000] {dagbag.py:541} INFO - Filling up the DagBag from /home/vscode/.local/lib/python3.10/site-packages/airflow/example_dags/example_params_ui_tutorial.py
[2026-01-03T13:50:41.690+0000] {processor.py:836} INFO - DAG(s) dict_keys(['example_params_ui_tutorial']) retrieved from /home/vscode/.local/lib/python3.10/site-packages/airflow/example_dags/example_params_ui_tutorial.py
[2026-01-03T13:50:41.715+0000] {logging_mixin.py:150} INFO - [2026-01-03T13:50:41.715+0000] {dag.py:2742} INFO - Sync 1 DAGs
[2026-01-03T13:50:41.730+0000] {logging_mixin.py:150} INFO - [2026-01-03T13:50:41.730+0000] {dag.py:3504} INFO - Setting next_dagrun for example_params_ui_tutorial to None, run_after=None
[2026-01-03T13:50:41.747+0000] {processor.py:179} INFO - Processing /home/vscode/.local/lib/python3.10/site-packages/airflow/example_dags/example_params_ui_tutorial.py took 0.082 seconds
[2026-01-03T13:51:25.616+0000] {processor.py:157} INFO - Started process (PID=11092) to work on /home/vscode/.local/lib/python3.10/site-packages/airflow/example_dags/example_params_ui_tutorial.py
[2026-01-03T13:51:25.617+0000] {processor.py:826} INFO - Processing file /home/vscode/.local/lib/python3.10/site-packages/airflow/example_dags/example_params_ui_tutorial.py for tasks to queue
[2026-01-03T13:51:25.617+0000] {logging_mixin.py:150} INFO - [2026-01-03T13:51:25.617+0000] {dagbag.py:541} INFO - Filling up the DagBag from /home/vscode/.local/lib/python3.10/site-packages/airflow/example_dags/example_params_ui_tutorial.py
[2026-01-03T13:51:25.639+0000] {processor.py:836} INFO - DAG(s) dict_keys(['example_params_ui_tutorial']) retrieved from /home/vscode/.local/lib/python3.10/site-packages/airflow/example_dags/example_params_ui_tutorial.py
[2026-01-03T13:51:25.664+0000] {logging_mixin.py:150} INFO - [2026-01-03T13:51:25.664+0000] {dag.py:2742} INFO - Sync 1 DAGs
[2026-01-03T13:51:25.679+0000] {logging_mixin.py:150} INFO - [2026-01-03T13:51:25.679+0000] {dag.py:3504} INFO - Setting next_dagrun for example_params_ui_tutorial to None, run_after=None
[2026-01-03T13:51:25.695+0000] {processor.py:179} INFO - Processing /home/vscode/.local/lib/python3.10/site-packages/airflow/example_dags/example_params_ui_tutorial.py took 0.082 seconds
[2026-01-03T13:52:07.722+0000] {processor.py:157} INFO - Started process (PID=11423) to work on /home/vscode/.local/lib/python3.10/site-packages/airflow/example_dags/example_params_ui_tutorial.py
[2026-01-03T13:52:07.723+0000] {processor.py:826} INFO - Processing file /home/vscode/.local/lib/python3.10/site-packages/airflow/example_dags/example_params_ui_tutorial.py for tasks to queue
[2026-01-03T13:52:07.724+0000] {logging_mixin.py:150} INFO - [2026-01-03T13:52:07.723+0000] {dagbag.py:541} INFO - Filling up the DagBag from /home/vscode/.local/lib/python3.10/site-packages/airflow/example_dags/example_params_ui_tutorial.py
[2026-01-03T13:52:07.746+0000] {processor.py:836} INFO - DAG(s) dict_keys(['example_params_ui_tutorial']) retrieved from /home/vscode/.local/lib/python3.10/site-packages/airflow/example_dags/example_params_ui_tutorial.py
[2026-01-03T13:52:07.772+0000] {logging_mixin.py:150} INFO - [2026-01-03T13:52:07.771+0000] {dag.py:2742} INFO - Sync 1 DAGs
[2026-01-03T13:52:07.789+0000] {logging_mixin.py:150} INFO - [2026-01-03T13:52:07.789+0000] {dag.py:3504} INFO - Setting next_dagrun for example_params_ui_tutorial to None, run_after=None
[2026-01-03T13:52:07.806+0000] {processor.py:179} INFO - Processing /home/vscode/.local/lib/python3.10/site-packages/airflow/example_dags/example_params_ui_tutorial.py took 0.087 seconds
[2026-01-03T13:52:51.981+0000] {processor.py:157} INFO - Started process (PID=11717) to work on /home/vscode/.local/lib/python3.10/site-packages/airflow/example_dags/example_params_ui_tutorial.py
[2026-01-03T13:52:51.981+0000] {processor.py:826} INFO - Processing file /home/vscode/.local/lib/python3.10/site-packages/airflow/example_dags/example_params_ui_tutorial.py for tasks to queue
[2026-01-03T13:52:51.982+0000] {logging_mixin.py:150} INFO - [2026-01-03T13:52:51.982+0000] {dagbag.py:541} INFO - Filling up the DagBag from /home/vscode/.local/lib/python3.10/site-packages/airflow/example_dags/example_params_ui_tutorial.py
[2026-01-03T13:52:52.005+0000] {processor.py:836} INFO - DAG(s) dict_keys(['example_params_ui_tutorial']) retrieved from /home/vscode/.local/lib/python3.10/site-packages/airflow/example_dags/example_params_ui_tutorial.py
[2026-01-03T13:52:52.030+0000] {logging_mixin.py:150} INFO - [2026-01-03T13:52:52.029+0000] {dag.py:2742} INFO - Sync 1 DAGs
[2026-01-03T13:52:52.045+0000] {logging_mixin.py:150} INFO - [2026-01-03T13:52:52.044+0000] {dag.py:3504} INFO - Setting next_dagrun for example_params_ui_tutorial to None, run_after=None
[2026-01-03T13:52:52.062+0000] {processor.py:179} INFO - Processing /home/vscode/.local/lib/python3.10/site-packages/airflow/example_dags/example_params_ui_tutorial.py took 0.084 seconds
[2026-01-03T13:53:32.991+0000] {processor.py:157} INFO - Started process (PID=12042) to work on /home/vscode/.local/lib/python3.10/site-packages/airflow/example_dags/example_params_ui_tutorial.py
[2026-01-03T13:53:32.992+0000] {processor.py:826} INFO - Processing file /home/vscode/.local/lib/python3.10/site-packages/airflow/example_dags/example_params_ui_tutorial.py for tasks to queue
[2026-01-03T13:53:32.992+0000] {logging_mixin.py:150} INFO - [2026-01-03T13:53:32.992+0000] {dagbag.py:541} INFO - Filling up the DagBag from /home/vscode/.local/lib/python3.10/site-packages/airflow/example_dags/example_params_ui_tutorial.py
[2026-01-03T13:53:33.018+0000] {processor.py:836} INFO - DAG(s) dict_keys(['example_params_ui_tutorial']) retrieved from /home/vscode/.local/lib/python3.10/site-packages/airflow/example_dags/example_params_ui_tutorial.py
[2026-01-03T13:53:33.053+0000] {logging_mixin.py:150} INFO - [2026-01-03T13:53:33.053+0000] {dag.py:2742} INFO - Sync 1 DAGs
[2026-01-03T13:53:33.067+0000] {logging_mixin.py:150} INFO - [2026-01-03T13:53:33.067+0000] {dag.py:3504} INFO - Setting next_dagrun for example_params_ui_tutorial to None, run_after=None
[2026-01-03T13:53:33.082+0000] {processor.py:179} INFO - Processing /home/vscode/.local/lib/python3.10/site-packages/airflow/example_dags/example_params_ui_tutorial.py took 0.095 seconds
[2026-01-03T13:54:16.410+0000] {processor.py:157} INFO - Started process (PID=12399) to work on /home/vscode/.local/lib/python3.10/site-packages/airflow/example_dags/example_params_ui_tutorial.py
[2026-01-03T13:54:16.411+0000] {processor.py:826} INFO - Processing file /home/vscode/.local/lib/python3.10/site-packages/airflow/example_dags/example_params_ui_tutorial.py for tasks to queue
[2026-01-03T13:54:16.412+0000] {logging_mixin.py:150} INFO - [2026-01-03T13:54:16.411+0000] {dagbag.py:541} INFO - Filling up the DagBag from /home/vscode/.local/lib/python3.10/site-packages/airflow/example_dags/example_params_ui_tutorial.py
[2026-01-03T13:54:16.433+0000] {processor.py:836} INFO - DAG(s) dict_keys(['example_params_ui_tutorial']) retrieved from /home/vscode/.local/lib/python3.10/site-packages/airflow/example_dags/example_params_ui_tutorial.py
[2026-01-03T13:54:16.458+0000] {logging_mixin.py:150} INFO - [2026-01-03T13:54:16.458+0000] {dag.py:2742} INFO - Sync 1 DAGs
[2026-01-03T13:54:16.473+0000] {logging_mixin.py:150} INFO - [2026-01-03T13:54:16.473+0000] {dag.py:3504} INFO - Setting next_dagrun for example_params_ui_tutorial to None, run_after=None
[2026-01-03T13:54:16.488+0000] {processor.py:179} INFO - Processing /home/vscode/.local/lib/python3.10/site-packages/airflow/example_dags/example_params_ui_tutorial.py took 0.081 seconds
[2026-01-03T13:54:56.345+0000] {processor.py:157} INFO - Started process (PID=12709) to work on /home/vscode/.local/lib/python3.10/site-packages/airflow/example_dags/example_params_ui_tutorial.py
[2026-01-03T13:54:56.346+0000] {processor.py:826} INFO - Processing file /home/vscode/.local/lib/python3.10/site-packages/airflow/example_dags/example_params_ui_tutorial.py for tasks to queue
[2026-01-03T13:54:56.346+0000] {logging_mixin.py:150} INFO - [2026-01-03T13:54:56.346+0000] {dagbag.py:541} INFO - Filling up the DagBag from /home/vscode/.local/lib/python3.10/site-packages/airflow/example_dags/example_params_ui_tutorial.py
[2026-01-03T13:54:56.368+0000] {processor.py:836} INFO - DAG(s) dict_keys(['example_params_ui_tutorial']) retrieved from /home/vscode/.local/lib/python3.10/site-packages/airflow/example_dags/example_params_ui_tutorial.py
[2026-01-03T13:54:56.393+0000] {logging_mixin.py:150} INFO - [2026-01-03T13:54:56.393+0000] {dag.py:2742} INFO - Sync 1 DAGs
[2026-01-03T13:54:56.408+0000] {logging_mixin.py:150} INFO - [2026-01-03T13:54:56.408+0000] {dag.py:3504} INFO - Setting next_dagrun for example_params_ui_tutorial to None, run_after=None
[2026-01-03T13:54:56.424+0000] {processor.py:179} INFO - Processing /home/vscode/.local/lib/python3.10/site-packages/airflow/example_dags/example_params_ui_tutorial.py took 0.082 seconds
[2026-01-03T13:55:42.590+0000] {processor.py:157} INFO - Started process (PID=13167) to work on /home/vscode/.local/lib/python3.10/site-packages/airflow/example_dags/example_params_ui_tutorial.py
[2026-01-03T13:55:42.591+0000] {processor.py:826} INFO - Processing file /home/vscode/.local/lib/python3.10/site-packages/airflow/example_dags/example_params_ui_tutorial.py for tasks to queue
[2026-01-03T13:55:42.592+0000] {logging_mixin.py:150} INFO - [2026-01-03T13:55:42.591+0000] {dagbag.py:541} INFO - Filling up the DagBag from /home/vscode/.local/lib/python3.10/site-packages/airflow/example_dags/example_params_ui_tutorial.py
[2026-01-03T13:55:42.613+0000] {processor.py:836} INFO - DAG(s) dict_keys(['example_params_ui_tutorial']) retrieved from /home/vscode/.local/lib/python3.10/site-packages/airflow/example_dags/example_params_ui_tutorial.py
[2026-01-03T13:55:42.637+0000] {logging_mixin.py:150} INFO - [2026-01-03T13:55:42.637+0000] {dag.py:2742} INFO - Sync 1 DAGs
[2026-01-03T13:55:42.652+0000] {logging_mixin.py:150} INFO - [2026-01-03T13:55:42.652+0000] {dag.py:3504} INFO - Setting next_dagrun for example_params_ui_tutorial to None, run_after=None
[2026-01-03T13:55:42.668+0000] {processor.py:179} INFO - Processing /home/vscode/.local/lib/python3.10/site-packages/airflow/example_dags/example_params_ui_tutorial.py took 0.080 seconds
[2026-01-03T13:56:27.623+0000] {processor.py:157} INFO - Started process (PID=13621) to work on /home/vscode/.local/lib/python3.10/site-packages/airflow/example_dags/example_params_ui_tutorial.py
[2026-01-03T13:56:27.624+0000] {processor.py:826} INFO - Processing file /home/vscode/.local/lib/python3.10/site-packages/airflow/example_dags/example_params_ui_tutorial.py for tasks to queue
[2026-01-03T13:56:27.625+0000] {logging_mixin.py:150} INFO - [2026-01-03T13:56:27.624+0000] {dagbag.py:541} INFO - Filling up the DagBag from /home/vscode/.local/lib/python3.10/site-packages/airflow/example_dags/example_params_ui_tutorial.py
[2026-01-03T13:56:27.645+0000] {processor.py:836} INFO - DAG(s) dict_keys(['example_params_ui_tutorial']) retrieved from /home/vscode/.local/lib/python3.10/site-packages/airflow/example_dags/example_params_ui_tutorial.py
[2026-01-03T13:56:27.670+0000] {logging_mixin.py:150} INFO - [2026-01-03T13:56:27.670+0000] {dag.py:2742} INFO - Sync 1 DAGs
[2026-01-03T13:56:27.684+0000] {logging_mixin.py:150} INFO - [2026-01-03T13:56:27.684+0000] {dag.py:3504} INFO - Setting next_dagrun for example_params_ui_tutorial to None, run_after=None
[2026-01-03T13:56:27.699+0000] {processor.py:179} INFO - Processing /home/vscode/.local/lib/python3.10/site-packages/airflow/example_dags/example_params_ui_tutorial.py took 0.079 seconds
[2026-01-03T13:57:09.858+0000] {processor.py:157} INFO - Started process (PID=13934) to work on /home/vscode/.local/lib/python3.10/site-packages/airflow/example_dags/example_params_ui_tutorial.py
[2026-01-03T13:57:09.859+0000] {processor.py:826} INFO - Processing file /home/vscode/.local/lib/python3.10/site-packages/airflow/example_dags/example_params_ui_tutorial.py for tasks to queue
[2026-01-03T13:57:09.860+0000] {logging_mixin.py:150} INFO - [2026-01-03T13:57:09.859+0000] {dagbag.py:541} INFO - Filling up the DagBag from /home/vscode/.local/lib/python3.10/site-packages/airflow/example_dags/example_params_ui_tutorial.py
[2026-01-03T13:57:09.880+0000] {processor.py:836} INFO - DAG(s) dict_keys(['example_params_ui_tutorial']) retrieved from /home/vscode/.local/lib/python3.10/site-packages/airflow/example_dags/example_params_ui_tutorial.py
[2026-01-03T13:57:09.905+0000] {logging_mixin.py:150} INFO - [2026-01-03T13:57:09.905+0000] {dag.py:2742} INFO - Sync 1 DAGs
[2026-01-03T13:57:09.919+0000] {logging_mixin.py:150} INFO - [2026-01-03T13:57:09.919+0000] {dag.py:3504} INFO - Setting next_dagrun for example_params_ui_tutorial to None, run_after=None
[2026-01-03T13:57:09.935+0000] {processor.py:179} INFO - Processing /home/vscode/.local/lib/python3.10/site-packages/airflow/example_dags/example_params_ui_tutorial.py took 0.079 seconds
[2026-01-03T13:57:53.370+0000] {processor.py:157} INFO - Started process (PID=14228) to work on /home/vscode/.local/lib/python3.10/site-packages/airflow/example_dags/example_params_ui_tutorial.py
[2026-01-03T13:57:53.371+0000] {processor.py:826} INFO - Processing file /home/vscode/.local/lib/python3.10/site-packages/airflow/example_dags/example_params_ui_tutorial.py for tasks to queue
[2026-01-03T13:57:53.372+0000] {logging_mixin.py:150} INFO - [2026-01-03T13:57:53.372+0000] {dagbag.py:541} INFO - Filling up the DagBag from /home/vscode/.local/lib/python3.10/site-packages/airflow/example_dags/example_params_ui_tutorial.py
[2026-01-03T13:57:53.393+0000] {processor.py:836} INFO - DAG(s) dict_keys(['example_params_ui_tutorial']) retrieved from /home/vscode/.local/lib/python3.10/site-packages/airflow/example_dags/example_params_ui_tutorial.py
[2026-01-03T13:57:53.417+0000] {logging_mixin.py:150} INFO - [2026-01-03T13:57:53.416+0000] {dag.py:2742} INFO - Sync 1 DAGs
[2026-01-03T13:57:53.430+0000] {logging_mixin.py:150} INFO - [2026-01-03T13:57:53.430+0000] {dag.py:3504} INFO - Setting next_dagrun for example_params_ui_tutorial to None, run_after=None
[2026-01-03T13:57:53.445+0000] {processor.py:179} INFO - Processing /home/vscode/.local/lib/python3.10/site-packages/airflow/example_dags/example_params_ui_tutorial.py took 0.077 seconds
[2026-01-03T13:58:36.057+0000] {processor.py:157} INFO - Started process (PID=14517) to work on /home/vscode/.local/lib/python3.10/site-packages/airflow/example_dags/example_params_ui_tutorial.py
[2026-01-03T13:58:36.058+0000] {processor.py:826} INFO - Processing file /home/vscode/.local/lib/python3.10/site-packages/airflow/example_dags/example_params_ui_tutorial.py for tasks to queue
[2026-01-03T13:58:36.059+0000] {logging_mixin.py:150} INFO - [2026-01-03T13:58:36.059+0000] {dagbag.py:541} INFO - Filling up the DagBag from /home/vscode/.local/lib/python3.10/site-packages/airflow/example_dags/example_params_ui_tutorial.py
[2026-01-03T13:58:36.080+0000] {processor.py:836} INFO - DAG(s) dict_keys(['example_params_ui_tutorial']) retrieved from /home/vscode/.local/lib/python3.10/site-packages/airflow/example_dags/example_params_ui_tutorial.py
[2026-01-03T13:58:36.104+0000] {logging_mixin.py:150} INFO - [2026-01-03T13:58:36.104+0000] {dag.py:2742} INFO - Sync 1 DAGs
[2026-01-03T13:58:36.119+0000] {logging_mixin.py:150} INFO - [2026-01-03T13:58:36.119+0000] {dag.py:3504} INFO - Setting next_dagrun for example_params_ui_tutorial to None, run_after=None
[2026-01-03T13:58:36.133+0000] {processor.py:179} INFO - Processing /home/vscode/.local/lib/python3.10/site-packages/airflow/example_dags/example_params_ui_tutorial.py took 0.078 seconds
[2026-01-03T13:59:15.549+0000] {processor.py:157} INFO - Started process (PID=14810) to work on /home/vscode/.local/lib/python3.10/site-packages/airflow/example_dags/example_params_ui_tutorial.py
[2026-01-03T13:59:15.549+0000] {processor.py:826} INFO - Processing file /home/vscode/.local/lib/python3.10/site-packages/airflow/example_dags/example_params_ui_tutorial.py for tasks to queue
[2026-01-03T13:59:15.550+0000] {logging_mixin.py:150} INFO - [2026-01-03T13:59:15.550+0000] {dagbag.py:541} INFO - Filling up the DagBag from /home/vscode/.local/lib/python3.10/site-packages/airflow/example_dags/example_params_ui_tutorial.py
[2026-01-03T13:59:15.571+0000] {processor.py:836} INFO - DAG(s) dict_keys(['example_params_ui_tutorial']) retrieved from /home/vscode/.local/lib/python3.10/site-packages/airflow/example_dags/example_params_ui_tutorial.py
[2026-01-03T13:59:15.594+0000] {logging_mixin.py:150} INFO - [2026-01-03T13:59:15.594+0000] {dag.py:2742} INFO - Sync 1 DAGs
[2026-01-03T13:59:15.608+0000] {logging_mixin.py:150} INFO - [2026-01-03T13:59:15.608+0000] {dag.py:3504} INFO - Setting next_dagrun for example_params_ui_tutorial to None, run_after=None
[2026-01-03T13:59:15.622+0000] {processor.py:179} INFO - Processing /home/vscode/.local/lib/python3.10/site-packages/airflow/example_dags/example_params_ui_tutorial.py took 0.076 seconds
[2026-01-03T14:00:00.485+0000] {processor.py:157} INFO - Started process (PID=15104) to work on /home/vscode/.local/lib/python3.10/site-packages/airflow/example_dags/example_params_ui_tutorial.py
[2026-01-03T14:00:00.486+0000] {processor.py:826} INFO - Processing file /home/vscode/.local/lib/python3.10/site-packages/airflow/example_dags/example_params_ui_tutorial.py for tasks to queue
[2026-01-03T14:00:00.487+0000] {logging_mixin.py:150} INFO - [2026-01-03T14:00:00.486+0000] {dagbag.py:541} INFO - Filling up the DagBag from /home/vscode/.local/lib/python3.10/site-packages/airflow/example_dags/example_params_ui_tutorial.py
[2026-01-03T14:00:00.507+0000] {processor.py:836} INFO - DAG(s) dict_keys(['example_params_ui_tutorial']) retrieved from /home/vscode/.local/lib/python3.10/site-packages/airflow/example_dags/example_params_ui_tutorial.py
[2026-01-03T14:00:00.532+0000] {logging_mixin.py:150} INFO - [2026-01-03T14:00:00.531+0000] {dag.py:2742} INFO - Sync 1 DAGs
[2026-01-03T14:00:00.545+0000] {logging_mixin.py:150} INFO - [2026-01-03T14:00:00.545+0000] {dag.py:3504} INFO - Setting next_dagrun for example_params_ui_tutorial to None, run_after=None
[2026-01-03T14:00:00.560+0000] {processor.py:179} INFO - Processing /home/vscode/.local/lib/python3.10/site-packages/airflow/example_dags/example_params_ui_tutorial.py took 0.077 seconds
[2026-01-03T14:00:43.322+0000] {processor.py:157} INFO - Started process (PID=15390) to work on /home/vscode/.local/lib/python3.10/site-packages/airflow/example_dags/example_params_ui_tutorial.py
[2026-01-03T14:00:43.323+0000] {processor.py:826} INFO - Processing file /home/vscode/.local/lib/python3.10/site-packages/airflow/example_dags/example_params_ui_tutorial.py for tasks to queue
[2026-01-03T14:00:43.324+0000] {logging_mixin.py:150} INFO - [2026-01-03T14:00:43.323+0000] {dagbag.py:541} INFO - Filling up the DagBag from /home/vscode/.local/lib/python3.10/site-packages/airflow/example_dags/example_params_ui_tutorial.py
[2026-01-03T14:00:43.347+0000] {processor.py:836} INFO - DAG(s) dict_keys(['example_params_ui_tutorial']) retrieved from /home/vscode/.local/lib/python3.10/site-packages/airflow/example_dags/example_params_ui_tutorial.py
[2026-01-03T14:00:43.371+0000] {logging_mixin.py:150} INFO - [2026-01-03T14:00:43.371+0000] {dag.py:2742} INFO - Sync 1 DAGs
[2026-01-03T14:00:43.385+0000] {logging_mixin.py:150} INFO - [2026-01-03T14:00:43.385+0000] {dag.py:3504} INFO - Setting next_dagrun for example_params_ui_tutorial to None, run_after=None
[2026-01-03T14:00:43.399+0000] {processor.py:179} INFO - Processing /home/vscode/.local/lib/python3.10/site-packages/airflow/example_dags/example_params_ui_tutorial.py took 0.080 seconds
[2026-01-03T14:01:30.597+0000] {processor.py:157} INFO - Started process (PID=15726) to work on /home/vscode/.local/lib/python3.10/site-packages/airflow/example_dags/example_params_ui_tutorial.py
[2026-01-03T14:01:30.598+0000] {processor.py:826} INFO - Processing file /home/vscode/.local/lib/python3.10/site-packages/airflow/example_dags/example_params_ui_tutorial.py for tasks to queue
[2026-01-03T14:01:30.599+0000] {logging_mixin.py:150} INFO - [2026-01-03T14:01:30.599+0000] {dagbag.py:541} INFO - Filling up the DagBag from /home/vscode/.local/lib/python3.10/site-packages/airflow/example_dags/example_params_ui_tutorial.py
[2026-01-03T14:01:30.622+0000] {processor.py:836} INFO - DAG(s) dict_keys(['example_params_ui_tutorial']) retrieved from /home/vscode/.local/lib/python3.10/site-packages/airflow/example_dags/example_params_ui_tutorial.py
[2026-01-03T14:01:30.648+0000] {logging_mixin.py:150} INFO - [2026-01-03T14:01:30.647+0000] {dag.py:2742} INFO - Sync 1 DAGs
[2026-01-03T14:01:30.670+0000] {logging_mixin.py:150} INFO - [2026-01-03T14:01:30.669+0000] {dag.py:3504} INFO - Setting next_dagrun for example_params_ui_tutorial to None, run_after=None
[2026-01-03T14:01:30.702+0000] {processor.py:179} INFO - Processing /home/vscode/.local/lib/python3.10/site-packages/airflow/example_dags/example_params_ui_tutorial.py took 0.107 seconds
[2026-01-03T14:02:19.073+0000] {processor.py:157} INFO - Started process (PID=16063) to work on /home/vscode/.local/lib/python3.10/site-packages/airflow/example_dags/example_params_ui_tutorial.py
[2026-01-03T14:02:19.074+0000] {processor.py:826} INFO - Processing file /home/vscode/.local/lib/python3.10/site-packages/airflow/example_dags/example_params_ui_tutorial.py for tasks to queue
[2026-01-03T14:02:19.075+0000] {logging_mixin.py:150} INFO - [2026-01-03T14:02:19.075+0000] {dagbag.py:541} INFO - Filling up the DagBag from /home/vscode/.local/lib/python3.10/site-packages/airflow/example_dags/example_params_ui_tutorial.py
[2026-01-03T14:02:19.097+0000] {processor.py:836} INFO - DAG(s) dict_keys(['example_params_ui_tutorial']) retrieved from /home/vscode/.local/lib/python3.10/site-packages/airflow/example_dags/example_params_ui_tutorial.py
[2026-01-03T14:02:19.123+0000] {logging_mixin.py:150} INFO - [2026-01-03T14:02:19.122+0000] {dag.py:2742} INFO - Sync 1 DAGs
[2026-01-03T14:02:19.137+0000] {logging_mixin.py:150} INFO - [2026-01-03T14:02:19.137+0000] {dag.py:3504} INFO - Setting next_dagrun for example_params_ui_tutorial to None, run_after=None
[2026-01-03T14:02:19.153+0000] {processor.py:179} INFO - Processing /home/vscode/.local/lib/python3.10/site-packages/airflow/example_dags/example_params_ui_tutorial.py took 0.082 seconds
[2026-01-03T14:03:00.049+0000] {processor.py:157} INFO - Started process (PID=16463) to work on /home/vscode/.local/lib/python3.10/site-packages/airflow/example_dags/example_params_ui_tutorial.py
[2026-01-03T14:03:00.049+0000] {processor.py:826} INFO - Processing file /home/vscode/.local/lib/python3.10/site-packages/airflow/example_dags/example_params_ui_tutorial.py for tasks to queue
[2026-01-03T14:03:00.050+0000] {logging_mixin.py:150} INFO - [2026-01-03T14:03:00.050+0000] {dagbag.py:541} INFO - Filling up the DagBag from /home/vscode/.local/lib/python3.10/site-packages/airflow/example_dags/example_params_ui_tutorial.py
[2026-01-03T14:03:00.071+0000] {processor.py:836} INFO - DAG(s) dict_keys(['example_params_ui_tutorial']) retrieved from /home/vscode/.local/lib/python3.10/site-packages/airflow/example_dags/example_params_ui_tutorial.py
[2026-01-03T14:03:00.096+0000] {logging_mixin.py:150} INFO - [2026-01-03T14:03:00.095+0000] {dag.py:2742} INFO - Sync 1 DAGs
[2026-01-03T14:03:00.110+0000] {logging_mixin.py:150} INFO - [2026-01-03T14:03:00.110+0000] {dag.py:3504} INFO - Setting next_dagrun for example_params_ui_tutorial to None, run_after=None
[2026-01-03T14:03:00.126+0000] {processor.py:179} INFO - Processing /home/vscode/.local/lib/python3.10/site-packages/airflow/example_dags/example_params_ui_tutorial.py took 0.079 seconds
[2026-01-03T14:03:41.191+0000] {processor.py:157} INFO - Started process (PID=17061) to work on /home/vscode/.local/lib/python3.10/site-packages/airflow/example_dags/example_params_ui_tutorial.py
[2026-01-03T14:03:41.192+0000] {processor.py:826} INFO - Processing file /home/vscode/.local/lib/python3.10/site-packages/airflow/example_dags/example_params_ui_tutorial.py for tasks to queue
[2026-01-03T14:03:41.193+0000] {logging_mixin.py:150} INFO - [2026-01-03T14:03:41.192+0000] {dagbag.py:541} INFO - Filling up the DagBag from /home/vscode/.local/lib/python3.10/site-packages/airflow/example_dags/example_params_ui_tutorial.py
[2026-01-03T14:03:41.213+0000] {processor.py:836} INFO - DAG(s) dict_keys(['example_params_ui_tutorial']) retrieved from /home/vscode/.local/lib/python3.10/site-packages/airflow/example_dags/example_params_ui_tutorial.py
[2026-01-03T14:03:41.238+0000] {logging_mixin.py:150} INFO - [2026-01-03T14:03:41.237+0000] {dag.py:2742} INFO - Sync 1 DAGs
[2026-01-03T14:03:41.252+0000] {logging_mixin.py:150} INFO - [2026-01-03T14:03:41.252+0000] {dag.py:3504} INFO - Setting next_dagrun for example_params_ui_tutorial to None, run_after=None
[2026-01-03T14:03:41.268+0000] {processor.py:179} INFO - Processing /home/vscode/.local/lib/python3.10/site-packages/airflow/example_dags/example_params_ui_tutorial.py took 0.079 seconds
