[2026-01-03T13:49:23.350+0000] {processor.py:157} INFO - Started process (PID=10201) to work on /home/vscode/.local/lib/python3.10/site-packages/airflow/example_dags/example_dynamic_task_mapping.py
[2026-01-03T13:49:23.351+0000] {processor.py:826} INFO - Processing file /home/vscode/.local/lib/python3.10/site-packages/airflow/example_dags/example_dynamic_task_mapping.py for tasks to queue
[2026-01-03T13:49:23.352+0000] {logging_mixin.py:150} INFO - [2026-01-03T13:49:23.352+0000] {dagbag.py:541} INFO - Filling up the DagBag from /home/vscode/.local/lib/python3.10/site-packages/airflow/example_dags/example_dynamic_task_mapping.py
[2026-01-03T13:49:23.358+0000] {processor.py:836} INFO - DAG(s) dict_keys(['example_dynamic_task_mapping']) retrieved from /home/vscode/.local/lib/python3.10/site-packages/airflow/example_dags/example_dynamic_task_mapping.py
[2026-01-03T13:49:23.431+0000] {logging_mixin.py:150} INFO - [2026-01-03T13:49:23.431+0000] {manager.py:504} INFO - Created Permission View: can delete on DAG:example_dynamic_task_mapping
[2026-01-03T13:49:23.439+0000] {logging_mixin.py:150} INFO - [2026-01-03T13:49:23.439+0000] {manager.py:504} INFO - Created Permission View: can read on DAG:example_dynamic_task_mapping
[2026-01-03T13:49:23.445+0000] {logging_mixin.py:150} INFO - [2026-01-03T13:49:23.444+0000] {manager.py:504} INFO - Created Permission View: can edit on DAG:example_dynamic_task_mapping
[2026-01-03T13:49:23.452+0000] {logging_mixin.py:150} INFO - [2026-01-03T13:49:23.452+0000] {dag.py:2742} INFO - Sync 1 DAGs
[2026-01-03T13:49:23.459+0000] {logging_mixin.py:150} INFO - [2026-01-03T13:49:23.458+0000] {dag.py:2763} INFO - Creating ORM DAG for example_dynamic_task_mapping
[2026-01-03T13:49:23.465+0000] {logging_mixin.py:150} INFO - [2026-01-03T13:49:23.465+0000] {dag.py:3504} INFO - Setting next_dagrun for example_dynamic_task_mapping to 2022-03-04T00:00:00+00:00, run_after=2022-03-05T00:00:00+00:00
[2026-01-03T13:49:23.479+0000] {processor.py:179} INFO - Processing /home/vscode/.local/lib/python3.10/site-packages/airflow/example_dags/example_dynamic_task_mapping.py took 0.131 seconds
[2026-01-03T13:50:11.438+0000] {processor.py:157} INFO - Started process (PID=10568) to work on /home/vscode/.local/lib/python3.10/site-packages/airflow/example_dags/example_dynamic_task_mapping.py
[2026-01-03T13:50:11.439+0000] {processor.py:826} INFO - Processing file /home/vscode/.local/lib/python3.10/site-packages/airflow/example_dags/example_dynamic_task_mapping.py for tasks to queue
[2026-01-03T13:50:11.439+0000] {logging_mixin.py:150} INFO - [2026-01-03T13:50:11.439+0000] {dagbag.py:541} INFO - Filling up the DagBag from /home/vscode/.local/lib/python3.10/site-packages/airflow/example_dags/example_dynamic_task_mapping.py
[2026-01-03T13:50:11.446+0000] {processor.py:836} INFO - DAG(s) dict_keys(['example_dynamic_task_mapping']) retrieved from /home/vscode/.local/lib/python3.10/site-packages/airflow/example_dags/example_dynamic_task_mapping.py
[2026-01-03T13:50:11.460+0000] {logging_mixin.py:150} INFO - [2026-01-03T13:50:11.460+0000] {dag.py:2742} INFO - Sync 1 DAGs
[2026-01-03T13:50:11.475+0000] {logging_mixin.py:150} INFO - [2026-01-03T13:50:11.475+0000] {dag.py:3504} INFO - Setting next_dagrun for example_dynamic_task_mapping to 2022-03-04T00:00:00+00:00, run_after=2022-03-05T00:00:00+00:00
[2026-01-03T13:50:11.490+0000] {processor.py:179} INFO - Processing /home/vscode/.local/lib/python3.10/site-packages/airflow/example_dags/example_dynamic_task_mapping.py took 0.055 seconds
[2026-01-03T13:50:54.834+0000] {processor.py:157} INFO - Started process (PID=10886) to work on /home/vscode/.local/lib/python3.10/site-packages/airflow/example_dags/example_dynamic_task_mapping.py
[2026-01-03T13:50:54.835+0000] {processor.py:826} INFO - Processing file /home/vscode/.local/lib/python3.10/site-packages/airflow/example_dags/example_dynamic_task_mapping.py for tasks to queue
[2026-01-03T13:50:54.836+0000] {logging_mixin.py:150} INFO - [2026-01-03T13:50:54.836+0000] {dagbag.py:541} INFO - Filling up the DagBag from /home/vscode/.local/lib/python3.10/site-packages/airflow/example_dags/example_dynamic_task_mapping.py
[2026-01-03T13:50:54.842+0000] {processor.py:836} INFO - DAG(s) dict_keys(['example_dynamic_task_mapping']) retrieved from /home/vscode/.local/lib/python3.10/site-packages/airflow/example_dags/example_dynamic_task_mapping.py
[2026-01-03T13:50:54.855+0000] {logging_mixin.py:150} INFO - [2026-01-03T13:50:54.855+0000] {dag.py:2742} INFO - Sync 1 DAGs
[2026-01-03T13:50:54.871+0000] {logging_mixin.py:150} INFO - [2026-01-03T13:50:54.871+0000] {dag.py:3504} INFO - Setting next_dagrun for example_dynamic_task_mapping to 2022-03-04T00:00:00+00:00, run_after=2022-03-05T00:00:00+00:00
[2026-01-03T13:50:54.886+0000] {processor.py:179} INFO - Processing /home/vscode/.local/lib/python3.10/site-packages/airflow/example_dags/example_dynamic_task_mapping.py took 0.054 seconds
[2026-01-03T13:51:38.761+0000] {processor.py:157} INFO - Started process (PID=11191) to work on /home/vscode/.local/lib/python3.10/site-packages/airflow/example_dags/example_dynamic_task_mapping.py
[2026-01-03T13:51:38.762+0000] {processor.py:826} INFO - Processing file /home/vscode/.local/lib/python3.10/site-packages/airflow/example_dags/example_dynamic_task_mapping.py for tasks to queue
[2026-01-03T13:51:38.763+0000] {logging_mixin.py:150} INFO - [2026-01-03T13:51:38.763+0000] {dagbag.py:541} INFO - Filling up the DagBag from /home/vscode/.local/lib/python3.10/site-packages/airflow/example_dags/example_dynamic_task_mapping.py
[2026-01-03T13:51:38.770+0000] {processor.py:836} INFO - DAG(s) dict_keys(['example_dynamic_task_mapping']) retrieved from /home/vscode/.local/lib/python3.10/site-packages/airflow/example_dags/example_dynamic_task_mapping.py
[2026-01-03T13:51:38.784+0000] {logging_mixin.py:150} INFO - [2026-01-03T13:51:38.784+0000] {dag.py:2742} INFO - Sync 1 DAGs
[2026-01-03T13:51:38.799+0000] {logging_mixin.py:150} INFO - [2026-01-03T13:51:38.798+0000] {dag.py:3504} INFO - Setting next_dagrun for example_dynamic_task_mapping to 2022-03-04T00:00:00+00:00, run_after=2022-03-05T00:00:00+00:00
[2026-01-03T13:51:38.814+0000] {processor.py:179} INFO - Processing /home/vscode/.local/lib/python3.10/site-packages/airflow/example_dags/example_dynamic_task_mapping.py took 0.056 seconds
[2026-01-03T13:52:23.395+0000] {processor.py:157} INFO - Started process (PID=11525) to work on /home/vscode/.local/lib/python3.10/site-packages/airflow/example_dags/example_dynamic_task_mapping.py
[2026-01-03T13:52:23.396+0000] {processor.py:826} INFO - Processing file /home/vscode/.local/lib/python3.10/site-packages/airflow/example_dags/example_dynamic_task_mapping.py for tasks to queue
[2026-01-03T13:52:23.397+0000] {logging_mixin.py:150} INFO - [2026-01-03T13:52:23.396+0000] {dagbag.py:541} INFO - Filling up the DagBag from /home/vscode/.local/lib/python3.10/site-packages/airflow/example_dags/example_dynamic_task_mapping.py
[2026-01-03T13:52:23.404+0000] {processor.py:836} INFO - DAG(s) dict_keys(['example_dynamic_task_mapping']) retrieved from /home/vscode/.local/lib/python3.10/site-packages/airflow/example_dags/example_dynamic_task_mapping.py
[2026-01-03T13:52:23.418+0000] {logging_mixin.py:150} INFO - [2026-01-03T13:52:23.418+0000] {dag.py:2742} INFO - Sync 1 DAGs
[2026-01-03T13:52:23.435+0000] {logging_mixin.py:150} INFO - [2026-01-03T13:52:23.435+0000] {dag.py:3504} INFO - Setting next_dagrun for example_dynamic_task_mapping to 2022-03-04T00:00:00+00:00, run_after=2022-03-05T00:00:00+00:00
[2026-01-03T13:52:23.453+0000] {processor.py:179} INFO - Processing /home/vscode/.local/lib/python3.10/site-packages/airflow/example_dags/example_dynamic_task_mapping.py took 0.060 seconds
[2026-01-03T13:53:05.929+0000] {processor.py:157} INFO - Started process (PID=11821) to work on /home/vscode/.local/lib/python3.10/site-packages/airflow/example_dags/example_dynamic_task_mapping.py
[2026-01-03T13:53:05.930+0000] {processor.py:826} INFO - Processing file /home/vscode/.local/lib/python3.10/site-packages/airflow/example_dags/example_dynamic_task_mapping.py for tasks to queue
[2026-01-03T13:53:05.931+0000] {logging_mixin.py:150} INFO - [2026-01-03T13:53:05.930+0000] {dagbag.py:541} INFO - Filling up the DagBag from /home/vscode/.local/lib/python3.10/site-packages/airflow/example_dags/example_dynamic_task_mapping.py
[2026-01-03T13:53:05.938+0000] {processor.py:836} INFO - DAG(s) dict_keys(['example_dynamic_task_mapping']) retrieved from /home/vscode/.local/lib/python3.10/site-packages/airflow/example_dags/example_dynamic_task_mapping.py
[2026-01-03T13:53:05.954+0000] {logging_mixin.py:150} INFO - [2026-01-03T13:53:05.953+0000] {dag.py:2742} INFO - Sync 1 DAGs
[2026-01-03T13:53:05.971+0000] {logging_mixin.py:150} INFO - [2026-01-03T13:53:05.970+0000] {dag.py:3504} INFO - Setting next_dagrun for example_dynamic_task_mapping to 2022-03-04T00:00:00+00:00, run_after=2022-03-05T00:00:00+00:00
[2026-01-03T13:53:05.987+0000] {processor.py:179} INFO - Processing /home/vscode/.local/lib/python3.10/site-packages/airflow/example_dags/example_dynamic_task_mapping.py took 0.061 seconds
[2026-01-03T13:53:47.942+0000] {processor.py:157} INFO - Started process (PID=12177) to work on /home/vscode/.local/lib/python3.10/site-packages/airflow/example_dags/example_dynamic_task_mapping.py
[2026-01-03T13:53:47.942+0000] {processor.py:826} INFO - Processing file /home/vscode/.local/lib/python3.10/site-packages/airflow/example_dags/example_dynamic_task_mapping.py for tasks to queue
[2026-01-03T13:53:47.943+0000] {logging_mixin.py:150} INFO - [2026-01-03T13:53:47.943+0000] {dagbag.py:541} INFO - Filling up the DagBag from /home/vscode/.local/lib/python3.10/site-packages/airflow/example_dags/example_dynamic_task_mapping.py
[2026-01-03T13:53:47.950+0000] {processor.py:836} INFO - DAG(s) dict_keys(['example_dynamic_task_mapping']) retrieved from /home/vscode/.local/lib/python3.10/site-packages/airflow/example_dags/example_dynamic_task_mapping.py
[2026-01-03T13:53:47.962+0000] {logging_mixin.py:150} INFO - [2026-01-03T13:53:47.962+0000] {dag.py:2742} INFO - Sync 1 DAGs
[2026-01-03T13:53:47.982+0000] {logging_mixin.py:150} INFO - [2026-01-03T13:53:47.982+0000] {dag.py:3504} INFO - Setting next_dagrun for example_dynamic_task_mapping to 2022-03-04T00:00:00+00:00, run_after=2022-03-05T00:00:00+00:00
[2026-01-03T13:53:48.003+0000] {processor.py:179} INFO - Processing /home/vscode/.local/lib/python3.10/site-packages/airflow/example_dags/example_dynamic_task_mapping.py took 0.064 seconds
[2026-01-03T13:54:30.795+0000] {processor.py:157} INFO - Started process (PID=12509) to work on /home/vscode/.local/lib/python3.10/site-packages/airflow/example_dags/example_dynamic_task_mapping.py
[2026-01-03T13:54:30.796+0000] {processor.py:826} INFO - Processing file /home/vscode/.local/lib/python3.10/site-packages/airflow/example_dags/example_dynamic_task_mapping.py for tasks to queue
[2026-01-03T13:54:30.797+0000] {logging_mixin.py:150} INFO - [2026-01-03T13:54:30.796+0000] {dagbag.py:541} INFO - Filling up the DagBag from /home/vscode/.local/lib/python3.10/site-packages/airflow/example_dags/example_dynamic_task_mapping.py
[2026-01-03T13:54:30.803+0000] {processor.py:836} INFO - DAG(s) dict_keys(['example_dynamic_task_mapping']) retrieved from /home/vscode/.local/lib/python3.10/site-packages/airflow/example_dags/example_dynamic_task_mapping.py
[2026-01-03T13:54:30.817+0000] {logging_mixin.py:150} INFO - [2026-01-03T13:54:30.817+0000] {dag.py:2742} INFO - Sync 1 DAGs
[2026-01-03T13:54:30.832+0000] {logging_mixin.py:150} INFO - [2026-01-03T13:54:30.832+0000] {dag.py:3504} INFO - Setting next_dagrun for example_dynamic_task_mapping to 2022-03-04T00:00:00+00:00, run_after=2022-03-05T00:00:00+00:00
[2026-01-03T13:54:30.847+0000] {processor.py:179} INFO - Processing /home/vscode/.local/lib/python3.10/site-packages/airflow/example_dags/example_dynamic_task_mapping.py took 0.055 seconds
[2026-01-03T13:55:16.897+0000] {processor.py:157} INFO - Started process (PID=12867) to work on /home/vscode/.local/lib/python3.10/site-packages/airflow/example_dags/example_dynamic_task_mapping.py
[2026-01-03T13:55:16.898+0000] {processor.py:826} INFO - Processing file /home/vscode/.local/lib/python3.10/site-packages/airflow/example_dags/example_dynamic_task_mapping.py for tasks to queue
[2026-01-03T13:55:16.898+0000] {logging_mixin.py:150} INFO - [2026-01-03T13:55:16.898+0000] {dagbag.py:541} INFO - Filling up the DagBag from /home/vscode/.local/lib/python3.10/site-packages/airflow/example_dags/example_dynamic_task_mapping.py
[2026-01-03T13:55:16.905+0000] {processor.py:836} INFO - DAG(s) dict_keys(['example_dynamic_task_mapping']) retrieved from /home/vscode/.local/lib/python3.10/site-packages/airflow/example_dags/example_dynamic_task_mapping.py
[2026-01-03T13:55:16.923+0000] {logging_mixin.py:150} INFO - [2026-01-03T13:55:16.923+0000] {dag.py:2742} INFO - Sync 1 DAGs
[2026-01-03T13:55:16.943+0000] {logging_mixin.py:150} INFO - [2026-01-03T13:55:16.943+0000] {dag.py:3504} INFO - Setting next_dagrun for example_dynamic_task_mapping to 2022-03-04T00:00:00+00:00, run_after=2022-03-05T00:00:00+00:00
[2026-01-03T13:55:16.958+0000] {processor.py:179} INFO - Processing /home/vscode/.local/lib/python3.10/site-packages/airflow/example_dags/example_dynamic_task_mapping.py took 0.063 seconds
[2026-01-03T13:55:59.659+0000] {processor.py:157} INFO - Started process (PID=13339) to work on /home/vscode/.local/lib/python3.10/site-packages/airflow/example_dags/example_dynamic_task_mapping.py
[2026-01-03T13:55:59.660+0000] {processor.py:826} INFO - Processing file /home/vscode/.local/lib/python3.10/site-packages/airflow/example_dags/example_dynamic_task_mapping.py for tasks to queue
[2026-01-03T13:55:59.661+0000] {logging_mixin.py:150} INFO - [2026-01-03T13:55:59.660+0000] {dagbag.py:541} INFO - Filling up the DagBag from /home/vscode/.local/lib/python3.10/site-packages/airflow/example_dags/example_dynamic_task_mapping.py
[2026-01-03T13:55:59.667+0000] {processor.py:836} INFO - DAG(s) dict_keys(['example_dynamic_task_mapping']) retrieved from /home/vscode/.local/lib/python3.10/site-packages/airflow/example_dags/example_dynamic_task_mapping.py
[2026-01-03T13:55:59.679+0000] {logging_mixin.py:150} INFO - [2026-01-03T13:55:59.679+0000] {dag.py:2742} INFO - Sync 1 DAGs
[2026-01-03T13:55:59.694+0000] {logging_mixin.py:150} INFO - [2026-01-03T13:55:59.694+0000] {dag.py:3504} INFO - Setting next_dagrun for example_dynamic_task_mapping to 2022-03-04T00:00:00+00:00, run_after=2022-03-05T00:00:00+00:00
[2026-01-03T13:55:59.709+0000] {processor.py:179} INFO - Processing /home/vscode/.local/lib/python3.10/site-packages/airflow/example_dags/example_dynamic_task_mapping.py took 0.054 seconds
[2026-01-03T13:56:43.045+0000] {processor.py:157} INFO - Started process (PID=13735) to work on /home/vscode/.local/lib/python3.10/site-packages/airflow/example_dags/example_dynamic_task_mapping.py
[2026-01-03T13:56:43.045+0000] {processor.py:826} INFO - Processing file /home/vscode/.local/lib/python3.10/site-packages/airflow/example_dags/example_dynamic_task_mapping.py for tasks to queue
[2026-01-03T13:56:43.046+0000] {logging_mixin.py:150} INFO - [2026-01-03T13:56:43.046+0000] {dagbag.py:541} INFO - Filling up the DagBag from /home/vscode/.local/lib/python3.10/site-packages/airflow/example_dags/example_dynamic_task_mapping.py
[2026-01-03T13:56:43.053+0000] {processor.py:836} INFO - DAG(s) dict_keys(['example_dynamic_task_mapping']) retrieved from /home/vscode/.local/lib/python3.10/site-packages/airflow/example_dags/example_dynamic_task_mapping.py
[2026-01-03T13:56:43.065+0000] {logging_mixin.py:150} INFO - [2026-01-03T13:56:43.065+0000] {dag.py:2742} INFO - Sync 1 DAGs
[2026-01-03T13:56:43.080+0000] {logging_mixin.py:150} INFO - [2026-01-03T13:56:43.080+0000] {dag.py:3504} INFO - Setting next_dagrun for example_dynamic_task_mapping to 2022-03-04T00:00:00+00:00, run_after=2022-03-05T00:00:00+00:00
[2026-01-03T13:56:43.095+0000] {processor.py:179} INFO - Processing /home/vscode/.local/lib/python3.10/site-packages/airflow/example_dags/example_dynamic_task_mapping.py took 0.053 seconds
[2026-01-03T13:57:28.118+0000] {processor.py:157} INFO - Started process (PID=14054) to work on /home/vscode/.local/lib/python3.10/site-packages/airflow/example_dags/example_dynamic_task_mapping.py
[2026-01-03T13:57:28.119+0000] {processor.py:826} INFO - Processing file /home/vscode/.local/lib/python3.10/site-packages/airflow/example_dags/example_dynamic_task_mapping.py for tasks to queue
[2026-01-03T13:57:28.120+0000] {logging_mixin.py:150} INFO - [2026-01-03T13:57:28.119+0000] {dagbag.py:541} INFO - Filling up the DagBag from /home/vscode/.local/lib/python3.10/site-packages/airflow/example_dags/example_dynamic_task_mapping.py
[2026-01-03T13:57:28.126+0000] {processor.py:836} INFO - DAG(s) dict_keys(['example_dynamic_task_mapping']) retrieved from /home/vscode/.local/lib/python3.10/site-packages/airflow/example_dags/example_dynamic_task_mapping.py
[2026-01-03T13:57:28.138+0000] {logging_mixin.py:150} INFO - [2026-01-03T13:57:28.138+0000] {dag.py:2742} INFO - Sync 1 DAGs
[2026-01-03T13:57:28.153+0000] {logging_mixin.py:150} INFO - [2026-01-03T13:57:28.152+0000] {dag.py:3504} INFO - Setting next_dagrun for example_dynamic_task_mapping to 2022-03-04T00:00:00+00:00, run_after=2022-03-05T00:00:00+00:00
[2026-01-03T13:57:28.167+0000] {processor.py:179} INFO - Processing /home/vscode/.local/lib/python3.10/site-packages/airflow/example_dags/example_dynamic_task_mapping.py took 0.051 seconds
[2026-01-03T13:58:09.229+0000] {processor.py:157} INFO - Started process (PID=14338) to work on /home/vscode/.local/lib/python3.10/site-packages/airflow/example_dags/example_dynamic_task_mapping.py
[2026-01-03T13:58:09.230+0000] {processor.py:826} INFO - Processing file /home/vscode/.local/lib/python3.10/site-packages/airflow/example_dags/example_dynamic_task_mapping.py for tasks to queue
[2026-01-03T13:58:09.231+0000] {logging_mixin.py:150} INFO - [2026-01-03T13:58:09.231+0000] {dagbag.py:541} INFO - Filling up the DagBag from /home/vscode/.local/lib/python3.10/site-packages/airflow/example_dags/example_dynamic_task_mapping.py
[2026-01-03T13:58:09.237+0000] {processor.py:836} INFO - DAG(s) dict_keys(['example_dynamic_task_mapping']) retrieved from /home/vscode/.local/lib/python3.10/site-packages/airflow/example_dags/example_dynamic_task_mapping.py
[2026-01-03T13:58:09.249+0000] {logging_mixin.py:150} INFO - [2026-01-03T13:58:09.249+0000] {dag.py:2742} INFO - Sync 1 DAGs
[2026-01-03T13:58:09.264+0000] {logging_mixin.py:150} INFO - [2026-01-03T13:58:09.263+0000] {dag.py:3504} INFO - Setting next_dagrun for example_dynamic_task_mapping to 2022-03-04T00:00:00+00:00, run_after=2022-03-05T00:00:00+00:00
[2026-01-03T13:58:09.279+0000] {processor.py:179} INFO - Processing /home/vscode/.local/lib/python3.10/site-packages/airflow/example_dags/example_dynamic_task_mapping.py took 0.052 seconds
[2026-01-03T13:58:50.304+0000] {processor.py:157} INFO - Started process (PID=14638) to work on /home/vscode/.local/lib/python3.10/site-packages/airflow/example_dags/example_dynamic_task_mapping.py
[2026-01-03T13:58:50.305+0000] {processor.py:826} INFO - Processing file /home/vscode/.local/lib/python3.10/site-packages/airflow/example_dags/example_dynamic_task_mapping.py for tasks to queue
[2026-01-03T13:58:50.306+0000] {logging_mixin.py:150} INFO - [2026-01-03T13:58:50.306+0000] {dagbag.py:541} INFO - Filling up the DagBag from /home/vscode/.local/lib/python3.10/site-packages/airflow/example_dags/example_dynamic_task_mapping.py
[2026-01-03T13:58:50.312+0000] {processor.py:836} INFO - DAG(s) dict_keys(['example_dynamic_task_mapping']) retrieved from /home/vscode/.local/lib/python3.10/site-packages/airflow/example_dags/example_dynamic_task_mapping.py
[2026-01-03T13:58:50.325+0000] {logging_mixin.py:150} INFO - [2026-01-03T13:58:50.324+0000] {dag.py:2742} INFO - Sync 1 DAGs
[2026-01-03T13:58:50.339+0000] {logging_mixin.py:150} INFO - [2026-01-03T13:58:50.339+0000] {dag.py:3504} INFO - Setting next_dagrun for example_dynamic_task_mapping to 2022-03-04T00:00:00+00:00, run_after=2022-03-05T00:00:00+00:00
[2026-01-03T13:58:50.353+0000] {processor.py:179} INFO - Processing /home/vscode/.local/lib/python3.10/site-packages/airflow/example_dags/example_dynamic_task_mapping.py took 0.051 seconds
[2026-01-03T13:59:42.541+0000] {processor.py:157} INFO - Started process (PID=14984) to work on /home/vscode/.local/lib/python3.10/site-packages/airflow/example_dags/example_dynamic_task_mapping.py
[2026-01-03T13:59:42.541+0000] {processor.py:826} INFO - Processing file /home/vscode/.local/lib/python3.10/site-packages/airflow/example_dags/example_dynamic_task_mapping.py for tasks to queue
[2026-01-03T13:59:42.542+0000] {logging_mixin.py:150} INFO - [2026-01-03T13:59:42.542+0000] {dagbag.py:541} INFO - Filling up the DagBag from /home/vscode/.local/lib/python3.10/site-packages/airflow/example_dags/example_dynamic_task_mapping.py
[2026-01-03T13:59:42.548+0000] {processor.py:836} INFO - DAG(s) dict_keys(['example_dynamic_task_mapping']) retrieved from /home/vscode/.local/lib/python3.10/site-packages/airflow/example_dags/example_dynamic_task_mapping.py
[2026-01-03T13:59:42.560+0000] {logging_mixin.py:150} INFO - [2026-01-03T13:59:42.560+0000] {dag.py:2742} INFO - Sync 1 DAGs
[2026-01-03T13:59:42.575+0000] {logging_mixin.py:150} INFO - [2026-01-03T13:59:42.575+0000] {dag.py:3504} INFO - Setting next_dagrun for example_dynamic_task_mapping to 2022-03-04T00:00:00+00:00, run_after=2022-03-05T00:00:00+00:00
[2026-01-03T13:59:42.588+0000] {processor.py:179} INFO - Processing /home/vscode/.local/lib/python3.10/site-packages/airflow/example_dags/example_dynamic_task_mapping.py took 0.050 seconds
[2026-01-03T14:00:27.705+0000] {processor.py:157} INFO - Started process (PID=15292) to work on /home/vscode/.local/lib/python3.10/site-packages/airflow/example_dags/example_dynamic_task_mapping.py
[2026-01-03T14:00:27.706+0000] {processor.py:826} INFO - Processing file /home/vscode/.local/lib/python3.10/site-packages/airflow/example_dags/example_dynamic_task_mapping.py for tasks to queue
[2026-01-03T14:00:27.707+0000] {logging_mixin.py:150} INFO - [2026-01-03T14:00:27.707+0000] {dagbag.py:541} INFO - Filling up the DagBag from /home/vscode/.local/lib/python3.10/site-packages/airflow/example_dags/example_dynamic_task_mapping.py
[2026-01-03T14:00:27.713+0000] {processor.py:836} INFO - DAG(s) dict_keys(['example_dynamic_task_mapping']) retrieved from /home/vscode/.local/lib/python3.10/site-packages/airflow/example_dags/example_dynamic_task_mapping.py
[2026-01-03T14:00:27.726+0000] {logging_mixin.py:150} INFO - [2026-01-03T14:00:27.725+0000] {dag.py:2742} INFO - Sync 1 DAGs
[2026-01-03T14:00:27.740+0000] {logging_mixin.py:150} INFO - [2026-01-03T14:00:27.740+0000] {dag.py:3504} INFO - Setting next_dagrun for example_dynamic_task_mapping to 2022-03-04T00:00:00+00:00, run_after=2022-03-05T00:00:00+00:00
[2026-01-03T14:00:27.756+0000] {processor.py:179} INFO - Processing /home/vscode/.local/lib/python3.10/site-packages/airflow/example_dags/example_dynamic_task_mapping.py took 0.053 seconds
[2026-01-03T14:01:07.773+0000] {processor.py:157} INFO - Started process (PID=15556) to work on /home/vscode/.local/lib/python3.10/site-packages/airflow/example_dags/example_dynamic_task_mapping.py
[2026-01-03T14:01:07.773+0000] {processor.py:826} INFO - Processing file /home/vscode/.local/lib/python3.10/site-packages/airflow/example_dags/example_dynamic_task_mapping.py for tasks to queue
[2026-01-03T14:01:07.774+0000] {logging_mixin.py:150} INFO - [2026-01-03T14:01:07.774+0000] {dagbag.py:541} INFO - Filling up the DagBag from /home/vscode/.local/lib/python3.10/site-packages/airflow/example_dags/example_dynamic_task_mapping.py
[2026-01-03T14:01:07.781+0000] {processor.py:836} INFO - DAG(s) dict_keys(['example_dynamic_task_mapping']) retrieved from /home/vscode/.local/lib/python3.10/site-packages/airflow/example_dags/example_dynamic_task_mapping.py
[2026-01-03T14:01:07.793+0000] {logging_mixin.py:150} INFO - [2026-01-03T14:01:07.793+0000] {dag.py:2742} INFO - Sync 1 DAGs
[2026-01-03T14:01:07.807+0000] {logging_mixin.py:150} INFO - [2026-01-03T14:01:07.807+0000] {dag.py:3504} INFO - Setting next_dagrun for example_dynamic_task_mapping to 2022-03-04T00:00:00+00:00, run_after=2022-03-05T00:00:00+00:00
[2026-01-03T14:01:07.822+0000] {processor.py:179} INFO - Processing /home/vscode/.local/lib/python3.10/site-packages/airflow/example_dags/example_dynamic_task_mapping.py took 0.052 seconds
[2026-01-03T14:01:52.005+0000] {processor.py:157} INFO - Started process (PID=15884) to work on /home/vscode/.local/lib/python3.10/site-packages/airflow/example_dags/example_dynamic_task_mapping.py
[2026-01-03T14:01:52.006+0000] {processor.py:826} INFO - Processing file /home/vscode/.local/lib/python3.10/site-packages/airflow/example_dags/example_dynamic_task_mapping.py for tasks to queue
[2026-01-03T14:01:52.006+0000] {logging_mixin.py:150} INFO - [2026-01-03T14:01:52.006+0000] {dagbag.py:541} INFO - Filling up the DagBag from /home/vscode/.local/lib/python3.10/site-packages/airflow/example_dags/example_dynamic_task_mapping.py
[2026-01-03T14:01:52.013+0000] {processor.py:836} INFO - DAG(s) dict_keys(['example_dynamic_task_mapping']) retrieved from /home/vscode/.local/lib/python3.10/site-packages/airflow/example_dags/example_dynamic_task_mapping.py
[2026-01-03T14:01:52.025+0000] {logging_mixin.py:150} INFO - [2026-01-03T14:01:52.025+0000] {dag.py:2742} INFO - Sync 1 DAGs
[2026-01-03T14:01:52.040+0000] {logging_mixin.py:150} INFO - [2026-01-03T14:01:52.040+0000] {dag.py:3504} INFO - Setting next_dagrun for example_dynamic_task_mapping to 2022-03-04T00:00:00+00:00, run_after=2022-03-05T00:00:00+00:00
[2026-01-03T14:01:52.056+0000] {processor.py:179} INFO - Processing /home/vscode/.local/lib/python3.10/site-packages/airflow/example_dags/example_dynamic_task_mapping.py took 0.053 seconds
[2026-01-03T14:02:38.639+0000] {processor.py:157} INFO - Started process (PID=16245) to work on /home/vscode/.local/lib/python3.10/site-packages/airflow/example_dags/example_dynamic_task_mapping.py
[2026-01-03T14:02:38.640+0000] {processor.py:826} INFO - Processing file /home/vscode/.local/lib/python3.10/site-packages/airflow/example_dags/example_dynamic_task_mapping.py for tasks to queue
[2026-01-03T14:02:38.641+0000] {logging_mixin.py:150} INFO - [2026-01-03T14:02:38.640+0000] {dagbag.py:541} INFO - Filling up the DagBag from /home/vscode/.local/lib/python3.10/site-packages/airflow/example_dags/example_dynamic_task_mapping.py
[2026-01-03T14:02:38.647+0000] {processor.py:836} INFO - DAG(s) dict_keys(['example_dynamic_task_mapping']) retrieved from /home/vscode/.local/lib/python3.10/site-packages/airflow/example_dags/example_dynamic_task_mapping.py
[2026-01-03T14:02:38.659+0000] {logging_mixin.py:150} INFO - [2026-01-03T14:02:38.659+0000] {dag.py:2742} INFO - Sync 1 DAGs
[2026-01-03T14:02:38.674+0000] {logging_mixin.py:150} INFO - [2026-01-03T14:02:38.674+0000] {dag.py:3504} INFO - Setting next_dagrun for example_dynamic_task_mapping to 2022-03-04T00:00:00+00:00, run_after=2022-03-05T00:00:00+00:00
[2026-01-03T14:02:38.689+0000] {processor.py:179} INFO - Processing /home/vscode/.local/lib/python3.10/site-packages/airflow/example_dags/example_dynamic_task_mapping.py took 0.052 seconds
[2026-01-03T14:03:30.993+0000] {processor.py:157} INFO - Started process (PID=16938) to work on /home/vscode/.local/lib/python3.10/site-packages/airflow/example_dags/example_dynamic_task_mapping.py
[2026-01-03T14:03:30.994+0000] {processor.py:826} INFO - Processing file /home/vscode/.local/lib/python3.10/site-packages/airflow/example_dags/example_dynamic_task_mapping.py for tasks to queue
[2026-01-03T14:03:30.995+0000] {logging_mixin.py:150} INFO - [2026-01-03T14:03:30.995+0000] {dagbag.py:541} INFO - Filling up the DagBag from /home/vscode/.local/lib/python3.10/site-packages/airflow/example_dags/example_dynamic_task_mapping.py
[2026-01-03T14:03:31.004+0000] {processor.py:836} INFO - DAG(s) dict_keys(['example_dynamic_task_mapping']) retrieved from /home/vscode/.local/lib/python3.10/site-packages/airflow/example_dags/example_dynamic_task_mapping.py
[2026-01-03T14:03:31.021+0000] {logging_mixin.py:150} INFO - [2026-01-03T14:03:31.020+0000] {dag.py:2742} INFO - Sync 1 DAGs
[2026-01-03T14:03:31.035+0000] {logging_mixin.py:150} INFO - [2026-01-03T14:03:31.035+0000] {dag.py:3504} INFO - Setting next_dagrun for example_dynamic_task_mapping to 2022-03-04T00:00:00+00:00, run_after=2022-03-05T00:00:00+00:00
[2026-01-03T14:03:31.049+0000] {processor.py:179} INFO - Processing /home/vscode/.local/lib/python3.10/site-packages/airflow/example_dags/example_dynamic_task_mapping.py took 0.059 seconds
[2026-01-03T14:04:17.228+0000] {processor.py:157} INFO - Started process (PID=17477) to work on /home/vscode/.local/lib/python3.10/site-packages/airflow/example_dags/example_dynamic_task_mapping.py
[2026-01-03T14:04:17.229+0000] {processor.py:826} INFO - Processing file /home/vscode/.local/lib/python3.10/site-packages/airflow/example_dags/example_dynamic_task_mapping.py for tasks to queue
[2026-01-03T14:04:17.230+0000] {logging_mixin.py:150} INFO - [2026-01-03T14:04:17.229+0000] {dagbag.py:541} INFO - Filling up the DagBag from /home/vscode/.local/lib/python3.10/site-packages/airflow/example_dags/example_dynamic_task_mapping.py
[2026-01-03T14:04:17.236+0000] {processor.py:836} INFO - DAG(s) dict_keys(['example_dynamic_task_mapping']) retrieved from /home/vscode/.local/lib/python3.10/site-packages/airflow/example_dags/example_dynamic_task_mapping.py
[2026-01-03T14:04:17.249+0000] {logging_mixin.py:150} INFO - [2026-01-03T14:04:17.249+0000] {dag.py:2742} INFO - Sync 1 DAGs
[2026-01-03T14:04:17.265+0000] {logging_mixin.py:150} INFO - [2026-01-03T14:04:17.265+0000] {dag.py:3504} INFO - Setting next_dagrun for example_dynamic_task_mapping to 2022-03-04T00:00:00+00:00, run_after=2022-03-05T00:00:00+00:00
[2026-01-03T14:04:17.280+0000] {processor.py:179} INFO - Processing /home/vscode/.local/lib/python3.10/site-packages/airflow/example_dags/example_dynamic_task_mapping.py took 0.054 seconds
