[2026-01-03T13:49:32.697+0000] {processor.py:157} INFO - Started process (PID=10273) to work on /home/vscode/.local/lib/python3.10/site-packages/airflow/example_dags/example_branch_operator.py
[2026-01-03T13:49:32.698+0000] {processor.py:826} INFO - Processing file /home/vscode/.local/lib/python3.10/site-packages/airflow/example_dags/example_branch_operator.py for tasks to queue
[2026-01-03T13:49:32.699+0000] {logging_mixin.py:150} INFO - [2026-01-03T13:49:32.698+0000] {dagbag.py:541} INFO - Filling up the DagBag from /home/vscode/.local/lib/python3.10/site-packages/airflow/example_dags/example_branch_operator.py
[2026-01-03T13:49:32.706+0000] {processor.py:836} INFO - DAG(s) dict_keys(['example_branch_operator']) retrieved from /home/vscode/.local/lib/python3.10/site-packages/airflow/example_dags/example_branch_operator.py
[2026-01-03T13:49:32.781+0000] {logging_mixin.py:150} INFO - [2026-01-03T13:49:32.781+0000] {manager.py:504} INFO - Created Permission View: can delete on DAG:example_branch_operator
[2026-01-03T13:49:32.790+0000] {logging_mixin.py:150} INFO - [2026-01-03T13:49:32.789+0000] {manager.py:504} INFO - Created Permission View: can read on DAG:example_branch_operator
[2026-01-03T13:49:32.796+0000] {logging_mixin.py:150} INFO - [2026-01-03T13:49:32.796+0000] {manager.py:504} INFO - Created Permission View: can edit on DAG:example_branch_operator
[2026-01-03T13:49:32.804+0000] {logging_mixin.py:150} INFO - [2026-01-03T13:49:32.804+0000] {dag.py:2742} INFO - Sync 1 DAGs
[2026-01-03T13:49:32.812+0000] {logging_mixin.py:150} INFO - [2026-01-03T13:49:32.812+0000] {dag.py:2763} INFO - Creating ORM DAG for example_branch_operator
[2026-01-03T13:49:32.819+0000] {logging_mixin.py:150} INFO - [2026-01-03T13:49:32.819+0000] {dag.py:3504} INFO - Setting next_dagrun for example_branch_operator to 2026-01-02T00:00:00+00:00, run_after=2026-01-03T00:00:00+00:00
[2026-01-03T13:49:32.835+0000] {processor.py:179} INFO - Processing /home/vscode/.local/lib/python3.10/site-packages/airflow/example_dags/example_branch_operator.py took 0.140 seconds
[2026-01-03T13:50:19.982+0000] {processor.py:157} INFO - Started process (PID=10627) to work on /home/vscode/.local/lib/python3.10/site-packages/airflow/example_dags/example_branch_operator.py
[2026-01-03T13:50:19.983+0000] {processor.py:826} INFO - Processing file /home/vscode/.local/lib/python3.10/site-packages/airflow/example_dags/example_branch_operator.py for tasks to queue
[2026-01-03T13:50:19.984+0000] {logging_mixin.py:150} INFO - [2026-01-03T13:50:19.983+0000] {dagbag.py:541} INFO - Filling up the DagBag from /home/vscode/.local/lib/python3.10/site-packages/airflow/example_dags/example_branch_operator.py
[2026-01-03T13:50:19.991+0000] {processor.py:836} INFO - DAG(s) dict_keys(['example_branch_operator']) retrieved from /home/vscode/.local/lib/python3.10/site-packages/airflow/example_dags/example_branch_operator.py
[2026-01-03T13:50:20.006+0000] {logging_mixin.py:150} INFO - [2026-01-03T13:50:20.006+0000] {dag.py:2742} INFO - Sync 1 DAGs
[2026-01-03T13:50:20.022+0000] {logging_mixin.py:150} INFO - [2026-01-03T13:50:20.022+0000] {dag.py:3504} INFO - Setting next_dagrun for example_branch_operator to 2026-01-02T00:00:00+00:00, run_after=2026-01-03T00:00:00+00:00
[2026-01-03T13:50:20.036+0000] {processor.py:179} INFO - Processing /home/vscode/.local/lib/python3.10/site-packages/airflow/example_dags/example_branch_operator.py took 0.057 seconds
[2026-01-03T13:51:02.833+0000] {processor.py:157} INFO - Started process (PID=10945) to work on /home/vscode/.local/lib/python3.10/site-packages/airflow/example_dags/example_branch_operator.py
[2026-01-03T13:51:02.834+0000] {processor.py:826} INFO - Processing file /home/vscode/.local/lib/python3.10/site-packages/airflow/example_dags/example_branch_operator.py for tasks to queue
[2026-01-03T13:51:02.835+0000] {logging_mixin.py:150} INFO - [2026-01-03T13:51:02.834+0000] {dagbag.py:541} INFO - Filling up the DagBag from /home/vscode/.local/lib/python3.10/site-packages/airflow/example_dags/example_branch_operator.py
[2026-01-03T13:51:02.843+0000] {processor.py:836} INFO - DAG(s) dict_keys(['example_branch_operator']) retrieved from /home/vscode/.local/lib/python3.10/site-packages/airflow/example_dags/example_branch_operator.py
[2026-01-03T13:51:02.859+0000] {logging_mixin.py:150} INFO - [2026-01-03T13:51:02.858+0000] {dag.py:2742} INFO - Sync 1 DAGs
[2026-01-03T13:51:02.875+0000] {logging_mixin.py:150} INFO - [2026-01-03T13:51:02.875+0000] {dag.py:3504} INFO - Setting next_dagrun for example_branch_operator to 2026-01-02T00:00:00+00:00, run_after=2026-01-03T00:00:00+00:00
[2026-01-03T13:51:02.892+0000] {processor.py:179} INFO - Processing /home/vscode/.local/lib/python3.10/site-packages/airflow/example_dags/example_branch_operator.py took 0.061 seconds
[2026-01-03T13:51:46.335+0000] {processor.py:157} INFO - Started process (PID=11253) to work on /home/vscode/.local/lib/python3.10/site-packages/airflow/example_dags/example_branch_operator.py
[2026-01-03T13:51:46.336+0000] {processor.py:826} INFO - Processing file /home/vscode/.local/lib/python3.10/site-packages/airflow/example_dags/example_branch_operator.py for tasks to queue
[2026-01-03T13:51:46.337+0000] {logging_mixin.py:150} INFO - [2026-01-03T13:51:46.337+0000] {dagbag.py:541} INFO - Filling up the DagBag from /home/vscode/.local/lib/python3.10/site-packages/airflow/example_dags/example_branch_operator.py
[2026-01-03T13:51:46.345+0000] {processor.py:836} INFO - DAG(s) dict_keys(['example_branch_operator']) retrieved from /home/vscode/.local/lib/python3.10/site-packages/airflow/example_dags/example_branch_operator.py
[2026-01-03T13:51:46.363+0000] {logging_mixin.py:150} INFO - [2026-01-03T13:51:46.363+0000] {dag.py:2742} INFO - Sync 1 DAGs
[2026-01-03T13:51:46.380+0000] {logging_mixin.py:150} INFO - [2026-01-03T13:51:46.380+0000] {dag.py:3504} INFO - Setting next_dagrun for example_branch_operator to 2026-01-02T00:00:00+00:00, run_after=2026-01-03T00:00:00+00:00
[2026-01-03T13:51:46.396+0000] {processor.py:179} INFO - Processing /home/vscode/.local/lib/python3.10/site-packages/airflow/example_dags/example_branch_operator.py took 0.063 seconds
[2026-01-03T13:52:44.218+0000] {processor.py:157} INFO - Started process (PID=11664) to work on /home/vscode/.local/lib/python3.10/site-packages/airflow/example_dags/example_branch_operator.py
[2026-01-03T13:52:44.219+0000] {processor.py:826} INFO - Processing file /home/vscode/.local/lib/python3.10/site-packages/airflow/example_dags/example_branch_operator.py for tasks to queue
[2026-01-03T13:52:44.219+0000] {logging_mixin.py:150} INFO - [2026-01-03T13:52:44.219+0000] {dagbag.py:541} INFO - Filling up the DagBag from /home/vscode/.local/lib/python3.10/site-packages/airflow/example_dags/example_branch_operator.py
[2026-01-03T13:52:44.227+0000] {processor.py:836} INFO - DAG(s) dict_keys(['example_branch_operator']) retrieved from /home/vscode/.local/lib/python3.10/site-packages/airflow/example_dags/example_branch_operator.py
[2026-01-03T13:52:44.243+0000] {logging_mixin.py:150} INFO - [2026-01-03T13:52:44.243+0000] {dag.py:2742} INFO - Sync 1 DAGs
[2026-01-03T13:52:44.260+0000] {logging_mixin.py:150} INFO - [2026-01-03T13:52:44.259+0000] {dag.py:3504} INFO - Setting next_dagrun for example_branch_operator to 2026-01-02T00:00:00+00:00, run_after=2026-01-03T00:00:00+00:00
[2026-01-03T13:52:44.276+0000] {processor.py:179} INFO - Processing /home/vscode/.local/lib/python3.10/site-packages/airflow/example_dags/example_branch_operator.py took 0.061 seconds
[2026-01-03T13:53:40.074+0000] {processor.py:157} INFO - Started process (PID=12085) to work on /home/vscode/.local/lib/python3.10/site-packages/airflow/example_dags/example_branch_operator.py
[2026-01-03T13:53:40.075+0000] {processor.py:826} INFO - Processing file /home/vscode/.local/lib/python3.10/site-packages/airflow/example_dags/example_branch_operator.py for tasks to queue
[2026-01-03T13:53:40.076+0000] {logging_mixin.py:150} INFO - [2026-01-03T13:53:40.075+0000] {dagbag.py:541} INFO - Filling up the DagBag from /home/vscode/.local/lib/python3.10/site-packages/airflow/example_dags/example_branch_operator.py
[2026-01-03T13:53:40.083+0000] {processor.py:836} INFO - DAG(s) dict_keys(['example_branch_operator']) retrieved from /home/vscode/.local/lib/python3.10/site-packages/airflow/example_dags/example_branch_operator.py
[2026-01-03T13:53:40.099+0000] {logging_mixin.py:150} INFO - [2026-01-03T13:53:40.099+0000] {dag.py:2742} INFO - Sync 1 DAGs
[2026-01-03T13:53:40.116+0000] {logging_mixin.py:150} INFO - [2026-01-03T13:53:40.116+0000] {dag.py:3504} INFO - Setting next_dagrun for example_branch_operator to 2026-01-02T00:00:00+00:00, run_after=2026-01-03T00:00:00+00:00
[2026-01-03T13:53:40.132+0000] {processor.py:179} INFO - Processing /home/vscode/.local/lib/python3.10/site-packages/airflow/example_dags/example_branch_operator.py took 0.061 seconds
[2026-01-03T13:54:34.793+0000] {processor.py:157} INFO - Started process (PID=12540) to work on /home/vscode/.local/lib/python3.10/site-packages/airflow/example_dags/example_branch_operator.py
[2026-01-03T13:54:34.794+0000] {processor.py:826} INFO - Processing file /home/vscode/.local/lib/python3.10/site-packages/airflow/example_dags/example_branch_operator.py for tasks to queue
[2026-01-03T13:54:34.794+0000] {logging_mixin.py:150} INFO - [2026-01-03T13:54:34.794+0000] {dagbag.py:541} INFO - Filling up the DagBag from /home/vscode/.local/lib/python3.10/site-packages/airflow/example_dags/example_branch_operator.py
[2026-01-03T13:54:34.805+0000] {processor.py:836} INFO - DAG(s) dict_keys(['example_branch_operator']) retrieved from /home/vscode/.local/lib/python3.10/site-packages/airflow/example_dags/example_branch_operator.py
[2026-01-03T13:54:34.829+0000] {logging_mixin.py:150} INFO - [2026-01-03T13:54:34.829+0000] {dag.py:2742} INFO - Sync 1 DAGs
[2026-01-03T13:54:34.853+0000] {logging_mixin.py:150} INFO - [2026-01-03T13:54:34.853+0000] {dag.py:3504} INFO - Setting next_dagrun for example_branch_operator to 2026-01-02T00:00:00+00:00, run_after=2026-01-03T00:00:00+00:00
[2026-01-03T13:54:34.893+0000] {processor.py:179} INFO - Processing /home/vscode/.local/lib/python3.10/site-packages/airflow/example_dags/example_branch_operator.py took 0.103 seconds
[2026-01-03T13:55:20.904+0000] {processor.py:157} INFO - Started process (PID=12899) to work on /home/vscode/.local/lib/python3.10/site-packages/airflow/example_dags/example_branch_operator.py
[2026-01-03T13:55:20.905+0000] {processor.py:826} INFO - Processing file /home/vscode/.local/lib/python3.10/site-packages/airflow/example_dags/example_branch_operator.py for tasks to queue
[2026-01-03T13:55:20.905+0000] {logging_mixin.py:150} INFO - [2026-01-03T13:55:20.905+0000] {dagbag.py:541} INFO - Filling up the DagBag from /home/vscode/.local/lib/python3.10/site-packages/airflow/example_dags/example_branch_operator.py
[2026-01-03T13:55:20.913+0000] {processor.py:836} INFO - DAG(s) dict_keys(['example_branch_operator']) retrieved from /home/vscode/.local/lib/python3.10/site-packages/airflow/example_dags/example_branch_operator.py
[2026-01-03T13:55:20.927+0000] {logging_mixin.py:150} INFO - [2026-01-03T13:55:20.927+0000] {dag.py:2742} INFO - Sync 1 DAGs
[2026-01-03T13:55:20.944+0000] {logging_mixin.py:150} INFO - [2026-01-03T13:55:20.944+0000] {dag.py:3504} INFO - Setting next_dagrun for example_branch_operator to 2026-01-02T00:00:00+00:00, run_after=2026-01-03T00:00:00+00:00
[2026-01-03T13:55:20.961+0000] {processor.py:179} INFO - Processing /home/vscode/.local/lib/python3.10/site-packages/airflow/example_dags/example_branch_operator.py took 0.059 seconds
[2026-01-03T13:56:19.162+0000] {processor.py:157} INFO - Started process (PID=13557) to work on /home/vscode/.local/lib/python3.10/site-packages/airflow/example_dags/example_branch_operator.py
[2026-01-03T13:56:19.163+0000] {processor.py:826} INFO - Processing file /home/vscode/.local/lib/python3.10/site-packages/airflow/example_dags/example_branch_operator.py for tasks to queue
[2026-01-03T13:56:19.163+0000] {logging_mixin.py:150} INFO - [2026-01-03T13:56:19.163+0000] {dagbag.py:541} INFO - Filling up the DagBag from /home/vscode/.local/lib/python3.10/site-packages/airflow/example_dags/example_branch_operator.py
[2026-01-03T13:56:19.171+0000] {processor.py:836} INFO - DAG(s) dict_keys(['example_branch_operator']) retrieved from /home/vscode/.local/lib/python3.10/site-packages/airflow/example_dags/example_branch_operator.py
[2026-01-03T13:56:19.186+0000] {logging_mixin.py:150} INFO - [2026-01-03T13:56:19.186+0000] {dag.py:2742} INFO - Sync 1 DAGs
[2026-01-03T13:56:19.202+0000] {logging_mixin.py:150} INFO - [2026-01-03T13:56:19.202+0000] {dag.py:3504} INFO - Setting next_dagrun for example_branch_operator to 2026-01-02T00:00:00+00:00, run_after=2026-01-03T00:00:00+00:00
[2026-01-03T13:56:19.220+0000] {processor.py:179} INFO - Processing /home/vscode/.local/lib/python3.10/site-packages/airflow/example_dags/example_branch_operator.py took 0.061 seconds
[2026-01-03T13:57:16.128+0000] {processor.py:157} INFO - Started process (PID=13976) to work on /home/vscode/.local/lib/python3.10/site-packages/airflow/example_dags/example_branch_operator.py
[2026-01-03T13:57:16.129+0000] {processor.py:826} INFO - Processing file /home/vscode/.local/lib/python3.10/site-packages/airflow/example_dags/example_branch_operator.py for tasks to queue
[2026-01-03T13:57:16.129+0000] {logging_mixin.py:150} INFO - [2026-01-03T13:57:16.129+0000] {dagbag.py:541} INFO - Filling up the DagBag from /home/vscode/.local/lib/python3.10/site-packages/airflow/example_dags/example_branch_operator.py
[2026-01-03T13:57:16.137+0000] {processor.py:836} INFO - DAG(s) dict_keys(['example_branch_operator']) retrieved from /home/vscode/.local/lib/python3.10/site-packages/airflow/example_dags/example_branch_operator.py
[2026-01-03T13:57:16.152+0000] {logging_mixin.py:150} INFO - [2026-01-03T13:57:16.152+0000] {dag.py:2742} INFO - Sync 1 DAGs
[2026-01-03T13:57:16.167+0000] {logging_mixin.py:150} INFO - [2026-01-03T13:57:16.167+0000] {dag.py:3504} INFO - Setting next_dagrun for example_branch_operator to 2026-01-02T00:00:00+00:00, run_after=2026-01-03T00:00:00+00:00
[2026-01-03T13:57:16.182+0000] {processor.py:179} INFO - Processing /home/vscode/.local/lib/python3.10/site-packages/airflow/example_dags/example_branch_operator.py took 0.057 seconds
[2026-01-03T13:57:58.943+0000] {processor.py:157} INFO - Started process (PID=14262) to work on /home/vscode/.local/lib/python3.10/site-packages/airflow/example_dags/example_branch_operator.py
[2026-01-03T13:57:58.944+0000] {processor.py:826} INFO - Processing file /home/vscode/.local/lib/python3.10/site-packages/airflow/example_dags/example_branch_operator.py for tasks to queue
[2026-01-03T13:57:58.945+0000] {logging_mixin.py:150} INFO - [2026-01-03T13:57:58.944+0000] {dagbag.py:541} INFO - Filling up the DagBag from /home/vscode/.local/lib/python3.10/site-packages/airflow/example_dags/example_branch_operator.py
[2026-01-03T13:57:58.952+0000] {processor.py:836} INFO - DAG(s) dict_keys(['example_branch_operator']) retrieved from /home/vscode/.local/lib/python3.10/site-packages/airflow/example_dags/example_branch_operator.py
[2026-01-03T13:57:58.966+0000] {logging_mixin.py:150} INFO - [2026-01-03T13:57:58.966+0000] {dag.py:2742} INFO - Sync 1 DAGs
[2026-01-03T13:57:58.981+0000] {logging_mixin.py:150} INFO - [2026-01-03T13:57:58.981+0000] {dag.py:3504} INFO - Setting next_dagrun for example_branch_operator to 2026-01-02T00:00:00+00:00, run_after=2026-01-03T00:00:00+00:00
[2026-01-03T13:57:58.999+0000] {processor.py:179} INFO - Processing /home/vscode/.local/lib/python3.10/site-packages/airflow/example_dags/example_branch_operator.py took 0.058 seconds
[2026-01-03T13:58:54.150+0000] {processor.py:157} INFO - Started process (PID=14663) to work on /home/vscode/.local/lib/python3.10/site-packages/airflow/example_dags/example_branch_operator.py
[2026-01-03T13:58:54.151+0000] {processor.py:826} INFO - Processing file /home/vscode/.local/lib/python3.10/site-packages/airflow/example_dags/example_branch_operator.py for tasks to queue
[2026-01-03T13:58:54.151+0000] {logging_mixin.py:150} INFO - [2026-01-03T13:58:54.151+0000] {dagbag.py:541} INFO - Filling up the DagBag from /home/vscode/.local/lib/python3.10/site-packages/airflow/example_dags/example_branch_operator.py
[2026-01-03T13:58:54.159+0000] {processor.py:836} INFO - DAG(s) dict_keys(['example_branch_operator']) retrieved from /home/vscode/.local/lib/python3.10/site-packages/airflow/example_dags/example_branch_operator.py
[2026-01-03T13:58:54.174+0000] {logging_mixin.py:150} INFO - [2026-01-03T13:58:54.173+0000] {dag.py:2742} INFO - Sync 1 DAGs
[2026-01-03T13:58:54.189+0000] {logging_mixin.py:150} INFO - [2026-01-03T13:58:54.189+0000] {dag.py:3504} INFO - Setting next_dagrun for example_branch_operator to 2026-01-02T00:00:00+00:00, run_after=2026-01-03T00:00:00+00:00
[2026-01-03T13:58:54.204+0000] {processor.py:179} INFO - Processing /home/vscode/.local/lib/python3.10/site-packages/airflow/example_dags/example_branch_operator.py took 0.057 seconds
[2026-01-03T13:59:46.293+0000] {processor.py:157} INFO - Started process (PID=15010) to work on /home/vscode/.local/lib/python3.10/site-packages/airflow/example_dags/example_branch_operator.py
[2026-01-03T13:59:46.294+0000] {processor.py:826} INFO - Processing file /home/vscode/.local/lib/python3.10/site-packages/airflow/example_dags/example_branch_operator.py for tasks to queue
[2026-01-03T13:59:46.294+0000] {logging_mixin.py:150} INFO - [2026-01-03T13:59:46.294+0000] {dagbag.py:541} INFO - Filling up the DagBag from /home/vscode/.local/lib/python3.10/site-packages/airflow/example_dags/example_branch_operator.py
[2026-01-03T13:59:46.302+0000] {processor.py:836} INFO - DAG(s) dict_keys(['example_branch_operator']) retrieved from /home/vscode/.local/lib/python3.10/site-packages/airflow/example_dags/example_branch_operator.py
[2026-01-03T13:59:46.317+0000] {logging_mixin.py:150} INFO - [2026-01-03T13:59:46.316+0000] {dag.py:2742} INFO - Sync 1 DAGs
[2026-01-03T13:59:46.332+0000] {logging_mixin.py:150} INFO - [2026-01-03T13:59:46.332+0000] {dag.py:3504} INFO - Setting next_dagrun for example_branch_operator to 2026-01-02T00:00:00+00:00, run_after=2026-01-03T00:00:00+00:00
[2026-01-03T13:59:46.346+0000] {processor.py:179} INFO - Processing /home/vscode/.local/lib/python3.10/site-packages/airflow/example_dags/example_branch_operator.py took 0.056 seconds
[2026-01-03T14:00:31.311+0000] {processor.py:157} INFO - Started process (PID=15312) to work on /home/vscode/.local/lib/python3.10/site-packages/airflow/example_dags/example_branch_operator.py
[2026-01-03T14:00:31.312+0000] {processor.py:826} INFO - Processing file /home/vscode/.local/lib/python3.10/site-packages/airflow/example_dags/example_branch_operator.py for tasks to queue
[2026-01-03T14:00:31.313+0000] {logging_mixin.py:150} INFO - [2026-01-03T14:00:31.312+0000] {dagbag.py:541} INFO - Filling up the DagBag from /home/vscode/.local/lib/python3.10/site-packages/airflow/example_dags/example_branch_operator.py
[2026-01-03T14:00:31.320+0000] {processor.py:836} INFO - DAG(s) dict_keys(['example_branch_operator']) retrieved from /home/vscode/.local/lib/python3.10/site-packages/airflow/example_dags/example_branch_operator.py
[2026-01-03T14:00:31.334+0000] {logging_mixin.py:150} INFO - [2026-01-03T14:00:31.334+0000] {dag.py:2742} INFO - Sync 1 DAGs
[2026-01-03T14:00:31.349+0000] {logging_mixin.py:150} INFO - [2026-01-03T14:00:31.349+0000] {dag.py:3504} INFO - Setting next_dagrun for example_branch_operator to 2026-01-02T00:00:00+00:00, run_after=2026-01-03T00:00:00+00:00
[2026-01-03T14:00:31.364+0000] {processor.py:179} INFO - Processing /home/vscode/.local/lib/python3.10/site-packages/airflow/example_dags/example_branch_operator.py took 0.055 seconds
[2026-01-03T14:01:22.905+0000] {processor.py:157} INFO - Started process (PID=15659) to work on /home/vscode/.local/lib/python3.10/site-packages/airflow/example_dags/example_branch_operator.py
[2026-01-03T14:01:22.906+0000] {processor.py:826} INFO - Processing file /home/vscode/.local/lib/python3.10/site-packages/airflow/example_dags/example_branch_operator.py for tasks to queue
[2026-01-03T14:01:22.907+0000] {logging_mixin.py:150} INFO - [2026-01-03T14:01:22.907+0000] {dagbag.py:541} INFO - Filling up the DagBag from /home/vscode/.local/lib/python3.10/site-packages/airflow/example_dags/example_branch_operator.py
[2026-01-03T14:01:22.914+0000] {processor.py:836} INFO - DAG(s) dict_keys(['example_branch_operator']) retrieved from /home/vscode/.local/lib/python3.10/site-packages/airflow/example_dags/example_branch_operator.py
[2026-01-03T14:01:22.929+0000] {logging_mixin.py:150} INFO - [2026-01-03T14:01:22.929+0000] {dag.py:2742} INFO - Sync 1 DAGs
[2026-01-03T14:01:22.945+0000] {logging_mixin.py:150} INFO - [2026-01-03T14:01:22.945+0000] {dag.py:3504} INFO - Setting next_dagrun for example_branch_operator to 2026-01-02T00:00:00+00:00, run_after=2026-01-03T00:00:00+00:00
[2026-01-03T14:01:22.960+0000] {processor.py:179} INFO - Processing /home/vscode/.local/lib/python3.10/site-packages/airflow/example_dags/example_branch_operator.py took 0.057 seconds
[2026-01-03T14:02:08.271+0000] {processor.py:157} INFO - Started process (PID=15994) to work on /home/vscode/.local/lib/python3.10/site-packages/airflow/example_dags/example_branch_operator.py
[2026-01-03T14:02:08.271+0000] {processor.py:826} INFO - Processing file /home/vscode/.local/lib/python3.10/site-packages/airflow/example_dags/example_branch_operator.py for tasks to queue
[2026-01-03T14:02:08.272+0000] {logging_mixin.py:150} INFO - [2026-01-03T14:02:08.272+0000] {dagbag.py:541} INFO - Filling up the DagBag from /home/vscode/.local/lib/python3.10/site-packages/airflow/example_dags/example_branch_operator.py
[2026-01-03T14:02:08.280+0000] {processor.py:836} INFO - DAG(s) dict_keys(['example_branch_operator']) retrieved from /home/vscode/.local/lib/python3.10/site-packages/airflow/example_dags/example_branch_operator.py
[2026-01-03T14:02:08.294+0000] {logging_mixin.py:150} INFO - [2026-01-03T14:02:08.294+0000] {dag.py:2742} INFO - Sync 1 DAGs
[2026-01-03T14:02:08.310+0000] {logging_mixin.py:150} INFO - [2026-01-03T14:02:08.310+0000] {dag.py:3504} INFO - Setting next_dagrun for example_branch_operator to 2026-01-02T00:00:00+00:00, run_after=2026-01-03T00:00:00+00:00
[2026-01-03T14:02:08.325+0000] {processor.py:179} INFO - Processing /home/vscode/.local/lib/python3.10/site-packages/airflow/example_dags/example_branch_operator.py took 0.057 seconds
[2026-01-03T14:02:51.507+0000] {processor.py:157} INFO - Started process (PID=16377) to work on /home/vscode/.local/lib/python3.10/site-packages/airflow/example_dags/example_branch_operator.py
[2026-01-03T14:02:51.508+0000] {processor.py:826} INFO - Processing file /home/vscode/.local/lib/python3.10/site-packages/airflow/example_dags/example_branch_operator.py for tasks to queue
[2026-01-03T14:02:51.509+0000] {logging_mixin.py:150} INFO - [2026-01-03T14:02:51.508+0000] {dagbag.py:541} INFO - Filling up the DagBag from /home/vscode/.local/lib/python3.10/site-packages/airflow/example_dags/example_branch_operator.py
[2026-01-03T14:02:51.519+0000] {processor.py:836} INFO - DAG(s) dict_keys(['example_branch_operator']) retrieved from /home/vscode/.local/lib/python3.10/site-packages/airflow/example_dags/example_branch_operator.py
[2026-01-03T14:02:51.535+0000] {logging_mixin.py:150} INFO - [2026-01-03T14:02:51.535+0000] {dag.py:2742} INFO - Sync 1 DAGs
[2026-01-03T14:02:51.555+0000] {logging_mixin.py:150} INFO - [2026-01-03T14:02:51.555+0000] {dag.py:3504} INFO - Setting next_dagrun for example_branch_operator to 2026-01-02T00:00:00+00:00, run_after=2026-01-03T00:00:00+00:00
[2026-01-03T14:02:51.571+0000] {processor.py:179} INFO - Processing /home/vscode/.local/lib/python3.10/site-packages/airflow/example_dags/example_branch_operator.py took 0.067 seconds
[2026-01-03T14:03:47.964+0000] {processor.py:157} INFO - Started process (PID=17178) to work on /home/vscode/.local/lib/python3.10/site-packages/airflow/example_dags/example_branch_operator.py
[2026-01-03T14:03:47.965+0000] {processor.py:826} INFO - Processing file /home/vscode/.local/lib/python3.10/site-packages/airflow/example_dags/example_branch_operator.py for tasks to queue
[2026-01-03T14:03:47.966+0000] {logging_mixin.py:150} INFO - [2026-01-03T14:03:47.966+0000] {dagbag.py:541} INFO - Filling up the DagBag from /home/vscode/.local/lib/python3.10/site-packages/airflow/example_dags/example_branch_operator.py
[2026-01-03T14:03:47.973+0000] {processor.py:836} INFO - DAG(s) dict_keys(['example_branch_operator']) retrieved from /home/vscode/.local/lib/python3.10/site-packages/airflow/example_dags/example_branch_operator.py
[2026-01-03T14:03:47.988+0000] {logging_mixin.py:150} INFO - [2026-01-03T14:03:47.988+0000] {dag.py:2742} INFO - Sync 1 DAGs
[2026-01-03T14:03:48.003+0000] {logging_mixin.py:150} INFO - [2026-01-03T14:03:48.003+0000] {dag.py:3504} INFO - Setting next_dagrun for example_branch_operator to 2026-01-02T00:00:00+00:00, run_after=2026-01-03T00:00:00+00:00
[2026-01-03T14:03:48.018+0000] {processor.py:179} INFO - Processing /home/vscode/.local/lib/python3.10/site-packages/airflow/example_dags/example_branch_operator.py took 0.056 seconds
