[2026-01-03T13:49:29.224+0000] {processor.py:157} INFO - Started process (PID=10242) to work on /home/vscode/.local/lib/python3.10/site-packages/airflow/example_dags/example_branch_python_dop_operator_3.py
[2026-01-03T13:49:29.224+0000] {processor.py:826} INFO - Processing file /home/vscode/.local/lib/python3.10/site-packages/airflow/example_dags/example_branch_python_dop_operator_3.py for tasks to queue
[2026-01-03T13:49:29.225+0000] {logging_mixin.py:150} INFO - [2026-01-03T13:49:29.225+0000] {dagbag.py:541} INFO - Filling up the DagBag from /home/vscode/.local/lib/python3.10/site-packages/airflow/example_dags/example_branch_python_dop_operator_3.py
[2026-01-03T13:49:29.236+0000] {processor.py:836} INFO - DAG(s) dict_keys(['example_branch_dop_operator_v3']) retrieved from /home/vscode/.local/lib/python3.10/site-packages/airflow/example_dags/example_branch_python_dop_operator_3.py
[2026-01-03T13:49:29.333+0000] {logging_mixin.py:150} INFO - [2026-01-03T13:49:29.333+0000] {manager.py:504} INFO - Created Permission View: can delete on DAG:example_branch_dop_operator_v3
[2026-01-03T13:49:29.341+0000] {logging_mixin.py:150} INFO - [2026-01-03T13:49:29.340+0000] {manager.py:504} INFO - Created Permission View: can read on DAG:example_branch_dop_operator_v3
[2026-01-03T13:49:29.346+0000] {logging_mixin.py:150} INFO - [2026-01-03T13:49:29.346+0000] {manager.py:504} INFO - Created Permission View: can edit on DAG:example_branch_dop_operator_v3
[2026-01-03T13:49:29.355+0000] {logging_mixin.py:150} INFO - [2026-01-03T13:49:29.355+0000] {dag.py:2742} INFO - Sync 1 DAGs
[2026-01-03T13:49:29.362+0000] {logging_mixin.py:150} INFO - [2026-01-03T13:49:29.362+0000] {dag.py:2763} INFO - Creating ORM DAG for example_branch_dop_operator_v3
[2026-01-03T13:49:29.377+0000] {logging_mixin.py:150} INFO - [2026-01-03T13:49:29.377+0000] {dag.py:3504} INFO - Setting next_dagrun for example_branch_dop_operator_v3 to 2026-01-03T13:48:00+00:00, run_after=2026-01-03T13:49:00+00:00
[2026-01-03T13:49:29.394+0000] {processor.py:179} INFO - Processing /home/vscode/.local/lib/python3.10/site-packages/airflow/example_dags/example_branch_python_dop_operator_3.py took 0.173 seconds
[2026-01-03T13:50:16.575+0000] {processor.py:157} INFO - Started process (PID=10603) to work on /home/vscode/.local/lib/python3.10/site-packages/airflow/example_dags/example_branch_python_dop_operator_3.py
[2026-01-03T13:50:16.576+0000] {processor.py:826} INFO - Processing file /home/vscode/.local/lib/python3.10/site-packages/airflow/example_dags/example_branch_python_dop_operator_3.py for tasks to queue
[2026-01-03T13:50:16.577+0000] {logging_mixin.py:150} INFO - [2026-01-03T13:50:16.576+0000] {dagbag.py:541} INFO - Filling up the DagBag from /home/vscode/.local/lib/python3.10/site-packages/airflow/example_dags/example_branch_python_dop_operator_3.py
[2026-01-03T13:50:16.583+0000] {processor.py:836} INFO - DAG(s) dict_keys(['example_branch_dop_operator_v3']) retrieved from /home/vscode/.local/lib/python3.10/site-packages/airflow/example_dags/example_branch_python_dop_operator_3.py
[2026-01-03T13:50:16.597+0000] {logging_mixin.py:150} INFO - [2026-01-03T13:50:16.597+0000] {dag.py:2742} INFO - Sync 1 DAGs
[2026-01-03T13:50:16.615+0000] {logging_mixin.py:150} INFO - [2026-01-03T13:50:16.614+0000] {dag.py:3504} INFO - Setting next_dagrun for example_branch_dop_operator_v3 to 2026-01-03T13:49:00+00:00, run_after=2026-01-03T13:50:00+00:00
[2026-01-03T13:50:16.630+0000] {processor.py:179} INFO - Processing /home/vscode/.local/lib/python3.10/site-packages/airflow/example_dags/example_branch_python_dop_operator_3.py took 0.057 seconds
[2026-01-03T13:51:00.141+0000] {processor.py:157} INFO - Started process (PID=10921) to work on /home/vscode/.local/lib/python3.10/site-packages/airflow/example_dags/example_branch_python_dop_operator_3.py
[2026-01-03T13:51:00.142+0000] {processor.py:826} INFO - Processing file /home/vscode/.local/lib/python3.10/site-packages/airflow/example_dags/example_branch_python_dop_operator_3.py for tasks to queue
[2026-01-03T13:51:00.143+0000] {logging_mixin.py:150} INFO - [2026-01-03T13:51:00.142+0000] {dagbag.py:541} INFO - Filling up the DagBag from /home/vscode/.local/lib/python3.10/site-packages/airflow/example_dags/example_branch_python_dop_operator_3.py
[2026-01-03T13:51:00.150+0000] {processor.py:836} INFO - DAG(s) dict_keys(['example_branch_dop_operator_v3']) retrieved from /home/vscode/.local/lib/python3.10/site-packages/airflow/example_dags/example_branch_python_dop_operator_3.py
[2026-01-03T13:51:00.164+0000] {logging_mixin.py:150} INFO - [2026-01-03T13:51:00.164+0000] {dag.py:2742} INFO - Sync 1 DAGs
[2026-01-03T13:51:00.185+0000] {logging_mixin.py:150} INFO - [2026-01-03T13:51:00.185+0000] {dag.py:3504} INFO - Setting next_dagrun for example_branch_dop_operator_v3 to 2026-01-03T13:50:00+00:00, run_after=2026-01-03T13:51:00+00:00
[2026-01-03T13:51:00.201+0000] {processor.py:179} INFO - Processing /home/vscode/.local/lib/python3.10/site-packages/airflow/example_dags/example_branch_python_dop_operator_3.py took 0.062 seconds
[2026-01-03T13:51:44.084+0000] {processor.py:157} INFO - Started process (PID=11231) to work on /home/vscode/.local/lib/python3.10/site-packages/airflow/example_dags/example_branch_python_dop_operator_3.py
[2026-01-03T13:51:44.085+0000] {processor.py:826} INFO - Processing file /home/vscode/.local/lib/python3.10/site-packages/airflow/example_dags/example_branch_python_dop_operator_3.py for tasks to queue
[2026-01-03T13:51:44.086+0000] {logging_mixin.py:150} INFO - [2026-01-03T13:51:44.085+0000] {dagbag.py:541} INFO - Filling up the DagBag from /home/vscode/.local/lib/python3.10/site-packages/airflow/example_dags/example_branch_python_dop_operator_3.py
[2026-01-03T13:51:44.093+0000] {processor.py:836} INFO - DAG(s) dict_keys(['example_branch_dop_operator_v3']) retrieved from /home/vscode/.local/lib/python3.10/site-packages/airflow/example_dags/example_branch_python_dop_operator_3.py
[2026-01-03T13:51:44.109+0000] {logging_mixin.py:150} INFO - [2026-01-03T13:51:44.109+0000] {dag.py:2742} INFO - Sync 1 DAGs
[2026-01-03T13:51:44.127+0000] {logging_mixin.py:150} INFO - [2026-01-03T13:51:44.126+0000] {dag.py:3504} INFO - Setting next_dagrun for example_branch_dop_operator_v3 to 2026-01-03T13:50:00+00:00, run_after=2026-01-03T13:51:00+00:00
[2026-01-03T13:51:44.142+0000] {processor.py:179} INFO - Processing /home/vscode/.local/lib/python3.10/site-packages/airflow/example_dags/example_branch_python_dop_operator_3.py took 0.061 seconds
[2026-01-03T13:52:29.128+0000] {processor.py:157} INFO - Started process (PID=11555) to work on /home/vscode/.local/lib/python3.10/site-packages/airflow/example_dags/example_branch_python_dop_operator_3.py
[2026-01-03T13:52:29.129+0000] {processor.py:826} INFO - Processing file /home/vscode/.local/lib/python3.10/site-packages/airflow/example_dags/example_branch_python_dop_operator_3.py for tasks to queue
[2026-01-03T13:52:29.130+0000] {logging_mixin.py:150} INFO - [2026-01-03T13:52:29.129+0000] {dagbag.py:541} INFO - Filling up the DagBag from /home/vscode/.local/lib/python3.10/site-packages/airflow/example_dags/example_branch_python_dop_operator_3.py
[2026-01-03T13:52:29.137+0000] {processor.py:836} INFO - DAG(s) dict_keys(['example_branch_dop_operator_v3']) retrieved from /home/vscode/.local/lib/python3.10/site-packages/airflow/example_dags/example_branch_python_dop_operator_3.py
[2026-01-03T13:52:29.152+0000] {logging_mixin.py:150} INFO - [2026-01-03T13:52:29.152+0000] {dag.py:2742} INFO - Sync 1 DAGs
[2026-01-03T13:52:29.172+0000] {logging_mixin.py:150} INFO - [2026-01-03T13:52:29.172+0000] {dag.py:3504} INFO - Setting next_dagrun for example_branch_dop_operator_v3 to 2026-01-03T13:51:00+00:00, run_after=2026-01-03T13:52:00+00:00
[2026-01-03T13:52:29.189+0000] {processor.py:179} INFO - Processing /home/vscode/.local/lib/python3.10/site-packages/airflow/example_dags/example_branch_python_dop_operator_3.py took 0.064 seconds
[2026-01-03T13:53:11.401+0000] {processor.py:157} INFO - Started process (PID=11861) to work on /home/vscode/.local/lib/python3.10/site-packages/airflow/example_dags/example_branch_python_dop_operator_3.py
[2026-01-03T13:53:11.402+0000] {processor.py:826} INFO - Processing file /home/vscode/.local/lib/python3.10/site-packages/airflow/example_dags/example_branch_python_dop_operator_3.py for tasks to queue
[2026-01-03T13:53:11.402+0000] {logging_mixin.py:150} INFO - [2026-01-03T13:53:11.402+0000] {dagbag.py:541} INFO - Filling up the DagBag from /home/vscode/.local/lib/python3.10/site-packages/airflow/example_dags/example_branch_python_dop_operator_3.py
[2026-01-03T13:53:11.410+0000] {processor.py:836} INFO - DAG(s) dict_keys(['example_branch_dop_operator_v3']) retrieved from /home/vscode/.local/lib/python3.10/site-packages/airflow/example_dags/example_branch_python_dop_operator_3.py
[2026-01-03T13:53:11.425+0000] {logging_mixin.py:150} INFO - [2026-01-03T13:53:11.425+0000] {dag.py:2742} INFO - Sync 1 DAGs
[2026-01-03T13:53:11.444+0000] {logging_mixin.py:150} INFO - [2026-01-03T13:53:11.444+0000] {dag.py:3504} INFO - Setting next_dagrun for example_branch_dop_operator_v3 to 2026-01-03T13:52:00+00:00, run_after=2026-01-03T13:53:00+00:00
[2026-01-03T13:53:11.462+0000] {processor.py:179} INFO - Processing /home/vscode/.local/lib/python3.10/site-packages/airflow/example_dags/example_branch_python_dop_operator_3.py took 0.063 seconds
[2026-01-03T13:54:07.870+0000] {processor.py:157} INFO - Started process (PID=12328) to work on /home/vscode/.local/lib/python3.10/site-packages/airflow/example_dags/example_branch_python_dop_operator_3.py
[2026-01-03T13:54:07.871+0000] {processor.py:826} INFO - Processing file /home/vscode/.local/lib/python3.10/site-packages/airflow/example_dags/example_branch_python_dop_operator_3.py for tasks to queue
[2026-01-03T13:54:07.872+0000] {logging_mixin.py:150} INFO - [2026-01-03T13:54:07.871+0000] {dagbag.py:541} INFO - Filling up the DagBag from /home/vscode/.local/lib/python3.10/site-packages/airflow/example_dags/example_branch_python_dop_operator_3.py
[2026-01-03T13:54:07.882+0000] {processor.py:836} INFO - DAG(s) dict_keys(['example_branch_dop_operator_v3']) retrieved from /home/vscode/.local/lib/python3.10/site-packages/airflow/example_dags/example_branch_python_dop_operator_3.py
[2026-01-03T13:54:07.902+0000] {logging_mixin.py:150} INFO - [2026-01-03T13:54:07.902+0000] {dag.py:2742} INFO - Sync 1 DAGs
[2026-01-03T13:54:07.921+0000] {logging_mixin.py:150} INFO - [2026-01-03T13:54:07.921+0000] {dag.py:3504} INFO - Setting next_dagrun for example_branch_dop_operator_v3 to 2026-01-03T13:53:00+00:00, run_after=2026-01-03T13:54:00+00:00
[2026-01-03T13:54:07.936+0000] {processor.py:179} INFO - Processing /home/vscode/.local/lib/python3.10/site-packages/airflow/example_dags/example_branch_python_dop_operator_3.py took 0.069 seconds
[2026-01-03T13:54:58.608+0000] {processor.py:157} INFO - Started process (PID=12730) to work on /home/vscode/.local/lib/python3.10/site-packages/airflow/example_dags/example_branch_python_dop_operator_3.py
[2026-01-03T13:54:58.609+0000] {processor.py:826} INFO - Processing file /home/vscode/.local/lib/python3.10/site-packages/airflow/example_dags/example_branch_python_dop_operator_3.py for tasks to queue
[2026-01-03T13:54:58.610+0000] {logging_mixin.py:150} INFO - [2026-01-03T13:54:58.609+0000] {dagbag.py:541} INFO - Filling up the DagBag from /home/vscode/.local/lib/python3.10/site-packages/airflow/example_dags/example_branch_python_dop_operator_3.py
[2026-01-03T13:54:58.616+0000] {processor.py:836} INFO - DAG(s) dict_keys(['example_branch_dop_operator_v3']) retrieved from /home/vscode/.local/lib/python3.10/site-packages/airflow/example_dags/example_branch_python_dop_operator_3.py
[2026-01-03T13:54:58.635+0000] {logging_mixin.py:150} INFO - [2026-01-03T13:54:58.635+0000] {dag.py:2742} INFO - Sync 1 DAGs
[2026-01-03T13:54:58.660+0000] {logging_mixin.py:150} INFO - [2026-01-03T13:54:58.660+0000] {dag.py:3504} INFO - Setting next_dagrun for example_branch_dop_operator_v3 to 2026-01-03T13:53:00+00:00, run_after=2026-01-03T13:54:00+00:00
[2026-01-03T13:54:58.677+0000] {processor.py:179} INFO - Processing /home/vscode/.local/lib/python3.10/site-packages/airflow/example_dags/example_branch_python_dop_operator_3.py took 0.072 seconds
[2026-01-03T13:55:49.524+0000] {processor.py:157} INFO - Started process (PID=13240) to work on /home/vscode/.local/lib/python3.10/site-packages/airflow/example_dags/example_branch_python_dop_operator_3.py
[2026-01-03T13:55:49.524+0000] {processor.py:826} INFO - Processing file /home/vscode/.local/lib/python3.10/site-packages/airflow/example_dags/example_branch_python_dop_operator_3.py for tasks to queue
[2026-01-03T13:55:49.525+0000] {logging_mixin.py:150} INFO - [2026-01-03T13:55:49.525+0000] {dagbag.py:541} INFO - Filling up the DagBag from /home/vscode/.local/lib/python3.10/site-packages/airflow/example_dags/example_branch_python_dop_operator_3.py
[2026-01-03T13:55:49.532+0000] {processor.py:836} INFO - DAG(s) dict_keys(['example_branch_dop_operator_v3']) retrieved from /home/vscode/.local/lib/python3.10/site-packages/airflow/example_dags/example_branch_python_dop_operator_3.py
[2026-01-03T13:55:49.546+0000] {logging_mixin.py:150} INFO - [2026-01-03T13:55:49.546+0000] {dag.py:2742} INFO - Sync 1 DAGs
[2026-01-03T13:55:49.564+0000] {logging_mixin.py:150} INFO - [2026-01-03T13:55:49.564+0000] {dag.py:3504} INFO - Setting next_dagrun for example_branch_dop_operator_v3 to 2026-01-03T13:54:00+00:00, run_after=2026-01-03T13:55:00+00:00
[2026-01-03T13:55:49.580+0000] {processor.py:179} INFO - Processing /home/vscode/.local/lib/python3.10/site-packages/airflow/example_dags/example_branch_python_dop_operator_3.py took 0.059 seconds
[2026-01-03T13:56:34.292+0000] {processor.py:157} INFO - Started process (PID=13676) to work on /home/vscode/.local/lib/python3.10/site-packages/airflow/example_dags/example_branch_python_dop_operator_3.py
[2026-01-03T13:56:34.293+0000] {processor.py:826} INFO - Processing file /home/vscode/.local/lib/python3.10/site-packages/airflow/example_dags/example_branch_python_dop_operator_3.py for tasks to queue
[2026-01-03T13:56:34.294+0000] {logging_mixin.py:150} INFO - [2026-01-03T13:56:34.294+0000] {dagbag.py:541} INFO - Filling up the DagBag from /home/vscode/.local/lib/python3.10/site-packages/airflow/example_dags/example_branch_python_dop_operator_3.py
[2026-01-03T13:56:34.301+0000] {processor.py:836} INFO - DAG(s) dict_keys(['example_branch_dop_operator_v3']) retrieved from /home/vscode/.local/lib/python3.10/site-packages/airflow/example_dags/example_branch_python_dop_operator_3.py
[2026-01-03T13:56:34.315+0000] {logging_mixin.py:150} INFO - [2026-01-03T13:56:34.314+0000] {dag.py:2742} INFO - Sync 1 DAGs
[2026-01-03T13:56:34.332+0000] {logging_mixin.py:150} INFO - [2026-01-03T13:56:34.332+0000] {dag.py:3504} INFO - Setting next_dagrun for example_branch_dop_operator_v3 to 2026-01-03T13:55:00+00:00, run_after=2026-01-03T13:56:00+00:00
[2026-01-03T13:56:34.348+0000] {processor.py:179} INFO - Processing /home/vscode/.local/lib/python3.10/site-packages/airflow/example_dags/example_branch_python_dop_operator_3.py took 0.058 seconds
[2026-01-03T13:57:31.972+0000] {processor.py:157} INFO - Started process (PID=14079) to work on /home/vscode/.local/lib/python3.10/site-packages/airflow/example_dags/example_branch_python_dop_operator_3.py
[2026-01-03T13:57:31.973+0000] {processor.py:826} INFO - Processing file /home/vscode/.local/lib/python3.10/site-packages/airflow/example_dags/example_branch_python_dop_operator_3.py for tasks to queue
[2026-01-03T13:57:31.974+0000] {logging_mixin.py:150} INFO - [2026-01-03T13:57:31.974+0000] {dagbag.py:541} INFO - Filling up the DagBag from /home/vscode/.local/lib/python3.10/site-packages/airflow/example_dags/example_branch_python_dop_operator_3.py
[2026-01-03T13:57:31.981+0000] {processor.py:836} INFO - DAG(s) dict_keys(['example_branch_dop_operator_v3']) retrieved from /home/vscode/.local/lib/python3.10/site-packages/airflow/example_dags/example_branch_python_dop_operator_3.py
[2026-01-03T13:57:31.995+0000] {logging_mixin.py:150} INFO - [2026-01-03T13:57:31.995+0000] {dag.py:2742} INFO - Sync 1 DAGs
[2026-01-03T13:57:32.013+0000] {logging_mixin.py:150} INFO - [2026-01-03T13:57:32.013+0000] {dag.py:3504} INFO - Setting next_dagrun for example_branch_dop_operator_v3 to 2026-01-03T13:56:00+00:00, run_after=2026-01-03T13:57:00+00:00
[2026-01-03T13:57:32.030+0000] {processor.py:179} INFO - Processing /home/vscode/.local/lib/python3.10/site-packages/airflow/example_dags/example_branch_python_dop_operator_3.py took 0.060 seconds
[2026-01-03T13:58:24.644+0000] {processor.py:157} INFO - Started process (PID=14440) to work on /home/vscode/.local/lib/python3.10/site-packages/airflow/example_dags/example_branch_python_dop_operator_3.py
[2026-01-03T13:58:24.645+0000] {processor.py:826} INFO - Processing file /home/vscode/.local/lib/python3.10/site-packages/airflow/example_dags/example_branch_python_dop_operator_3.py for tasks to queue
[2026-01-03T13:58:24.645+0000] {logging_mixin.py:150} INFO - [2026-01-03T13:58:24.645+0000] {dagbag.py:541} INFO - Filling up the DagBag from /home/vscode/.local/lib/python3.10/site-packages/airflow/example_dags/example_branch_python_dop_operator_3.py
[2026-01-03T13:58:24.653+0000] {processor.py:836} INFO - DAG(s) dict_keys(['example_branch_dop_operator_v3']) retrieved from /home/vscode/.local/lib/python3.10/site-packages/airflow/example_dags/example_branch_python_dop_operator_3.py
[2026-01-03T13:58:24.666+0000] {logging_mixin.py:150} INFO - [2026-01-03T13:58:24.666+0000] {dag.py:2742} INFO - Sync 1 DAGs
[2026-01-03T13:58:24.684+0000] {logging_mixin.py:150} INFO - [2026-01-03T13:58:24.683+0000] {dag.py:3504} INFO - Setting next_dagrun for example_branch_dop_operator_v3 to 2026-01-03T13:57:00+00:00, run_after=2026-01-03T13:58:00+00:00
[2026-01-03T13:58:24.699+0000] {processor.py:179} INFO - Processing /home/vscode/.local/lib/python3.10/site-packages/airflow/example_dags/example_branch_python_dop_operator_3.py took 0.058 seconds
[2026-01-03T13:59:05.715+0000] {processor.py:157} INFO - Started process (PID=14742) to work on /home/vscode/.local/lib/python3.10/site-packages/airflow/example_dags/example_branch_python_dop_operator_3.py
[2026-01-03T13:59:05.716+0000] {processor.py:826} INFO - Processing file /home/vscode/.local/lib/python3.10/site-packages/airflow/example_dags/example_branch_python_dop_operator_3.py for tasks to queue
[2026-01-03T13:59:05.717+0000] {logging_mixin.py:150} INFO - [2026-01-03T13:59:05.716+0000] {dagbag.py:541} INFO - Filling up the DagBag from /home/vscode/.local/lib/python3.10/site-packages/airflow/example_dags/example_branch_python_dop_operator_3.py
[2026-01-03T13:59:05.724+0000] {processor.py:836} INFO - DAG(s) dict_keys(['example_branch_dop_operator_v3']) retrieved from /home/vscode/.local/lib/python3.10/site-packages/airflow/example_dags/example_branch_python_dop_operator_3.py
[2026-01-03T13:59:05.737+0000] {logging_mixin.py:150} INFO - [2026-01-03T13:59:05.737+0000] {dag.py:2742} INFO - Sync 1 DAGs
[2026-01-03T13:59:05.754+0000] {logging_mixin.py:150} INFO - [2026-01-03T13:59:05.754+0000] {dag.py:3504} INFO - Setting next_dagrun for example_branch_dop_operator_v3 to 2026-01-03T13:58:00+00:00, run_after=2026-01-03T13:59:00+00:00
[2026-01-03T13:59:05.770+0000] {processor.py:179} INFO - Processing /home/vscode/.local/lib/python3.10/site-packages/airflow/example_dags/example_branch_python_dop_operator_3.py took 0.058 seconds
[2026-01-03T14:00:01.616+0000] {processor.py:157} INFO - Started process (PID=15112) to work on /home/vscode/.local/lib/python3.10/site-packages/airflow/example_dags/example_branch_python_dop_operator_3.py
[2026-01-03T14:00:01.617+0000] {processor.py:826} INFO - Processing file /home/vscode/.local/lib/python3.10/site-packages/airflow/example_dags/example_branch_python_dop_operator_3.py for tasks to queue
[2026-01-03T14:00:01.618+0000] {logging_mixin.py:150} INFO - [2026-01-03T14:00:01.617+0000] {dagbag.py:541} INFO - Filling up the DagBag from /home/vscode/.local/lib/python3.10/site-packages/airflow/example_dags/example_branch_python_dop_operator_3.py
[2026-01-03T14:00:01.624+0000] {processor.py:836} INFO - DAG(s) dict_keys(['example_branch_dop_operator_v3']) retrieved from /home/vscode/.local/lib/python3.10/site-packages/airflow/example_dags/example_branch_python_dop_operator_3.py
[2026-01-03T14:00:01.639+0000] {logging_mixin.py:150} INFO - [2026-01-03T14:00:01.639+0000] {dag.py:2742} INFO - Sync 1 DAGs
[2026-01-03T14:00:01.657+0000] {logging_mixin.py:150} INFO - [2026-01-03T14:00:01.656+0000] {dag.py:3504} INFO - Setting next_dagrun for example_branch_dop_operator_v3 to 2026-01-03T13:59:00+00:00, run_after=2026-01-03T14:00:00+00:00
[2026-01-03T14:00:01.673+0000] {processor.py:179} INFO - Processing /home/vscode/.local/lib/python3.10/site-packages/airflow/example_dags/example_branch_python_dop_operator_3.py took 0.059 seconds
[2026-01-03T14:00:44.454+0000] {processor.py:157} INFO - Started process (PID=15399) to work on /home/vscode/.local/lib/python3.10/site-packages/airflow/example_dags/example_branch_python_dop_operator_3.py
[2026-01-03T14:00:44.455+0000] {processor.py:826} INFO - Processing file /home/vscode/.local/lib/python3.10/site-packages/airflow/example_dags/example_branch_python_dop_operator_3.py for tasks to queue
[2026-01-03T14:00:44.456+0000] {logging_mixin.py:150} INFO - [2026-01-03T14:00:44.456+0000] {dagbag.py:541} INFO - Filling up the DagBag from /home/vscode/.local/lib/python3.10/site-packages/airflow/example_dags/example_branch_python_dop_operator_3.py
[2026-01-03T14:00:44.463+0000] {processor.py:836} INFO - DAG(s) dict_keys(['example_branch_dop_operator_v3']) retrieved from /home/vscode/.local/lib/python3.10/site-packages/airflow/example_dags/example_branch_python_dop_operator_3.py
[2026-01-03T14:00:44.476+0000] {logging_mixin.py:150} INFO - [2026-01-03T14:00:44.476+0000] {dag.py:2742} INFO - Sync 1 DAGs
[2026-01-03T14:00:44.493+0000] {logging_mixin.py:150} INFO - [2026-01-03T14:00:44.493+0000] {dag.py:3504} INFO - Setting next_dagrun for example_branch_dop_operator_v3 to 2026-01-03T13:59:00+00:00, run_after=2026-01-03T14:00:00+00:00
[2026-01-03T14:00:44.507+0000] {processor.py:179} INFO - Processing /home/vscode/.local/lib/python3.10/site-packages/airflow/example_dags/example_branch_python_dop_operator_3.py took 0.055 seconds
[2026-01-03T14:01:35.739+0000] {processor.py:157} INFO - Started process (PID=15759) to work on /home/vscode/.local/lib/python3.10/site-packages/airflow/example_dags/example_branch_python_dop_operator_3.py
[2026-01-03T14:01:35.740+0000] {processor.py:826} INFO - Processing file /home/vscode/.local/lib/python3.10/site-packages/airflow/example_dags/example_branch_python_dop_operator_3.py for tasks to queue
[2026-01-03T14:01:35.741+0000] {logging_mixin.py:150} INFO - [2026-01-03T14:01:35.741+0000] {dagbag.py:541} INFO - Filling up the DagBag from /home/vscode/.local/lib/python3.10/site-packages/airflow/example_dags/example_branch_python_dop_operator_3.py
[2026-01-03T14:01:35.751+0000] {processor.py:836} INFO - DAG(s) dict_keys(['example_branch_dop_operator_v3']) retrieved from /home/vscode/.local/lib/python3.10/site-packages/airflow/example_dags/example_branch_python_dop_operator_3.py
[2026-01-03T14:01:35.771+0000] {logging_mixin.py:150} INFO - [2026-01-03T14:01:35.770+0000] {dag.py:2742} INFO - Sync 1 DAGs
[2026-01-03T14:01:35.789+0000] {logging_mixin.py:150} INFO - [2026-01-03T14:01:35.789+0000] {dag.py:3504} INFO - Setting next_dagrun for example_branch_dop_operator_v3 to 2026-01-03T14:00:00+00:00, run_after=2026-01-03T14:01:00+00:00
[2026-01-03T14:01:35.804+0000] {processor.py:179} INFO - Processing /home/vscode/.local/lib/python3.10/site-packages/airflow/example_dags/example_branch_python_dop_operator_3.py took 0.068 seconds
[2026-01-03T14:02:23.407+0000] {processor.py:157} INFO - Started process (PID=16096) to work on /home/vscode/.local/lib/python3.10/site-packages/airflow/example_dags/example_branch_python_dop_operator_3.py
[2026-01-03T14:02:23.408+0000] {processor.py:826} INFO - Processing file /home/vscode/.local/lib/python3.10/site-packages/airflow/example_dags/example_branch_python_dop_operator_3.py for tasks to queue
[2026-01-03T14:02:23.409+0000] {logging_mixin.py:150} INFO - [2026-01-03T14:02:23.408+0000] {dagbag.py:541} INFO - Filling up the DagBag from /home/vscode/.local/lib/python3.10/site-packages/airflow/example_dags/example_branch_python_dop_operator_3.py
[2026-01-03T14:02:23.415+0000] {processor.py:836} INFO - DAG(s) dict_keys(['example_branch_dop_operator_v3']) retrieved from /home/vscode/.local/lib/python3.10/site-packages/airflow/example_dags/example_branch_python_dop_operator_3.py
[2026-01-03T14:02:23.429+0000] {logging_mixin.py:150} INFO - [2026-01-03T14:02:23.429+0000] {dag.py:2742} INFO - Sync 1 DAGs
[2026-01-03T14:02:23.446+0000] {logging_mixin.py:150} INFO - [2026-01-03T14:02:23.446+0000] {dag.py:3504} INFO - Setting next_dagrun for example_branch_dop_operator_v3 to 2026-01-03T14:01:00+00:00, run_after=2026-01-03T14:02:00+00:00
[2026-01-03T14:02:23.463+0000] {processor.py:179} INFO - Processing /home/vscode/.local/lib/python3.10/site-packages/airflow/example_dags/example_branch_python_dop_operator_3.py took 0.058 seconds
[2026-01-03T14:03:05.214+0000] {processor.py:157} INFO - Started process (PID=16593) to work on /home/vscode/.local/lib/python3.10/site-packages/airflow/example_dags/example_branch_python_dop_operator_3.py
[2026-01-03T14:03:05.215+0000] {processor.py:826} INFO - Processing file /home/vscode/.local/lib/python3.10/site-packages/airflow/example_dags/example_branch_python_dop_operator_3.py for tasks to queue
[2026-01-03T14:03:05.215+0000] {logging_mixin.py:150} INFO - [2026-01-03T14:03:05.215+0000] {dagbag.py:541} INFO - Filling up the DagBag from /home/vscode/.local/lib/python3.10/site-packages/airflow/example_dags/example_branch_python_dop_operator_3.py
[2026-01-03T14:03:05.222+0000] {processor.py:836} INFO - DAG(s) dict_keys(['example_branch_dop_operator_v3']) retrieved from /home/vscode/.local/lib/python3.10/site-packages/airflow/example_dags/example_branch_python_dop_operator_3.py
[2026-01-03T14:03:05.236+0000] {logging_mixin.py:150} INFO - [2026-01-03T14:03:05.236+0000] {dag.py:2742} INFO - Sync 1 DAGs
[2026-01-03T14:03:05.253+0000] {logging_mixin.py:150} INFO - [2026-01-03T14:03:05.253+0000] {dag.py:3504} INFO - Setting next_dagrun for example_branch_dop_operator_v3 to 2026-01-03T14:02:00+00:00, run_after=2026-01-03T14:03:00+00:00
[2026-01-03T14:03:05.269+0000] {processor.py:179} INFO - Processing /home/vscode/.local/lib/python3.10/site-packages/airflow/example_dags/example_branch_python_dop_operator_3.py took 0.058 seconds
[2026-01-03T14:04:02.871+0000] {processor.py:157} INFO - Started process (PID=17317) to work on /home/vscode/.local/lib/python3.10/site-packages/airflow/example_dags/example_branch_python_dop_operator_3.py
[2026-01-03T14:04:02.871+0000] {processor.py:826} INFO - Processing file /home/vscode/.local/lib/python3.10/site-packages/airflow/example_dags/example_branch_python_dop_operator_3.py for tasks to queue
[2026-01-03T14:04:02.872+0000] {logging_mixin.py:150} INFO - [2026-01-03T14:04:02.872+0000] {dagbag.py:541} INFO - Filling up the DagBag from /home/vscode/.local/lib/python3.10/site-packages/airflow/example_dags/example_branch_python_dop_operator_3.py
[2026-01-03T14:04:02.879+0000] {processor.py:836} INFO - DAG(s) dict_keys(['example_branch_dop_operator_v3']) retrieved from /home/vscode/.local/lib/python3.10/site-packages/airflow/example_dags/example_branch_python_dop_operator_3.py
[2026-01-03T14:04:02.892+0000] {logging_mixin.py:150} INFO - [2026-01-03T14:04:02.892+0000] {dag.py:2742} INFO - Sync 1 DAGs
[2026-01-03T14:04:02.911+0000] {logging_mixin.py:150} INFO - [2026-01-03T14:04:02.911+0000] {dag.py:3504} INFO - Setting next_dagrun for example_branch_dop_operator_v3 to 2026-01-03T14:03:00+00:00, run_after=2026-01-03T14:04:00+00:00
[2026-01-03T14:04:02.926+0000] {processor.py:179} INFO - Processing /home/vscode/.local/lib/python3.10/site-packages/airflow/example_dags/example_branch_python_dop_operator_3.py took 0.058 seconds
