[2026-01-03T13:49:33.931+0000] {processor.py:157} INFO - Started process (PID=10275) to work on /home/vscode/.local/lib/python3.10/site-packages/airflow/example_dags/example_bash_operator.py
[2026-01-03T13:49:33.932+0000] {processor.py:826} INFO - Processing file /home/vscode/.local/lib/python3.10/site-packages/airflow/example_dags/example_bash_operator.py for tasks to queue
[2026-01-03T13:49:33.933+0000] {logging_mixin.py:150} INFO - [2026-01-03T13:49:33.932+0000] {dagbag.py:541} INFO - Filling up the DagBag from /home/vscode/.local/lib/python3.10/site-packages/airflow/example_dags/example_bash_operator.py
[2026-01-03T13:49:33.942+0000] {processor.py:836} INFO - DAG(s) dict_keys(['example_bash_operator']) retrieved from /home/vscode/.local/lib/python3.10/site-packages/airflow/example_dags/example_bash_operator.py
[2026-01-03T13:49:34.019+0000] {logging_mixin.py:150} INFO - [2026-01-03T13:49:34.019+0000] {manager.py:504} INFO - Created Permission View: can delete on DAG:example_bash_operator
[2026-01-03T13:49:34.028+0000] {logging_mixin.py:150} INFO - [2026-01-03T13:49:34.028+0000] {manager.py:504} INFO - Created Permission View: can read on DAG:example_bash_operator
[2026-01-03T13:49:34.034+0000] {logging_mixin.py:150} INFO - [2026-01-03T13:49:34.034+0000] {manager.py:504} INFO - Created Permission View: can edit on DAG:example_bash_operator
[2026-01-03T13:49:34.042+0000] {logging_mixin.py:150} INFO - [2026-01-03T13:49:34.041+0000] {dag.py:2742} INFO - Sync 1 DAGs
[2026-01-03T13:49:34.050+0000] {logging_mixin.py:150} INFO - [2026-01-03T13:49:34.049+0000] {dag.py:2763} INFO - Creating ORM DAG for example_bash_operator
[2026-01-03T13:49:34.057+0000] {logging_mixin.py:150} INFO - [2026-01-03T13:49:34.057+0000] {dag.py:3504} INFO - Setting next_dagrun for example_bash_operator to 2026-01-02T00:00:00+00:00, run_after=2026-01-03T00:00:00+00:00
[2026-01-03T13:49:34.073+0000] {processor.py:179} INFO - Processing /home/vscode/.local/lib/python3.10/site-packages/airflow/example_dags/example_bash_operator.py took 0.144 seconds
[2026-01-03T13:50:21.117+0000] {processor.py:157} INFO - Started process (PID=10634) to work on /home/vscode/.local/lib/python3.10/site-packages/airflow/example_dags/example_bash_operator.py
[2026-01-03T13:50:21.118+0000] {processor.py:826} INFO - Processing file /home/vscode/.local/lib/python3.10/site-packages/airflow/example_dags/example_bash_operator.py for tasks to queue
[2026-01-03T13:50:21.119+0000] {logging_mixin.py:150} INFO - [2026-01-03T13:50:21.119+0000] {dagbag.py:541} INFO - Filling up the DagBag from /home/vscode/.local/lib/python3.10/site-packages/airflow/example_dags/example_bash_operator.py
[2026-01-03T13:50:21.134+0000] {processor.py:836} INFO - DAG(s) dict_keys(['example_bash_operator']) retrieved from /home/vscode/.local/lib/python3.10/site-packages/airflow/example_dags/example_bash_operator.py
[2026-01-03T13:50:21.161+0000] {logging_mixin.py:150} INFO - [2026-01-03T13:50:21.161+0000] {dag.py:2742} INFO - Sync 1 DAGs
[2026-01-03T13:50:21.185+0000] {logging_mixin.py:150} INFO - [2026-01-03T13:50:21.185+0000] {dag.py:3504} INFO - Setting next_dagrun for example_bash_operator to 2026-01-02T00:00:00+00:00, run_after=2026-01-03T00:00:00+00:00
[2026-01-03T13:50:21.208+0000] {processor.py:179} INFO - Processing /home/vscode/.local/lib/python3.10/site-packages/airflow/example_dags/example_bash_operator.py took 0.094 seconds
[2026-01-03T13:51:17.068+0000] {processor.py:157} INFO - Started process (PID=11033) to work on /home/vscode/.local/lib/python3.10/site-packages/airflow/example_dags/example_bash_operator.py
[2026-01-03T13:51:17.069+0000] {processor.py:826} INFO - Processing file /home/vscode/.local/lib/python3.10/site-packages/airflow/example_dags/example_bash_operator.py for tasks to queue
[2026-01-03T13:51:17.070+0000] {logging_mixin.py:150} INFO - [2026-01-03T13:51:17.070+0000] {dagbag.py:541} INFO - Filling up the DagBag from /home/vscode/.local/lib/python3.10/site-packages/airflow/example_dags/example_bash_operator.py
[2026-01-03T13:51:17.079+0000] {processor.py:836} INFO - DAG(s) dict_keys(['example_bash_operator']) retrieved from /home/vscode/.local/lib/python3.10/site-packages/airflow/example_dags/example_bash_operator.py
[2026-01-03T13:51:17.097+0000] {logging_mixin.py:150} INFO - [2026-01-03T13:51:17.097+0000] {dag.py:2742} INFO - Sync 1 DAGs
[2026-01-03T13:51:17.113+0000] {logging_mixin.py:150} INFO - [2026-01-03T13:51:17.113+0000] {dag.py:3504} INFO - Setting next_dagrun for example_bash_operator to 2026-01-02T00:00:00+00:00, run_after=2026-01-03T00:00:00+00:00
[2026-01-03T13:51:17.129+0000] {processor.py:179} INFO - Processing /home/vscode/.local/lib/python3.10/site-packages/airflow/example_dags/example_bash_operator.py took 0.063 seconds
[2026-01-03T13:52:00.458+0000] {processor.py:157} INFO - Started process (PID=11355) to work on /home/vscode/.local/lib/python3.10/site-packages/airflow/example_dags/example_bash_operator.py
[2026-01-03T13:52:00.459+0000] {processor.py:826} INFO - Processing file /home/vscode/.local/lib/python3.10/site-packages/airflow/example_dags/example_bash_operator.py for tasks to queue
[2026-01-03T13:52:00.460+0000] {logging_mixin.py:150} INFO - [2026-01-03T13:52:00.460+0000] {dagbag.py:541} INFO - Filling up the DagBag from /home/vscode/.local/lib/python3.10/site-packages/airflow/example_dags/example_bash_operator.py
[2026-01-03T13:52:00.469+0000] {processor.py:836} INFO - DAG(s) dict_keys(['example_bash_operator']) retrieved from /home/vscode/.local/lib/python3.10/site-packages/airflow/example_dags/example_bash_operator.py
[2026-01-03T13:52:00.488+0000] {logging_mixin.py:150} INFO - [2026-01-03T13:52:00.488+0000] {dag.py:2742} INFO - Sync 1 DAGs
[2026-01-03T13:52:00.505+0000] {logging_mixin.py:150} INFO - [2026-01-03T13:52:00.504+0000] {dag.py:3504} INFO - Setting next_dagrun for example_bash_operator to 2026-01-02T00:00:00+00:00, run_after=2026-01-03T00:00:00+00:00
[2026-01-03T13:52:00.519+0000] {processor.py:179} INFO - Processing /home/vscode/.local/lib/python3.10/site-packages/airflow/example_dags/example_bash_operator.py took 0.064 seconds
[2026-01-03T13:52:58.406+0000] {processor.py:157} INFO - Started process (PID=11770) to work on /home/vscode/.local/lib/python3.10/site-packages/airflow/example_dags/example_bash_operator.py
[2026-01-03T13:52:58.407+0000] {processor.py:826} INFO - Processing file /home/vscode/.local/lib/python3.10/site-packages/airflow/example_dags/example_bash_operator.py for tasks to queue
[2026-01-03T13:52:58.408+0000] {logging_mixin.py:150} INFO - [2026-01-03T13:52:58.407+0000] {dagbag.py:541} INFO - Filling up the DagBag from /home/vscode/.local/lib/python3.10/site-packages/airflow/example_dags/example_bash_operator.py
[2026-01-03T13:52:58.417+0000] {processor.py:836} INFO - DAG(s) dict_keys(['example_bash_operator']) retrieved from /home/vscode/.local/lib/python3.10/site-packages/airflow/example_dags/example_bash_operator.py
[2026-01-03T13:52:58.436+0000] {logging_mixin.py:150} INFO - [2026-01-03T13:52:58.436+0000] {dag.py:2742} INFO - Sync 1 DAGs
[2026-01-03T13:52:58.453+0000] {logging_mixin.py:150} INFO - [2026-01-03T13:52:58.453+0000] {dag.py:3504} INFO - Setting next_dagrun for example_bash_operator to 2026-01-02T00:00:00+00:00, run_after=2026-01-03T00:00:00+00:00
[2026-01-03T13:52:58.469+0000] {processor.py:179} INFO - Processing /home/vscode/.local/lib/python3.10/site-packages/airflow/example_dags/example_bash_operator.py took 0.066 seconds
[2026-01-03T13:53:54.705+0000] {processor.py:157} INFO - Started process (PID=12229) to work on /home/vscode/.local/lib/python3.10/site-packages/airflow/example_dags/example_bash_operator.py
[2026-01-03T13:53:54.706+0000] {processor.py:826} INFO - Processing file /home/vscode/.local/lib/python3.10/site-packages/airflow/example_dags/example_bash_operator.py for tasks to queue
[2026-01-03T13:53:54.707+0000] {logging_mixin.py:150} INFO - [2026-01-03T13:53:54.707+0000] {dagbag.py:541} INFO - Filling up the DagBag from /home/vscode/.local/lib/python3.10/site-packages/airflow/example_dags/example_bash_operator.py
[2026-01-03T13:53:54.716+0000] {processor.py:836} INFO - DAG(s) dict_keys(['example_bash_operator']) retrieved from /home/vscode/.local/lib/python3.10/site-packages/airflow/example_dags/example_bash_operator.py
[2026-01-03T13:53:54.735+0000] {logging_mixin.py:150} INFO - [2026-01-03T13:53:54.735+0000] {dag.py:2742} INFO - Sync 1 DAGs
[2026-01-03T13:53:54.751+0000] {logging_mixin.py:150} INFO - [2026-01-03T13:53:54.751+0000] {dag.py:3504} INFO - Setting next_dagrun for example_bash_operator to 2026-01-02T00:00:00+00:00, run_after=2026-01-03T00:00:00+00:00
[2026-01-03T13:53:54.767+0000] {processor.py:179} INFO - Processing /home/vscode/.local/lib/python3.10/site-packages/airflow/example_dags/example_bash_operator.py took 0.064 seconds
[2026-01-03T13:54:46.762+0000] {processor.py:157} INFO - Started process (PID=12636) to work on /home/vscode/.local/lib/python3.10/site-packages/airflow/example_dags/example_bash_operator.py
[2026-01-03T13:54:46.763+0000] {processor.py:826} INFO - Processing file /home/vscode/.local/lib/python3.10/site-packages/airflow/example_dags/example_bash_operator.py for tasks to queue
[2026-01-03T13:54:46.764+0000] {logging_mixin.py:150} INFO - [2026-01-03T13:54:46.763+0000] {dagbag.py:541} INFO - Filling up the DagBag from /home/vscode/.local/lib/python3.10/site-packages/airflow/example_dags/example_bash_operator.py
[2026-01-03T13:54:46.773+0000] {processor.py:836} INFO - DAG(s) dict_keys(['example_bash_operator']) retrieved from /home/vscode/.local/lib/python3.10/site-packages/airflow/example_dags/example_bash_operator.py
[2026-01-03T13:54:46.791+0000] {logging_mixin.py:150} INFO - [2026-01-03T13:54:46.791+0000] {dag.py:2742} INFO - Sync 1 DAGs
[2026-01-03T13:54:46.807+0000] {logging_mixin.py:150} INFO - [2026-01-03T13:54:46.807+0000] {dag.py:3504} INFO - Setting next_dagrun for example_bash_operator to 2026-01-02T00:00:00+00:00, run_after=2026-01-03T00:00:00+00:00
[2026-01-03T13:54:46.821+0000] {processor.py:179} INFO - Processing /home/vscode/.local/lib/python3.10/site-packages/airflow/example_dags/example_bash_operator.py took 0.062 seconds
[2026-01-03T13:55:35.177+0000] {processor.py:157} INFO - Started process (PID=13066) to work on /home/vscode/.local/lib/python3.10/site-packages/airflow/example_dags/example_bash_operator.py
[2026-01-03T13:55:35.178+0000] {processor.py:826} INFO - Processing file /home/vscode/.local/lib/python3.10/site-packages/airflow/example_dags/example_bash_operator.py for tasks to queue
[2026-01-03T13:55:35.179+0000] {logging_mixin.py:150} INFO - [2026-01-03T13:55:35.178+0000] {dagbag.py:541} INFO - Filling up the DagBag from /home/vscode/.local/lib/python3.10/site-packages/airflow/example_dags/example_bash_operator.py
[2026-01-03T13:55:35.188+0000] {processor.py:836} INFO - DAG(s) dict_keys(['example_bash_operator']) retrieved from /home/vscode/.local/lib/python3.10/site-packages/airflow/example_dags/example_bash_operator.py
[2026-01-03T13:55:35.207+0000] {logging_mixin.py:150} INFO - [2026-01-03T13:55:35.207+0000] {dag.py:2742} INFO - Sync 1 DAGs
[2026-01-03T13:55:35.232+0000] {logging_mixin.py:150} INFO - [2026-01-03T13:55:35.232+0000] {dag.py:3504} INFO - Setting next_dagrun for example_bash_operator to 2026-01-02T00:00:00+00:00, run_after=2026-01-03T00:00:00+00:00
[2026-01-03T13:55:35.257+0000] {processor.py:179} INFO - Processing /home/vscode/.local/lib/python3.10/site-packages/airflow/example_dags/example_bash_operator.py took 0.082 seconds
[2026-01-03T13:56:19.924+0000] {processor.py:157} INFO - Started process (PID=13564) to work on /home/vscode/.local/lib/python3.10/site-packages/airflow/example_dags/example_bash_operator.py
[2026-01-03T13:56:19.925+0000] {processor.py:826} INFO - Processing file /home/vscode/.local/lib/python3.10/site-packages/airflow/example_dags/example_bash_operator.py for tasks to queue
[2026-01-03T13:56:19.926+0000] {logging_mixin.py:150} INFO - [2026-01-03T13:56:19.925+0000] {dagbag.py:541} INFO - Filling up the DagBag from /home/vscode/.local/lib/python3.10/site-packages/airflow/example_dags/example_bash_operator.py
[2026-01-03T13:56:19.935+0000] {processor.py:836} INFO - DAG(s) dict_keys(['example_bash_operator']) retrieved from /home/vscode/.local/lib/python3.10/site-packages/airflow/example_dags/example_bash_operator.py
[2026-01-03T13:56:19.953+0000] {logging_mixin.py:150} INFO - [2026-01-03T13:56:19.953+0000] {dag.py:2742} INFO - Sync 1 DAGs
[2026-01-03T13:56:19.970+0000] {logging_mixin.py:150} INFO - [2026-01-03T13:56:19.969+0000] {dag.py:3504} INFO - Setting next_dagrun for example_bash_operator to 2026-01-02T00:00:00+00:00, run_after=2026-01-03T00:00:00+00:00
[2026-01-03T13:56:19.984+0000] {processor.py:179} INFO - Processing /home/vscode/.local/lib/python3.10/site-packages/airflow/example_dags/example_bash_operator.py took 0.063 seconds
[2026-01-03T13:57:17.259+0000] {processor.py:157} INFO - Started process (PID=13984) to work on /home/vscode/.local/lib/python3.10/site-packages/airflow/example_dags/example_bash_operator.py
[2026-01-03T13:57:17.260+0000] {processor.py:826} INFO - Processing file /home/vscode/.local/lib/python3.10/site-packages/airflow/example_dags/example_bash_operator.py for tasks to queue
[2026-01-03T13:57:17.261+0000] {logging_mixin.py:150} INFO - [2026-01-03T13:57:17.260+0000] {dagbag.py:541} INFO - Filling up the DagBag from /home/vscode/.local/lib/python3.10/site-packages/airflow/example_dags/example_bash_operator.py
[2026-01-03T13:57:17.269+0000] {processor.py:836} INFO - DAG(s) dict_keys(['example_bash_operator']) retrieved from /home/vscode/.local/lib/python3.10/site-packages/airflow/example_dags/example_bash_operator.py
[2026-01-03T13:57:17.287+0000] {logging_mixin.py:150} INFO - [2026-01-03T13:57:17.287+0000] {dag.py:2742} INFO - Sync 1 DAGs
[2026-01-03T13:57:17.303+0000] {logging_mixin.py:150} INFO - [2026-01-03T13:57:17.303+0000] {dag.py:3504} INFO - Setting next_dagrun for example_bash_operator to 2026-01-02T00:00:00+00:00, run_after=2026-01-03T00:00:00+00:00
[2026-01-03T13:57:17.319+0000] {processor.py:179} INFO - Processing /home/vscode/.local/lib/python3.10/site-packages/airflow/example_dags/example_bash_operator.py took 0.062 seconds
[2026-01-03T13:58:00.085+0000] {processor.py:157} INFO - Started process (PID=14270) to work on /home/vscode/.local/lib/python3.10/site-packages/airflow/example_dags/example_bash_operator.py
[2026-01-03T13:58:00.086+0000] {processor.py:826} INFO - Processing file /home/vscode/.local/lib/python3.10/site-packages/airflow/example_dags/example_bash_operator.py for tasks to queue
[2026-01-03T13:58:00.086+0000] {logging_mixin.py:150} INFO - [2026-01-03T13:58:00.086+0000] {dagbag.py:541} INFO - Filling up the DagBag from /home/vscode/.local/lib/python3.10/site-packages/airflow/example_dags/example_bash_operator.py
[2026-01-03T13:58:00.095+0000] {processor.py:836} INFO - DAG(s) dict_keys(['example_bash_operator']) retrieved from /home/vscode/.local/lib/python3.10/site-packages/airflow/example_dags/example_bash_operator.py
[2026-01-03T13:58:00.115+0000] {logging_mixin.py:150} INFO - [2026-01-03T13:58:00.115+0000] {dag.py:2742} INFO - Sync 1 DAGs
[2026-01-03T13:58:00.134+0000] {logging_mixin.py:150} INFO - [2026-01-03T13:58:00.134+0000] {dag.py:3504} INFO - Setting next_dagrun for example_bash_operator to 2026-01-02T00:00:00+00:00, run_after=2026-01-03T00:00:00+00:00
[2026-01-03T13:58:00.150+0000] {processor.py:179} INFO - Processing /home/vscode/.local/lib/python3.10/site-packages/airflow/example_dags/example_bash_operator.py took 0.067 seconds
[2026-01-03T13:58:55.286+0000] {processor.py:157} INFO - Started process (PID=14672) to work on /home/vscode/.local/lib/python3.10/site-packages/airflow/example_dags/example_bash_operator.py
[2026-01-03T13:58:55.287+0000] {processor.py:826} INFO - Processing file /home/vscode/.local/lib/python3.10/site-packages/airflow/example_dags/example_bash_operator.py for tasks to queue
[2026-01-03T13:58:55.288+0000] {logging_mixin.py:150} INFO - [2026-01-03T13:58:55.287+0000] {dagbag.py:541} INFO - Filling up the DagBag from /home/vscode/.local/lib/python3.10/site-packages/airflow/example_dags/example_bash_operator.py
[2026-01-03T13:58:55.296+0000] {processor.py:836} INFO - DAG(s) dict_keys(['example_bash_operator']) retrieved from /home/vscode/.local/lib/python3.10/site-packages/airflow/example_dags/example_bash_operator.py
[2026-01-03T13:58:55.315+0000] {logging_mixin.py:150} INFO - [2026-01-03T13:58:55.314+0000] {dag.py:2742} INFO - Sync 1 DAGs
[2026-01-03T13:58:55.330+0000] {logging_mixin.py:150} INFO - [2026-01-03T13:58:55.330+0000] {dag.py:3504} INFO - Setting next_dagrun for example_bash_operator to 2026-01-02T00:00:00+00:00, run_after=2026-01-03T00:00:00+00:00
[2026-01-03T13:58:55.345+0000] {processor.py:179} INFO - Processing /home/vscode/.local/lib/python3.10/site-packages/airflow/example_dags/example_bash_operator.py took 0.061 seconds
[2026-01-03T13:59:46.815+0000] {processor.py:157} INFO - Started process (PID=15023) to work on /home/vscode/.local/lib/python3.10/site-packages/airflow/example_dags/example_bash_operator.py
[2026-01-03T13:59:46.816+0000] {processor.py:826} INFO - Processing file /home/vscode/.local/lib/python3.10/site-packages/airflow/example_dags/example_bash_operator.py for tasks to queue
[2026-01-03T13:59:46.816+0000] {logging_mixin.py:150} INFO - [2026-01-03T13:59:46.816+0000] {dagbag.py:541} INFO - Filling up the DagBag from /home/vscode/.local/lib/python3.10/site-packages/airflow/example_dags/example_bash_operator.py
[2026-01-03T13:59:46.829+0000] {processor.py:836} INFO - DAG(s) dict_keys(['example_bash_operator']) retrieved from /home/vscode/.local/lib/python3.10/site-packages/airflow/example_dags/example_bash_operator.py
[2026-01-03T13:59:46.857+0000] {logging_mixin.py:150} INFO - [2026-01-03T13:59:46.856+0000] {dag.py:2742} INFO - Sync 1 DAGs
[2026-01-03T13:59:46.881+0000] {logging_mixin.py:150} INFO - [2026-01-03T13:59:46.881+0000] {dag.py:3504} INFO - Setting next_dagrun for example_bash_operator to 2026-01-02T00:00:00+00:00, run_after=2026-01-03T00:00:00+00:00
[2026-01-03T13:59:46.902+0000] {processor.py:179} INFO - Processing /home/vscode/.local/lib/python3.10/site-packages/airflow/example_dags/example_bash_operator.py took 0.090 seconds
[2026-01-03T14:00:32.442+0000] {processor.py:157} INFO - Started process (PID=15320) to work on /home/vscode/.local/lib/python3.10/site-packages/airflow/example_dags/example_bash_operator.py
[2026-01-03T14:00:32.443+0000] {processor.py:826} INFO - Processing file /home/vscode/.local/lib/python3.10/site-packages/airflow/example_dags/example_bash_operator.py for tasks to queue
[2026-01-03T14:00:32.444+0000] {logging_mixin.py:150} INFO - [2026-01-03T14:00:32.443+0000] {dagbag.py:541} INFO - Filling up the DagBag from /home/vscode/.local/lib/python3.10/site-packages/airflow/example_dags/example_bash_operator.py
[2026-01-03T14:00:32.452+0000] {processor.py:836} INFO - DAG(s) dict_keys(['example_bash_operator']) retrieved from /home/vscode/.local/lib/python3.10/site-packages/airflow/example_dags/example_bash_operator.py
[2026-01-03T14:00:32.470+0000] {logging_mixin.py:150} INFO - [2026-01-03T14:00:32.470+0000] {dag.py:2742} INFO - Sync 1 DAGs
[2026-01-03T14:00:32.486+0000] {logging_mixin.py:150} INFO - [2026-01-03T14:00:32.486+0000] {dag.py:3504} INFO - Setting next_dagrun for example_bash_operator to 2026-01-02T00:00:00+00:00, run_after=2026-01-03T00:00:00+00:00
[2026-01-03T14:00:32.501+0000] {processor.py:179} INFO - Processing /home/vscode/.local/lib/python3.10/site-packages/airflow/example_dags/example_bash_operator.py took 0.061 seconds
[2026-01-03T14:01:23.875+0000] {processor.py:157} INFO - Started process (PID=15661) to work on /home/vscode/.local/lib/python3.10/site-packages/airflow/example_dags/example_bash_operator.py
[2026-01-03T14:01:23.875+0000] {processor.py:826} INFO - Processing file /home/vscode/.local/lib/python3.10/site-packages/airflow/example_dags/example_bash_operator.py for tasks to queue
[2026-01-03T14:01:23.876+0000] {logging_mixin.py:150} INFO - [2026-01-03T14:01:23.876+0000] {dagbag.py:541} INFO - Filling up the DagBag from /home/vscode/.local/lib/python3.10/site-packages/airflow/example_dags/example_bash_operator.py
[2026-01-03T14:01:23.885+0000] {processor.py:836} INFO - DAG(s) dict_keys(['example_bash_operator']) retrieved from /home/vscode/.local/lib/python3.10/site-packages/airflow/example_dags/example_bash_operator.py
[2026-01-03T14:01:23.903+0000] {logging_mixin.py:150} INFO - [2026-01-03T14:01:23.903+0000] {dag.py:2742} INFO - Sync 1 DAGs
[2026-01-03T14:01:23.918+0000] {logging_mixin.py:150} INFO - [2026-01-03T14:01:23.918+0000] {dag.py:3504} INFO - Setting next_dagrun for example_bash_operator to 2026-01-02T00:00:00+00:00, run_after=2026-01-03T00:00:00+00:00
[2026-01-03T14:01:23.933+0000] {processor.py:179} INFO - Processing /home/vscode/.local/lib/python3.10/site-packages/airflow/example_dags/example_bash_operator.py took 0.061 seconds
[2026-01-03T14:02:09.402+0000] {processor.py:157} INFO - Started process (PID=16008) to work on /home/vscode/.local/lib/python3.10/site-packages/airflow/example_dags/example_bash_operator.py
[2026-01-03T14:02:09.403+0000] {processor.py:826} INFO - Processing file /home/vscode/.local/lib/python3.10/site-packages/airflow/example_dags/example_bash_operator.py for tasks to queue
[2026-01-03T14:02:09.404+0000] {logging_mixin.py:150} INFO - [2026-01-03T14:02:09.403+0000] {dagbag.py:541} INFO - Filling up the DagBag from /home/vscode/.local/lib/python3.10/site-packages/airflow/example_dags/example_bash_operator.py
[2026-01-03T14:02:09.412+0000] {processor.py:836} INFO - DAG(s) dict_keys(['example_bash_operator']) retrieved from /home/vscode/.local/lib/python3.10/site-packages/airflow/example_dags/example_bash_operator.py
[2026-01-03T14:02:09.432+0000] {logging_mixin.py:150} INFO - [2026-01-03T14:02:09.432+0000] {dag.py:2742} INFO - Sync 1 DAGs
[2026-01-03T14:02:09.456+0000] {logging_mixin.py:150} INFO - [2026-01-03T14:02:09.456+0000] {dag.py:3504} INFO - Setting next_dagrun for example_bash_operator to 2026-01-02T00:00:00+00:00, run_after=2026-01-03T00:00:00+00:00
[2026-01-03T14:02:09.478+0000] {processor.py:179} INFO - Processing /home/vscode/.local/lib/python3.10/site-packages/airflow/example_dags/example_bash_operator.py took 0.079 seconds
[2026-01-03T14:02:52.648+0000] {processor.py:157} INFO - Started process (PID=16391) to work on /home/vscode/.local/lib/python3.10/site-packages/airflow/example_dags/example_bash_operator.py
[2026-01-03T14:02:52.649+0000] {processor.py:826} INFO - Processing file /home/vscode/.local/lib/python3.10/site-packages/airflow/example_dags/example_bash_operator.py for tasks to queue
[2026-01-03T14:02:52.650+0000] {logging_mixin.py:150} INFO - [2026-01-03T14:02:52.650+0000] {dagbag.py:541} INFO - Filling up the DagBag from /home/vscode/.local/lib/python3.10/site-packages/airflow/example_dags/example_bash_operator.py
[2026-01-03T14:02:52.659+0000] {processor.py:836} INFO - DAG(s) dict_keys(['example_bash_operator']) retrieved from /home/vscode/.local/lib/python3.10/site-packages/airflow/example_dags/example_bash_operator.py
[2026-01-03T14:02:52.677+0000] {logging_mixin.py:150} INFO - [2026-01-03T14:02:52.676+0000] {dag.py:2742} INFO - Sync 1 DAGs
[2026-01-03T14:02:52.692+0000] {logging_mixin.py:150} INFO - [2026-01-03T14:02:52.692+0000] {dag.py:3504} INFO - Setting next_dagrun for example_bash_operator to 2026-01-02T00:00:00+00:00, run_after=2026-01-03T00:00:00+00:00
[2026-01-03T14:02:52.707+0000] {processor.py:179} INFO - Processing /home/vscode/.local/lib/python3.10/site-packages/airflow/example_dags/example_bash_operator.py took 0.061 seconds
[2026-01-03T14:03:49.102+0000] {processor.py:157} INFO - Started process (PID=17180) to work on /home/vscode/.local/lib/python3.10/site-packages/airflow/example_dags/example_bash_operator.py
[2026-01-03T14:03:49.103+0000] {processor.py:826} INFO - Processing file /home/vscode/.local/lib/python3.10/site-packages/airflow/example_dags/example_bash_operator.py for tasks to queue
[2026-01-03T14:03:49.104+0000] {logging_mixin.py:150} INFO - [2026-01-03T14:03:49.103+0000] {dagbag.py:541} INFO - Filling up the DagBag from /home/vscode/.local/lib/python3.10/site-packages/airflow/example_dags/example_bash_operator.py
[2026-01-03T14:03:49.112+0000] {processor.py:836} INFO - DAG(s) dict_keys(['example_bash_operator']) retrieved from /home/vscode/.local/lib/python3.10/site-packages/airflow/example_dags/example_bash_operator.py
[2026-01-03T14:03:49.130+0000] {logging_mixin.py:150} INFO - [2026-01-03T14:03:49.130+0000] {dag.py:2742} INFO - Sync 1 DAGs
[2026-01-03T14:03:49.145+0000] {logging_mixin.py:150} INFO - [2026-01-03T14:03:49.145+0000] {dag.py:3504} INFO - Setting next_dagrun for example_bash_operator to 2026-01-02T00:00:00+00:00, run_after=2026-01-03T00:00:00+00:00
[2026-01-03T14:03:49.160+0000] {processor.py:179} INFO - Processing /home/vscode/.local/lib/python3.10/site-packages/airflow/example_dags/example_bash_operator.py took 0.060 seconds
