[2026-01-03T13:49:26.124+0000] {processor.py:157} INFO - Started process (PID=10219) to work on /home/vscode/.local/lib/python3.10/site-packages/airflow/example_dags/example_external_task_marker_dag.py
[2026-01-03T13:49:26.125+0000] {processor.py:826} INFO - Processing file /home/vscode/.local/lib/python3.10/site-packages/airflow/example_dags/example_external_task_marker_dag.py for tasks to queue
[2026-01-03T13:49:26.126+0000] {logging_mixin.py:150} INFO - [2026-01-03T13:49:26.126+0000] {dagbag.py:541} INFO - Filling up the DagBag from /home/vscode/.local/lib/python3.10/site-packages/airflow/example_dags/example_external_task_marker_dag.py
[2026-01-03T13:49:26.131+0000] {processor.py:836} INFO - DAG(s) dict_keys(['example_external_task_marker_parent', 'example_external_task_marker_child']) retrieved from /home/vscode/.local/lib/python3.10/site-packages/airflow/example_dags/example_external_task_marker_dag.py
[2026-01-03T13:49:26.201+0000] {logging_mixin.py:150} INFO - [2026-01-03T13:49:26.201+0000] {manager.py:504} INFO - Created Permission View: can delete on DAG:example_external_task_marker_parent
[2026-01-03T13:49:26.210+0000] {logging_mixin.py:150} INFO - [2026-01-03T13:49:26.209+0000] {manager.py:504} INFO - Created Permission View: can read on DAG:example_external_task_marker_parent
[2026-01-03T13:49:26.216+0000] {logging_mixin.py:150} INFO - [2026-01-03T13:49:26.216+0000] {manager.py:504} INFO - Created Permission View: can edit on DAG:example_external_task_marker_parent
[2026-01-03T13:49:26.237+0000] {logging_mixin.py:150} INFO - [2026-01-03T13:49:26.236+0000] {manager.py:504} INFO - Created Permission View: can delete on DAG:example_external_task_marker_child
[2026-01-03T13:49:26.242+0000] {logging_mixin.py:150} INFO - [2026-01-03T13:49:26.242+0000] {manager.py:504} INFO - Created Permission View: can read on DAG:example_external_task_marker_child
[2026-01-03T13:49:26.248+0000] {logging_mixin.py:150} INFO - [2026-01-03T13:49:26.248+0000] {manager.py:504} INFO - Created Permission View: can edit on DAG:example_external_task_marker_child
[2026-01-03T13:49:26.251+0000] {logging_mixin.py:150} INFO - [2026-01-03T13:49:26.251+0000] {dag.py:2742} INFO - Sync 2 DAGs
[2026-01-03T13:49:26.258+0000] {logging_mixin.py:150} INFO - [2026-01-03T13:49:26.258+0000] {dag.py:2763} INFO - Creating ORM DAG for example_external_task_marker_parent
[2026-01-03T13:49:26.259+0000] {logging_mixin.py:150} INFO - [2026-01-03T13:49:26.259+0000] {dag.py:2763} INFO - Creating ORM DAG for example_external_task_marker_child
[2026-01-03T13:49:26.266+0000] {logging_mixin.py:150} INFO - [2026-01-03T13:49:26.266+0000] {dag.py:3504} INFO - Setting next_dagrun for example_external_task_marker_child to None, run_after=None
[2026-01-03T13:49:26.267+0000] {logging_mixin.py:150} INFO - [2026-01-03T13:49:26.267+0000] {dag.py:3504} INFO - Setting next_dagrun for example_external_task_marker_parent to None, run_after=None
[2026-01-03T13:49:26.284+0000] {processor.py:179} INFO - Processing /home/vscode/.local/lib/python3.10/site-packages/airflow/example_dags/example_external_task_marker_dag.py took 0.162 seconds
[2026-01-03T13:50:14.732+0000] {processor.py:157} INFO - Started process (PID=10587) to work on /home/vscode/.local/lib/python3.10/site-packages/airflow/example_dags/example_external_task_marker_dag.py
[2026-01-03T13:50:14.733+0000] {processor.py:826} INFO - Processing file /home/vscode/.local/lib/python3.10/site-packages/airflow/example_dags/example_external_task_marker_dag.py for tasks to queue
[2026-01-03T13:50:14.733+0000] {logging_mixin.py:150} INFO - [2026-01-03T13:50:14.733+0000] {dagbag.py:541} INFO - Filling up the DagBag from /home/vscode/.local/lib/python3.10/site-packages/airflow/example_dags/example_external_task_marker_dag.py
[2026-01-03T13:50:14.738+0000] {processor.py:836} INFO - DAG(s) dict_keys(['example_external_task_marker_parent', 'example_external_task_marker_child']) retrieved from /home/vscode/.local/lib/python3.10/site-packages/airflow/example_dags/example_external_task_marker_dag.py
[2026-01-03T13:50:14.754+0000] {logging_mixin.py:150} INFO - [2026-01-03T13:50:14.754+0000] {dag.py:2742} INFO - Sync 2 DAGs
[2026-01-03T13:50:14.769+0000] {logging_mixin.py:150} INFO - [2026-01-03T13:50:14.769+0000] {dag.py:3504} INFO - Setting next_dagrun for example_external_task_marker_child to None, run_after=None
[2026-01-03T13:50:14.771+0000] {logging_mixin.py:150} INFO - [2026-01-03T13:50:14.771+0000] {dag.py:3504} INFO - Setting next_dagrun for example_external_task_marker_parent to None, run_after=None
[2026-01-03T13:50:14.785+0000] {processor.py:179} INFO - Processing /home/vscode/.local/lib/python3.10/site-packages/airflow/example_dags/example_external_task_marker_dag.py took 0.055 seconds
[2026-01-03T13:50:57.695+0000] {processor.py:157} INFO - Started process (PID=10904) to work on /home/vscode/.local/lib/python3.10/site-packages/airflow/example_dags/example_external_task_marker_dag.py
[2026-01-03T13:50:57.696+0000] {processor.py:826} INFO - Processing file /home/vscode/.local/lib/python3.10/site-packages/airflow/example_dags/example_external_task_marker_dag.py for tasks to queue
[2026-01-03T13:50:57.696+0000] {logging_mixin.py:150} INFO - [2026-01-03T13:50:57.696+0000] {dagbag.py:541} INFO - Filling up the DagBag from /home/vscode/.local/lib/python3.10/site-packages/airflow/example_dags/example_external_task_marker_dag.py
[2026-01-03T13:50:57.702+0000] {processor.py:836} INFO - DAG(s) dict_keys(['example_external_task_marker_child', 'example_external_task_marker_parent']) retrieved from /home/vscode/.local/lib/python3.10/site-packages/airflow/example_dags/example_external_task_marker_dag.py
[2026-01-03T13:50:57.719+0000] {logging_mixin.py:150} INFO - [2026-01-03T13:50:57.719+0000] {dag.py:2742} INFO - Sync 2 DAGs
[2026-01-03T13:50:57.739+0000] {logging_mixin.py:150} INFO - [2026-01-03T13:50:57.739+0000] {dag.py:3504} INFO - Setting next_dagrun for example_external_task_marker_child to None, run_after=None
[2026-01-03T13:50:57.742+0000] {logging_mixin.py:150} INFO - [2026-01-03T13:50:57.741+0000] {dag.py:3504} INFO - Setting next_dagrun for example_external_task_marker_parent to None, run_after=None
[2026-01-03T13:50:57.758+0000] {processor.py:179} INFO - Processing /home/vscode/.local/lib/python3.10/site-packages/airflow/example_dags/example_external_task_marker_dag.py took 0.065 seconds
[2026-01-03T13:51:42.167+0000] {processor.py:157} INFO - Started process (PID=11220) to work on /home/vscode/.local/lib/python3.10/site-packages/airflow/example_dags/example_external_task_marker_dag.py
[2026-01-03T13:51:42.168+0000] {processor.py:826} INFO - Processing file /home/vscode/.local/lib/python3.10/site-packages/airflow/example_dags/example_external_task_marker_dag.py for tasks to queue
[2026-01-03T13:51:42.169+0000] {logging_mixin.py:150} INFO - [2026-01-03T13:51:42.168+0000] {dagbag.py:541} INFO - Filling up the DagBag from /home/vscode/.local/lib/python3.10/site-packages/airflow/example_dags/example_external_task_marker_dag.py
[2026-01-03T13:51:42.174+0000] {processor.py:836} INFO - DAG(s) dict_keys(['example_external_task_marker_child', 'example_external_task_marker_parent']) retrieved from /home/vscode/.local/lib/python3.10/site-packages/airflow/example_dags/example_external_task_marker_dag.py
[2026-01-03T13:51:42.190+0000] {logging_mixin.py:150} INFO - [2026-01-03T13:51:42.190+0000] {dag.py:2742} INFO - Sync 2 DAGs
[2026-01-03T13:51:42.205+0000] {logging_mixin.py:150} INFO - [2026-01-03T13:51:42.205+0000] {dag.py:3504} INFO - Setting next_dagrun for example_external_task_marker_child to None, run_after=None
[2026-01-03T13:51:42.208+0000] {logging_mixin.py:150} INFO - [2026-01-03T13:51:42.207+0000] {dag.py:3504} INFO - Setting next_dagrun for example_external_task_marker_parent to None, run_after=None
[2026-01-03T13:51:42.223+0000] {processor.py:179} INFO - Processing /home/vscode/.local/lib/python3.10/site-packages/airflow/example_dags/example_external_task_marker_dag.py took 0.058 seconds
[2026-01-03T13:52:26.275+0000] {processor.py:157} INFO - Started process (PID=11543) to work on /home/vscode/.local/lib/python3.10/site-packages/airflow/example_dags/example_external_task_marker_dag.py
[2026-01-03T13:52:26.276+0000] {processor.py:826} INFO - Processing file /home/vscode/.local/lib/python3.10/site-packages/airflow/example_dags/example_external_task_marker_dag.py for tasks to queue
[2026-01-03T13:52:26.277+0000] {logging_mixin.py:150} INFO - [2026-01-03T13:52:26.277+0000] {dagbag.py:541} INFO - Filling up the DagBag from /home/vscode/.local/lib/python3.10/site-packages/airflow/example_dags/example_external_task_marker_dag.py
[2026-01-03T13:52:26.282+0000] {processor.py:836} INFO - DAG(s) dict_keys(['example_external_task_marker_child', 'example_external_task_marker_parent']) retrieved from /home/vscode/.local/lib/python3.10/site-packages/airflow/example_dags/example_external_task_marker_dag.py
[2026-01-03T13:52:26.300+0000] {logging_mixin.py:150} INFO - [2026-01-03T13:52:26.300+0000] {dag.py:2742} INFO - Sync 2 DAGs
[2026-01-03T13:52:26.317+0000] {logging_mixin.py:150} INFO - [2026-01-03T13:52:26.317+0000] {dag.py:3504} INFO - Setting next_dagrun for example_external_task_marker_child to None, run_after=None
[2026-01-03T13:52:26.320+0000] {logging_mixin.py:150} INFO - [2026-01-03T13:52:26.319+0000] {dag.py:3504} INFO - Setting next_dagrun for example_external_task_marker_parent to None, run_after=None
[2026-01-03T13:52:26.336+0000] {processor.py:179} INFO - Processing /home/vscode/.local/lib/python3.10/site-packages/airflow/example_dags/example_external_task_marker_dag.py took 0.063 seconds
[2026-01-03T13:53:08.537+0000] {processor.py:157} INFO - Started process (PID=11849) to work on /home/vscode/.local/lib/python3.10/site-packages/airflow/example_dags/example_external_task_marker_dag.py
[2026-01-03T13:53:08.537+0000] {processor.py:826} INFO - Processing file /home/vscode/.local/lib/python3.10/site-packages/airflow/example_dags/example_external_task_marker_dag.py for tasks to queue
[2026-01-03T13:53:08.538+0000] {logging_mixin.py:150} INFO - [2026-01-03T13:53:08.538+0000] {dagbag.py:541} INFO - Filling up the DagBag from /home/vscode/.local/lib/python3.10/site-packages/airflow/example_dags/example_external_task_marker_dag.py
[2026-01-03T13:53:08.543+0000] {processor.py:836} INFO - DAG(s) dict_keys(['example_external_task_marker_parent', 'example_external_task_marker_child']) retrieved from /home/vscode/.local/lib/python3.10/site-packages/airflow/example_dags/example_external_task_marker_dag.py
[2026-01-03T13:53:08.560+0000] {logging_mixin.py:150} INFO - [2026-01-03T13:53:08.560+0000] {dag.py:2742} INFO - Sync 2 DAGs
[2026-01-03T13:53:08.576+0000] {logging_mixin.py:150} INFO - [2026-01-03T13:53:08.576+0000] {dag.py:3504} INFO - Setting next_dagrun for example_external_task_marker_child to None, run_after=None
[2026-01-03T13:53:08.578+0000] {logging_mixin.py:150} INFO - [2026-01-03T13:53:08.578+0000] {dag.py:3504} INFO - Setting next_dagrun for example_external_task_marker_parent to None, run_after=None
[2026-01-03T13:53:08.593+0000] {processor.py:179} INFO - Processing /home/vscode/.local/lib/python3.10/site-packages/airflow/example_dags/example_external_task_marker_dag.py took 0.059 seconds
[2026-01-03T13:53:51.341+0000] {processor.py:157} INFO - Started process (PID=12200) to work on /home/vscode/.local/lib/python3.10/site-packages/airflow/example_dags/example_external_task_marker_dag.py
[2026-01-03T13:53:51.342+0000] {processor.py:826} INFO - Processing file /home/vscode/.local/lib/python3.10/site-packages/airflow/example_dags/example_external_task_marker_dag.py for tasks to queue
[2026-01-03T13:53:51.343+0000] {logging_mixin.py:150} INFO - [2026-01-03T13:53:51.343+0000] {dagbag.py:541} INFO - Filling up the DagBag from /home/vscode/.local/lib/python3.10/site-packages/airflow/example_dags/example_external_task_marker_dag.py
[2026-01-03T13:53:51.349+0000] {processor.py:836} INFO - DAG(s) dict_keys(['example_external_task_marker_parent', 'example_external_task_marker_child']) retrieved from /home/vscode/.local/lib/python3.10/site-packages/airflow/example_dags/example_external_task_marker_dag.py
[2026-01-03T13:53:51.365+0000] {logging_mixin.py:150} INFO - [2026-01-03T13:53:51.365+0000] {dag.py:2742} INFO - Sync 2 DAGs
[2026-01-03T13:53:51.380+0000] {logging_mixin.py:150} INFO - [2026-01-03T13:53:51.380+0000] {dag.py:3504} INFO - Setting next_dagrun for example_external_task_marker_child to None, run_after=None
[2026-01-03T13:53:51.383+0000] {logging_mixin.py:150} INFO - [2026-01-03T13:53:51.382+0000] {dag.py:3504} INFO - Setting next_dagrun for example_external_task_marker_parent to None, run_after=None
[2026-01-03T13:53:51.397+0000] {processor.py:179} INFO - Processing /home/vscode/.local/lib/python3.10/site-packages/airflow/example_dags/example_external_task_marker_dag.py took 0.058 seconds
[2026-01-03T13:54:33.270+0000] {processor.py:157} INFO - Started process (PID=12526) to work on /home/vscode/.local/lib/python3.10/site-packages/airflow/example_dags/example_external_task_marker_dag.py
[2026-01-03T13:54:33.271+0000] {processor.py:826} INFO - Processing file /home/vscode/.local/lib/python3.10/site-packages/airflow/example_dags/example_external_task_marker_dag.py for tasks to queue
[2026-01-03T13:54:33.272+0000] {logging_mixin.py:150} INFO - [2026-01-03T13:54:33.272+0000] {dagbag.py:541} INFO - Filling up the DagBag from /home/vscode/.local/lib/python3.10/site-packages/airflow/example_dags/example_external_task_marker_dag.py
[2026-01-03T13:54:33.279+0000] {processor.py:836} INFO - DAG(s) dict_keys(['example_external_task_marker_parent', 'example_external_task_marker_child']) retrieved from /home/vscode/.local/lib/python3.10/site-packages/airflow/example_dags/example_external_task_marker_dag.py
[2026-01-03T13:54:33.302+0000] {logging_mixin.py:150} INFO - [2026-01-03T13:54:33.302+0000] {dag.py:2742} INFO - Sync 2 DAGs
[2026-01-03T13:54:33.324+0000] {logging_mixin.py:150} INFO - [2026-01-03T13:54:33.324+0000] {dag.py:3504} INFO - Setting next_dagrun for example_external_task_marker_child to None, run_after=None
[2026-01-03T13:54:33.327+0000] {logging_mixin.py:150} INFO - [2026-01-03T13:54:33.326+0000] {dag.py:3504} INFO - Setting next_dagrun for example_external_task_marker_parent to None, run_after=None
[2026-01-03T13:54:33.342+0000] {processor.py:179} INFO - Processing /home/vscode/.local/lib/python3.10/site-packages/airflow/example_dags/example_external_task_marker_dag.py took 0.078 seconds
[2026-01-03T13:55:19.121+0000] {processor.py:157} INFO - Started process (PID=12889) to work on /home/vscode/.local/lib/python3.10/site-packages/airflow/example_dags/example_external_task_marker_dag.py
[2026-01-03T13:55:19.121+0000] {processor.py:826} INFO - Processing file /home/vscode/.local/lib/python3.10/site-packages/airflow/example_dags/example_external_task_marker_dag.py for tasks to queue
[2026-01-03T13:55:19.122+0000] {logging_mixin.py:150} INFO - [2026-01-03T13:55:19.122+0000] {dagbag.py:541} INFO - Filling up the DagBag from /home/vscode/.local/lib/python3.10/site-packages/airflow/example_dags/example_external_task_marker_dag.py
[2026-01-03T13:55:19.127+0000] {processor.py:836} INFO - DAG(s) dict_keys(['example_external_task_marker_parent', 'example_external_task_marker_child']) retrieved from /home/vscode/.local/lib/python3.10/site-packages/airflow/example_dags/example_external_task_marker_dag.py
[2026-01-03T13:55:19.144+0000] {logging_mixin.py:150} INFO - [2026-01-03T13:55:19.144+0000] {dag.py:2742} INFO - Sync 2 DAGs
[2026-01-03T13:55:19.160+0000] {logging_mixin.py:150} INFO - [2026-01-03T13:55:19.160+0000] {dag.py:3504} INFO - Setting next_dagrun for example_external_task_marker_child to None, run_after=None
[2026-01-03T13:55:19.163+0000] {logging_mixin.py:150} INFO - [2026-01-03T13:55:19.163+0000] {dag.py:3504} INFO - Setting next_dagrun for example_external_task_marker_parent to None, run_after=None
[2026-01-03T13:55:19.179+0000] {processor.py:179} INFO - Processing /home/vscode/.local/lib/python3.10/site-packages/airflow/example_dags/example_external_task_marker_dag.py took 0.061 seconds
[2026-01-03T13:56:02.891+0000] {processor.py:157} INFO - Started process (PID=13369) to work on /home/vscode/.local/lib/python3.10/site-packages/airflow/example_dags/example_external_task_marker_dag.py
[2026-01-03T13:56:02.892+0000] {processor.py:826} INFO - Processing file /home/vscode/.local/lib/python3.10/site-packages/airflow/example_dags/example_external_task_marker_dag.py for tasks to queue
[2026-01-03T13:56:02.893+0000] {logging_mixin.py:150} INFO - [2026-01-03T13:56:02.892+0000] {dagbag.py:541} INFO - Filling up the DagBag from /home/vscode/.local/lib/python3.10/site-packages/airflow/example_dags/example_external_task_marker_dag.py
[2026-01-03T13:56:02.897+0000] {processor.py:836} INFO - DAG(s) dict_keys(['example_external_task_marker_child', 'example_external_task_marker_parent']) retrieved from /home/vscode/.local/lib/python3.10/site-packages/airflow/example_dags/example_external_task_marker_dag.py
[2026-01-03T13:56:02.914+0000] {logging_mixin.py:150} INFO - [2026-01-03T13:56:02.913+0000] {dag.py:2742} INFO - Sync 2 DAGs
[2026-01-03T13:56:02.928+0000] {logging_mixin.py:150} INFO - [2026-01-03T13:56:02.928+0000] {dag.py:3504} INFO - Setting next_dagrun for example_external_task_marker_child to None, run_after=None
[2026-01-03T13:56:02.930+0000] {logging_mixin.py:150} INFO - [2026-01-03T13:56:02.930+0000] {dag.py:3504} INFO - Setting next_dagrun for example_external_task_marker_parent to None, run_after=None
[2026-01-03T13:56:02.947+0000] {processor.py:179} INFO - Processing /home/vscode/.local/lib/python3.10/site-packages/airflow/example_dags/example_external_task_marker_dag.py took 0.058 seconds
[2026-01-03T13:56:44.763+0000] {processor.py:157} INFO - Started process (PID=13756) to work on /home/vscode/.local/lib/python3.10/site-packages/airflow/example_dags/example_external_task_marker_dag.py
[2026-01-03T13:56:44.763+0000] {processor.py:826} INFO - Processing file /home/vscode/.local/lib/python3.10/site-packages/airflow/example_dags/example_external_task_marker_dag.py for tasks to queue
[2026-01-03T13:56:44.764+0000] {logging_mixin.py:150} INFO - [2026-01-03T13:56:44.764+0000] {dagbag.py:541} INFO - Filling up the DagBag from /home/vscode/.local/lib/python3.10/site-packages/airflow/example_dags/example_external_task_marker_dag.py
[2026-01-03T13:56:44.769+0000] {processor.py:836} INFO - DAG(s) dict_keys(['example_external_task_marker_child', 'example_external_task_marker_parent']) retrieved from /home/vscode/.local/lib/python3.10/site-packages/airflow/example_dags/example_external_task_marker_dag.py
[2026-01-03T13:56:44.785+0000] {logging_mixin.py:150} INFO - [2026-01-03T13:56:44.785+0000] {dag.py:2742} INFO - Sync 2 DAGs
[2026-01-03T13:56:44.800+0000] {logging_mixin.py:150} INFO - [2026-01-03T13:56:44.800+0000] {dag.py:3504} INFO - Setting next_dagrun for example_external_task_marker_child to None, run_after=None
[2026-01-03T13:56:44.802+0000] {logging_mixin.py:150} INFO - [2026-01-03T13:56:44.802+0000] {dag.py:3504} INFO - Setting next_dagrun for example_external_task_marker_parent to None, run_after=None
[2026-01-03T13:56:44.816+0000] {processor.py:179} INFO - Processing /home/vscode/.local/lib/python3.10/site-packages/airflow/example_dags/example_external_task_marker_dag.py took 0.056 seconds
[2026-01-03T13:57:30.839+0000] {processor.py:157} INFO - Started process (PID=14077) to work on /home/vscode/.local/lib/python3.10/site-packages/airflow/example_dags/example_external_task_marker_dag.py
[2026-01-03T13:57:30.840+0000] {processor.py:826} INFO - Processing file /home/vscode/.local/lib/python3.10/site-packages/airflow/example_dags/example_external_task_marker_dag.py for tasks to queue
[2026-01-03T13:57:30.840+0000] {logging_mixin.py:150} INFO - [2026-01-03T13:57:30.840+0000] {dagbag.py:541} INFO - Filling up the DagBag from /home/vscode/.local/lib/python3.10/site-packages/airflow/example_dags/example_external_task_marker_dag.py
[2026-01-03T13:57:30.845+0000] {processor.py:836} INFO - DAG(s) dict_keys(['example_external_task_marker_parent', 'example_external_task_marker_child']) retrieved from /home/vscode/.local/lib/python3.10/site-packages/airflow/example_dags/example_external_task_marker_dag.py
[2026-01-03T13:57:30.862+0000] {logging_mixin.py:150} INFO - [2026-01-03T13:57:30.861+0000] {dag.py:2742} INFO - Sync 2 DAGs
[2026-01-03T13:57:30.876+0000] {logging_mixin.py:150} INFO - [2026-01-03T13:57:30.876+0000] {dag.py:3504} INFO - Setting next_dagrun for example_external_task_marker_child to None, run_after=None
[2026-01-03T13:57:30.879+0000] {logging_mixin.py:150} INFO - [2026-01-03T13:57:30.879+0000] {dag.py:3504} INFO - Setting next_dagrun for example_external_task_marker_parent to None, run_after=None
[2026-01-03T13:57:30.892+0000] {processor.py:179} INFO - Processing /home/vscode/.local/lib/python3.10/site-packages/airflow/example_dags/example_external_task_marker_dag.py took 0.056 seconds
[2026-01-03T13:58:12.485+0000] {processor.py:157} INFO - Started process (PID=14350) to work on /home/vscode/.local/lib/python3.10/site-packages/airflow/example_dags/example_external_task_marker_dag.py
[2026-01-03T13:58:12.486+0000] {processor.py:826} INFO - Processing file /home/vscode/.local/lib/python3.10/site-packages/airflow/example_dags/example_external_task_marker_dag.py for tasks to queue
[2026-01-03T13:58:12.487+0000] {logging_mixin.py:150} INFO - [2026-01-03T13:58:12.486+0000] {dagbag.py:541} INFO - Filling up the DagBag from /home/vscode/.local/lib/python3.10/site-packages/airflow/example_dags/example_external_task_marker_dag.py
[2026-01-03T13:58:12.492+0000] {processor.py:836} INFO - DAG(s) dict_keys(['example_external_task_marker_child', 'example_external_task_marker_parent']) retrieved from /home/vscode/.local/lib/python3.10/site-packages/airflow/example_dags/example_external_task_marker_dag.py
[2026-01-03T13:58:12.507+0000] {logging_mixin.py:150} INFO - [2026-01-03T13:58:12.507+0000] {dag.py:2742} INFO - Sync 2 DAGs
[2026-01-03T13:58:12.521+0000] {logging_mixin.py:150} INFO - [2026-01-03T13:58:12.521+0000] {dag.py:3504} INFO - Setting next_dagrun for example_external_task_marker_child to None, run_after=None
[2026-01-03T13:58:12.524+0000] {logging_mixin.py:150} INFO - [2026-01-03T13:58:12.523+0000] {dag.py:3504} INFO - Setting next_dagrun for example_external_task_marker_parent to None, run_after=None
[2026-01-03T13:58:12.538+0000] {processor.py:179} INFO - Processing /home/vscode/.local/lib/python3.10/site-packages/airflow/example_dags/example_external_task_marker_dag.py took 0.056 seconds
[2026-01-03T13:58:53.019+0000] {processor.py:157} INFO - Started process (PID=14655) to work on /home/vscode/.local/lib/python3.10/site-packages/airflow/example_dags/example_external_task_marker_dag.py
[2026-01-03T13:58:53.019+0000] {processor.py:826} INFO - Processing file /home/vscode/.local/lib/python3.10/site-packages/airflow/example_dags/example_external_task_marker_dag.py for tasks to queue
[2026-01-03T13:58:53.020+0000] {logging_mixin.py:150} INFO - [2026-01-03T13:58:53.020+0000] {dagbag.py:541} INFO - Filling up the DagBag from /home/vscode/.local/lib/python3.10/site-packages/airflow/example_dags/example_external_task_marker_dag.py
[2026-01-03T13:58:53.025+0000] {processor.py:836} INFO - DAG(s) dict_keys(['example_external_task_marker_parent', 'example_external_task_marker_child']) retrieved from /home/vscode/.local/lib/python3.10/site-packages/airflow/example_dags/example_external_task_marker_dag.py
[2026-01-03T13:58:53.041+0000] {logging_mixin.py:150} INFO - [2026-01-03T13:58:53.041+0000] {dag.py:2742} INFO - Sync 2 DAGs
[2026-01-03T13:58:53.055+0000] {logging_mixin.py:150} INFO - [2026-01-03T13:58:53.055+0000] {dag.py:3504} INFO - Setting next_dagrun for example_external_task_marker_child to None, run_after=None
[2026-01-03T13:58:53.058+0000] {logging_mixin.py:150} INFO - [2026-01-03T13:58:53.057+0000] {dag.py:3504} INFO - Setting next_dagrun for example_external_task_marker_parent to None, run_after=None
[2026-01-03T13:58:53.071+0000] {processor.py:179} INFO - Processing /home/vscode/.local/lib/python3.10/site-packages/airflow/example_dags/example_external_task_marker_dag.py took 0.055 seconds
[2026-01-03T13:59:45.160+0000] {processor.py:157} INFO - Started process (PID=15007) to work on /home/vscode/.local/lib/python3.10/site-packages/airflow/example_dags/example_external_task_marker_dag.py
[2026-01-03T13:59:45.161+0000] {processor.py:826} INFO - Processing file /home/vscode/.local/lib/python3.10/site-packages/airflow/example_dags/example_external_task_marker_dag.py for tasks to queue
[2026-01-03T13:59:45.161+0000] {logging_mixin.py:150} INFO - [2026-01-03T13:59:45.161+0000] {dagbag.py:541} INFO - Filling up the DagBag from /home/vscode/.local/lib/python3.10/site-packages/airflow/example_dags/example_external_task_marker_dag.py
[2026-01-03T13:59:45.166+0000] {processor.py:836} INFO - DAG(s) dict_keys(['example_external_task_marker_child', 'example_external_task_marker_parent']) retrieved from /home/vscode/.local/lib/python3.10/site-packages/airflow/example_dags/example_external_task_marker_dag.py
[2026-01-03T13:59:45.182+0000] {logging_mixin.py:150} INFO - [2026-01-03T13:59:45.182+0000] {dag.py:2742} INFO - Sync 2 DAGs
[2026-01-03T13:59:45.196+0000] {logging_mixin.py:150} INFO - [2026-01-03T13:59:45.196+0000] {dag.py:3504} INFO - Setting next_dagrun for example_external_task_marker_child to None, run_after=None
[2026-01-03T13:59:45.199+0000] {logging_mixin.py:150} INFO - [2026-01-03T13:59:45.199+0000] {dag.py:3504} INFO - Setting next_dagrun for example_external_task_marker_parent to None, run_after=None
[2026-01-03T13:59:45.213+0000] {processor.py:179} INFO - Processing /home/vscode/.local/lib/python3.10/site-packages/airflow/example_dags/example_external_task_marker_dag.py took 0.055 seconds
[2026-01-03T14:00:30.180+0000] {processor.py:157} INFO - Started process (PID=15309) to work on /home/vscode/.local/lib/python3.10/site-packages/airflow/example_dags/example_external_task_marker_dag.py
[2026-01-03T14:00:30.181+0000] {processor.py:826} INFO - Processing file /home/vscode/.local/lib/python3.10/site-packages/airflow/example_dags/example_external_task_marker_dag.py for tasks to queue
[2026-01-03T14:00:30.182+0000] {logging_mixin.py:150} INFO - [2026-01-03T14:00:30.181+0000] {dagbag.py:541} INFO - Filling up the DagBag from /home/vscode/.local/lib/python3.10/site-packages/airflow/example_dags/example_external_task_marker_dag.py
[2026-01-03T14:00:30.186+0000] {processor.py:836} INFO - DAG(s) dict_keys(['example_external_task_marker_child', 'example_external_task_marker_parent']) retrieved from /home/vscode/.local/lib/python3.10/site-packages/airflow/example_dags/example_external_task_marker_dag.py
[2026-01-03T14:00:30.202+0000] {logging_mixin.py:150} INFO - [2026-01-03T14:00:30.202+0000] {dag.py:2742} INFO - Sync 2 DAGs
[2026-01-03T14:00:30.216+0000] {logging_mixin.py:150} INFO - [2026-01-03T14:00:30.216+0000] {dag.py:3504} INFO - Setting next_dagrun for example_external_task_marker_child to None, run_after=None
[2026-01-03T14:00:30.219+0000] {logging_mixin.py:150} INFO - [2026-01-03T14:00:30.219+0000] {dag.py:3504} INFO - Setting next_dagrun for example_external_task_marker_parent to None, run_after=None
[2026-01-03T14:00:30.235+0000] {processor.py:179} INFO - Processing /home/vscode/.local/lib/python3.10/site-packages/airflow/example_dags/example_external_task_marker_dag.py took 0.058 seconds
[2026-01-03T14:01:21.775+0000] {processor.py:157} INFO - Started process (PID=15651) to work on /home/vscode/.local/lib/python3.10/site-packages/airflow/example_dags/example_external_task_marker_dag.py
[2026-01-03T14:01:21.776+0000] {processor.py:826} INFO - Processing file /home/vscode/.local/lib/python3.10/site-packages/airflow/example_dags/example_external_task_marker_dag.py for tasks to queue
[2026-01-03T14:01:21.777+0000] {logging_mixin.py:150} INFO - [2026-01-03T14:01:21.776+0000] {dagbag.py:541} INFO - Filling up the DagBag from /home/vscode/.local/lib/python3.10/site-packages/airflow/example_dags/example_external_task_marker_dag.py
[2026-01-03T14:01:21.782+0000] {processor.py:836} INFO - DAG(s) dict_keys(['example_external_task_marker_parent', 'example_external_task_marker_child']) retrieved from /home/vscode/.local/lib/python3.10/site-packages/airflow/example_dags/example_external_task_marker_dag.py
[2026-01-03T14:01:21.798+0000] {logging_mixin.py:150} INFO - [2026-01-03T14:01:21.798+0000] {dag.py:2742} INFO - Sync 2 DAGs
[2026-01-03T14:01:21.812+0000] {logging_mixin.py:150} INFO - [2026-01-03T14:01:21.812+0000] {dag.py:3504} INFO - Setting next_dagrun for example_external_task_marker_child to None, run_after=None
[2026-01-03T14:01:21.815+0000] {logging_mixin.py:150} INFO - [2026-01-03T14:01:21.814+0000] {dag.py:3504} INFO - Setting next_dagrun for example_external_task_marker_parent to None, run_after=None
[2026-01-03T14:01:21.827+0000] {processor.py:179} INFO - Processing /home/vscode/.local/lib/python3.10/site-packages/airflow/example_dags/example_external_task_marker_dag.py took 0.055 seconds
[2026-01-03T14:02:05.488+0000] {processor.py:157} INFO - Started process (PID=15977) to work on /home/vscode/.local/lib/python3.10/site-packages/airflow/example_dags/example_external_task_marker_dag.py
[2026-01-03T14:02:05.489+0000] {processor.py:826} INFO - Processing file /home/vscode/.local/lib/python3.10/site-packages/airflow/example_dags/example_external_task_marker_dag.py for tasks to queue
[2026-01-03T14:02:05.490+0000] {logging_mixin.py:150} INFO - [2026-01-03T14:02:05.489+0000] {dagbag.py:541} INFO - Filling up the DagBag from /home/vscode/.local/lib/python3.10/site-packages/airflow/example_dags/example_external_task_marker_dag.py
[2026-01-03T14:02:05.495+0000] {processor.py:836} INFO - DAG(s) dict_keys(['example_external_task_marker_parent', 'example_external_task_marker_child']) retrieved from /home/vscode/.local/lib/python3.10/site-packages/airflow/example_dags/example_external_task_marker_dag.py
[2026-01-03T14:02:05.511+0000] {logging_mixin.py:150} INFO - [2026-01-03T14:02:05.510+0000] {dag.py:2742} INFO - Sync 2 DAGs
[2026-01-03T14:02:05.525+0000] {logging_mixin.py:150} INFO - [2026-01-03T14:02:05.525+0000] {dag.py:3504} INFO - Setting next_dagrun for example_external_task_marker_child to None, run_after=None
[2026-01-03T14:02:05.527+0000] {logging_mixin.py:150} INFO - [2026-01-03T14:02:05.527+0000] {dag.py:3504} INFO - Setting next_dagrun for example_external_task_marker_parent to None, run_after=None
[2026-01-03T14:02:05.541+0000] {processor.py:179} INFO - Processing /home/vscode/.local/lib/python3.10/site-packages/airflow/example_dags/example_external_task_marker_dag.py took 0.055 seconds
[2026-01-03T14:02:48.642+0000] {processor.py:157} INFO - Started process (PID=16360) to work on /home/vscode/.local/lib/python3.10/site-packages/airflow/example_dags/example_external_task_marker_dag.py
[2026-01-03T14:02:48.642+0000] {processor.py:826} INFO - Processing file /home/vscode/.local/lib/python3.10/site-packages/airflow/example_dags/example_external_task_marker_dag.py for tasks to queue
[2026-01-03T14:02:48.643+0000] {logging_mixin.py:150} INFO - [2026-01-03T14:02:48.643+0000] {dagbag.py:541} INFO - Filling up the DagBag from /home/vscode/.local/lib/python3.10/site-packages/airflow/example_dags/example_external_task_marker_dag.py
[2026-01-03T14:02:48.648+0000] {processor.py:836} INFO - DAG(s) dict_keys(['example_external_task_marker_child', 'example_external_task_marker_parent']) retrieved from /home/vscode/.local/lib/python3.10/site-packages/airflow/example_dags/example_external_task_marker_dag.py
[2026-01-03T14:02:48.664+0000] {logging_mixin.py:150} INFO - [2026-01-03T14:02:48.664+0000] {dag.py:2742} INFO - Sync 2 DAGs
[2026-01-03T14:02:48.679+0000] {logging_mixin.py:150} INFO - [2026-01-03T14:02:48.679+0000] {dag.py:3504} INFO - Setting next_dagrun for example_external_task_marker_child to None, run_after=None
[2026-01-03T14:02:48.682+0000] {logging_mixin.py:150} INFO - [2026-01-03T14:02:48.682+0000] {dag.py:3504} INFO - Setting next_dagrun for example_external_task_marker_parent to None, run_after=None
[2026-01-03T14:02:48.696+0000] {processor.py:179} INFO - Processing /home/vscode/.local/lib/python3.10/site-packages/airflow/example_dags/example_external_task_marker_dag.py took 0.057 seconds
[2026-01-03T14:03:33.763+0000] {processor.py:157} INFO - Started process (PID=16950) to work on /home/vscode/.local/lib/python3.10/site-packages/airflow/example_dags/example_external_task_marker_dag.py
[2026-01-03T14:03:33.764+0000] {processor.py:826} INFO - Processing file /home/vscode/.local/lib/python3.10/site-packages/airflow/example_dags/example_external_task_marker_dag.py for tasks to queue
[2026-01-03T14:03:33.764+0000] {logging_mixin.py:150} INFO - [2026-01-03T14:03:33.764+0000] {dagbag.py:541} INFO - Filling up the DagBag from /home/vscode/.local/lib/python3.10/site-packages/airflow/example_dags/example_external_task_marker_dag.py
[2026-01-03T14:03:33.769+0000] {processor.py:836} INFO - DAG(s) dict_keys(['example_external_task_marker_parent', 'example_external_task_marker_child']) retrieved from /home/vscode/.local/lib/python3.10/site-packages/airflow/example_dags/example_external_task_marker_dag.py
[2026-01-03T14:03:33.785+0000] {logging_mixin.py:150} INFO - [2026-01-03T14:03:33.785+0000] {dag.py:2742} INFO - Sync 2 DAGs
[2026-01-03T14:03:33.800+0000] {logging_mixin.py:150} INFO - [2026-01-03T14:03:33.800+0000] {dag.py:3504} INFO - Setting next_dagrun for example_external_task_marker_child to None, run_after=None
[2026-01-03T14:03:33.802+0000] {logging_mixin.py:150} INFO - [2026-01-03T14:03:33.802+0000] {dag.py:3504} INFO - Setting next_dagrun for example_external_task_marker_parent to None, run_after=None
[2026-01-03T14:03:33.815+0000] {processor.py:179} INFO - Processing /home/vscode/.local/lib/python3.10/site-packages/airflow/example_dags/example_external_task_marker_dag.py took 0.055 seconds
[2026-01-03T14:04:20.041+0000] {processor.py:157} INFO - Started process (PID=17506) to work on /home/vscode/.local/lib/python3.10/site-packages/airflow/example_dags/example_external_task_marker_dag.py
[2026-01-03T14:04:20.042+0000] {processor.py:826} INFO - Processing file /home/vscode/.local/lib/python3.10/site-packages/airflow/example_dags/example_external_task_marker_dag.py for tasks to queue
[2026-01-03T14:04:20.043+0000] {logging_mixin.py:150} INFO - [2026-01-03T14:04:20.043+0000] {dagbag.py:541} INFO - Filling up the DagBag from /home/vscode/.local/lib/python3.10/site-packages/airflow/example_dags/example_external_task_marker_dag.py
[2026-01-03T14:04:20.051+0000] {processor.py:836} INFO - DAG(s) dict_keys(['example_external_task_marker_child', 'example_external_task_marker_parent']) retrieved from /home/vscode/.local/lib/python3.10/site-packages/airflow/example_dags/example_external_task_marker_dag.py
[2026-01-03T14:04:20.071+0000] {logging_mixin.py:150} INFO - [2026-01-03T14:04:20.071+0000] {dag.py:2742} INFO - Sync 2 DAGs
[2026-01-03T14:04:20.086+0000] {logging_mixin.py:150} INFO - [2026-01-03T14:04:20.085+0000] {dag.py:3504} INFO - Setting next_dagrun for example_external_task_marker_child to None, run_after=None
[2026-01-03T14:04:20.089+0000] {logging_mixin.py:150} INFO - [2026-01-03T14:04:20.089+0000] {dag.py:3504} INFO - Setting next_dagrun for example_external_task_marker_parent to None, run_after=None
[2026-01-03T14:04:20.104+0000] {processor.py:179} INFO - Processing /home/vscode/.local/lib/python3.10/site-packages/airflow/example_dags/example_external_task_marker_dag.py took 0.067 seconds
