[2026-01-03T13:49:27.368+0000] {processor.py:157} INFO - Started process (PID=10232) to work on /home/vscode/.local/lib/python3.10/site-packages/airflow/example_dags/example_branch_operator_decorator.py
[2026-01-03T13:49:27.369+0000] {processor.py:826} INFO - Processing file /home/vscode/.local/lib/python3.10/site-packages/airflow/example_dags/example_branch_operator_decorator.py for tasks to queue
[2026-01-03T13:49:27.369+0000] {logging_mixin.py:150} INFO - [2026-01-03T13:49:27.369+0000] {dagbag.py:541} INFO - Filling up the DagBag from /home/vscode/.local/lib/python3.10/site-packages/airflow/example_dags/example_branch_operator_decorator.py
[2026-01-03T13:49:27.378+0000] {processor.py:836} INFO - DAG(s) dict_keys(['example_branch_python_operator_decorator']) retrieved from /home/vscode/.local/lib/python3.10/site-packages/airflow/example_dags/example_branch_operator_decorator.py
[2026-01-03T13:49:27.452+0000] {logging_mixin.py:150} INFO - [2026-01-03T13:49:27.452+0000] {manager.py:504} INFO - Created Permission View: can delete on DAG:example_branch_python_operator_decorator
[2026-01-03T13:49:27.460+0000] {logging_mixin.py:150} INFO - [2026-01-03T13:49:27.460+0000] {manager.py:504} INFO - Created Permission View: can read on DAG:example_branch_python_operator_decorator
[2026-01-03T13:49:27.466+0000] {logging_mixin.py:150} INFO - [2026-01-03T13:49:27.466+0000] {manager.py:504} INFO - Created Permission View: can edit on DAG:example_branch_python_operator_decorator
[2026-01-03T13:49:27.474+0000] {logging_mixin.py:150} INFO - [2026-01-03T13:49:27.473+0000] {dag.py:2742} INFO - Sync 1 DAGs
[2026-01-03T13:49:27.480+0000] {logging_mixin.py:150} INFO - [2026-01-03T13:49:27.480+0000] {dag.py:2763} INFO - Creating ORM DAG for example_branch_python_operator_decorator
[2026-01-03T13:49:27.489+0000] {logging_mixin.py:150} INFO - [2026-01-03T13:49:27.489+0000] {dag.py:3504} INFO - Setting next_dagrun for example_branch_python_operator_decorator to 2026-01-02T00:00:00+00:00, run_after=2026-01-03T00:00:00+00:00
[2026-01-03T13:49:27.504+0000] {processor.py:179} INFO - Processing /home/vscode/.local/lib/python3.10/site-packages/airflow/example_dags/example_branch_operator_decorator.py took 0.139 seconds
[2026-01-03T13:50:15.199+0000] {processor.py:157} INFO - Started process (PID=10594) to work on /home/vscode/.local/lib/python3.10/site-packages/airflow/example_dags/example_branch_operator_decorator.py
[2026-01-03T13:50:15.200+0000] {processor.py:826} INFO - Processing file /home/vscode/.local/lib/python3.10/site-packages/airflow/example_dags/example_branch_operator_decorator.py for tasks to queue
[2026-01-03T13:50:15.200+0000] {logging_mixin.py:150} INFO - [2026-01-03T13:50:15.200+0000] {dagbag.py:541} INFO - Filling up the DagBag from /home/vscode/.local/lib/python3.10/site-packages/airflow/example_dags/example_branch_operator_decorator.py
[2026-01-03T13:50:15.208+0000] {processor.py:836} INFO - DAG(s) dict_keys(['example_branch_python_operator_decorator']) retrieved from /home/vscode/.local/lib/python3.10/site-packages/airflow/example_dags/example_branch_operator_decorator.py
[2026-01-03T13:50:15.226+0000] {logging_mixin.py:150} INFO - [2026-01-03T13:50:15.226+0000] {dag.py:2742} INFO - Sync 1 DAGs
[2026-01-03T13:50:15.242+0000] {logging_mixin.py:150} INFO - [2026-01-03T13:50:15.242+0000] {dag.py:3504} INFO - Setting next_dagrun for example_branch_python_operator_decorator to 2026-01-02T00:00:00+00:00, run_after=2026-01-03T00:00:00+00:00
[2026-01-03T13:50:15.257+0000] {processor.py:179} INFO - Processing /home/vscode/.local/lib/python3.10/site-packages/airflow/example_dags/example_branch_operator_decorator.py took 0.061 seconds
[2026-01-03T13:50:58.834+0000] {processor.py:157} INFO - Started process (PID=10912) to work on /home/vscode/.local/lib/python3.10/site-packages/airflow/example_dags/example_branch_operator_decorator.py
[2026-01-03T13:50:58.834+0000] {processor.py:826} INFO - Processing file /home/vscode/.local/lib/python3.10/site-packages/airflow/example_dags/example_branch_operator_decorator.py for tasks to queue
[2026-01-03T13:50:58.835+0000] {logging_mixin.py:150} INFO - [2026-01-03T13:50:58.835+0000] {dagbag.py:541} INFO - Filling up the DagBag from /home/vscode/.local/lib/python3.10/site-packages/airflow/example_dags/example_branch_operator_decorator.py
[2026-01-03T13:50:58.843+0000] {processor.py:836} INFO - DAG(s) dict_keys(['example_branch_python_operator_decorator']) retrieved from /home/vscode/.local/lib/python3.10/site-packages/airflow/example_dags/example_branch_operator_decorator.py
[2026-01-03T13:50:58.859+0000] {logging_mixin.py:150} INFO - [2026-01-03T13:50:58.858+0000] {dag.py:2742} INFO - Sync 1 DAGs
[2026-01-03T13:50:58.875+0000] {logging_mixin.py:150} INFO - [2026-01-03T13:50:58.875+0000] {dag.py:3504} INFO - Setting next_dagrun for example_branch_python_operator_decorator to 2026-01-02T00:00:00+00:00, run_after=2026-01-03T00:00:00+00:00
[2026-01-03T13:50:58.890+0000] {processor.py:179} INFO - Processing /home/vscode/.local/lib/python3.10/site-packages/airflow/example_dags/example_branch_operator_decorator.py took 0.059 seconds
[2026-01-03T13:51:43.299+0000] {processor.py:157} INFO - Started process (PID=11228) to work on /home/vscode/.local/lib/python3.10/site-packages/airflow/example_dags/example_branch_operator_decorator.py
[2026-01-03T13:51:43.300+0000] {processor.py:826} INFO - Processing file /home/vscode/.local/lib/python3.10/site-packages/airflow/example_dags/example_branch_operator_decorator.py for tasks to queue
[2026-01-03T13:51:43.300+0000] {logging_mixin.py:150} INFO - [2026-01-03T13:51:43.300+0000] {dagbag.py:541} INFO - Filling up the DagBag from /home/vscode/.local/lib/python3.10/site-packages/airflow/example_dags/example_branch_operator_decorator.py
[2026-01-03T13:51:43.309+0000] {processor.py:836} INFO - DAG(s) dict_keys(['example_branch_python_operator_decorator']) retrieved from /home/vscode/.local/lib/python3.10/site-packages/airflow/example_dags/example_branch_operator_decorator.py
[2026-01-03T13:51:43.324+0000] {logging_mixin.py:150} INFO - [2026-01-03T13:51:43.324+0000] {dag.py:2742} INFO - Sync 1 DAGs
[2026-01-03T13:51:43.342+0000] {logging_mixin.py:150} INFO - [2026-01-03T13:51:43.342+0000] {dag.py:3504} INFO - Setting next_dagrun for example_branch_python_operator_decorator to 2026-01-02T00:00:00+00:00, run_after=2026-01-03T00:00:00+00:00
[2026-01-03T13:51:43.357+0000] {processor.py:179} INFO - Processing /home/vscode/.local/lib/python3.10/site-packages/airflow/example_dags/example_branch_operator_decorator.py took 0.061 seconds
[2026-01-03T13:52:26.857+0000] {processor.py:157} INFO - Started process (PID=11545) to work on /home/vscode/.local/lib/python3.10/site-packages/airflow/example_dags/example_branch_operator_decorator.py
[2026-01-03T13:52:26.858+0000] {processor.py:826} INFO - Processing file /home/vscode/.local/lib/python3.10/site-packages/airflow/example_dags/example_branch_operator_decorator.py for tasks to queue
[2026-01-03T13:52:26.858+0000] {logging_mixin.py:150} INFO - [2026-01-03T13:52:26.858+0000] {dagbag.py:541} INFO - Filling up the DagBag from /home/vscode/.local/lib/python3.10/site-packages/airflow/example_dags/example_branch_operator_decorator.py
[2026-01-03T13:52:26.867+0000] {processor.py:836} INFO - DAG(s) dict_keys(['example_branch_python_operator_decorator']) retrieved from /home/vscode/.local/lib/python3.10/site-packages/airflow/example_dags/example_branch_operator_decorator.py
[2026-01-03T13:52:26.884+0000] {logging_mixin.py:150} INFO - [2026-01-03T13:52:26.883+0000] {dag.py:2742} INFO - Sync 1 DAGs
[2026-01-03T13:52:26.901+0000] {logging_mixin.py:150} INFO - [2026-01-03T13:52:26.901+0000] {dag.py:3504} INFO - Setting next_dagrun for example_branch_python_operator_decorator to 2026-01-02T00:00:00+00:00, run_after=2026-01-03T00:00:00+00:00
[2026-01-03T13:52:26.919+0000] {processor.py:179} INFO - Processing /home/vscode/.local/lib/python3.10/site-packages/airflow/example_dags/example_branch_operator_decorator.py took 0.065 seconds
[2026-01-03T13:53:09.668+0000] {processor.py:157} INFO - Started process (PID=11851) to work on /home/vscode/.local/lib/python3.10/site-packages/airflow/example_dags/example_branch_operator_decorator.py
[2026-01-03T13:53:09.669+0000] {processor.py:826} INFO - Processing file /home/vscode/.local/lib/python3.10/site-packages/airflow/example_dags/example_branch_operator_decorator.py for tasks to queue
[2026-01-03T13:53:09.670+0000] {logging_mixin.py:150} INFO - [2026-01-03T13:53:09.670+0000] {dagbag.py:541} INFO - Filling up the DagBag from /home/vscode/.local/lib/python3.10/site-packages/airflow/example_dags/example_branch_operator_decorator.py
[2026-01-03T13:53:09.679+0000] {processor.py:836} INFO - DAG(s) dict_keys(['example_branch_python_operator_decorator']) retrieved from /home/vscode/.local/lib/python3.10/site-packages/airflow/example_dags/example_branch_operator_decorator.py
[2026-01-03T13:53:09.695+0000] {logging_mixin.py:150} INFO - [2026-01-03T13:53:09.695+0000] {dag.py:2742} INFO - Sync 1 DAGs
[2026-01-03T13:53:09.712+0000] {logging_mixin.py:150} INFO - [2026-01-03T13:53:09.712+0000] {dag.py:3504} INFO - Setting next_dagrun for example_branch_python_operator_decorator to 2026-01-02T00:00:00+00:00, run_after=2026-01-03T00:00:00+00:00
[2026-01-03T13:53:09.729+0000] {processor.py:179} INFO - Processing /home/vscode/.local/lib/python3.10/site-packages/airflow/example_dags/example_branch_operator_decorator.py took 0.063 seconds
[2026-01-03T13:53:52.408+0000] {processor.py:157} INFO - Started process (PID=12208) to work on /home/vscode/.local/lib/python3.10/site-packages/airflow/example_dags/example_branch_operator_decorator.py
[2026-01-03T13:53:52.409+0000] {processor.py:826} INFO - Processing file /home/vscode/.local/lib/python3.10/site-packages/airflow/example_dags/example_branch_operator_decorator.py for tasks to queue
[2026-01-03T13:53:52.409+0000] {logging_mixin.py:150} INFO - [2026-01-03T13:53:52.409+0000] {dagbag.py:541} INFO - Filling up the DagBag from /home/vscode/.local/lib/python3.10/site-packages/airflow/example_dags/example_branch_operator_decorator.py
[2026-01-03T13:53:52.418+0000] {processor.py:836} INFO - DAG(s) dict_keys(['example_branch_python_operator_decorator']) retrieved from /home/vscode/.local/lib/python3.10/site-packages/airflow/example_dags/example_branch_operator_decorator.py
[2026-01-03T13:53:52.433+0000] {logging_mixin.py:150} INFO - [2026-01-03T13:53:52.433+0000] {dag.py:2742} INFO - Sync 1 DAGs
[2026-01-03T13:53:52.458+0000] {logging_mixin.py:150} INFO - [2026-01-03T13:53:52.457+0000] {dag.py:3504} INFO - Setting next_dagrun for example_branch_python_operator_decorator to 2026-01-02T00:00:00+00:00, run_after=2026-01-03T00:00:00+00:00
[2026-01-03T13:53:52.480+0000] {processor.py:179} INFO - Processing /home/vscode/.local/lib/python3.10/site-packages/airflow/example_dags/example_branch_operator_decorator.py took 0.075 seconds
[2026-01-03T13:54:44.491+0000] {processor.py:157} INFO - Started process (PID=12620) to work on /home/vscode/.local/lib/python3.10/site-packages/airflow/example_dags/example_branch_operator_decorator.py
[2026-01-03T13:54:44.492+0000] {processor.py:826} INFO - Processing file /home/vscode/.local/lib/python3.10/site-packages/airflow/example_dags/example_branch_operator_decorator.py for tasks to queue
[2026-01-03T13:54:44.493+0000] {logging_mixin.py:150} INFO - [2026-01-03T13:54:44.492+0000] {dagbag.py:541} INFO - Filling up the DagBag from /home/vscode/.local/lib/python3.10/site-packages/airflow/example_dags/example_branch_operator_decorator.py
[2026-01-03T13:54:44.501+0000] {processor.py:836} INFO - DAG(s) dict_keys(['example_branch_python_operator_decorator']) retrieved from /home/vscode/.local/lib/python3.10/site-packages/airflow/example_dags/example_branch_operator_decorator.py
[2026-01-03T13:54:44.516+0000] {logging_mixin.py:150} INFO - [2026-01-03T13:54:44.516+0000] {dag.py:2742} INFO - Sync 1 DAGs
[2026-01-03T13:54:44.534+0000] {logging_mixin.py:150} INFO - [2026-01-03T13:54:44.534+0000] {dag.py:3504} INFO - Setting next_dagrun for example_branch_python_operator_decorator to 2026-01-02T00:00:00+00:00, run_after=2026-01-03T00:00:00+00:00
[2026-01-03T13:54:44.550+0000] {processor.py:179} INFO - Processing /home/vscode/.local/lib/python3.10/site-packages/airflow/example_dags/example_branch_operator_decorator.py took 0.061 seconds
[2026-01-03T13:55:33.809+0000] {processor.py:157} INFO - Started process (PID=13047) to work on /home/vscode/.local/lib/python3.10/site-packages/airflow/example_dags/example_branch_operator_decorator.py
[2026-01-03T13:55:33.810+0000] {processor.py:826} INFO - Processing file /home/vscode/.local/lib/python3.10/site-packages/airflow/example_dags/example_branch_operator_decorator.py for tasks to queue
[2026-01-03T13:55:33.811+0000] {logging_mixin.py:150} INFO - [2026-01-03T13:55:33.810+0000] {dagbag.py:541} INFO - Filling up the DagBag from /home/vscode/.local/lib/python3.10/site-packages/airflow/example_dags/example_branch_operator_decorator.py
[2026-01-03T13:55:33.830+0000] {processor.py:836} INFO - DAG(s) dict_keys(['example_branch_python_operator_decorator']) retrieved from /home/vscode/.local/lib/python3.10/site-packages/airflow/example_dags/example_branch_operator_decorator.py
[2026-01-03T13:55:33.856+0000] {logging_mixin.py:150} INFO - [2026-01-03T13:55:33.856+0000] {dag.py:2742} INFO - Sync 1 DAGs
[2026-01-03T13:55:33.880+0000] {logging_mixin.py:150} INFO - [2026-01-03T13:55:33.880+0000] {dag.py:3504} INFO - Setting next_dagrun for example_branch_python_operator_decorator to 2026-01-02T00:00:00+00:00, run_after=2026-01-03T00:00:00+00:00
[2026-01-03T13:55:33.896+0000] {processor.py:179} INFO - Processing /home/vscode/.local/lib/python3.10/site-packages/airflow/example_dags/example_branch_operator_decorator.py took 0.091 seconds
[2026-01-03T13:56:17.345+0000] {processor.py:157} INFO - Started process (PID=13542) to work on /home/vscode/.local/lib/python3.10/site-packages/airflow/example_dags/example_branch_operator_decorator.py
[2026-01-03T13:56:17.346+0000] {processor.py:826} INFO - Processing file /home/vscode/.local/lib/python3.10/site-packages/airflow/example_dags/example_branch_operator_decorator.py for tasks to queue
[2026-01-03T13:56:17.347+0000] {logging_mixin.py:150} INFO - [2026-01-03T13:56:17.347+0000] {dagbag.py:541} INFO - Filling up the DagBag from /home/vscode/.local/lib/python3.10/site-packages/airflow/example_dags/example_branch_operator_decorator.py
[2026-01-03T13:56:17.355+0000] {processor.py:836} INFO - DAG(s) dict_keys(['example_branch_python_operator_decorator']) retrieved from /home/vscode/.local/lib/python3.10/site-packages/airflow/example_dags/example_branch_operator_decorator.py
[2026-01-03T13:56:17.373+0000] {logging_mixin.py:150} INFO - [2026-01-03T13:56:17.373+0000] {dag.py:2742} INFO - Sync 1 DAGs
[2026-01-03T13:56:17.390+0000] {logging_mixin.py:150} INFO - [2026-01-03T13:56:17.389+0000] {dag.py:3504} INFO - Setting next_dagrun for example_branch_python_operator_decorator to 2026-01-02T00:00:00+00:00, run_after=2026-01-03T00:00:00+00:00
[2026-01-03T13:56:17.404+0000] {processor.py:179} INFO - Processing /home/vscode/.local/lib/python3.10/site-packages/airflow/example_dags/example_branch_operator_decorator.py took 0.062 seconds
[2026-01-03T13:57:00.437+0000] {processor.py:157} INFO - Started process (PID=13874) to work on /home/vscode/.local/lib/python3.10/site-packages/airflow/example_dags/example_branch_operator_decorator.py
[2026-01-03T13:57:00.437+0000] {processor.py:826} INFO - Processing file /home/vscode/.local/lib/python3.10/site-packages/airflow/example_dags/example_branch_operator_decorator.py for tasks to queue
[2026-01-03T13:57:00.438+0000] {logging_mixin.py:150} INFO - [2026-01-03T13:57:00.438+0000] {dagbag.py:541} INFO - Filling up the DagBag from /home/vscode/.local/lib/python3.10/site-packages/airflow/example_dags/example_branch_operator_decorator.py
[2026-01-03T13:57:00.447+0000] {processor.py:836} INFO - DAG(s) dict_keys(['example_branch_python_operator_decorator']) retrieved from /home/vscode/.local/lib/python3.10/site-packages/airflow/example_dags/example_branch_operator_decorator.py
[2026-01-03T13:57:00.461+0000] {logging_mixin.py:150} INFO - [2026-01-03T13:57:00.461+0000] {dag.py:2742} INFO - Sync 1 DAGs
[2026-01-03T13:57:00.477+0000] {logging_mixin.py:150} INFO - [2026-01-03T13:57:00.476+0000] {dag.py:3504} INFO - Setting next_dagrun for example_branch_python_operator_decorator to 2026-01-02T00:00:00+00:00, run_after=2026-01-03T00:00:00+00:00
[2026-01-03T13:57:00.491+0000] {processor.py:179} INFO - Processing /home/vscode/.local/lib/python3.10/site-packages/airflow/example_dags/example_branch_operator_decorator.py took 0.057 seconds
[2026-01-03T13:57:46.031+0000] {processor.py:157} INFO - Started process (PID=14176) to work on /home/vscode/.local/lib/python3.10/site-packages/airflow/example_dags/example_branch_operator_decorator.py
[2026-01-03T13:57:46.032+0000] {processor.py:826} INFO - Processing file /home/vscode/.local/lib/python3.10/site-packages/airflow/example_dags/example_branch_operator_decorator.py for tasks to queue
[2026-01-03T13:57:46.033+0000] {logging_mixin.py:150} INFO - [2026-01-03T13:57:46.033+0000] {dagbag.py:541} INFO - Filling up the DagBag from /home/vscode/.local/lib/python3.10/site-packages/airflow/example_dags/example_branch_operator_decorator.py
[2026-01-03T13:57:46.041+0000] {processor.py:836} INFO - DAG(s) dict_keys(['example_branch_python_operator_decorator']) retrieved from /home/vscode/.local/lib/python3.10/site-packages/airflow/example_dags/example_branch_operator_decorator.py
[2026-01-03T13:57:46.056+0000] {logging_mixin.py:150} INFO - [2026-01-03T13:57:46.056+0000] {dag.py:2742} INFO - Sync 1 DAGs
[2026-01-03T13:57:46.072+0000] {logging_mixin.py:150} INFO - [2026-01-03T13:57:46.072+0000] {dag.py:3504} INFO - Setting next_dagrun for example_branch_python_operator_decorator to 2026-01-02T00:00:00+00:00, run_after=2026-01-03T00:00:00+00:00
[2026-01-03T13:57:46.087+0000] {processor.py:179} INFO - Processing /home/vscode/.local/lib/python3.10/site-packages/airflow/example_dags/example_branch_operator_decorator.py took 0.059 seconds
[2026-01-03T13:58:41.194+0000] {processor.py:157} INFO - Started process (PID=14546) to work on /home/vscode/.local/lib/python3.10/site-packages/airflow/example_dags/example_branch_operator_decorator.py
[2026-01-03T13:58:41.195+0000] {processor.py:826} INFO - Processing file /home/vscode/.local/lib/python3.10/site-packages/airflow/example_dags/example_branch_operator_decorator.py for tasks to queue
[2026-01-03T13:58:41.195+0000] {logging_mixin.py:150} INFO - [2026-01-03T13:58:41.195+0000] {dagbag.py:541} INFO - Filling up the DagBag from /home/vscode/.local/lib/python3.10/site-packages/airflow/example_dags/example_branch_operator_decorator.py
[2026-01-03T13:58:41.203+0000] {processor.py:836} INFO - DAG(s) dict_keys(['example_branch_python_operator_decorator']) retrieved from /home/vscode/.local/lib/python3.10/site-packages/airflow/example_dags/example_branch_operator_decorator.py
[2026-01-03T13:58:41.218+0000] {logging_mixin.py:150} INFO - [2026-01-03T13:58:41.218+0000] {dag.py:2742} INFO - Sync 1 DAGs
[2026-01-03T13:58:41.234+0000] {logging_mixin.py:150} INFO - [2026-01-03T13:58:41.234+0000] {dag.py:3504} INFO - Setting next_dagrun for example_branch_python_operator_decorator to 2026-01-02T00:00:00+00:00, run_after=2026-01-03T00:00:00+00:00
[2026-01-03T13:58:41.248+0000] {processor.py:179} INFO - Processing /home/vscode/.local/lib/python3.10/site-packages/airflow/example_dags/example_branch_operator_decorator.py took 0.056 seconds
[2026-01-03T13:59:30.802+0000] {processor.py:157} INFO - Started process (PID=14912) to work on /home/vscode/.local/lib/python3.10/site-packages/airflow/example_dags/example_branch_operator_decorator.py
[2026-01-03T13:59:30.803+0000] {processor.py:826} INFO - Processing file /home/vscode/.local/lib/python3.10/site-packages/airflow/example_dags/example_branch_operator_decorator.py for tasks to queue
[2026-01-03T13:59:30.804+0000] {logging_mixin.py:150} INFO - [2026-01-03T13:59:30.803+0000] {dagbag.py:541} INFO - Filling up the DagBag from /home/vscode/.local/lib/python3.10/site-packages/airflow/example_dags/example_branch_operator_decorator.py
[2026-01-03T13:59:30.812+0000] {processor.py:836} INFO - DAG(s) dict_keys(['example_branch_python_operator_decorator']) retrieved from /home/vscode/.local/lib/python3.10/site-packages/airflow/example_dags/example_branch_operator_decorator.py
[2026-01-03T13:59:30.826+0000] {logging_mixin.py:150} INFO - [2026-01-03T13:59:30.826+0000] {dag.py:2742} INFO - Sync 1 DAGs
[2026-01-03T13:59:30.842+0000] {logging_mixin.py:150} INFO - [2026-01-03T13:59:30.842+0000] {dag.py:3504} INFO - Setting next_dagrun for example_branch_python_operator_decorator to 2026-01-02T00:00:00+00:00, run_after=2026-01-03T00:00:00+00:00
[2026-01-03T13:59:30.857+0000] {processor.py:179} INFO - Processing /home/vscode/.local/lib/python3.10/site-packages/airflow/example_dags/example_branch_operator_decorator.py took 0.058 seconds
[2026-01-03T14:00:17.470+0000] {processor.py:157} INFO - Started process (PID=15223) to work on /home/vscode/.local/lib/python3.10/site-packages/airflow/example_dags/example_branch_operator_decorator.py
[2026-01-03T14:00:17.471+0000] {processor.py:826} INFO - Processing file /home/vscode/.local/lib/python3.10/site-packages/airflow/example_dags/example_branch_operator_decorator.py for tasks to queue
[2026-01-03T14:00:17.471+0000] {logging_mixin.py:150} INFO - [2026-01-03T14:00:17.471+0000] {dagbag.py:541} INFO - Filling up the DagBag from /home/vscode/.local/lib/python3.10/site-packages/airflow/example_dags/example_branch_operator_decorator.py
[2026-01-03T14:00:17.480+0000] {processor.py:836} INFO - DAG(s) dict_keys(['example_branch_python_operator_decorator']) retrieved from /home/vscode/.local/lib/python3.10/site-packages/airflow/example_dags/example_branch_operator_decorator.py
[2026-01-03T14:00:17.494+0000] {logging_mixin.py:150} INFO - [2026-01-03T14:00:17.494+0000] {dag.py:2742} INFO - Sync 1 DAGs
[2026-01-03T14:00:17.509+0000] {logging_mixin.py:150} INFO - [2026-01-03T14:00:17.509+0000] {dag.py:3504} INFO - Setting next_dagrun for example_branch_python_operator_decorator to 2026-01-02T00:00:00+00:00, run_after=2026-01-03T00:00:00+00:00
[2026-01-03T14:00:17.523+0000] {processor.py:179} INFO - Processing /home/vscode/.local/lib/python3.10/site-packages/airflow/example_dags/example_branch_operator_decorator.py took 0.056 seconds
[2026-01-03T14:01:10.042+0000] {processor.py:157} INFO - Started process (PID=15572) to work on /home/vscode/.local/lib/python3.10/site-packages/airflow/example_dags/example_branch_operator_decorator.py
[2026-01-03T14:01:10.043+0000] {processor.py:826} INFO - Processing file /home/vscode/.local/lib/python3.10/site-packages/airflow/example_dags/example_branch_operator_decorator.py for tasks to queue
[2026-01-03T14:01:10.043+0000] {logging_mixin.py:150} INFO - [2026-01-03T14:01:10.043+0000] {dagbag.py:541} INFO - Filling up the DagBag from /home/vscode/.local/lib/python3.10/site-packages/airflow/example_dags/example_branch_operator_decorator.py
[2026-01-03T14:01:10.052+0000] {processor.py:836} INFO - DAG(s) dict_keys(['example_branch_python_operator_decorator']) retrieved from /home/vscode/.local/lib/python3.10/site-packages/airflow/example_dags/example_branch_operator_decorator.py
[2026-01-03T14:01:10.067+0000] {logging_mixin.py:150} INFO - [2026-01-03T14:01:10.066+0000] {dag.py:2742} INFO - Sync 1 DAGs
[2026-01-03T14:01:10.083+0000] {logging_mixin.py:150} INFO - [2026-01-03T14:01:10.082+0000] {dag.py:3504} INFO - Setting next_dagrun for example_branch_python_operator_decorator to 2026-01-02T00:00:00+00:00, run_after=2026-01-03T00:00:00+00:00
[2026-01-03T14:01:10.104+0000] {processor.py:179} INFO - Processing /home/vscode/.local/lib/python3.10/site-packages/airflow/example_dags/example_branch_operator_decorator.py took 0.065 seconds
[2026-01-03T14:02:06.005+0000] {processor.py:157} INFO - Started process (PID=15984) to work on /home/vscode/.local/lib/python3.10/site-packages/airflow/example_dags/example_branch_operator_decorator.py
[2026-01-03T14:02:06.005+0000] {processor.py:826} INFO - Processing file /home/vscode/.local/lib/python3.10/site-packages/airflow/example_dags/example_branch_operator_decorator.py for tasks to queue
[2026-01-03T14:02:06.006+0000] {logging_mixin.py:150} INFO - [2026-01-03T14:02:06.006+0000] {dagbag.py:541} INFO - Filling up the DagBag from /home/vscode/.local/lib/python3.10/site-packages/airflow/example_dags/example_branch_operator_decorator.py
[2026-01-03T14:02:06.014+0000] {processor.py:836} INFO - DAG(s) dict_keys(['example_branch_python_operator_decorator']) retrieved from /home/vscode/.local/lib/python3.10/site-packages/airflow/example_dags/example_branch_operator_decorator.py
[2026-01-03T14:02:06.029+0000] {logging_mixin.py:150} INFO - [2026-01-03T14:02:06.028+0000] {dag.py:2742} INFO - Sync 1 DAGs
[2026-01-03T14:02:06.044+0000] {logging_mixin.py:150} INFO - [2026-01-03T14:02:06.044+0000] {dag.py:3504} INFO - Setting next_dagrun for example_branch_python_operator_decorator to 2026-01-02T00:00:00+00:00, run_after=2026-01-03T00:00:00+00:00
[2026-01-03T14:02:06.059+0000] {processor.py:179} INFO - Processing /home/vscode/.local/lib/python3.10/site-packages/airflow/example_dags/example_branch_operator_decorator.py took 0.057 seconds
[2026-01-03T14:02:49.774+0000] {processor.py:157} INFO - Started process (PID=16362) to work on /home/vscode/.local/lib/python3.10/site-packages/airflow/example_dags/example_branch_operator_decorator.py
[2026-01-03T14:02:49.775+0000] {processor.py:826} INFO - Processing file /home/vscode/.local/lib/python3.10/site-packages/airflow/example_dags/example_branch_operator_decorator.py for tasks to queue
[2026-01-03T14:02:49.776+0000] {logging_mixin.py:150} INFO - [2026-01-03T14:02:49.776+0000] {dagbag.py:541} INFO - Filling up the DagBag from /home/vscode/.local/lib/python3.10/site-packages/airflow/example_dags/example_branch_operator_decorator.py
[2026-01-03T14:02:49.784+0000] {processor.py:836} INFO - DAG(s) dict_keys(['example_branch_python_operator_decorator']) retrieved from /home/vscode/.local/lib/python3.10/site-packages/airflow/example_dags/example_branch_operator_decorator.py
[2026-01-03T14:02:49.803+0000] {logging_mixin.py:150} INFO - [2026-01-03T14:02:49.802+0000] {dag.py:2742} INFO - Sync 1 DAGs
[2026-01-03T14:02:49.826+0000] {logging_mixin.py:150} INFO - [2026-01-03T14:02:49.826+0000] {dag.py:3504} INFO - Setting next_dagrun for example_branch_python_operator_decorator to 2026-01-02T00:00:00+00:00, run_after=2026-01-03T00:00:00+00:00
[2026-01-03T14:02:49.842+0000] {processor.py:179} INFO - Processing /home/vscode/.local/lib/python3.10/site-packages/airflow/example_dags/example_branch_operator_decorator.py took 0.070 seconds
[2026-01-03T14:03:45.695+0000] {processor.py:157} INFO - Started process (PID=17138) to work on /home/vscode/.local/lib/python3.10/site-packages/airflow/example_dags/example_branch_operator_decorator.py
[2026-01-03T14:03:45.695+0000] {processor.py:826} INFO - Processing file /home/vscode/.local/lib/python3.10/site-packages/airflow/example_dags/example_branch_operator_decorator.py for tasks to queue
[2026-01-03T14:03:45.696+0000] {logging_mixin.py:150} INFO - [2026-01-03T14:03:45.696+0000] {dagbag.py:541} INFO - Filling up the DagBag from /home/vscode/.local/lib/python3.10/site-packages/airflow/example_dags/example_branch_operator_decorator.py
[2026-01-03T14:03:45.704+0000] {processor.py:836} INFO - DAG(s) dict_keys(['example_branch_python_operator_decorator']) retrieved from /home/vscode/.local/lib/python3.10/site-packages/airflow/example_dags/example_branch_operator_decorator.py
[2026-01-03T14:03:45.719+0000] {logging_mixin.py:150} INFO - [2026-01-03T14:03:45.719+0000] {dag.py:2742} INFO - Sync 1 DAGs
[2026-01-03T14:03:45.734+0000] {logging_mixin.py:150} INFO - [2026-01-03T14:03:45.734+0000] {dag.py:3504} INFO - Setting next_dagrun for example_branch_python_operator_decorator to 2026-01-02T00:00:00+00:00, run_after=2026-01-03T00:00:00+00:00
[2026-01-03T14:03:45.751+0000] {processor.py:179} INFO - Processing /home/vscode/.local/lib/python3.10/site-packages/airflow/example_dags/example_branch_operator_decorator.py took 0.059 seconds
