[2026-01-03T13:49:06.509+0000] {processor.py:157} INFO - Started process (PID=10091) to work on /home/vscode/.local/lib/python3.10/site-packages/airflow/example_dags/example_skip_dag.py
[2026-01-03T13:49:06.510+0000] {processor.py:826} INFO - Processing file /home/vscode/.local/lib/python3.10/site-packages/airflow/example_dags/example_skip_dag.py for tasks to queue
[2026-01-03T13:49:06.511+0000] {logging_mixin.py:150} INFO - [2026-01-03T13:49:06.511+0000] {dagbag.py:541} INFO - Filling up the DagBag from /home/vscode/.local/lib/python3.10/site-packages/airflow/example_dags/example_skip_dag.py
[2026-01-03T13:49:06.520+0000] {processor.py:836} INFO - DAG(s) dict_keys(['example_skip_dag']) retrieved from /home/vscode/.local/lib/python3.10/site-packages/airflow/example_dags/example_skip_dag.py
[2026-01-03T13:49:06.603+0000] {logging_mixin.py:150} INFO - [2026-01-03T13:49:06.602+0000] {manager.py:504} INFO - Created Permission View: can delete on DAG:example_skip_dag
[2026-01-03T13:49:06.611+0000] {logging_mixin.py:150} INFO - [2026-01-03T13:49:06.611+0000] {manager.py:504} INFO - Created Permission View: can read on DAG:example_skip_dag
[2026-01-03T13:49:06.617+0000] {logging_mixin.py:150} INFO - [2026-01-03T13:49:06.616+0000] {manager.py:504} INFO - Created Permission View: can edit on DAG:example_skip_dag
[2026-01-03T13:49:06.625+0000] {logging_mixin.py:150} INFO - [2026-01-03T13:49:06.625+0000] {dag.py:2742} INFO - Sync 1 DAGs
[2026-01-03T13:49:06.632+0000] {logging_mixin.py:150} INFO - [2026-01-03T13:49:06.632+0000] {dag.py:2763} INFO - Creating ORM DAG for example_skip_dag
[2026-01-03T13:49:06.638+0000] {logging_mixin.py:150} INFO - [2026-01-03T13:49:06.638+0000] {dag.py:3504} INFO - Setting next_dagrun for example_skip_dag to 2026-01-02T13:49:06.638437+00:00, run_after=2026-01-03T13:49:06.638437+00:00
[2026-01-03T13:49:06.654+0000] {processor.py:179} INFO - Processing /home/vscode/.local/lib/python3.10/site-packages/airflow/example_dags/example_skip_dag.py took 0.148 seconds
[2026-01-03T13:49:53.080+0000] {processor.py:157} INFO - Started process (PID=10426) to work on /home/vscode/.local/lib/python3.10/site-packages/airflow/example_dags/example_skip_dag.py
[2026-01-03T13:49:53.081+0000] {processor.py:826} INFO - Processing file /home/vscode/.local/lib/python3.10/site-packages/airflow/example_dags/example_skip_dag.py for tasks to queue
[2026-01-03T13:49:53.082+0000] {logging_mixin.py:150} INFO - [2026-01-03T13:49:53.082+0000] {dagbag.py:541} INFO - Filling up the DagBag from /home/vscode/.local/lib/python3.10/site-packages/airflow/example_dags/example_skip_dag.py
[2026-01-03T13:49:53.088+0000] {processor.py:836} INFO - DAG(s) dict_keys(['example_skip_dag']) retrieved from /home/vscode/.local/lib/python3.10/site-packages/airflow/example_dags/example_skip_dag.py
[2026-01-03T13:49:53.102+0000] {logging_mixin.py:150} INFO - [2026-01-03T13:49:53.102+0000] {dag.py:2742} INFO - Sync 1 DAGs
[2026-01-03T13:49:53.118+0000] {logging_mixin.py:150} INFO - [2026-01-03T13:49:53.118+0000] {dag.py:3504} INFO - Setting next_dagrun for example_skip_dag to 2026-01-02T13:49:53.117936+00:00, run_after=2026-01-03T13:49:53.117936+00:00
[2026-01-03T13:49:53.134+0000] {processor.py:179} INFO - Processing /home/vscode/.local/lib/python3.10/site-packages/airflow/example_dags/example_skip_dag.py took 0.056 seconds
[2026-01-03T13:50:37.130+0000] {processor.py:157} INFO - Started process (PID=10760) to work on /home/vscode/.local/lib/python3.10/site-packages/airflow/example_dags/example_skip_dag.py
[2026-01-03T13:50:37.130+0000] {processor.py:826} INFO - Processing file /home/vscode/.local/lib/python3.10/site-packages/airflow/example_dags/example_skip_dag.py for tasks to queue
[2026-01-03T13:50:37.131+0000] {logging_mixin.py:150} INFO - [2026-01-03T13:50:37.131+0000] {dagbag.py:541} INFO - Filling up the DagBag from /home/vscode/.local/lib/python3.10/site-packages/airflow/example_dags/example_skip_dag.py
[2026-01-03T13:50:37.137+0000] {processor.py:836} INFO - DAG(s) dict_keys(['example_skip_dag']) retrieved from /home/vscode/.local/lib/python3.10/site-packages/airflow/example_dags/example_skip_dag.py
[2026-01-03T13:50:37.151+0000] {logging_mixin.py:150} INFO - [2026-01-03T13:50:37.151+0000] {dag.py:2742} INFO - Sync 1 DAGs
[2026-01-03T13:50:37.166+0000] {logging_mixin.py:150} INFO - [2026-01-03T13:50:37.166+0000] {dag.py:3504} INFO - Setting next_dagrun for example_skip_dag to 2026-01-02T13:50:37.166254+00:00, run_after=2026-01-03T13:50:37.166254+00:00
[2026-01-03T13:50:37.182+0000] {processor.py:179} INFO - Processing /home/vscode/.local/lib/python3.10/site-packages/airflow/example_dags/example_skip_dag.py took 0.055 seconds
[2026-01-03T13:51:21.608+0000] {processor.py:157} INFO - Started process (PID=11066) to work on /home/vscode/.local/lib/python3.10/site-packages/airflow/example_dags/example_skip_dag.py
[2026-01-03T13:51:21.609+0000] {processor.py:826} INFO - Processing file /home/vscode/.local/lib/python3.10/site-packages/airflow/example_dags/example_skip_dag.py for tasks to queue
[2026-01-03T13:51:21.610+0000] {logging_mixin.py:150} INFO - [2026-01-03T13:51:21.609+0000] {dagbag.py:541} INFO - Filling up the DagBag from /home/vscode/.local/lib/python3.10/site-packages/airflow/example_dags/example_skip_dag.py
[2026-01-03T13:51:21.616+0000] {processor.py:836} INFO - DAG(s) dict_keys(['example_skip_dag']) retrieved from /home/vscode/.local/lib/python3.10/site-packages/airflow/example_dags/example_skip_dag.py
[2026-01-03T13:51:21.630+0000] {logging_mixin.py:150} INFO - [2026-01-03T13:51:21.630+0000] {dag.py:2742} INFO - Sync 1 DAGs
[2026-01-03T13:51:21.645+0000] {logging_mixin.py:150} INFO - [2026-01-03T13:51:21.645+0000] {dag.py:3504} INFO - Setting next_dagrun for example_skip_dag to 2026-01-02T13:51:21.645253+00:00, run_after=2026-01-03T13:51:21.645253+00:00
[2026-01-03T13:51:21.661+0000] {processor.py:179} INFO - Processing /home/vscode/.local/lib/python3.10/site-packages/airflow/example_dags/example_skip_dag.py took 0.056 seconds
[2026-01-03T13:52:04.192+0000] {processor.py:157} INFO - Started process (PID=11392) to work on /home/vscode/.local/lib/python3.10/site-packages/airflow/example_dags/example_skip_dag.py
[2026-01-03T13:52:04.193+0000] {processor.py:826} INFO - Processing file /home/vscode/.local/lib/python3.10/site-packages/airflow/example_dags/example_skip_dag.py for tasks to queue
[2026-01-03T13:52:04.193+0000] {logging_mixin.py:150} INFO - [2026-01-03T13:52:04.193+0000] {dagbag.py:541} INFO - Filling up the DagBag from /home/vscode/.local/lib/python3.10/site-packages/airflow/example_dags/example_skip_dag.py
[2026-01-03T13:52:04.200+0000] {processor.py:836} INFO - DAG(s) dict_keys(['example_skip_dag']) retrieved from /home/vscode/.local/lib/python3.10/site-packages/airflow/example_dags/example_skip_dag.py
[2026-01-03T13:52:04.214+0000] {logging_mixin.py:150} INFO - [2026-01-03T13:52:04.214+0000] {dag.py:2742} INFO - Sync 1 DAGs
[2026-01-03T13:52:04.231+0000] {logging_mixin.py:150} INFO - [2026-01-03T13:52:04.231+0000] {dag.py:3504} INFO - Setting next_dagrun for example_skip_dag to 2026-01-02T13:52:04.231239+00:00, run_after=2026-01-03T13:52:04.231239+00:00
[2026-01-03T13:52:04.247+0000] {processor.py:179} INFO - Processing /home/vscode/.local/lib/python3.10/site-packages/airflow/example_dags/example_skip_dag.py took 0.058 seconds
[2026-01-03T13:52:48.268+0000] {processor.py:157} INFO - Started process (PID=11691) to work on /home/vscode/.local/lib/python3.10/site-packages/airflow/example_dags/example_skip_dag.py
[2026-01-03T13:52:48.269+0000] {processor.py:826} INFO - Processing file /home/vscode/.local/lib/python3.10/site-packages/airflow/example_dags/example_skip_dag.py for tasks to queue
[2026-01-03T13:52:48.269+0000] {logging_mixin.py:150} INFO - [2026-01-03T13:52:48.269+0000] {dagbag.py:541} INFO - Filling up the DagBag from /home/vscode/.local/lib/python3.10/site-packages/airflow/example_dags/example_skip_dag.py
[2026-01-03T13:52:48.276+0000] {processor.py:836} INFO - DAG(s) dict_keys(['example_skip_dag']) retrieved from /home/vscode/.local/lib/python3.10/site-packages/airflow/example_dags/example_skip_dag.py
[2026-01-03T13:52:48.290+0000] {logging_mixin.py:150} INFO - [2026-01-03T13:52:48.290+0000] {dag.py:2742} INFO - Sync 1 DAGs
[2026-01-03T13:52:48.306+0000] {logging_mixin.py:150} INFO - [2026-01-03T13:52:48.306+0000] {dag.py:3504} INFO - Setting next_dagrun for example_skip_dag to 2026-01-02T13:52:48.306117+00:00, run_after=2026-01-03T13:52:48.306117+00:00
[2026-01-03T13:52:48.323+0000] {processor.py:179} INFO - Processing /home/vscode/.local/lib/python3.10/site-packages/airflow/example_dags/example_skip_dag.py took 0.057 seconds
[2026-01-03T13:53:29.942+0000] {processor.py:157} INFO - Started process (PID=12012) to work on /home/vscode/.local/lib/python3.10/site-packages/airflow/example_dags/example_skip_dag.py
[2026-01-03T13:53:29.943+0000] {processor.py:826} INFO - Processing file /home/vscode/.local/lib/python3.10/site-packages/airflow/example_dags/example_skip_dag.py for tasks to queue
[2026-01-03T13:53:29.944+0000] {logging_mixin.py:150} INFO - [2026-01-03T13:53:29.943+0000] {dagbag.py:541} INFO - Filling up the DagBag from /home/vscode/.local/lib/python3.10/site-packages/airflow/example_dags/example_skip_dag.py
[2026-01-03T13:53:29.950+0000] {processor.py:836} INFO - DAG(s) dict_keys(['example_skip_dag']) retrieved from /home/vscode/.local/lib/python3.10/site-packages/airflow/example_dags/example_skip_dag.py
[2026-01-03T13:53:29.964+0000] {logging_mixin.py:150} INFO - [2026-01-03T13:53:29.964+0000] {dag.py:2742} INFO - Sync 1 DAGs
[2026-01-03T13:53:29.983+0000] {logging_mixin.py:150} INFO - [2026-01-03T13:53:29.982+0000] {dag.py:3504} INFO - Setting next_dagrun for example_skip_dag to 2026-01-02T13:53:29.982580+00:00, run_after=2026-01-03T13:53:29.982580+00:00
[2026-01-03T13:53:30.002+0000] {processor.py:179} INFO - Processing /home/vscode/.local/lib/python3.10/site-packages/airflow/example_dags/example_skip_dag.py took 0.063 seconds
[2026-01-03T13:54:12.751+0000] {processor.py:157} INFO - Started process (PID=12368) to work on /home/vscode/.local/lib/python3.10/site-packages/airflow/example_dags/example_skip_dag.py
[2026-01-03T13:54:12.751+0000] {processor.py:826} INFO - Processing file /home/vscode/.local/lib/python3.10/site-packages/airflow/example_dags/example_skip_dag.py for tasks to queue
[2026-01-03T13:54:12.752+0000] {logging_mixin.py:150} INFO - [2026-01-03T13:54:12.752+0000] {dagbag.py:541} INFO - Filling up the DagBag from /home/vscode/.local/lib/python3.10/site-packages/airflow/example_dags/example_skip_dag.py
[2026-01-03T13:54:12.759+0000] {processor.py:836} INFO - DAG(s) dict_keys(['example_skip_dag']) retrieved from /home/vscode/.local/lib/python3.10/site-packages/airflow/example_dags/example_skip_dag.py
[2026-01-03T13:54:12.773+0000] {logging_mixin.py:150} INFO - [2026-01-03T13:54:12.773+0000] {dag.py:2742} INFO - Sync 1 DAGs
[2026-01-03T13:54:12.789+0000] {logging_mixin.py:150} INFO - [2026-01-03T13:54:12.789+0000] {dag.py:3504} INFO - Setting next_dagrun for example_skip_dag to 2026-01-02T13:54:12.789034+00:00, run_after=2026-01-03T13:54:12.789034+00:00
[2026-01-03T13:54:12.805+0000] {processor.py:179} INFO - Processing /home/vscode/.local/lib/python3.10/site-packages/airflow/example_dags/example_skip_dag.py took 0.057 seconds
[2026-01-03T13:54:52.336+0000] {processor.py:157} INFO - Started process (PID=12678) to work on /home/vscode/.local/lib/python3.10/site-packages/airflow/example_dags/example_skip_dag.py
[2026-01-03T13:54:52.337+0000] {processor.py:826} INFO - Processing file /home/vscode/.local/lib/python3.10/site-packages/airflow/example_dags/example_skip_dag.py for tasks to queue
[2026-01-03T13:54:52.338+0000] {logging_mixin.py:150} INFO - [2026-01-03T13:54:52.338+0000] {dagbag.py:541} INFO - Filling up the DagBag from /home/vscode/.local/lib/python3.10/site-packages/airflow/example_dags/example_skip_dag.py
[2026-01-03T13:54:52.344+0000] {processor.py:836} INFO - DAG(s) dict_keys(['example_skip_dag']) retrieved from /home/vscode/.local/lib/python3.10/site-packages/airflow/example_dags/example_skip_dag.py
[2026-01-03T13:54:52.358+0000] {logging_mixin.py:150} INFO - [2026-01-03T13:54:52.358+0000] {dag.py:2742} INFO - Sync 1 DAGs
[2026-01-03T13:54:52.373+0000] {logging_mixin.py:150} INFO - [2026-01-03T13:54:52.373+0000] {dag.py:3504} INFO - Setting next_dagrun for example_skip_dag to 2026-01-02T13:54:52.373279+00:00, run_after=2026-01-03T13:54:52.373279+00:00
[2026-01-03T13:54:52.390+0000] {processor.py:179} INFO - Processing /home/vscode/.local/lib/python3.10/site-packages/airflow/example_dags/example_skip_dag.py took 0.056 seconds
[2026-01-03T13:55:38.581+0000] {processor.py:157} INFO - Started process (PID=13096) to work on /home/vscode/.local/lib/python3.10/site-packages/airflow/example_dags/example_skip_dag.py
[2026-01-03T13:55:38.582+0000] {processor.py:826} INFO - Processing file /home/vscode/.local/lib/python3.10/site-packages/airflow/example_dags/example_skip_dag.py for tasks to queue
[2026-01-03T13:55:38.583+0000] {logging_mixin.py:150} INFO - [2026-01-03T13:55:38.582+0000] {dagbag.py:541} INFO - Filling up the DagBag from /home/vscode/.local/lib/python3.10/site-packages/airflow/example_dags/example_skip_dag.py
[2026-01-03T13:55:38.589+0000] {processor.py:836} INFO - DAG(s) dict_keys(['example_skip_dag']) retrieved from /home/vscode/.local/lib/python3.10/site-packages/airflow/example_dags/example_skip_dag.py
[2026-01-03T13:55:38.606+0000] {logging_mixin.py:150} INFO - [2026-01-03T13:55:38.606+0000] {dag.py:2742} INFO - Sync 1 DAGs
[2026-01-03T13:55:38.628+0000] {logging_mixin.py:150} INFO - [2026-01-03T13:55:38.628+0000] {dag.py:3504} INFO - Setting next_dagrun for example_skip_dag to 2026-01-02T13:55:38.628303+00:00, run_after=2026-01-03T13:55:38.628303+00:00
[2026-01-03T13:55:38.647+0000] {processor.py:179} INFO - Processing /home/vscode/.local/lib/python3.10/site-packages/airflow/example_dags/example_skip_dag.py took 0.068 seconds
[2026-01-03T13:56:23.623+0000] {processor.py:157} INFO - Started process (PID=13590) to work on /home/vscode/.local/lib/python3.10/site-packages/airflow/example_dags/example_skip_dag.py
[2026-01-03T13:56:23.623+0000] {processor.py:826} INFO - Processing file /home/vscode/.local/lib/python3.10/site-packages/airflow/example_dags/example_skip_dag.py for tasks to queue
[2026-01-03T13:56:23.624+0000] {logging_mixin.py:150} INFO - [2026-01-03T13:56:23.624+0000] {dagbag.py:541} INFO - Filling up the DagBag from /home/vscode/.local/lib/python3.10/site-packages/airflow/example_dags/example_skip_dag.py
[2026-01-03T13:56:23.634+0000] {processor.py:836} INFO - DAG(s) dict_keys(['example_skip_dag']) retrieved from /home/vscode/.local/lib/python3.10/site-packages/airflow/example_dags/example_skip_dag.py
[2026-01-03T13:56:23.649+0000] {logging_mixin.py:150} INFO - [2026-01-03T13:56:23.649+0000] {dag.py:2742} INFO - Sync 1 DAGs
[2026-01-03T13:56:23.664+0000] {logging_mixin.py:150} INFO - [2026-01-03T13:56:23.664+0000] {dag.py:3504} INFO - Setting next_dagrun for example_skip_dag to 2026-01-02T13:56:23.664054+00:00, run_after=2026-01-03T13:56:23.664054+00:00
[2026-01-03T13:56:23.678+0000] {processor.py:179} INFO - Processing /home/vscode/.local/lib/python3.10/site-packages/airflow/example_dags/example_skip_dag.py took 0.059 seconds
[2026-01-03T13:57:05.573+0000] {processor.py:157} INFO - Started process (PID=13908) to work on /home/vscode/.local/lib/python3.10/site-packages/airflow/example_dags/example_skip_dag.py
[2026-01-03T13:57:05.573+0000] {processor.py:826} INFO - Processing file /home/vscode/.local/lib/python3.10/site-packages/airflow/example_dags/example_skip_dag.py for tasks to queue
[2026-01-03T13:57:05.574+0000] {logging_mixin.py:150} INFO - [2026-01-03T13:57:05.574+0000] {dagbag.py:541} INFO - Filling up the DagBag from /home/vscode/.local/lib/python3.10/site-packages/airflow/example_dags/example_skip_dag.py
[2026-01-03T13:57:05.580+0000] {processor.py:836} INFO - DAG(s) dict_keys(['example_skip_dag']) retrieved from /home/vscode/.local/lib/python3.10/site-packages/airflow/example_dags/example_skip_dag.py
[2026-01-03T13:57:05.594+0000] {logging_mixin.py:150} INFO - [2026-01-03T13:57:05.594+0000] {dag.py:2742} INFO - Sync 1 DAGs
[2026-01-03T13:57:05.609+0000] {logging_mixin.py:150} INFO - [2026-01-03T13:57:05.609+0000] {dag.py:3504} INFO - Setting next_dagrun for example_skip_dag to 2026-01-02T13:57:05.609035+00:00, run_after=2026-01-03T13:57:05.609035+00:00
[2026-01-03T13:57:05.624+0000] {processor.py:179} INFO - Processing /home/vscode/.local/lib/python3.10/site-packages/airflow/example_dags/example_skip_dag.py took 0.054 seconds
[2026-01-03T13:57:49.809+0000] {processor.py:157} INFO - Started process (PID=14202) to work on /home/vscode/.local/lib/python3.10/site-packages/airflow/example_dags/example_skip_dag.py
[2026-01-03T13:57:49.810+0000] {processor.py:826} INFO - Processing file /home/vscode/.local/lib/python3.10/site-packages/airflow/example_dags/example_skip_dag.py for tasks to queue
[2026-01-03T13:57:49.810+0000] {logging_mixin.py:150} INFO - [2026-01-03T13:57:49.810+0000] {dagbag.py:541} INFO - Filling up the DagBag from /home/vscode/.local/lib/python3.10/site-packages/airflow/example_dags/example_skip_dag.py
[2026-01-03T13:57:49.817+0000] {processor.py:836} INFO - DAG(s) dict_keys(['example_skip_dag']) retrieved from /home/vscode/.local/lib/python3.10/site-packages/airflow/example_dags/example_skip_dag.py
[2026-01-03T13:57:49.831+0000] {logging_mixin.py:150} INFO - [2026-01-03T13:57:49.831+0000] {dag.py:2742} INFO - Sync 1 DAGs
[2026-01-03T13:57:49.846+0000] {logging_mixin.py:150} INFO - [2026-01-03T13:57:49.846+0000] {dag.py:3504} INFO - Setting next_dagrun for example_skip_dag to 2026-01-02T13:57:49.845832+00:00, run_after=2026-01-03T13:57:49.845832+00:00
[2026-01-03T13:57:49.861+0000] {processor.py:179} INFO - Processing /home/vscode/.local/lib/python3.10/site-packages/airflow/example_dags/example_skip_dag.py took 0.055 seconds
[2026-01-03T13:58:32.751+0000] {processor.py:157} INFO - Started process (PID=14486) to work on /home/vscode/.local/lib/python3.10/site-packages/airflow/example_dags/example_skip_dag.py
[2026-01-03T13:58:32.752+0000] {processor.py:826} INFO - Processing file /home/vscode/.local/lib/python3.10/site-packages/airflow/example_dags/example_skip_dag.py for tasks to queue
[2026-01-03T13:58:32.753+0000] {logging_mixin.py:150} INFO - [2026-01-03T13:58:32.752+0000] {dagbag.py:541} INFO - Filling up the DagBag from /home/vscode/.local/lib/python3.10/site-packages/airflow/example_dags/example_skip_dag.py
[2026-01-03T13:58:32.759+0000] {processor.py:836} INFO - DAG(s) dict_keys(['example_skip_dag']) retrieved from /home/vscode/.local/lib/python3.10/site-packages/airflow/example_dags/example_skip_dag.py
[2026-01-03T13:58:32.772+0000] {logging_mixin.py:150} INFO - [2026-01-03T13:58:32.772+0000] {dag.py:2742} INFO - Sync 1 DAGs
[2026-01-03T13:58:32.786+0000] {logging_mixin.py:150} INFO - [2026-01-03T13:58:32.786+0000] {dag.py:3504} INFO - Setting next_dagrun for example_skip_dag to 2026-01-02T13:58:32.786317+00:00, run_after=2026-01-03T13:58:32.786317+00:00
[2026-01-03T13:58:32.802+0000] {processor.py:179} INFO - Processing /home/vscode/.local/lib/python3.10/site-packages/airflow/example_dags/example_skip_dag.py took 0.053 seconds
[2026-01-03T13:59:11.991+0000] {processor.py:157} INFO - Started process (PID=14778) to work on /home/vscode/.local/lib/python3.10/site-packages/airflow/example_dags/example_skip_dag.py
[2026-01-03T13:59:11.992+0000] {processor.py:826} INFO - Processing file /home/vscode/.local/lib/python3.10/site-packages/airflow/example_dags/example_skip_dag.py for tasks to queue
[2026-01-03T13:59:11.992+0000] {logging_mixin.py:150} INFO - [2026-01-03T13:59:11.992+0000] {dagbag.py:541} INFO - Filling up the DagBag from /home/vscode/.local/lib/python3.10/site-packages/airflow/example_dags/example_skip_dag.py
[2026-01-03T13:59:11.998+0000] {processor.py:836} INFO - DAG(s) dict_keys(['example_skip_dag']) retrieved from /home/vscode/.local/lib/python3.10/site-packages/airflow/example_dags/example_skip_dag.py
[2026-01-03T13:59:12.012+0000] {logging_mixin.py:150} INFO - [2026-01-03T13:59:12.012+0000] {dag.py:2742} INFO - Sync 1 DAGs
[2026-01-03T13:59:12.027+0000] {logging_mixin.py:150} INFO - [2026-01-03T13:59:12.026+0000] {dag.py:3504} INFO - Setting next_dagrun for example_skip_dag to 2026-01-02T13:59:12.026650+00:00, run_after=2026-01-03T13:59:12.026650+00:00
[2026-01-03T13:59:12.042+0000] {processor.py:179} INFO - Processing /home/vscode/.local/lib/python3.10/site-packages/airflow/example_dags/example_skip_dag.py took 0.053 seconds
[2026-01-03T13:59:56.068+0000] {processor.py:157} INFO - Started process (PID=15077) to work on /home/vscode/.local/lib/python3.10/site-packages/airflow/example_dags/example_skip_dag.py
[2026-01-03T13:59:56.069+0000] {processor.py:826} INFO - Processing file /home/vscode/.local/lib/python3.10/site-packages/airflow/example_dags/example_skip_dag.py for tasks to queue
[2026-01-03T13:59:56.070+0000] {logging_mixin.py:150} INFO - [2026-01-03T13:59:56.069+0000] {dagbag.py:541} INFO - Filling up the DagBag from /home/vscode/.local/lib/python3.10/site-packages/airflow/example_dags/example_skip_dag.py
[2026-01-03T13:59:56.076+0000] {processor.py:836} INFO - DAG(s) dict_keys(['example_skip_dag']) retrieved from /home/vscode/.local/lib/python3.10/site-packages/airflow/example_dags/example_skip_dag.py
[2026-01-03T13:59:56.089+0000] {logging_mixin.py:150} INFO - [2026-01-03T13:59:56.089+0000] {dag.py:2742} INFO - Sync 1 DAGs
[2026-01-03T13:59:56.104+0000] {logging_mixin.py:150} INFO - [2026-01-03T13:59:56.104+0000] {dag.py:3504} INFO - Setting next_dagrun for example_skip_dag to 2026-01-02T13:59:56.103935+00:00, run_after=2026-01-03T13:59:56.103935+00:00
[2026-01-03T13:59:56.119+0000] {processor.py:179} INFO - Processing /home/vscode/.local/lib/python3.10/site-packages/airflow/example_dags/example_skip_dag.py took 0.053 seconds
[2026-01-03T14:00:39.322+0000] {processor.py:157} INFO - Started process (PID=15365) to work on /home/vscode/.local/lib/python3.10/site-packages/airflow/example_dags/example_skip_dag.py
[2026-01-03T14:00:39.323+0000] {processor.py:826} INFO - Processing file /home/vscode/.local/lib/python3.10/site-packages/airflow/example_dags/example_skip_dag.py for tasks to queue
[2026-01-03T14:00:39.324+0000] {logging_mixin.py:150} INFO - [2026-01-03T14:00:39.323+0000] {dagbag.py:541} INFO - Filling up the DagBag from /home/vscode/.local/lib/python3.10/site-packages/airflow/example_dags/example_skip_dag.py
[2026-01-03T14:00:39.330+0000] {processor.py:836} INFO - DAG(s) dict_keys(['example_skip_dag']) retrieved from /home/vscode/.local/lib/python3.10/site-packages/airflow/example_dags/example_skip_dag.py
[2026-01-03T14:00:39.343+0000] {logging_mixin.py:150} INFO - [2026-01-03T14:00:39.343+0000] {dag.py:2742} INFO - Sync 1 DAGs
[2026-01-03T14:00:39.358+0000] {logging_mixin.py:150} INFO - [2026-01-03T14:00:39.358+0000] {dag.py:3504} INFO - Setting next_dagrun for example_skip_dag to 2026-01-02T14:00:39.357988+00:00, run_after=2026-01-03T14:00:39.357988+00:00
[2026-01-03T14:00:39.374+0000] {processor.py:179} INFO - Processing /home/vscode/.local/lib/python3.10/site-packages/airflow/example_dags/example_skip_dag.py took 0.054 seconds
[2026-01-03T14:01:18.571+0000] {processor.py:157} INFO - Started process (PID=15632) to work on /home/vscode/.local/lib/python3.10/site-packages/airflow/example_dags/example_skip_dag.py
[2026-01-03T14:01:18.572+0000] {processor.py:826} INFO - Processing file /home/vscode/.local/lib/python3.10/site-packages/airflow/example_dags/example_skip_dag.py for tasks to queue
[2026-01-03T14:01:18.572+0000] {logging_mixin.py:150} INFO - [2026-01-03T14:01:18.572+0000] {dagbag.py:541} INFO - Filling up the DagBag from /home/vscode/.local/lib/python3.10/site-packages/airflow/example_dags/example_skip_dag.py
[2026-01-03T14:01:18.579+0000] {processor.py:836} INFO - DAG(s) dict_keys(['example_skip_dag']) retrieved from /home/vscode/.local/lib/python3.10/site-packages/airflow/example_dags/example_skip_dag.py
[2026-01-03T14:01:18.595+0000] {logging_mixin.py:150} INFO - [2026-01-03T14:01:18.595+0000] {dag.py:2742} INFO - Sync 1 DAGs
[2026-01-03T14:01:18.609+0000] {logging_mixin.py:150} INFO - [2026-01-03T14:01:18.609+0000] {dag.py:3504} INFO - Setting next_dagrun for example_skip_dag to 2026-01-02T14:01:18.609317+00:00, run_after=2026-01-03T14:01:18.609317+00:00
[2026-01-03T14:01:18.624+0000] {processor.py:179} INFO - Processing /home/vscode/.local/lib/python3.10/site-packages/airflow/example_dags/example_skip_dag.py took 0.056 seconds
[2026-01-03T14:02:01.489+0000] {processor.py:157} INFO - Started process (PID=15951) to work on /home/vscode/.local/lib/python3.10/site-packages/airflow/example_dags/example_skip_dag.py
[2026-01-03T14:02:01.489+0000] {processor.py:826} INFO - Processing file /home/vscode/.local/lib/python3.10/site-packages/airflow/example_dags/example_skip_dag.py for tasks to queue
[2026-01-03T14:02:01.490+0000] {logging_mixin.py:150} INFO - [2026-01-03T14:02:01.490+0000] {dagbag.py:541} INFO - Filling up the DagBag from /home/vscode/.local/lib/python3.10/site-packages/airflow/example_dags/example_skip_dag.py
[2026-01-03T14:02:01.496+0000] {processor.py:836} INFO - DAG(s) dict_keys(['example_skip_dag']) retrieved from /home/vscode/.local/lib/python3.10/site-packages/airflow/example_dags/example_skip_dag.py
[2026-01-03T14:02:01.510+0000] {logging_mixin.py:150} INFO - [2026-01-03T14:02:01.510+0000] {dag.py:2742} INFO - Sync 1 DAGs
[2026-01-03T14:02:01.525+0000] {logging_mixin.py:150} INFO - [2026-01-03T14:02:01.525+0000] {dag.py:3504} INFO - Setting next_dagrun for example_skip_dag to 2026-01-02T14:02:01.525383+00:00, run_after=2026-01-03T14:02:01.525383+00:00
[2026-01-03T14:02:01.541+0000] {processor.py:179} INFO - Processing /home/vscode/.local/lib/python3.10/site-packages/airflow/example_dags/example_skip_dag.py took 0.055 seconds
[2026-01-03T14:02:45.208+0000] {processor.py:157} INFO - Started process (PID=16328) to work on /home/vscode/.local/lib/python3.10/site-packages/airflow/example_dags/example_skip_dag.py
[2026-01-03T14:02:45.209+0000] {processor.py:826} INFO - Processing file /home/vscode/.local/lib/python3.10/site-packages/airflow/example_dags/example_skip_dag.py for tasks to queue
[2026-01-03T14:02:45.210+0000] {logging_mixin.py:150} INFO - [2026-01-03T14:02:45.209+0000] {dagbag.py:541} INFO - Filling up the DagBag from /home/vscode/.local/lib/python3.10/site-packages/airflow/example_dags/example_skip_dag.py
[2026-01-03T14:02:45.216+0000] {processor.py:836} INFO - DAG(s) dict_keys(['example_skip_dag']) retrieved from /home/vscode/.local/lib/python3.10/site-packages/airflow/example_dags/example_skip_dag.py
[2026-01-03T14:02:45.230+0000] {logging_mixin.py:150} INFO - [2026-01-03T14:02:45.230+0000] {dag.py:2742} INFO - Sync 1 DAGs
[2026-01-03T14:02:45.248+0000] {logging_mixin.py:150} INFO - [2026-01-03T14:02:45.248+0000] {dag.py:3504} INFO - Setting next_dagrun for example_skip_dag to 2026-01-02T14:02:45.248626+00:00, run_after=2026-01-03T14:02:45.248626+00:00
[2026-01-03T14:02:45.264+0000] {processor.py:179} INFO - Processing /home/vscode/.local/lib/python3.10/site-packages/airflow/example_dags/example_skip_dag.py took 0.059 seconds
[2026-01-03T14:03:25.480+0000] {processor.py:157} INFO - Started process (PID=16867) to work on /home/vscode/.local/lib/python3.10/site-packages/airflow/example_dags/example_skip_dag.py
[2026-01-03T14:03:25.480+0000] {processor.py:826} INFO - Processing file /home/vscode/.local/lib/python3.10/site-packages/airflow/example_dags/example_skip_dag.py for tasks to queue
[2026-01-03T14:03:25.481+0000] {logging_mixin.py:150} INFO - [2026-01-03T14:03:25.481+0000] {dagbag.py:541} INFO - Filling up the DagBag from /home/vscode/.local/lib/python3.10/site-packages/airflow/example_dags/example_skip_dag.py
[2026-01-03T14:03:25.487+0000] {processor.py:836} INFO - DAG(s) dict_keys(['example_skip_dag']) retrieved from /home/vscode/.local/lib/python3.10/site-packages/airflow/example_dags/example_skip_dag.py
[2026-01-03T14:03:25.500+0000] {logging_mixin.py:150} INFO - [2026-01-03T14:03:25.500+0000] {dag.py:2742} INFO - Sync 1 DAGs
[2026-01-03T14:03:25.526+0000] {logging_mixin.py:150} INFO - [2026-01-03T14:03:25.526+0000] {dag.py:3504} INFO - Setting next_dagrun for example_skip_dag to 2026-01-02T14:03:25.525882+00:00, run_after=2026-01-03T14:03:25.525882+00:00
[2026-01-03T14:03:25.552+0000] {processor.py:179} INFO - Processing /home/vscode/.local/lib/python3.10/site-packages/airflow/example_dags/example_skip_dag.py took 0.075 seconds
[2026-01-03T14:04:12.317+0000] {processor.py:157} INFO - Started process (PID=17426) to work on /home/vscode/.local/lib/python3.10/site-packages/airflow/example_dags/example_skip_dag.py
[2026-01-03T14:04:12.318+0000] {processor.py:826} INFO - Processing file /home/vscode/.local/lib/python3.10/site-packages/airflow/example_dags/example_skip_dag.py for tasks to queue
[2026-01-03T14:04:12.318+0000] {logging_mixin.py:150} INFO - [2026-01-03T14:04:12.318+0000] {dagbag.py:541} INFO - Filling up the DagBag from /home/vscode/.local/lib/python3.10/site-packages/airflow/example_dags/example_skip_dag.py
[2026-01-03T14:04:12.325+0000] {processor.py:836} INFO - DAG(s) dict_keys(['example_skip_dag']) retrieved from /home/vscode/.local/lib/python3.10/site-packages/airflow/example_dags/example_skip_dag.py
[2026-01-03T14:04:12.338+0000] {logging_mixin.py:150} INFO - [2026-01-03T14:04:12.338+0000] {dag.py:2742} INFO - Sync 1 DAGs
[2026-01-03T14:04:12.355+0000] {logging_mixin.py:150} INFO - [2026-01-03T14:04:12.354+0000] {dag.py:3504} INFO - Setting next_dagrun for example_skip_dag to 2026-01-02T14:04:12.354271+00:00, run_after=2026-01-03T14:04:12.354271+00:00
[2026-01-03T14:04:12.370+0000] {processor.py:179} INFO - Processing /home/vscode/.local/lib/python3.10/site-packages/airflow/example_dags/example_skip_dag.py took 0.056 seconds
