[2026-01-03T13:49:12.984+0000] {processor.py:157} INFO - Started process (PID=10138) to work on /home/vscode/.local/lib/python3.10/site-packages/airflow/example_dags/example_python_operator.py
[2026-01-03T13:49:12.985+0000] {processor.py:826} INFO - Processing file /home/vscode/.local/lib/python3.10/site-packages/airflow/example_dags/example_python_operator.py for tasks to queue
[2026-01-03T13:49:12.986+0000] {logging_mixin.py:150} INFO - [2026-01-03T13:49:12.985+0000] {dagbag.py:541} INFO - Filling up the DagBag from /home/vscode/.local/lib/python3.10/site-packages/airflow/example_dags/example_python_operator.py
[2026-01-03T13:49:12.994+0000] {processor.py:836} INFO - DAG(s) dict_keys(['example_python_operator']) retrieved from /home/vscode/.local/lib/python3.10/site-packages/airflow/example_dags/example_python_operator.py
[2026-01-03T13:49:13.071+0000] {logging_mixin.py:150} INFO - [2026-01-03T13:49:13.071+0000] {manager.py:504} INFO - Created Permission View: can delete on DAG:example_python_operator
[2026-01-03T13:49:13.079+0000] {logging_mixin.py:150} INFO - [2026-01-03T13:49:13.079+0000] {manager.py:504} INFO - Created Permission View: can read on DAG:example_python_operator
[2026-01-03T13:49:13.085+0000] {logging_mixin.py:150} INFO - [2026-01-03T13:49:13.085+0000] {manager.py:504} INFO - Created Permission View: can edit on DAG:example_python_operator
[2026-01-03T13:49:13.093+0000] {logging_mixin.py:150} INFO - [2026-01-03T13:49:13.092+0000] {dag.py:2742} INFO - Sync 1 DAGs
[2026-01-03T13:49:13.099+0000] {logging_mixin.py:150} INFO - [2026-01-03T13:49:13.099+0000] {dag.py:2763} INFO - Creating ORM DAG for example_python_operator
[2026-01-03T13:49:13.107+0000] {logging_mixin.py:150} INFO - [2026-01-03T13:49:13.106+0000] {dag.py:3504} INFO - Setting next_dagrun for example_python_operator to None, run_after=None
[2026-01-03T13:49:13.130+0000] {processor.py:179} INFO - Processing /home/vscode/.local/lib/python3.10/site-packages/airflow/example_dags/example_python_operator.py took 0.149 seconds
[2026-01-03T13:49:59.363+0000] {processor.py:157} INFO - Started process (PID=10468) to work on /home/vscode/.local/lib/python3.10/site-packages/airflow/example_dags/example_python_operator.py
[2026-01-03T13:49:59.364+0000] {processor.py:826} INFO - Processing file /home/vscode/.local/lib/python3.10/site-packages/airflow/example_dags/example_python_operator.py for tasks to queue
[2026-01-03T13:49:59.365+0000] {logging_mixin.py:150} INFO - [2026-01-03T13:49:59.365+0000] {dagbag.py:541} INFO - Filling up the DagBag from /home/vscode/.local/lib/python3.10/site-packages/airflow/example_dags/example_python_operator.py
[2026-01-03T13:49:59.373+0000] {processor.py:836} INFO - DAG(s) dict_keys(['example_python_operator']) retrieved from /home/vscode/.local/lib/python3.10/site-packages/airflow/example_dags/example_python_operator.py
[2026-01-03T13:49:59.388+0000] {logging_mixin.py:150} INFO - [2026-01-03T13:49:59.388+0000] {dag.py:2742} INFO - Sync 1 DAGs
[2026-01-03T13:49:59.403+0000] {logging_mixin.py:150} INFO - [2026-01-03T13:49:59.403+0000] {dag.py:3504} INFO - Setting next_dagrun for example_python_operator to None, run_after=None
[2026-01-03T13:49:59.418+0000] {processor.py:179} INFO - Processing /home/vscode/.local/lib/python3.10/site-packages/airflow/example_dags/example_python_operator.py took 0.057 seconds
[2026-01-03T13:50:43.408+0000] {processor.py:157} INFO - Started process (PID=10807) to work on /home/vscode/.local/lib/python3.10/site-packages/airflow/example_dags/example_python_operator.py
[2026-01-03T13:50:43.409+0000] {processor.py:826} INFO - Processing file /home/vscode/.local/lib/python3.10/site-packages/airflow/example_dags/example_python_operator.py for tasks to queue
[2026-01-03T13:50:43.410+0000] {logging_mixin.py:150} INFO - [2026-01-03T13:50:43.410+0000] {dagbag.py:541} INFO - Filling up the DagBag from /home/vscode/.local/lib/python3.10/site-packages/airflow/example_dags/example_python_operator.py
[2026-01-03T13:50:43.418+0000] {processor.py:836} INFO - DAG(s) dict_keys(['example_python_operator']) retrieved from /home/vscode/.local/lib/python3.10/site-packages/airflow/example_dags/example_python_operator.py
[2026-01-03T13:50:43.434+0000] {logging_mixin.py:150} INFO - [2026-01-03T13:50:43.433+0000] {dag.py:2742} INFO - Sync 1 DAGs
[2026-01-03T13:50:43.448+0000] {logging_mixin.py:150} INFO - [2026-01-03T13:50:43.448+0000] {dag.py:3504} INFO - Setting next_dagrun for example_python_operator to None, run_after=None
[2026-01-03T13:50:43.465+0000] {processor.py:179} INFO - Processing /home/vscode/.local/lib/python3.10/site-packages/airflow/example_dags/example_python_operator.py took 0.059 seconds
[2026-01-03T13:51:27.203+0000] {processor.py:157} INFO - Started process (PID=11101) to work on /home/vscode/.local/lib/python3.10/site-packages/airflow/example_dags/example_python_operator.py
[2026-01-03T13:51:27.204+0000] {processor.py:826} INFO - Processing file /home/vscode/.local/lib/python3.10/site-packages/airflow/example_dags/example_python_operator.py for tasks to queue
[2026-01-03T13:51:27.205+0000] {logging_mixin.py:150} INFO - [2026-01-03T13:51:27.205+0000] {dagbag.py:541} INFO - Filling up the DagBag from /home/vscode/.local/lib/python3.10/site-packages/airflow/example_dags/example_python_operator.py
[2026-01-03T13:51:27.216+0000] {processor.py:836} INFO - DAG(s) dict_keys(['example_python_operator']) retrieved from /home/vscode/.local/lib/python3.10/site-packages/airflow/example_dags/example_python_operator.py
[2026-01-03T13:51:27.232+0000] {logging_mixin.py:150} INFO - [2026-01-03T13:51:27.232+0000] {dag.py:2742} INFO - Sync 1 DAGs
[2026-01-03T13:51:27.247+0000] {logging_mixin.py:150} INFO - [2026-01-03T13:51:27.247+0000] {dag.py:3504} INFO - Setting next_dagrun for example_python_operator to None, run_after=None
[2026-01-03T13:51:27.263+0000] {processor.py:179} INFO - Processing /home/vscode/.local/lib/python3.10/site-packages/airflow/example_dags/example_python_operator.py took 0.062 seconds
[2026-01-03T13:52:09.598+0000] {processor.py:157} INFO - Started process (PID=11432) to work on /home/vscode/.local/lib/python3.10/site-packages/airflow/example_dags/example_python_operator.py
[2026-01-03T13:52:09.599+0000] {processor.py:826} INFO - Processing file /home/vscode/.local/lib/python3.10/site-packages/airflow/example_dags/example_python_operator.py for tasks to queue
[2026-01-03T13:52:09.600+0000] {logging_mixin.py:150} INFO - [2026-01-03T13:52:09.600+0000] {dagbag.py:541} INFO - Filling up the DagBag from /home/vscode/.local/lib/python3.10/site-packages/airflow/example_dags/example_python_operator.py
[2026-01-03T13:52:09.610+0000] {processor.py:836} INFO - DAG(s) dict_keys(['example_python_operator']) retrieved from /home/vscode/.local/lib/python3.10/site-packages/airflow/example_dags/example_python_operator.py
[2026-01-03T13:52:09.627+0000] {logging_mixin.py:150} INFO - [2026-01-03T13:52:09.626+0000] {dag.py:2742} INFO - Sync 1 DAGs
[2026-01-03T13:52:09.643+0000] {logging_mixin.py:150} INFO - [2026-01-03T13:52:09.643+0000] {dag.py:3504} INFO - Setting next_dagrun for example_python_operator to None, run_after=None
[2026-01-03T13:52:09.660+0000] {processor.py:179} INFO - Processing /home/vscode/.local/lib/python3.10/site-packages/airflow/example_dags/example_python_operator.py took 0.065 seconds
[2026-01-03T13:52:54.253+0000] {processor.py:157} INFO - Started process (PID=11738) to work on /home/vscode/.local/lib/python3.10/site-packages/airflow/example_dags/example_python_operator.py
[2026-01-03T13:52:54.254+0000] {processor.py:826} INFO - Processing file /home/vscode/.local/lib/python3.10/site-packages/airflow/example_dags/example_python_operator.py for tasks to queue
[2026-01-03T13:52:54.255+0000] {logging_mixin.py:150} INFO - [2026-01-03T13:52:54.255+0000] {dagbag.py:541} INFO - Filling up the DagBag from /home/vscode/.local/lib/python3.10/site-packages/airflow/example_dags/example_python_operator.py
[2026-01-03T13:52:54.264+0000] {processor.py:836} INFO - DAG(s) dict_keys(['example_python_operator']) retrieved from /home/vscode/.local/lib/python3.10/site-packages/airflow/example_dags/example_python_operator.py
[2026-01-03T13:52:54.280+0000] {logging_mixin.py:150} INFO - [2026-01-03T13:52:54.279+0000] {dag.py:2742} INFO - Sync 1 DAGs
[2026-01-03T13:52:54.295+0000] {logging_mixin.py:150} INFO - [2026-01-03T13:52:54.295+0000] {dag.py:3504} INFO - Setting next_dagrun for example_python_operator to None, run_after=None
[2026-01-03T13:52:54.312+0000] {processor.py:179} INFO - Processing /home/vscode/.local/lib/python3.10/site-packages/airflow/example_dags/example_python_operator.py took 0.061 seconds
[2026-01-03T13:53:35.262+0000] {processor.py:157} INFO - Started process (PID=12058) to work on /home/vscode/.local/lib/python3.10/site-packages/airflow/example_dags/example_python_operator.py
[2026-01-03T13:53:35.263+0000] {processor.py:826} INFO - Processing file /home/vscode/.local/lib/python3.10/site-packages/airflow/example_dags/example_python_operator.py for tasks to queue
[2026-01-03T13:53:35.264+0000] {logging_mixin.py:150} INFO - [2026-01-03T13:53:35.264+0000] {dagbag.py:541} INFO - Filling up the DagBag from /home/vscode/.local/lib/python3.10/site-packages/airflow/example_dags/example_python_operator.py
[2026-01-03T13:53:35.272+0000] {processor.py:836} INFO - DAG(s) dict_keys(['example_python_operator']) retrieved from /home/vscode/.local/lib/python3.10/site-packages/airflow/example_dags/example_python_operator.py
[2026-01-03T13:53:35.288+0000] {logging_mixin.py:150} INFO - [2026-01-03T13:53:35.287+0000] {dag.py:2742} INFO - Sync 1 DAGs
[2026-01-03T13:53:35.302+0000] {logging_mixin.py:150} INFO - [2026-01-03T13:53:35.302+0000] {dag.py:3504} INFO - Setting next_dagrun for example_python_operator to None, run_after=None
[2026-01-03T13:53:35.317+0000] {processor.py:179} INFO - Processing /home/vscode/.local/lib/python3.10/site-packages/airflow/example_dags/example_python_operator.py took 0.057 seconds
[2026-01-03T13:54:18.134+0000] {processor.py:157} INFO - Started process (PID=12409) to work on /home/vscode/.local/lib/python3.10/site-packages/airflow/example_dags/example_python_operator.py
[2026-01-03T13:54:18.135+0000] {processor.py:826} INFO - Processing file /home/vscode/.local/lib/python3.10/site-packages/airflow/example_dags/example_python_operator.py for tasks to queue
[2026-01-03T13:54:18.135+0000] {logging_mixin.py:150} INFO - [2026-01-03T13:54:18.135+0000] {dagbag.py:541} INFO - Filling up the DagBag from /home/vscode/.local/lib/python3.10/site-packages/airflow/example_dags/example_python_operator.py
[2026-01-03T13:54:18.143+0000] {processor.py:836} INFO - DAG(s) dict_keys(['example_python_operator']) retrieved from /home/vscode/.local/lib/python3.10/site-packages/airflow/example_dags/example_python_operator.py
[2026-01-03T13:54:18.159+0000] {logging_mixin.py:150} INFO - [2026-01-03T13:54:18.159+0000] {dag.py:2742} INFO - Sync 1 DAGs
[2026-01-03T13:54:18.180+0000] {logging_mixin.py:150} INFO - [2026-01-03T13:54:18.180+0000] {dag.py:3504} INFO - Setting next_dagrun for example_python_operator to None, run_after=None
[2026-01-03T13:54:18.203+0000] {processor.py:179} INFO - Processing /home/vscode/.local/lib/python3.10/site-packages/airflow/example_dags/example_python_operator.py took 0.072 seconds
[2026-01-03T13:55:00.352+0000] {processor.py:157} INFO - Started process (PID=12741) to work on /home/vscode/.local/lib/python3.10/site-packages/airflow/example_dags/example_python_operator.py
[2026-01-03T13:55:00.353+0000] {processor.py:826} INFO - Processing file /home/vscode/.local/lib/python3.10/site-packages/airflow/example_dags/example_python_operator.py for tasks to queue
[2026-01-03T13:55:00.354+0000] {logging_mixin.py:150} INFO - [2026-01-03T13:55:00.354+0000] {dagbag.py:541} INFO - Filling up the DagBag from /home/vscode/.local/lib/python3.10/site-packages/airflow/example_dags/example_python_operator.py
[2026-01-03T13:55:00.362+0000] {processor.py:836} INFO - DAG(s) dict_keys(['example_python_operator']) retrieved from /home/vscode/.local/lib/python3.10/site-packages/airflow/example_dags/example_python_operator.py
[2026-01-03T13:55:00.378+0000] {logging_mixin.py:150} INFO - [2026-01-03T13:55:00.378+0000] {dag.py:2742} INFO - Sync 1 DAGs
[2026-01-03T13:55:00.392+0000] {logging_mixin.py:150} INFO - [2026-01-03T13:55:00.392+0000] {dag.py:3504} INFO - Setting next_dagrun for example_python_operator to None, run_after=None
[2026-01-03T13:55:00.407+0000] {processor.py:179} INFO - Processing /home/vscode/.local/lib/python3.10/site-packages/airflow/example_dags/example_python_operator.py took 0.058 seconds
[2026-01-03T13:55:44.353+0000] {processor.py:157} INFO - Started process (PID=13188) to work on /home/vscode/.local/lib/python3.10/site-packages/airflow/example_dags/example_python_operator.py
[2026-01-03T13:55:44.354+0000] {processor.py:826} INFO - Processing file /home/vscode/.local/lib/python3.10/site-packages/airflow/example_dags/example_python_operator.py for tasks to queue
[2026-01-03T13:55:44.357+0000] {logging_mixin.py:150} INFO - [2026-01-03T13:55:44.357+0000] {dagbag.py:541} INFO - Filling up the DagBag from /home/vscode/.local/lib/python3.10/site-packages/airflow/example_dags/example_python_operator.py
[2026-01-03T13:55:44.373+0000] {processor.py:836} INFO - DAG(s) dict_keys(['example_python_operator']) retrieved from /home/vscode/.local/lib/python3.10/site-packages/airflow/example_dags/example_python_operator.py
[2026-01-03T13:55:44.389+0000] {logging_mixin.py:150} INFO - [2026-01-03T13:55:44.389+0000] {dag.py:2742} INFO - Sync 1 DAGs
[2026-01-03T13:55:44.404+0000] {logging_mixin.py:150} INFO - [2026-01-03T13:55:44.404+0000] {dag.py:3504} INFO - Setting next_dagrun for example_python_operator to None, run_after=None
[2026-01-03T13:55:44.420+0000] {processor.py:179} INFO - Processing /home/vscode/.local/lib/python3.10/site-packages/airflow/example_dags/example_python_operator.py took 0.070 seconds
[2026-01-03T13:56:29.892+0000] {processor.py:157} INFO - Started process (PID=13636) to work on /home/vscode/.local/lib/python3.10/site-packages/airflow/example_dags/example_python_operator.py
[2026-01-03T13:56:29.893+0000] {processor.py:826} INFO - Processing file /home/vscode/.local/lib/python3.10/site-packages/airflow/example_dags/example_python_operator.py for tasks to queue
[2026-01-03T13:56:29.894+0000] {logging_mixin.py:150} INFO - [2026-01-03T13:56:29.894+0000] {dagbag.py:541} INFO - Filling up the DagBag from /home/vscode/.local/lib/python3.10/site-packages/airflow/example_dags/example_python_operator.py
[2026-01-03T13:56:29.906+0000] {processor.py:836} INFO - DAG(s) dict_keys(['example_python_operator']) retrieved from /home/vscode/.local/lib/python3.10/site-packages/airflow/example_dags/example_python_operator.py
[2026-01-03T13:56:29.929+0000] {logging_mixin.py:150} INFO - [2026-01-03T13:56:29.929+0000] {dag.py:2742} INFO - Sync 1 DAGs
[2026-01-03T13:56:29.950+0000] {logging_mixin.py:150} INFO - [2026-01-03T13:56:29.950+0000] {dag.py:3504} INFO - Setting next_dagrun for example_python_operator to None, run_after=None
[2026-01-03T13:56:29.964+0000] {processor.py:179} INFO - Processing /home/vscode/.local/lib/python3.10/site-packages/airflow/example_dags/example_python_operator.py took 0.076 seconds
[2026-01-03T13:57:11.704+0000] {processor.py:157} INFO - Started process (PID=13944) to work on /home/vscode/.local/lib/python3.10/site-packages/airflow/example_dags/example_python_operator.py
[2026-01-03T13:57:11.705+0000] {processor.py:826} INFO - Processing file /home/vscode/.local/lib/python3.10/site-packages/airflow/example_dags/example_python_operator.py for tasks to queue
[2026-01-03T13:57:11.705+0000] {logging_mixin.py:150} INFO - [2026-01-03T13:57:11.705+0000] {dagbag.py:541} INFO - Filling up the DagBag from /home/vscode/.local/lib/python3.10/site-packages/airflow/example_dags/example_python_operator.py
[2026-01-03T13:57:11.714+0000] {processor.py:836} INFO - DAG(s) dict_keys(['example_python_operator']) retrieved from /home/vscode/.local/lib/python3.10/site-packages/airflow/example_dags/example_python_operator.py
[2026-01-03T13:57:11.729+0000] {logging_mixin.py:150} INFO - [2026-01-03T13:57:11.728+0000] {dag.py:2742} INFO - Sync 1 DAGs
[2026-01-03T13:57:11.744+0000] {logging_mixin.py:150} INFO - [2026-01-03T13:57:11.743+0000] {dag.py:3504} INFO - Setting next_dagrun for example_python_operator to None, run_after=None
[2026-01-03T13:57:11.761+0000] {processor.py:179} INFO - Processing /home/vscode/.local/lib/python3.10/site-packages/airflow/example_dags/example_python_operator.py took 0.060 seconds
[2026-01-03T13:57:54.948+0000] {processor.py:157} INFO - Started process (PID=14239) to work on /home/vscode/.local/lib/python3.10/site-packages/airflow/example_dags/example_python_operator.py
[2026-01-03T13:57:54.949+0000] {processor.py:826} INFO - Processing file /home/vscode/.local/lib/python3.10/site-packages/airflow/example_dags/example_python_operator.py for tasks to queue
[2026-01-03T13:57:54.950+0000] {logging_mixin.py:150} INFO - [2026-01-03T13:57:54.950+0000] {dagbag.py:541} INFO - Filling up the DagBag from /home/vscode/.local/lib/python3.10/site-packages/airflow/example_dags/example_python_operator.py
[2026-01-03T13:57:54.960+0000] {processor.py:836} INFO - DAG(s) dict_keys(['example_python_operator']) retrieved from /home/vscode/.local/lib/python3.10/site-packages/airflow/example_dags/example_python_operator.py
[2026-01-03T13:57:54.975+0000] {logging_mixin.py:150} INFO - [2026-01-03T13:57:54.975+0000] {dag.py:2742} INFO - Sync 1 DAGs
[2026-01-03T13:57:54.990+0000] {logging_mixin.py:150} INFO - [2026-01-03T13:57:54.989+0000] {dag.py:3504} INFO - Setting next_dagrun for example_python_operator to None, run_after=None
[2026-01-03T13:57:55.004+0000] {processor.py:179} INFO - Processing /home/vscode/.local/lib/python3.10/site-packages/airflow/example_dags/example_python_operator.py took 0.059 seconds
[2026-01-03T13:58:38.331+0000] {processor.py:157} INFO - Started process (PID=14528) to work on /home/vscode/.local/lib/python3.10/site-packages/airflow/example_dags/example_python_operator.py
[2026-01-03T13:58:38.331+0000] {processor.py:826} INFO - Processing file /home/vscode/.local/lib/python3.10/site-packages/airflow/example_dags/example_python_operator.py for tasks to queue
[2026-01-03T13:58:38.332+0000] {logging_mixin.py:150} INFO - [2026-01-03T13:58:38.332+0000] {dagbag.py:541} INFO - Filling up the DagBag from /home/vscode/.local/lib/python3.10/site-packages/airflow/example_dags/example_python_operator.py
[2026-01-03T13:58:38.340+0000] {processor.py:836} INFO - DAG(s) dict_keys(['example_python_operator']) retrieved from /home/vscode/.local/lib/python3.10/site-packages/airflow/example_dags/example_python_operator.py
[2026-01-03T13:58:38.355+0000] {logging_mixin.py:150} INFO - [2026-01-03T13:58:38.355+0000] {dag.py:2742} INFO - Sync 1 DAGs
[2026-01-03T13:58:38.369+0000] {logging_mixin.py:150} INFO - [2026-01-03T13:58:38.369+0000] {dag.py:3504} INFO - Setting next_dagrun for example_python_operator to None, run_after=None
[2026-01-03T13:58:38.384+0000] {processor.py:179} INFO - Processing /home/vscode/.local/lib/python3.10/site-packages/airflow/example_dags/example_python_operator.py took 0.056 seconds
[2026-01-03T13:59:22.267+0000] {processor.py:157} INFO - Started process (PID=14848) to work on /home/vscode/.local/lib/python3.10/site-packages/airflow/example_dags/example_python_operator.py
[2026-01-03T13:59:22.268+0000] {processor.py:826} INFO - Processing file /home/vscode/.local/lib/python3.10/site-packages/airflow/example_dags/example_python_operator.py for tasks to queue
[2026-01-03T13:59:22.268+0000] {logging_mixin.py:150} INFO - [2026-01-03T13:59:22.268+0000] {dagbag.py:541} INFO - Filling up the DagBag from /home/vscode/.local/lib/python3.10/site-packages/airflow/example_dags/example_python_operator.py
[2026-01-03T13:59:22.276+0000] {processor.py:836} INFO - DAG(s) dict_keys(['example_python_operator']) retrieved from /home/vscode/.local/lib/python3.10/site-packages/airflow/example_dags/example_python_operator.py
[2026-01-03T13:59:22.292+0000] {logging_mixin.py:150} INFO - [2026-01-03T13:59:22.292+0000] {dag.py:2742} INFO - Sync 1 DAGs
[2026-01-03T13:59:22.306+0000] {logging_mixin.py:150} INFO - [2026-01-03T13:59:22.306+0000] {dag.py:3504} INFO - Setting next_dagrun for example_python_operator to None, run_after=None
[2026-01-03T13:59:22.322+0000] {processor.py:179} INFO - Processing /home/vscode/.local/lib/python3.10/site-packages/airflow/example_dags/example_python_operator.py took 0.058 seconds
[2026-01-03T14:00:09.628+0000] {processor.py:157} INFO - Started process (PID=15171) to work on /home/vscode/.local/lib/python3.10/site-packages/airflow/example_dags/example_python_operator.py
[2026-01-03T14:00:09.629+0000] {processor.py:826} INFO - Processing file /home/vscode/.local/lib/python3.10/site-packages/airflow/example_dags/example_python_operator.py for tasks to queue
[2026-01-03T14:00:09.630+0000] {logging_mixin.py:150} INFO - [2026-01-03T14:00:09.629+0000] {dagbag.py:541} INFO - Filling up the DagBag from /home/vscode/.local/lib/python3.10/site-packages/airflow/example_dags/example_python_operator.py
[2026-01-03T14:00:09.638+0000] {processor.py:836} INFO - DAG(s) dict_keys(['example_python_operator']) retrieved from /home/vscode/.local/lib/python3.10/site-packages/airflow/example_dags/example_python_operator.py
[2026-01-03T14:00:09.653+0000] {logging_mixin.py:150} INFO - [2026-01-03T14:00:09.653+0000] {dag.py:2742} INFO - Sync 1 DAGs
[2026-01-03T14:00:09.667+0000] {logging_mixin.py:150} INFO - [2026-01-03T14:00:09.667+0000] {dag.py:3504} INFO - Setting next_dagrun for example_python_operator to None, run_after=None
[2026-01-03T14:00:09.682+0000] {processor.py:179} INFO - Processing /home/vscode/.local/lib/python3.10/site-packages/airflow/example_dags/example_python_operator.py took 0.056 seconds
[2026-01-03T14:00:52.540+0000] {processor.py:157} INFO - Started process (PID=15458) to work on /home/vscode/.local/lib/python3.10/site-packages/airflow/example_dags/example_python_operator.py
[2026-01-03T14:00:52.540+0000] {processor.py:826} INFO - Processing file /home/vscode/.local/lib/python3.10/site-packages/airflow/example_dags/example_python_operator.py for tasks to queue
[2026-01-03T14:00:52.541+0000] {logging_mixin.py:150} INFO - [2026-01-03T14:00:52.541+0000] {dagbag.py:541} INFO - Filling up the DagBag from /home/vscode/.local/lib/python3.10/site-packages/airflow/example_dags/example_python_operator.py
[2026-01-03T14:00:52.549+0000] {processor.py:836} INFO - DAG(s) dict_keys(['example_python_operator']) retrieved from /home/vscode/.local/lib/python3.10/site-packages/airflow/example_dags/example_python_operator.py
[2026-01-03T14:00:52.565+0000] {logging_mixin.py:150} INFO - [2026-01-03T14:00:52.565+0000] {dag.py:2742} INFO - Sync 1 DAGs
[2026-01-03T14:00:52.580+0000] {logging_mixin.py:150} INFO - [2026-01-03T14:00:52.579+0000] {dag.py:3504} INFO - Setting next_dagrun for example_python_operator to None, run_after=None
[2026-01-03T14:00:52.595+0000] {processor.py:179} INFO - Processing /home/vscode/.local/lib/python3.10/site-packages/airflow/example_dags/example_python_operator.py took 0.058 seconds
[2026-01-03T14:01:32.961+0000] {processor.py:157} INFO - Started process (PID=15741) to work on /home/vscode/.local/lib/python3.10/site-packages/airflow/example_dags/example_python_operator.py
[2026-01-03T14:01:32.962+0000] {processor.py:826} INFO - Processing file /home/vscode/.local/lib/python3.10/site-packages/airflow/example_dags/example_python_operator.py for tasks to queue
[2026-01-03T14:01:32.962+0000] {logging_mixin.py:150} INFO - [2026-01-03T14:01:32.962+0000] {dagbag.py:541} INFO - Filling up the DagBag from /home/vscode/.local/lib/python3.10/site-packages/airflow/example_dags/example_python_operator.py
[2026-01-03T14:01:32.970+0000] {processor.py:836} INFO - DAG(s) dict_keys(['example_python_operator']) retrieved from /home/vscode/.local/lib/python3.10/site-packages/airflow/example_dags/example_python_operator.py
[2026-01-03T14:01:32.986+0000] {logging_mixin.py:150} INFO - [2026-01-03T14:01:32.986+0000] {dag.py:2742} INFO - Sync 1 DAGs
[2026-01-03T14:01:33.001+0000] {logging_mixin.py:150} INFO - [2026-01-03T14:01:33.001+0000] {dag.py:3504} INFO - Setting next_dagrun for example_python_operator to None, run_after=None
[2026-01-03T14:01:33.017+0000] {processor.py:179} INFO - Processing /home/vscode/.local/lib/python3.10/site-packages/airflow/example_dags/example_python_operator.py took 0.058 seconds
[2026-01-03T14:02:20.810+0000] {processor.py:157} INFO - Started process (PID=16079) to work on /home/vscode/.local/lib/python3.10/site-packages/airflow/example_dags/example_python_operator.py
[2026-01-03T14:02:20.810+0000] {processor.py:826} INFO - Processing file /home/vscode/.local/lib/python3.10/site-packages/airflow/example_dags/example_python_operator.py for tasks to queue
[2026-01-03T14:02:20.811+0000] {logging_mixin.py:150} INFO - [2026-01-03T14:02:20.811+0000] {dagbag.py:541} INFO - Filling up the DagBag from /home/vscode/.local/lib/python3.10/site-packages/airflow/example_dags/example_python_operator.py
[2026-01-03T14:02:20.819+0000] {processor.py:836} INFO - DAG(s) dict_keys(['example_python_operator']) retrieved from /home/vscode/.local/lib/python3.10/site-packages/airflow/example_dags/example_python_operator.py
[2026-01-03T14:02:20.835+0000] {logging_mixin.py:150} INFO - [2026-01-03T14:02:20.834+0000] {dag.py:2742} INFO - Sync 1 DAGs
[2026-01-03T14:02:20.849+0000] {logging_mixin.py:150} INFO - [2026-01-03T14:02:20.849+0000] {dag.py:3504} INFO - Setting next_dagrun for example_python_operator to None, run_after=None
[2026-01-03T14:02:20.864+0000] {processor.py:179} INFO - Processing /home/vscode/.local/lib/python3.10/site-packages/airflow/example_dags/example_python_operator.py took 0.057 seconds
[2026-01-03T14:03:01.785+0000] {processor.py:157} INFO - Started process (PID=16532) to work on /home/vscode/.local/lib/python3.10/site-packages/airflow/example_dags/example_python_operator.py
[2026-01-03T14:03:01.786+0000] {processor.py:826} INFO - Processing file /home/vscode/.local/lib/python3.10/site-packages/airflow/example_dags/example_python_operator.py for tasks to queue
[2026-01-03T14:03:01.787+0000] {logging_mixin.py:150} INFO - [2026-01-03T14:03:01.787+0000] {dagbag.py:541} INFO - Filling up the DagBag from /home/vscode/.local/lib/python3.10/site-packages/airflow/example_dags/example_python_operator.py
[2026-01-03T14:03:01.795+0000] {processor.py:836} INFO - DAG(s) dict_keys(['example_python_operator']) retrieved from /home/vscode/.local/lib/python3.10/site-packages/airflow/example_dags/example_python_operator.py
[2026-01-03T14:03:01.810+0000] {logging_mixin.py:150} INFO - [2026-01-03T14:03:01.810+0000] {dag.py:2742} INFO - Sync 1 DAGs
[2026-01-03T14:03:01.825+0000] {logging_mixin.py:150} INFO - [2026-01-03T14:03:01.825+0000] {dag.py:3504} INFO - Setting next_dagrun for example_python_operator to None, run_after=None
[2026-01-03T14:03:01.839+0000] {processor.py:179} INFO - Processing /home/vscode/.local/lib/python3.10/site-packages/airflow/example_dags/example_python_operator.py took 0.056 seconds
[2026-01-03T14:03:42.913+0000] {processor.py:157} INFO - Started process (PID=17076) to work on /home/vscode/.local/lib/python3.10/site-packages/airflow/example_dags/example_python_operator.py
[2026-01-03T14:03:42.914+0000] {processor.py:826} INFO - Processing file /home/vscode/.local/lib/python3.10/site-packages/airflow/example_dags/example_python_operator.py for tasks to queue
[2026-01-03T14:03:42.915+0000] {logging_mixin.py:150} INFO - [2026-01-03T14:03:42.915+0000] {dagbag.py:541} INFO - Filling up the DagBag from /home/vscode/.local/lib/python3.10/site-packages/airflow/example_dags/example_python_operator.py
[2026-01-03T14:03:42.923+0000] {processor.py:836} INFO - DAG(s) dict_keys(['example_python_operator']) retrieved from /home/vscode/.local/lib/python3.10/site-packages/airflow/example_dags/example_python_operator.py
[2026-01-03T14:03:42.938+0000] {logging_mixin.py:150} INFO - [2026-01-03T14:03:42.938+0000] {dag.py:2742} INFO - Sync 1 DAGs
[2026-01-03T14:03:42.955+0000] {logging_mixin.py:150} INFO - [2026-01-03T14:03:42.955+0000] {dag.py:3504} INFO - Setting next_dagrun for example_python_operator to None, run_after=None
[2026-01-03T14:03:42.971+0000] {processor.py:179} INFO - Processing /home/vscode/.local/lib/python3.10/site-packages/airflow/example_dags/example_python_operator.py took 0.061 seconds
