[2026-01-03T13:49:16.881+0000] {processor.py:157} INFO - Started process (PID=10158) to work on /home/vscode/.local/lib/python3.10/site-packages/airflow/example_dags/example_params_trigger_ui.py
[2026-01-03T13:49:16.881+0000] {processor.py:826} INFO - Processing file /home/vscode/.local/lib/python3.10/site-packages/airflow/example_dags/example_params_trigger_ui.py for tasks to queue
[2026-01-03T13:49:16.882+0000] {logging_mixin.py:150} INFO - [2026-01-03T13:49:16.882+0000] {dagbag.py:541} INFO - Filling up the DagBag from /home/vscode/.local/lib/python3.10/site-packages/airflow/example_dags/example_params_trigger_ui.py
[2026-01-03T13:49:16.895+0000] {processor.py:836} INFO - DAG(s) dict_keys(['example_params_trigger_ui']) retrieved from /home/vscode/.local/lib/python3.10/site-packages/airflow/example_dags/example_params_trigger_ui.py
[2026-01-03T13:49:16.986+0000] {logging_mixin.py:150} INFO - [2026-01-03T13:49:16.986+0000] {manager.py:504} INFO - Created Permission View: can delete on DAG:example_params_trigger_ui
[2026-01-03T13:49:16.995+0000] {logging_mixin.py:150} INFO - [2026-01-03T13:49:16.994+0000] {manager.py:504} INFO - Created Permission View: can read on DAG:example_params_trigger_ui
[2026-01-03T13:49:17.001+0000] {logging_mixin.py:150} INFO - [2026-01-03T13:49:17.001+0000] {manager.py:504} INFO - Created Permission View: can edit on DAG:example_params_trigger_ui
[2026-01-03T13:49:17.009+0000] {logging_mixin.py:150} INFO - [2026-01-03T13:49:17.009+0000] {dag.py:2742} INFO - Sync 1 DAGs
[2026-01-03T13:49:17.018+0000] {logging_mixin.py:150} INFO - [2026-01-03T13:49:17.017+0000] {dag.py:2763} INFO - Creating ORM DAG for example_params_trigger_ui
[2026-01-03T13:49:17.024+0000] {logging_mixin.py:150} INFO - [2026-01-03T13:49:17.024+0000] {dag.py:3504} INFO - Setting next_dagrun for example_params_trigger_ui to None, run_after=None
[2026-01-03T13:49:17.041+0000] {processor.py:179} INFO - Processing /home/vscode/.local/lib/python3.10/site-packages/airflow/example_dags/example_params_trigger_ui.py took 0.163 seconds
[2026-01-03T13:50:02.248+0000] {processor.py:157} INFO - Started process (PID=10498) to work on /home/vscode/.local/lib/python3.10/site-packages/airflow/example_dags/example_params_trigger_ui.py
[2026-01-03T13:50:02.249+0000] {processor.py:826} INFO - Processing file /home/vscode/.local/lib/python3.10/site-packages/airflow/example_dags/example_params_trigger_ui.py for tasks to queue
[2026-01-03T13:50:02.250+0000] {logging_mixin.py:150} INFO - [2026-01-03T13:50:02.249+0000] {dagbag.py:541} INFO - Filling up the DagBag from /home/vscode/.local/lib/python3.10/site-packages/airflow/example_dags/example_params_trigger_ui.py
[2026-01-03T13:50:02.268+0000] {processor.py:836} INFO - DAG(s) dict_keys(['example_params_trigger_ui']) retrieved from /home/vscode/.local/lib/python3.10/site-packages/airflow/example_dags/example_params_trigger_ui.py
[2026-01-03T13:50:02.311+0000] {logging_mixin.py:150} INFO - [2026-01-03T13:50:02.311+0000] {dag.py:2742} INFO - Sync 1 DAGs
[2026-01-03T13:50:02.326+0000] {logging_mixin.py:150} INFO - [2026-01-03T13:50:02.326+0000] {dag.py:3504} INFO - Setting next_dagrun for example_params_trigger_ui to None, run_after=None
[2026-01-03T13:50:02.343+0000] {processor.py:179} INFO - Processing /home/vscode/.local/lib/python3.10/site-packages/airflow/example_dags/example_params_trigger_ui.py took 0.097 seconds
[2026-01-03T13:50:45.531+0000] {processor.py:157} INFO - Started process (PID=10820) to work on /home/vscode/.local/lib/python3.10/site-packages/airflow/example_dags/example_params_trigger_ui.py
[2026-01-03T13:50:45.532+0000] {processor.py:826} INFO - Processing file /home/vscode/.local/lib/python3.10/site-packages/airflow/example_dags/example_params_trigger_ui.py for tasks to queue
[2026-01-03T13:50:45.532+0000] {logging_mixin.py:150} INFO - [2026-01-03T13:50:45.532+0000] {dagbag.py:541} INFO - Filling up the DagBag from /home/vscode/.local/lib/python3.10/site-packages/airflow/example_dags/example_params_trigger_ui.py
[2026-01-03T13:50:45.546+0000] {processor.py:836} INFO - DAG(s) dict_keys(['example_params_trigger_ui']) retrieved from /home/vscode/.local/lib/python3.10/site-packages/airflow/example_dags/example_params_trigger_ui.py
[2026-01-03T13:50:45.576+0000] {logging_mixin.py:150} INFO - [2026-01-03T13:50:45.576+0000] {dag.py:2742} INFO - Sync 1 DAGs
[2026-01-03T13:50:45.592+0000] {logging_mixin.py:150} INFO - [2026-01-03T13:50:45.592+0000] {dag.py:3504} INFO - Setting next_dagrun for example_params_trigger_ui to None, run_after=None
[2026-01-03T13:50:45.608+0000] {processor.py:179} INFO - Processing /home/vscode/.local/lib/python3.10/site-packages/airflow/example_dags/example_params_trigger_ui.py took 0.079 seconds
[2026-01-03T13:51:30.420+0000] {processor.py:157} INFO - Started process (PID=11125) to work on /home/vscode/.local/lib/python3.10/site-packages/airflow/example_dags/example_params_trigger_ui.py
[2026-01-03T13:51:30.422+0000] {processor.py:826} INFO - Processing file /home/vscode/.local/lib/python3.10/site-packages/airflow/example_dags/example_params_trigger_ui.py for tasks to queue
[2026-01-03T13:51:30.424+0000] {logging_mixin.py:150} INFO - [2026-01-03T13:51:30.424+0000] {dagbag.py:541} INFO - Filling up the DagBag from /home/vscode/.local/lib/python3.10/site-packages/airflow/example_dags/example_params_trigger_ui.py
[2026-01-03T13:51:30.446+0000] {processor.py:836} INFO - DAG(s) dict_keys(['example_params_trigger_ui']) retrieved from /home/vscode/.local/lib/python3.10/site-packages/airflow/example_dags/example_params_trigger_ui.py
[2026-01-03T13:51:30.491+0000] {logging_mixin.py:150} INFO - [2026-01-03T13:51:30.491+0000] {dag.py:2742} INFO - Sync 1 DAGs
[2026-01-03T13:51:30.506+0000] {logging_mixin.py:150} INFO - [2026-01-03T13:51:30.506+0000] {dag.py:3504} INFO - Setting next_dagrun for example_params_trigger_ui to None, run_after=None
[2026-01-03T13:51:30.526+0000] {processor.py:179} INFO - Processing /home/vscode/.local/lib/python3.10/site-packages/airflow/example_dags/example_params_trigger_ui.py took 0.109 seconds
[2026-01-03T13:52:14.171+0000] {processor.py:157} INFO - Started process (PID=11465) to work on /home/vscode/.local/lib/python3.10/site-packages/airflow/example_dags/example_params_trigger_ui.py
[2026-01-03T13:52:14.171+0000] {processor.py:826} INFO - Processing file /home/vscode/.local/lib/python3.10/site-packages/airflow/example_dags/example_params_trigger_ui.py for tasks to queue
[2026-01-03T13:52:14.172+0000] {logging_mixin.py:150} INFO - [2026-01-03T13:52:14.172+0000] {dagbag.py:541} INFO - Filling up the DagBag from /home/vscode/.local/lib/python3.10/site-packages/airflow/example_dags/example_params_trigger_ui.py
[2026-01-03T13:52:14.186+0000] {processor.py:836} INFO - DAG(s) dict_keys(['example_params_trigger_ui']) retrieved from /home/vscode/.local/lib/python3.10/site-packages/airflow/example_dags/example_params_trigger_ui.py
[2026-01-03T13:52:14.218+0000] {logging_mixin.py:150} INFO - [2026-01-03T13:52:14.218+0000] {dag.py:2742} INFO - Sync 1 DAGs
[2026-01-03T13:52:14.234+0000] {logging_mixin.py:150} INFO - [2026-01-03T13:52:14.234+0000] {dag.py:3504} INFO - Setting next_dagrun for example_params_trigger_ui to None, run_after=None
[2026-01-03T13:52:14.252+0000] {processor.py:179} INFO - Processing /home/vscode/.local/lib/python3.10/site-packages/airflow/example_dags/example_params_trigger_ui.py took 0.084 seconds
[2026-01-03T13:52:57.273+0000] {processor.py:157} INFO - Started process (PID=11757) to work on /home/vscode/.local/lib/python3.10/site-packages/airflow/example_dags/example_params_trigger_ui.py
[2026-01-03T13:52:57.274+0000] {processor.py:826} INFO - Processing file /home/vscode/.local/lib/python3.10/site-packages/airflow/example_dags/example_params_trigger_ui.py for tasks to queue
[2026-01-03T13:52:57.275+0000] {logging_mixin.py:150} INFO - [2026-01-03T13:52:57.275+0000] {dagbag.py:541} INFO - Filling up the DagBag from /home/vscode/.local/lib/python3.10/site-packages/airflow/example_dags/example_params_trigger_ui.py
[2026-01-03T13:52:57.295+0000] {processor.py:836} INFO - DAG(s) dict_keys(['example_params_trigger_ui']) retrieved from /home/vscode/.local/lib/python3.10/site-packages/airflow/example_dags/example_params_trigger_ui.py
[2026-01-03T13:52:57.332+0000] {logging_mixin.py:150} INFO - [2026-01-03T13:52:57.332+0000] {dag.py:2742} INFO - Sync 1 DAGs
[2026-01-03T13:52:57.348+0000] {logging_mixin.py:150} INFO - [2026-01-03T13:52:57.348+0000] {dag.py:3504} INFO - Setting next_dagrun for example_params_trigger_ui to None, run_after=None
[2026-01-03T13:52:57.363+0000] {processor.py:179} INFO - Processing /home/vscode/.local/lib/python3.10/site-packages/airflow/example_dags/example_params_trigger_ui.py took 0.093 seconds
[2026-01-03T13:53:43.829+0000] {processor.py:157} INFO - Started process (PID=12122) to work on /home/vscode/.local/lib/python3.10/site-packages/airflow/example_dags/example_params_trigger_ui.py
[2026-01-03T13:53:43.830+0000] {processor.py:826} INFO - Processing file /home/vscode/.local/lib/python3.10/site-packages/airflow/example_dags/example_params_trigger_ui.py for tasks to queue
[2026-01-03T13:53:43.831+0000] {logging_mixin.py:150} INFO - [2026-01-03T13:53:43.831+0000] {dagbag.py:541} INFO - Filling up the DagBag from /home/vscode/.local/lib/python3.10/site-packages/airflow/example_dags/example_params_trigger_ui.py
[2026-01-03T13:53:43.844+0000] {processor.py:836} INFO - DAG(s) dict_keys(['example_params_trigger_ui']) retrieved from /home/vscode/.local/lib/python3.10/site-packages/airflow/example_dags/example_params_trigger_ui.py
[2026-01-03T13:53:43.875+0000] {logging_mixin.py:150} INFO - [2026-01-03T13:53:43.874+0000] {dag.py:2742} INFO - Sync 1 DAGs
[2026-01-03T13:53:43.889+0000] {logging_mixin.py:150} INFO - [2026-01-03T13:53:43.889+0000] {dag.py:3504} INFO - Setting next_dagrun for example_params_trigger_ui to None, run_after=None
[2026-01-03T13:53:43.905+0000] {processor.py:179} INFO - Processing /home/vscode/.local/lib/python3.10/site-packages/airflow/example_dags/example_params_trigger_ui.py took 0.078 seconds
[2026-01-03T13:54:24.415+0000] {processor.py:157} INFO - Started process (PID=12468) to work on /home/vscode/.local/lib/python3.10/site-packages/airflow/example_dags/example_params_trigger_ui.py
[2026-01-03T13:54:24.415+0000] {processor.py:826} INFO - Processing file /home/vscode/.local/lib/python3.10/site-packages/airflow/example_dags/example_params_trigger_ui.py for tasks to queue
[2026-01-03T13:54:24.416+0000] {logging_mixin.py:150} INFO - [2026-01-03T13:54:24.416+0000] {dagbag.py:541} INFO - Filling up the DagBag from /home/vscode/.local/lib/python3.10/site-packages/airflow/example_dags/example_params_trigger_ui.py
[2026-01-03T13:54:24.430+0000] {processor.py:836} INFO - DAG(s) dict_keys(['example_params_trigger_ui']) retrieved from /home/vscode/.local/lib/python3.10/site-packages/airflow/example_dags/example_params_trigger_ui.py
[2026-01-03T13:54:24.461+0000] {logging_mixin.py:150} INFO - [2026-01-03T13:54:24.461+0000] {dag.py:2742} INFO - Sync 1 DAGs
[2026-01-03T13:54:24.476+0000] {logging_mixin.py:150} INFO - [2026-01-03T13:54:24.476+0000] {dag.py:3504} INFO - Setting next_dagrun for example_params_trigger_ui to None, run_after=None
[2026-01-03T13:54:24.500+0000] {processor.py:179} INFO - Processing /home/vscode/.local/lib/python3.10/site-packages/airflow/example_dags/example_params_trigger_ui.py took 0.088 seconds
[2026-01-03T13:55:04.350+0000] {processor.py:157} INFO - Started process (PID=12778) to work on /home/vscode/.local/lib/python3.10/site-packages/airflow/example_dags/example_params_trigger_ui.py
[2026-01-03T13:55:04.351+0000] {processor.py:826} INFO - Processing file /home/vscode/.local/lib/python3.10/site-packages/airflow/example_dags/example_params_trigger_ui.py for tasks to queue
[2026-01-03T13:55:04.352+0000] {logging_mixin.py:150} INFO - [2026-01-03T13:55:04.352+0000] {dagbag.py:541} INFO - Filling up the DagBag from /home/vscode/.local/lib/python3.10/site-packages/airflow/example_dags/example_params_trigger_ui.py
[2026-01-03T13:55:04.365+0000] {processor.py:836} INFO - DAG(s) dict_keys(['example_params_trigger_ui']) retrieved from /home/vscode/.local/lib/python3.10/site-packages/airflow/example_dags/example_params_trigger_ui.py
[2026-01-03T13:55:04.396+0000] {logging_mixin.py:150} INFO - [2026-01-03T13:55:04.395+0000] {dag.py:2742} INFO - Sync 1 DAGs
[2026-01-03T13:55:04.411+0000] {logging_mixin.py:150} INFO - [2026-01-03T13:55:04.411+0000] {dag.py:3504} INFO - Setting next_dagrun for example_params_trigger_ui to None, run_after=None
[2026-01-03T13:55:04.426+0000] {processor.py:179} INFO - Processing /home/vscode/.local/lib/python3.10/site-packages/airflow/example_dags/example_params_trigger_ui.py took 0.078 seconds
[2026-01-03T13:55:47.755+0000] {processor.py:157} INFO - Started process (PID=13225) to work on /home/vscode/.local/lib/python3.10/site-packages/airflow/example_dags/example_params_trigger_ui.py
[2026-01-03T13:55:47.755+0000] {processor.py:826} INFO - Processing file /home/vscode/.local/lib/python3.10/site-packages/airflow/example_dags/example_params_trigger_ui.py for tasks to queue
[2026-01-03T13:55:47.756+0000] {logging_mixin.py:150} INFO - [2026-01-03T13:55:47.756+0000] {dagbag.py:541} INFO - Filling up the DagBag from /home/vscode/.local/lib/python3.10/site-packages/airflow/example_dags/example_params_trigger_ui.py
[2026-01-03T13:55:47.769+0000] {processor.py:836} INFO - DAG(s) dict_keys(['example_params_trigger_ui']) retrieved from /home/vscode/.local/lib/python3.10/site-packages/airflow/example_dags/example_params_trigger_ui.py
[2026-01-03T13:55:47.800+0000] {logging_mixin.py:150} INFO - [2026-01-03T13:55:47.800+0000] {dag.py:2742} INFO - Sync 1 DAGs
[2026-01-03T13:55:47.815+0000] {logging_mixin.py:150} INFO - [2026-01-03T13:55:47.815+0000] {dag.py:3504} INFO - Setting next_dagrun for example_params_trigger_ui to None, run_after=None
[2026-01-03T13:55:47.831+0000] {processor.py:179} INFO - Processing /home/vscode/.local/lib/python3.10/site-packages/airflow/example_dags/example_params_trigger_ui.py took 0.079 seconds
[2026-01-03T13:56:32.771+0000] {processor.py:157} INFO - Started process (PID=13655) to work on /home/vscode/.local/lib/python3.10/site-packages/airflow/example_dags/example_params_trigger_ui.py
[2026-01-03T13:56:32.772+0000] {processor.py:826} INFO - Processing file /home/vscode/.local/lib/python3.10/site-packages/airflow/example_dags/example_params_trigger_ui.py for tasks to queue
[2026-01-03T13:56:32.773+0000] {logging_mixin.py:150} INFO - [2026-01-03T13:56:32.772+0000] {dagbag.py:541} INFO - Filling up the DagBag from /home/vscode/.local/lib/python3.10/site-packages/airflow/example_dags/example_params_trigger_ui.py
[2026-01-03T13:56:32.786+0000] {processor.py:836} INFO - DAG(s) dict_keys(['example_params_trigger_ui']) retrieved from /home/vscode/.local/lib/python3.10/site-packages/airflow/example_dags/example_params_trigger_ui.py
[2026-01-03T13:56:32.816+0000] {logging_mixin.py:150} INFO - [2026-01-03T13:56:32.816+0000] {dag.py:2742} INFO - Sync 1 DAGs
[2026-01-03T13:56:32.831+0000] {logging_mixin.py:150} INFO - [2026-01-03T13:56:32.830+0000] {dag.py:3504} INFO - Setting next_dagrun for example_params_trigger_ui to None, run_after=None
[2026-01-03T13:56:32.845+0000] {processor.py:179} INFO - Processing /home/vscode/.local/lib/python3.10/site-packages/airflow/example_dags/example_params_trigger_ui.py took 0.077 seconds
[2026-01-03T13:57:21.849+0000] {processor.py:157} INFO - Started process (PID=14011) to work on /home/vscode/.local/lib/python3.10/site-packages/airflow/example_dags/example_params_trigger_ui.py
[2026-01-03T13:57:21.850+0000] {processor.py:826} INFO - Processing file /home/vscode/.local/lib/python3.10/site-packages/airflow/example_dags/example_params_trigger_ui.py for tasks to queue
[2026-01-03T13:57:21.851+0000] {logging_mixin.py:150} INFO - [2026-01-03T13:57:21.851+0000] {dagbag.py:541} INFO - Filling up the DagBag from /home/vscode/.local/lib/python3.10/site-packages/airflow/example_dags/example_params_trigger_ui.py
[2026-01-03T13:57:21.864+0000] {processor.py:836} INFO - DAG(s) dict_keys(['example_params_trigger_ui']) retrieved from /home/vscode/.local/lib/python3.10/site-packages/airflow/example_dags/example_params_trigger_ui.py
[2026-01-03T13:57:21.895+0000] {logging_mixin.py:150} INFO - [2026-01-03T13:57:21.895+0000] {dag.py:2742} INFO - Sync 1 DAGs
[2026-01-03T13:57:21.910+0000] {logging_mixin.py:150} INFO - [2026-01-03T13:57:21.910+0000] {dag.py:3504} INFO - Setting next_dagrun for example_params_trigger_ui to None, run_after=None
[2026-01-03T13:57:21.926+0000] {processor.py:179} INFO - Processing /home/vscode/.local/lib/python3.10/site-packages/airflow/example_dags/example_params_trigger_ui.py took 0.079 seconds
[2026-01-03T13:58:03.808+0000] {processor.py:157} INFO - Started process (PID=14296) to work on /home/vscode/.local/lib/python3.10/site-packages/airflow/example_dags/example_params_trigger_ui.py
[2026-01-03T13:58:03.809+0000] {processor.py:826} INFO - Processing file /home/vscode/.local/lib/python3.10/site-packages/airflow/example_dags/example_params_trigger_ui.py for tasks to queue
[2026-01-03T13:58:03.810+0000] {logging_mixin.py:150} INFO - [2026-01-03T13:58:03.809+0000] {dagbag.py:541} INFO - Filling up the DagBag from /home/vscode/.local/lib/python3.10/site-packages/airflow/example_dags/example_params_trigger_ui.py
[2026-01-03T13:58:03.822+0000] {processor.py:836} INFO - DAG(s) dict_keys(['example_params_trigger_ui']) retrieved from /home/vscode/.local/lib/python3.10/site-packages/airflow/example_dags/example_params_trigger_ui.py
[2026-01-03T13:58:03.852+0000] {logging_mixin.py:150} INFO - [2026-01-03T13:58:03.852+0000] {dag.py:2742} INFO - Sync 1 DAGs
[2026-01-03T13:58:03.866+0000] {logging_mixin.py:150} INFO - [2026-01-03T13:58:03.866+0000] {dag.py:3504} INFO - Setting next_dagrun for example_params_trigger_ui to None, run_after=None
[2026-01-03T13:58:03.882+0000] {processor.py:179} INFO - Processing /home/vscode/.local/lib/python3.10/site-packages/airflow/example_dags/example_params_trigger_ui.py took 0.077 seconds
[2026-01-03T13:58:45.028+0000] {processor.py:157} INFO - Started process (PID=14573) to work on /home/vscode/.local/lib/python3.10/site-packages/airflow/example_dags/example_params_trigger_ui.py
[2026-01-03T13:58:45.029+0000] {processor.py:826} INFO - Processing file /home/vscode/.local/lib/python3.10/site-packages/airflow/example_dags/example_params_trigger_ui.py for tasks to queue
[2026-01-03T13:58:45.030+0000] {logging_mixin.py:150} INFO - [2026-01-03T13:58:45.030+0000] {dagbag.py:541} INFO - Filling up the DagBag from /home/vscode/.local/lib/python3.10/site-packages/airflow/example_dags/example_params_trigger_ui.py
[2026-01-03T13:58:45.043+0000] {processor.py:836} INFO - DAG(s) dict_keys(['example_params_trigger_ui']) retrieved from /home/vscode/.local/lib/python3.10/site-packages/airflow/example_dags/example_params_trigger_ui.py
[2026-01-03T13:58:45.074+0000] {logging_mixin.py:150} INFO - [2026-01-03T13:58:45.074+0000] {dag.py:2742} INFO - Sync 1 DAGs
[2026-01-03T13:58:45.088+0000] {logging_mixin.py:150} INFO - [2026-01-03T13:58:45.088+0000] {dag.py:3504} INFO - Setting next_dagrun for example_params_trigger_ui to None, run_after=None
[2026-01-03T13:58:45.104+0000] {processor.py:179} INFO - Processing /home/vscode/.local/lib/python3.10/site-packages/airflow/example_dags/example_params_trigger_ui.py took 0.078 seconds
[2026-01-03T13:59:26.266+0000] {processor.py:157} INFO - Started process (PID=14880) to work on /home/vscode/.local/lib/python3.10/site-packages/airflow/example_dags/example_params_trigger_ui.py
[2026-01-03T13:59:26.267+0000] {processor.py:826} INFO - Processing file /home/vscode/.local/lib/python3.10/site-packages/airflow/example_dags/example_params_trigger_ui.py for tasks to queue
[2026-01-03T13:59:26.268+0000] {logging_mixin.py:150} INFO - [2026-01-03T13:59:26.267+0000] {dagbag.py:541} INFO - Filling up the DagBag from /home/vscode/.local/lib/python3.10/site-packages/airflow/example_dags/example_params_trigger_ui.py
[2026-01-03T13:59:26.280+0000] {processor.py:836} INFO - DAG(s) dict_keys(['example_params_trigger_ui']) retrieved from /home/vscode/.local/lib/python3.10/site-packages/airflow/example_dags/example_params_trigger_ui.py
[2026-01-03T13:59:26.310+0000] {logging_mixin.py:150} INFO - [2026-01-03T13:59:26.310+0000] {dag.py:2742} INFO - Sync 1 DAGs
[2026-01-03T13:59:26.325+0000] {logging_mixin.py:150} INFO - [2026-01-03T13:59:26.325+0000] {dag.py:3504} INFO - Setting next_dagrun for example_params_trigger_ui to None, run_after=None
[2026-01-03T13:59:26.340+0000] {processor.py:179} INFO - Processing /home/vscode/.local/lib/python3.10/site-packages/airflow/example_dags/example_params_trigger_ui.py took 0.076 seconds
[2026-01-03T14:00:12.943+0000] {processor.py:157} INFO - Started process (PID=15184) to work on /home/vscode/.local/lib/python3.10/site-packages/airflow/example_dags/example_params_trigger_ui.py
[2026-01-03T14:00:12.944+0000] {processor.py:826} INFO - Processing file /home/vscode/.local/lib/python3.10/site-packages/airflow/example_dags/example_params_trigger_ui.py for tasks to queue
[2026-01-03T14:00:12.945+0000] {logging_mixin.py:150} INFO - [2026-01-03T14:00:12.944+0000] {dagbag.py:541} INFO - Filling up the DagBag from /home/vscode/.local/lib/python3.10/site-packages/airflow/example_dags/example_params_trigger_ui.py
[2026-01-03T14:00:12.958+0000] {processor.py:836} INFO - DAG(s) dict_keys(['example_params_trigger_ui']) retrieved from /home/vscode/.local/lib/python3.10/site-packages/airflow/example_dags/example_params_trigger_ui.py
[2026-01-03T14:00:12.987+0000] {logging_mixin.py:150} INFO - [2026-01-03T14:00:12.987+0000] {dag.py:2742} INFO - Sync 1 DAGs
[2026-01-03T14:00:13.002+0000] {logging_mixin.py:150} INFO - [2026-01-03T14:00:13.002+0000] {dag.py:3504} INFO - Setting next_dagrun for example_params_trigger_ui to None, run_after=None
[2026-01-03T14:00:13.017+0000] {processor.py:179} INFO - Processing /home/vscode/.local/lib/python3.10/site-packages/airflow/example_dags/example_params_trigger_ui.py took 0.076 seconds
[2026-01-03T14:00:55.872+0000] {processor.py:157} INFO - Started process (PID=15477) to work on /home/vscode/.local/lib/python3.10/site-packages/airflow/example_dags/example_params_trigger_ui.py
[2026-01-03T14:00:55.872+0000] {processor.py:826} INFO - Processing file /home/vscode/.local/lib/python3.10/site-packages/airflow/example_dags/example_params_trigger_ui.py for tasks to queue
[2026-01-03T14:00:55.873+0000] {logging_mixin.py:150} INFO - [2026-01-03T14:00:55.873+0000] {dagbag.py:541} INFO - Filling up the DagBag from /home/vscode/.local/lib/python3.10/site-packages/airflow/example_dags/example_params_trigger_ui.py
[2026-01-03T14:00:55.886+0000] {processor.py:836} INFO - DAG(s) dict_keys(['example_params_trigger_ui']) retrieved from /home/vscode/.local/lib/python3.10/site-packages/airflow/example_dags/example_params_trigger_ui.py
[2026-01-03T14:00:55.919+0000] {logging_mixin.py:150} INFO - [2026-01-03T14:00:55.919+0000] {dag.py:2742} INFO - Sync 1 DAGs
[2026-01-03T14:00:55.940+0000] {logging_mixin.py:150} INFO - [2026-01-03T14:00:55.940+0000] {dag.py:3504} INFO - Setting next_dagrun for example_params_trigger_ui to None, run_after=None
[2026-01-03T14:00:55.957+0000] {processor.py:179} INFO - Processing /home/vscode/.local/lib/python3.10/site-packages/airflow/example_dags/example_params_trigger_ui.py took 0.088 seconds
[2026-01-03T14:01:45.425+0000] {processor.py:157} INFO - Started process (PID=15832) to work on /home/vscode/.local/lib/python3.10/site-packages/airflow/example_dags/example_params_trigger_ui.py
[2026-01-03T14:01:45.426+0000] {processor.py:826} INFO - Processing file /home/vscode/.local/lib/python3.10/site-packages/airflow/example_dags/example_params_trigger_ui.py for tasks to queue
[2026-01-03T14:01:45.426+0000] {logging_mixin.py:150} INFO - [2026-01-03T14:01:45.426+0000] {dagbag.py:541} INFO - Filling up the DagBag from /home/vscode/.local/lib/python3.10/site-packages/airflow/example_dags/example_params_trigger_ui.py
[2026-01-03T14:01:45.439+0000] {processor.py:836} INFO - DAG(s) dict_keys(['example_params_trigger_ui']) retrieved from /home/vscode/.local/lib/python3.10/site-packages/airflow/example_dags/example_params_trigger_ui.py
[2026-01-03T14:01:45.469+0000] {logging_mixin.py:150} INFO - [2026-01-03T14:01:45.469+0000] {dag.py:2742} INFO - Sync 1 DAGs
[2026-01-03T14:01:45.483+0000] {logging_mixin.py:150} INFO - [2026-01-03T14:01:45.483+0000] {dag.py:3504} INFO - Setting next_dagrun for example_params_trigger_ui to None, run_after=None
[2026-01-03T14:01:45.505+0000] {processor.py:179} INFO - Processing /home/vscode/.local/lib/python3.10/site-packages/airflow/example_dags/example_params_trigger_ui.py took 0.082 seconds
[2026-01-03T14:02:34.487+0000] {processor.py:157} INFO - Started process (PID=16196) to work on /home/vscode/.local/lib/python3.10/site-packages/airflow/example_dags/example_params_trigger_ui.py
[2026-01-03T14:02:34.488+0000] {processor.py:826} INFO - Processing file /home/vscode/.local/lib/python3.10/site-packages/airflow/example_dags/example_params_trigger_ui.py for tasks to queue
[2026-01-03T14:02:34.489+0000] {logging_mixin.py:150} INFO - [2026-01-03T14:02:34.488+0000] {dagbag.py:541} INFO - Filling up the DagBag from /home/vscode/.local/lib/python3.10/site-packages/airflow/example_dags/example_params_trigger_ui.py
[2026-01-03T14:02:34.502+0000] {processor.py:836} INFO - DAG(s) dict_keys(['example_params_trigger_ui']) retrieved from /home/vscode/.local/lib/python3.10/site-packages/airflow/example_dags/example_params_trigger_ui.py
[2026-01-03T14:02:34.533+0000] {logging_mixin.py:150} INFO - [2026-01-03T14:02:34.533+0000] {dag.py:2742} INFO - Sync 1 DAGs
[2026-01-03T14:02:34.547+0000] {logging_mixin.py:150} INFO - [2026-01-03T14:02:34.547+0000] {dag.py:3504} INFO - Setting next_dagrun for example_params_trigger_ui to None, run_after=None
[2026-01-03T14:02:34.562+0000] {processor.py:179} INFO - Processing /home/vscode/.local/lib/python3.10/site-packages/airflow/example_dags/example_params_trigger_ui.py took 0.077 seconds
[2026-01-03T14:03:13.209+0000] {processor.py:157} INFO - Started process (PID=16685) to work on /home/vscode/.local/lib/python3.10/site-packages/airflow/example_dags/example_params_trigger_ui.py
[2026-01-03T14:03:13.210+0000] {processor.py:826} INFO - Processing file /home/vscode/.local/lib/python3.10/site-packages/airflow/example_dags/example_params_trigger_ui.py for tasks to queue
[2026-01-03T14:03:13.211+0000] {logging_mixin.py:150} INFO - [2026-01-03T14:03:13.210+0000] {dagbag.py:541} INFO - Filling up the DagBag from /home/vscode/.local/lib/python3.10/site-packages/airflow/example_dags/example_params_trigger_ui.py
[2026-01-03T14:03:13.224+0000] {processor.py:836} INFO - DAG(s) dict_keys(['example_params_trigger_ui']) retrieved from /home/vscode/.local/lib/python3.10/site-packages/airflow/example_dags/example_params_trigger_ui.py
[2026-01-03T14:03:13.263+0000] {logging_mixin.py:150} INFO - [2026-01-03T14:03:13.263+0000] {dag.py:2742} INFO - Sync 1 DAGs
[2026-01-03T14:03:13.278+0000] {logging_mixin.py:150} INFO - [2026-01-03T14:03:13.277+0000] {dag.py:3504} INFO - Setting next_dagrun for example_params_trigger_ui to None, run_after=None
[2026-01-03T14:03:13.294+0000] {processor.py:179} INFO - Processing /home/vscode/.local/lib/python3.10/site-packages/airflow/example_dags/example_params_trigger_ui.py took 0.087 seconds
[2026-01-03T14:03:58.239+0000] {processor.py:157} INFO - Started process (PID=17291) to work on /home/vscode/.local/lib/python3.10/site-packages/airflow/example_dags/example_params_trigger_ui.py
[2026-01-03T14:03:58.240+0000] {processor.py:826} INFO - Processing file /home/vscode/.local/lib/python3.10/site-packages/airflow/example_dags/example_params_trigger_ui.py for tasks to queue
[2026-01-03T14:03:58.241+0000] {logging_mixin.py:150} INFO - [2026-01-03T14:03:58.240+0000] {dagbag.py:541} INFO - Filling up the DagBag from /home/vscode/.local/lib/python3.10/site-packages/airflow/example_dags/example_params_trigger_ui.py
[2026-01-03T14:03:58.253+0000] {processor.py:836} INFO - DAG(s) dict_keys(['example_params_trigger_ui']) retrieved from /home/vscode/.local/lib/python3.10/site-packages/airflow/example_dags/example_params_trigger_ui.py
[2026-01-03T14:03:58.284+0000] {logging_mixin.py:150} INFO - [2026-01-03T14:03:58.284+0000] {dag.py:2742} INFO - Sync 1 DAGs
[2026-01-03T14:03:58.301+0000] {logging_mixin.py:150} INFO - [2026-01-03T14:03:58.300+0000] {dag.py:3504} INFO - Setting next_dagrun for example_params_trigger_ui to None, run_after=None
[2026-01-03T14:03:58.344+0000] {processor.py:179} INFO - Processing /home/vscode/.local/lib/python3.10/site-packages/airflow/example_dags/example_params_trigger_ui.py took 0.108 seconds
