[2026-01-03T13:49:02.611+0000] {processor.py:157} INFO - Started process (PID=10041) to work on /home/vscode/.local/lib/python3.10/site-packages/airflow/example_dags/example_task_group_decorator.py
[2026-01-03T13:49:02.612+0000] {processor.py:826} INFO - Processing file /home/vscode/.local/lib/python3.10/site-packages/airflow/example_dags/example_task_group_decorator.py for tasks to queue
[2026-01-03T13:49:02.612+0000] {logging_mixin.py:150} INFO - [2026-01-03T13:49:02.612+0000] {dagbag.py:541} INFO - Filling up the DagBag from /home/vscode/.local/lib/python3.10/site-packages/airflow/example_dags/example_task_group_decorator.py
[2026-01-03T13:49:02.624+0000] {processor.py:836} INFO - DAG(s) dict_keys(['example_task_group_decorator']) retrieved from /home/vscode/.local/lib/python3.10/site-packages/airflow/example_dags/example_task_group_decorator.py
[2026-01-03T13:49:02.701+0000] {logging_mixin.py:150} INFO - [2026-01-03T13:49:02.701+0000] {manager.py:504} INFO - Created Permission View: can delete on DAG:example_task_group_decorator
[2026-01-03T13:49:02.710+0000] {logging_mixin.py:150} INFO - [2026-01-03T13:49:02.710+0000] {manager.py:504} INFO - Created Permission View: can read on DAG:example_task_group_decorator
[2026-01-03T13:49:02.717+0000] {logging_mixin.py:150} INFO - [2026-01-03T13:49:02.717+0000] {manager.py:504} INFO - Created Permission View: can edit on DAG:example_task_group_decorator
[2026-01-03T13:49:02.729+0000] {logging_mixin.py:150} INFO - [2026-01-03T13:49:02.728+0000] {dag.py:2742} INFO - Sync 1 DAGs
[2026-01-03T13:49:02.736+0000] {logging_mixin.py:150} INFO - [2026-01-03T13:49:02.735+0000] {dag.py:2763} INFO - Creating ORM DAG for example_task_group_decorator
[2026-01-03T13:49:02.742+0000] {logging_mixin.py:150} INFO - [2026-01-03T13:49:02.742+0000] {dag.py:3504} INFO - Setting next_dagrun for example_task_group_decorator to 2026-01-02T13:49:02.742273+00:00, run_after=2026-01-03T13:49:02.742273+00:00
[2026-01-03T13:49:02.758+0000] {processor.py:179} INFO - Processing /home/vscode/.local/lib/python3.10/site-packages/airflow/example_dags/example_task_group_decorator.py took 0.149 seconds
[2026-01-03T13:49:49.055+0000] {processor.py:157} INFO - Started process (PID=10389) to work on /home/vscode/.local/lib/python3.10/site-packages/airflow/example_dags/example_task_group_decorator.py
[2026-01-03T13:49:49.056+0000] {processor.py:826} INFO - Processing file /home/vscode/.local/lib/python3.10/site-packages/airflow/example_dags/example_task_group_decorator.py for tasks to queue
[2026-01-03T13:49:49.056+0000] {logging_mixin.py:150} INFO - [2026-01-03T13:49:49.056+0000] {dagbag.py:541} INFO - Filling up the DagBag from /home/vscode/.local/lib/python3.10/site-packages/airflow/example_dags/example_task_group_decorator.py
[2026-01-03T13:49:49.068+0000] {processor.py:836} INFO - DAG(s) dict_keys(['example_task_group_decorator']) retrieved from /home/vscode/.local/lib/python3.10/site-packages/airflow/example_dags/example_task_group_decorator.py
[2026-01-03T13:49:49.083+0000] {logging_mixin.py:150} INFO - [2026-01-03T13:49:49.083+0000] {dag.py:2742} INFO - Sync 1 DAGs
[2026-01-03T13:49:49.098+0000] {logging_mixin.py:150} INFO - [2026-01-03T13:49:49.098+0000] {dag.py:3504} INFO - Setting next_dagrun for example_task_group_decorator to 2026-01-02T13:49:49.098350+00:00, run_after=2026-01-03T13:49:49.098350+00:00
[2026-01-03T13:49:49.113+0000] {processor.py:179} INFO - Processing /home/vscode/.local/lib/python3.10/site-packages/airflow/example_dags/example_task_group_decorator.py took 0.061 seconds
[2026-01-03T13:50:33.130+0000] {processor.py:157} INFO - Started process (PID=10729) to work on /home/vscode/.local/lib/python3.10/site-packages/airflow/example_dags/example_task_group_decorator.py
[2026-01-03T13:50:33.131+0000] {processor.py:826} INFO - Processing file /home/vscode/.local/lib/python3.10/site-packages/airflow/example_dags/example_task_group_decorator.py for tasks to queue
[2026-01-03T13:50:33.131+0000] {logging_mixin.py:150} INFO - [2026-01-03T13:50:33.131+0000] {dagbag.py:541} INFO - Filling up the DagBag from /home/vscode/.local/lib/python3.10/site-packages/airflow/example_dags/example_task_group_decorator.py
[2026-01-03T13:50:33.153+0000] {processor.py:836} INFO - DAG(s) dict_keys(['example_task_group_decorator']) retrieved from /home/vscode/.local/lib/python3.10/site-packages/airflow/example_dags/example_task_group_decorator.py
[2026-01-03T13:50:33.169+0000] {logging_mixin.py:150} INFO - [2026-01-03T13:50:33.169+0000] {dag.py:2742} INFO - Sync 1 DAGs
[2026-01-03T13:50:33.184+0000] {logging_mixin.py:150} INFO - [2026-01-03T13:50:33.184+0000] {dag.py:3504} INFO - Setting next_dagrun for example_task_group_decorator to 2026-01-02T13:50:33.183922+00:00, run_after=2026-01-03T13:50:33.183922+00:00
[2026-01-03T13:50:33.199+0000] {processor.py:179} INFO - Processing /home/vscode/.local/lib/python3.10/site-packages/airflow/example_dags/example_task_group_decorator.py took 0.072 seconds
[2026-01-03T13:51:15.935+0000] {processor.py:157} INFO - Started process (PID=11025) to work on /home/vscode/.local/lib/python3.10/site-packages/airflow/example_dags/example_task_group_decorator.py
[2026-01-03T13:51:15.936+0000] {processor.py:826} INFO - Processing file /home/vscode/.local/lib/python3.10/site-packages/airflow/example_dags/example_task_group_decorator.py for tasks to queue
[2026-01-03T13:51:15.937+0000] {logging_mixin.py:150} INFO - [2026-01-03T13:51:15.936+0000] {dagbag.py:541} INFO - Filling up the DagBag from /home/vscode/.local/lib/python3.10/site-packages/airflow/example_dags/example_task_group_decorator.py
[2026-01-03T13:51:15.949+0000] {processor.py:836} INFO - DAG(s) dict_keys(['example_task_group_decorator']) retrieved from /home/vscode/.local/lib/python3.10/site-packages/airflow/example_dags/example_task_group_decorator.py
[2026-01-03T13:51:15.965+0000] {logging_mixin.py:150} INFO - [2026-01-03T13:51:15.965+0000] {dag.py:2742} INFO - Sync 1 DAGs
[2026-01-03T13:51:15.980+0000] {logging_mixin.py:150} INFO - [2026-01-03T13:51:15.980+0000] {dag.py:3504} INFO - Setting next_dagrun for example_task_group_decorator to 2026-01-02T13:51:15.980208+00:00, run_after=2026-01-03T13:51:15.980208+00:00
[2026-01-03T13:51:15.996+0000] {processor.py:179} INFO - Processing /home/vscode/.local/lib/python3.10/site-packages/airflow/example_dags/example_task_group_decorator.py took 0.063 seconds
[2026-01-03T13:51:59.316+0000] {processor.py:157} INFO - Started process (PID=11353) to work on /home/vscode/.local/lib/python3.10/site-packages/airflow/example_dags/example_task_group_decorator.py
[2026-01-03T13:51:59.316+0000] {processor.py:826} INFO - Processing file /home/vscode/.local/lib/python3.10/site-packages/airflow/example_dags/example_task_group_decorator.py for tasks to queue
[2026-01-03T13:51:59.317+0000] {logging_mixin.py:150} INFO - [2026-01-03T13:51:59.317+0000] {dagbag.py:541} INFO - Filling up the DagBag from /home/vscode/.local/lib/python3.10/site-packages/airflow/example_dags/example_task_group_decorator.py
[2026-01-03T13:51:59.329+0000] {processor.py:836} INFO - DAG(s) dict_keys(['example_task_group_decorator']) retrieved from /home/vscode/.local/lib/python3.10/site-packages/airflow/example_dags/example_task_group_decorator.py
[2026-01-03T13:51:59.344+0000] {logging_mixin.py:150} INFO - [2026-01-03T13:51:59.344+0000] {dag.py:2742} INFO - Sync 1 DAGs
[2026-01-03T13:51:59.360+0000] {logging_mixin.py:150} INFO - [2026-01-03T13:51:59.360+0000] {dag.py:3504} INFO - Setting next_dagrun for example_task_group_decorator to 2026-01-02T13:51:59.359822+00:00, run_after=2026-01-03T13:51:59.359822+00:00
[2026-01-03T13:51:59.376+0000] {processor.py:179} INFO - Processing /home/vscode/.local/lib/python3.10/site-packages/airflow/example_dags/example_task_group_decorator.py took 0.062 seconds
[2026-01-03T13:52:41.693+0000] {processor.py:157} INFO - Started process (PID=11647) to work on /home/vscode/.local/lib/python3.10/site-packages/airflow/example_dags/example_task_group_decorator.py
[2026-01-03T13:52:41.694+0000] {processor.py:826} INFO - Processing file /home/vscode/.local/lib/python3.10/site-packages/airflow/example_dags/example_task_group_decorator.py for tasks to queue
[2026-01-03T13:52:41.695+0000] {logging_mixin.py:150} INFO - [2026-01-03T13:52:41.694+0000] {dagbag.py:541} INFO - Filling up the DagBag from /home/vscode/.local/lib/python3.10/site-packages/airflow/example_dags/example_task_group_decorator.py
[2026-01-03T13:52:41.707+0000] {processor.py:836} INFO - DAG(s) dict_keys(['example_task_group_decorator']) retrieved from /home/vscode/.local/lib/python3.10/site-packages/airflow/example_dags/example_task_group_decorator.py
[2026-01-03T13:52:41.723+0000] {logging_mixin.py:150} INFO - [2026-01-03T13:52:41.723+0000] {dag.py:2742} INFO - Sync 1 DAGs
[2026-01-03T13:52:41.740+0000] {logging_mixin.py:150} INFO - [2026-01-03T13:52:41.739+0000] {dag.py:3504} INFO - Setting next_dagrun for example_task_group_decorator to 2026-01-02T13:52:41.739650+00:00, run_after=2026-01-03T13:52:41.739650+00:00
[2026-01-03T13:52:41.757+0000] {processor.py:179} INFO - Processing /home/vscode/.local/lib/python3.10/site-packages/airflow/example_dags/example_task_group_decorator.py took 0.067 seconds
[2026-01-03T13:53:25.106+0000] {processor.py:157} INFO - Started process (PID=11979) to work on /home/vscode/.local/lib/python3.10/site-packages/airflow/example_dags/example_task_group_decorator.py
[2026-01-03T13:53:25.107+0000] {processor.py:826} INFO - Processing file /home/vscode/.local/lib/python3.10/site-packages/airflow/example_dags/example_task_group_decorator.py for tasks to queue
[2026-01-03T13:53:25.108+0000] {logging_mixin.py:150} INFO - [2026-01-03T13:53:25.108+0000] {dagbag.py:541} INFO - Filling up the DagBag from /home/vscode/.local/lib/python3.10/site-packages/airflow/example_dags/example_task_group_decorator.py
[2026-01-03T13:53:25.121+0000] {processor.py:836} INFO - DAG(s) dict_keys(['example_task_group_decorator']) retrieved from /home/vscode/.local/lib/python3.10/site-packages/airflow/example_dags/example_task_group_decorator.py
[2026-01-03T13:53:25.137+0000] {logging_mixin.py:150} INFO - [2026-01-03T13:53:25.136+0000] {dag.py:2742} INFO - Sync 1 DAGs
[2026-01-03T13:53:25.152+0000] {logging_mixin.py:150} INFO - [2026-01-03T13:53:25.152+0000] {dag.py:3504} INFO - Setting next_dagrun for example_task_group_decorator to 2026-01-02T13:53:25.152399+00:00, run_after=2026-01-03T13:53:25.152399+00:00
[2026-01-03T13:53:25.169+0000] {processor.py:179} INFO - Processing /home/vscode/.local/lib/python3.10/site-packages/airflow/example_dags/example_task_group_decorator.py took 0.066 seconds
[2026-01-03T13:54:07.260+0000] {processor.py:157} INFO - Started process (PID=12326) to work on /home/vscode/.local/lib/python3.10/site-packages/airflow/example_dags/example_task_group_decorator.py
[2026-01-03T13:54:07.261+0000] {processor.py:826} INFO - Processing file /home/vscode/.local/lib/python3.10/site-packages/airflow/example_dags/example_task_group_decorator.py for tasks to queue
[2026-01-03T13:54:07.262+0000] {logging_mixin.py:150} INFO - [2026-01-03T13:54:07.262+0000] {dagbag.py:541} INFO - Filling up the DagBag from /home/vscode/.local/lib/python3.10/site-packages/airflow/example_dags/example_task_group_decorator.py
[2026-01-03T13:54:07.274+0000] {processor.py:836} INFO - DAG(s) dict_keys(['example_task_group_decorator']) retrieved from /home/vscode/.local/lib/python3.10/site-packages/airflow/example_dags/example_task_group_decorator.py
[2026-01-03T13:54:07.290+0000] {logging_mixin.py:150} INFO - [2026-01-03T13:54:07.289+0000] {dag.py:2742} INFO - Sync 1 DAGs
[2026-01-03T13:54:07.305+0000] {logging_mixin.py:150} INFO - [2026-01-03T13:54:07.305+0000] {dag.py:3504} INFO - Setting next_dagrun for example_task_group_decorator to 2026-01-02T13:54:07.305142+00:00, run_after=2026-01-03T13:54:07.305142+00:00
[2026-01-03T13:54:07.321+0000] {processor.py:179} INFO - Processing /home/vscode/.local/lib/python3.10/site-packages/airflow/example_dags/example_task_group_decorator.py took 0.063 seconds
[2026-01-03T13:54:48.795+0000] {processor.py:157} INFO - Started process (PID=12652) to work on /home/vscode/.local/lib/python3.10/site-packages/airflow/example_dags/example_task_group_decorator.py
[2026-01-03T13:54:48.796+0000] {processor.py:826} INFO - Processing file /home/vscode/.local/lib/python3.10/site-packages/airflow/example_dags/example_task_group_decorator.py for tasks to queue
[2026-01-03T13:54:48.797+0000] {logging_mixin.py:150} INFO - [2026-01-03T13:54:48.797+0000] {dagbag.py:541} INFO - Filling up the DagBag from /home/vscode/.local/lib/python3.10/site-packages/airflow/example_dags/example_task_group_decorator.py
[2026-01-03T13:54:48.809+0000] {processor.py:836} INFO - DAG(s) dict_keys(['example_task_group_decorator']) retrieved from /home/vscode/.local/lib/python3.10/site-packages/airflow/example_dags/example_task_group_decorator.py
[2026-01-03T13:54:48.824+0000] {logging_mixin.py:150} INFO - [2026-01-03T13:54:48.824+0000] {dag.py:2742} INFO - Sync 1 DAGs
[2026-01-03T13:54:48.842+0000] {logging_mixin.py:150} INFO - [2026-01-03T13:54:48.842+0000] {dag.py:3504} INFO - Setting next_dagrun for example_task_group_decorator to 2026-01-02T13:54:48.842538+00:00, run_after=2026-01-03T13:54:48.842538+00:00
[2026-01-03T13:54:48.859+0000] {processor.py:179} INFO - Processing /home/vscode/.local/lib/python3.10/site-packages/airflow/example_dags/example_task_group_decorator.py took 0.066 seconds
[2026-01-03T13:55:30.039+0000] {processor.py:157} INFO - Started process (PID=12969) to work on /home/vscode/.local/lib/python3.10/site-packages/airflow/example_dags/example_task_group_decorator.py
[2026-01-03T13:55:30.040+0000] {processor.py:826} INFO - Processing file /home/vscode/.local/lib/python3.10/site-packages/airflow/example_dags/example_task_group_decorator.py for tasks to queue
[2026-01-03T13:55:30.041+0000] {logging_mixin.py:150} INFO - [2026-01-03T13:55:30.041+0000] {dagbag.py:541} INFO - Filling up the DagBag from /home/vscode/.local/lib/python3.10/site-packages/airflow/example_dags/example_task_group_decorator.py
[2026-01-03T13:55:30.053+0000] {processor.py:836} INFO - DAG(s) dict_keys(['example_task_group_decorator']) retrieved from /home/vscode/.local/lib/python3.10/site-packages/airflow/example_dags/example_task_group_decorator.py
[2026-01-03T13:55:30.068+0000] {logging_mixin.py:150} INFO - [2026-01-03T13:55:30.068+0000] {dag.py:2742} INFO - Sync 1 DAGs
[2026-01-03T13:55:30.083+0000] {logging_mixin.py:150} INFO - [2026-01-03T13:55:30.083+0000] {dag.py:3504} INFO - Setting next_dagrun for example_task_group_decorator to 2026-01-02T13:55:30.083435+00:00, run_after=2026-01-03T13:55:30.083435+00:00
[2026-01-03T13:55:30.099+0000] {processor.py:179} INFO - Processing /home/vscode/.local/lib/python3.10/site-packages/airflow/example_dags/example_task_group_decorator.py took 0.062 seconds
[2026-01-03T13:56:13.341+0000] {processor.py:157} INFO - Started process (PID=13505) to work on /home/vscode/.local/lib/python3.10/site-packages/airflow/example_dags/example_task_group_decorator.py
[2026-01-03T13:56:13.342+0000] {processor.py:826} INFO - Processing file /home/vscode/.local/lib/python3.10/site-packages/airflow/example_dags/example_task_group_decorator.py for tasks to queue
[2026-01-03T13:56:13.342+0000] {logging_mixin.py:150} INFO - [2026-01-03T13:56:13.342+0000] {dagbag.py:541} INFO - Filling up the DagBag from /home/vscode/.local/lib/python3.10/site-packages/airflow/example_dags/example_task_group_decorator.py
[2026-01-03T13:56:13.354+0000] {processor.py:836} INFO - DAG(s) dict_keys(['example_task_group_decorator']) retrieved from /home/vscode/.local/lib/python3.10/site-packages/airflow/example_dags/example_task_group_decorator.py
[2026-01-03T13:56:13.369+0000] {logging_mixin.py:150} INFO - [2026-01-03T13:56:13.369+0000] {dag.py:2742} INFO - Sync 1 DAGs
[2026-01-03T13:56:13.385+0000] {logging_mixin.py:150} INFO - [2026-01-03T13:56:13.385+0000] {dag.py:3504} INFO - Setting next_dagrun for example_task_group_decorator to 2026-01-02T13:56:13.385184+00:00, run_after=2026-01-03T13:56:13.385184+00:00
[2026-01-03T13:56:13.400+0000] {processor.py:179} INFO - Processing /home/vscode/.local/lib/python3.10/site-packages/airflow/example_dags/example_task_group_decorator.py took 0.062 seconds
[2026-01-03T13:56:56.705+0000] {processor.py:157} INFO - Started process (PID=13843) to work on /home/vscode/.local/lib/python3.10/site-packages/airflow/example_dags/example_task_group_decorator.py
[2026-01-03T13:56:56.706+0000] {processor.py:826} INFO - Processing file /home/vscode/.local/lib/python3.10/site-packages/airflow/example_dags/example_task_group_decorator.py for tasks to queue
[2026-01-03T13:56:56.707+0000] {logging_mixin.py:150} INFO - [2026-01-03T13:56:56.707+0000] {dagbag.py:541} INFO - Filling up the DagBag from /home/vscode/.local/lib/python3.10/site-packages/airflow/example_dags/example_task_group_decorator.py
[2026-01-03T13:56:56.719+0000] {processor.py:836} INFO - DAG(s) dict_keys(['example_task_group_decorator']) retrieved from /home/vscode/.local/lib/python3.10/site-packages/airflow/example_dags/example_task_group_decorator.py
[2026-01-03T13:56:56.734+0000] {logging_mixin.py:150} INFO - [2026-01-03T13:56:56.734+0000] {dag.py:2742} INFO - Sync 1 DAGs
[2026-01-03T13:56:56.748+0000] {logging_mixin.py:150} INFO - [2026-01-03T13:56:56.748+0000] {dag.py:3504} INFO - Setting next_dagrun for example_task_group_decorator to 2026-01-02T13:56:56.748482+00:00, run_after=2026-01-03T13:56:56.748482+00:00
[2026-01-03T13:56:56.764+0000] {processor.py:179} INFO - Processing /home/vscode/.local/lib/python3.10/site-packages/airflow/example_dags/example_task_group_decorator.py took 0.061 seconds
[2026-01-03T13:57:43.238+0000] {processor.py:157} INFO - Started process (PID=14158) to work on /home/vscode/.local/lib/python3.10/site-packages/airflow/example_dags/example_task_group_decorator.py
[2026-01-03T13:57:43.239+0000] {processor.py:826} INFO - Processing file /home/vscode/.local/lib/python3.10/site-packages/airflow/example_dags/example_task_group_decorator.py for tasks to queue
[2026-01-03T13:57:43.239+0000] {logging_mixin.py:150} INFO - [2026-01-03T13:57:43.239+0000] {dagbag.py:541} INFO - Filling up the DagBag from /home/vscode/.local/lib/python3.10/site-packages/airflow/example_dags/example_task_group_decorator.py
[2026-01-03T13:57:43.251+0000] {processor.py:836} INFO - DAG(s) dict_keys(['example_task_group_decorator']) retrieved from /home/vscode/.local/lib/python3.10/site-packages/airflow/example_dags/example_task_group_decorator.py
[2026-01-03T13:57:43.266+0000] {logging_mixin.py:150} INFO - [2026-01-03T13:57:43.266+0000] {dag.py:2742} INFO - Sync 1 DAGs
[2026-01-03T13:57:43.281+0000] {logging_mixin.py:150} INFO - [2026-01-03T13:57:43.281+0000] {dag.py:3504} INFO - Setting next_dagrun for example_task_group_decorator to 2026-01-02T13:57:43.280951+00:00, run_after=2026-01-03T13:57:43.280951+00:00
[2026-01-03T13:57:43.297+0000] {processor.py:179} INFO - Processing /home/vscode/.local/lib/python3.10/site-packages/airflow/example_dags/example_task_group_decorator.py took 0.061 seconds
[2026-01-03T13:58:23.748+0000] {processor.py:157} INFO - Started process (PID=14426) to work on /home/vscode/.local/lib/python3.10/site-packages/airflow/example_dags/example_task_group_decorator.py
[2026-01-03T13:58:23.749+0000] {processor.py:826} INFO - Processing file /home/vscode/.local/lib/python3.10/site-packages/airflow/example_dags/example_task_group_decorator.py for tasks to queue
[2026-01-03T13:58:23.750+0000] {logging_mixin.py:150} INFO - [2026-01-03T13:58:23.749+0000] {dagbag.py:541} INFO - Filling up the DagBag from /home/vscode/.local/lib/python3.10/site-packages/airflow/example_dags/example_task_group_decorator.py
[2026-01-03T13:58:23.761+0000] {processor.py:836} INFO - DAG(s) dict_keys(['example_task_group_decorator']) retrieved from /home/vscode/.local/lib/python3.10/site-packages/airflow/example_dags/example_task_group_decorator.py
[2026-01-03T13:58:23.777+0000] {logging_mixin.py:150} INFO - [2026-01-03T13:58:23.777+0000] {dag.py:2742} INFO - Sync 1 DAGs
[2026-01-03T13:58:23.791+0000] {logging_mixin.py:150} INFO - [2026-01-03T13:58:23.791+0000] {dag.py:3504} INFO - Setting next_dagrun for example_task_group_decorator to 2026-01-02T13:58:23.791577+00:00, run_after=2026-01-03T13:58:23.791577+00:00
[2026-01-03T13:58:23.807+0000] {processor.py:179} INFO - Processing /home/vscode/.local/lib/python3.10/site-packages/airflow/example_dags/example_task_group_decorator.py took 0.062 seconds
[2026-01-03T13:59:05.421+0000] {processor.py:157} INFO - Started process (PID=14741) to work on /home/vscode/.local/lib/python3.10/site-packages/airflow/example_dags/example_task_group_decorator.py
[2026-01-03T13:59:05.422+0000] {processor.py:826} INFO - Processing file /home/vscode/.local/lib/python3.10/site-packages/airflow/example_dags/example_task_group_decorator.py for tasks to queue
[2026-01-03T13:59:05.422+0000] {logging_mixin.py:150} INFO - [2026-01-03T13:59:05.422+0000] {dagbag.py:541} INFO - Filling up the DagBag from /home/vscode/.local/lib/python3.10/site-packages/airflow/example_dags/example_task_group_decorator.py
[2026-01-03T13:59:05.434+0000] {processor.py:836} INFO - DAG(s) dict_keys(['example_task_group_decorator']) retrieved from /home/vscode/.local/lib/python3.10/site-packages/airflow/example_dags/example_task_group_decorator.py
[2026-01-03T13:59:05.448+0000] {logging_mixin.py:150} INFO - [2026-01-03T13:59:05.448+0000] {dag.py:2742} INFO - Sync 1 DAGs
[2026-01-03T13:59:05.462+0000] {logging_mixin.py:150} INFO - [2026-01-03T13:59:05.462+0000] {dag.py:3504} INFO - Setting next_dagrun for example_task_group_decorator to 2026-01-02T13:59:05.462460+00:00, run_after=2026-01-03T13:59:05.462460+00:00
[2026-01-03T13:59:05.477+0000] {processor.py:179} INFO - Processing /home/vscode/.local/lib/python3.10/site-packages/airflow/example_dags/example_task_group_decorator.py took 0.059 seconds
[2026-01-03T13:59:51.954+0000] {processor.py:157} INFO - Started process (PID=15045) to work on /home/vscode/.local/lib/python3.10/site-packages/airflow/example_dags/example_task_group_decorator.py
[2026-01-03T13:59:51.955+0000] {processor.py:826} INFO - Processing file /home/vscode/.local/lib/python3.10/site-packages/airflow/example_dags/example_task_group_decorator.py for tasks to queue
[2026-01-03T13:59:51.956+0000] {logging_mixin.py:150} INFO - [2026-01-03T13:59:51.955+0000] {dagbag.py:541} INFO - Filling up the DagBag from /home/vscode/.local/lib/python3.10/site-packages/airflow/example_dags/example_task_group_decorator.py
[2026-01-03T13:59:51.974+0000] {processor.py:836} INFO - DAG(s) dict_keys(['example_task_group_decorator']) retrieved from /home/vscode/.local/lib/python3.10/site-packages/airflow/example_dags/example_task_group_decorator.py
[2026-01-03T13:59:51.997+0000] {logging_mixin.py:150} INFO - [2026-01-03T13:59:51.996+0000] {dag.py:2742} INFO - Sync 1 DAGs
[2026-01-03T13:59:52.012+0000] {logging_mixin.py:150} INFO - [2026-01-03T13:59:52.012+0000] {dag.py:3504} INFO - Setting next_dagrun for example_task_group_decorator to 2026-01-02T13:59:52.012561+00:00, run_after=2026-01-03T13:59:52.012561+00:00
[2026-01-03T13:59:52.029+0000] {processor.py:179} INFO - Processing /home/vscode/.local/lib/python3.10/site-packages/airflow/example_dags/example_task_group_decorator.py took 0.079 seconds
[2026-01-03T14:00:35.037+0000] {processor.py:157} INFO - Started process (PID=15332) to work on /home/vscode/.local/lib/python3.10/site-packages/airflow/example_dags/example_task_group_decorator.py
[2026-01-03T14:00:35.038+0000] {processor.py:826} INFO - Processing file /home/vscode/.local/lib/python3.10/site-packages/airflow/example_dags/example_task_group_decorator.py for tasks to queue
[2026-01-03T14:00:35.038+0000] {logging_mixin.py:150} INFO - [2026-01-03T14:00:35.038+0000] {dagbag.py:541} INFO - Filling up the DagBag from /home/vscode/.local/lib/python3.10/site-packages/airflow/example_dags/example_task_group_decorator.py
[2026-01-03T14:00:35.055+0000] {processor.py:836} INFO - DAG(s) dict_keys(['example_task_group_decorator']) retrieved from /home/vscode/.local/lib/python3.10/site-packages/airflow/example_dags/example_task_group_decorator.py
[2026-01-03T14:00:35.079+0000] {logging_mixin.py:150} INFO - [2026-01-03T14:00:35.079+0000] {dag.py:2742} INFO - Sync 1 DAGs
[2026-01-03T14:00:35.111+0000] {logging_mixin.py:150} INFO - [2026-01-03T14:00:35.110+0000] {dag.py:3504} INFO - Setting next_dagrun for example_task_group_decorator to 2026-01-02T14:00:35.110680+00:00, run_after=2026-01-03T14:00:35.110680+00:00
[2026-01-03T14:00:35.141+0000] {processor.py:179} INFO - Processing /home/vscode/.local/lib/python3.10/site-packages/airflow/example_dags/example_task_group_decorator.py took 0.106 seconds
[2026-01-03T14:01:14.041+0000] {processor.py:157} INFO - Started process (PID=15599) to work on /home/vscode/.local/lib/python3.10/site-packages/airflow/example_dags/example_task_group_decorator.py
[2026-01-03T14:01:14.041+0000] {processor.py:826} INFO - Processing file /home/vscode/.local/lib/python3.10/site-packages/airflow/example_dags/example_task_group_decorator.py for tasks to queue
[2026-01-03T14:01:14.042+0000] {logging_mixin.py:150} INFO - [2026-01-03T14:01:14.042+0000] {dagbag.py:541} INFO - Filling up the DagBag from /home/vscode/.local/lib/python3.10/site-packages/airflow/example_dags/example_task_group_decorator.py
[2026-01-03T14:01:14.054+0000] {processor.py:836} INFO - DAG(s) dict_keys(['example_task_group_decorator']) retrieved from /home/vscode/.local/lib/python3.10/site-packages/airflow/example_dags/example_task_group_decorator.py
[2026-01-03T14:01:14.069+0000] {logging_mixin.py:150} INFO - [2026-01-03T14:01:14.069+0000] {dag.py:2742} INFO - Sync 1 DAGs
[2026-01-03T14:01:14.088+0000] {logging_mixin.py:150} INFO - [2026-01-03T14:01:14.088+0000] {dag.py:3504} INFO - Setting next_dagrun for example_task_group_decorator to 2026-01-02T14:01:14.088045+00:00, run_after=2026-01-03T14:01:14.088045+00:00
[2026-01-03T14:01:14.108+0000] {processor.py:179} INFO - Processing /home/vscode/.local/lib/python3.10/site-packages/airflow/example_dags/example_task_group_decorator.py took 0.070 seconds
[2026-01-03T14:01:57.484+0000] {processor.py:157} INFO - Started process (PID=15925) to work on /home/vscode/.local/lib/python3.10/site-packages/airflow/example_dags/example_task_group_decorator.py
[2026-01-03T14:01:57.484+0000] {processor.py:826} INFO - Processing file /home/vscode/.local/lib/python3.10/site-packages/airflow/example_dags/example_task_group_decorator.py for tasks to queue
[2026-01-03T14:01:57.485+0000] {logging_mixin.py:150} INFO - [2026-01-03T14:01:57.485+0000] {dagbag.py:541} INFO - Filling up the DagBag from /home/vscode/.local/lib/python3.10/site-packages/airflow/example_dags/example_task_group_decorator.py
[2026-01-03T14:01:57.497+0000] {processor.py:836} INFO - DAG(s) dict_keys(['example_task_group_decorator']) retrieved from /home/vscode/.local/lib/python3.10/site-packages/airflow/example_dags/example_task_group_decorator.py
[2026-01-03T14:01:57.511+0000] {logging_mixin.py:150} INFO - [2026-01-03T14:01:57.511+0000] {dag.py:2742} INFO - Sync 1 DAGs
[2026-01-03T14:01:57.526+0000] {logging_mixin.py:150} INFO - [2026-01-03T14:01:57.526+0000] {dag.py:3504} INFO - Setting next_dagrun for example_task_group_decorator to 2026-01-02T14:01:57.526256+00:00, run_after=2026-01-03T14:01:57.526256+00:00
[2026-01-03T14:01:57.541+0000] {processor.py:179} INFO - Processing /home/vscode/.local/lib/python3.10/site-packages/airflow/example_dags/example_task_group_decorator.py took 0.060 seconds
[2026-01-03T14:02:42.373+0000] {processor.py:157} INFO - Started process (PID=16285) to work on /home/vscode/.local/lib/python3.10/site-packages/airflow/example_dags/example_task_group_decorator.py
[2026-01-03T14:02:42.374+0000] {processor.py:826} INFO - Processing file /home/vscode/.local/lib/python3.10/site-packages/airflow/example_dags/example_task_group_decorator.py for tasks to queue
[2026-01-03T14:02:42.374+0000] {logging_mixin.py:150} INFO - [2026-01-03T14:02:42.374+0000] {dagbag.py:541} INFO - Filling up the DagBag from /home/vscode/.local/lib/python3.10/site-packages/airflow/example_dags/example_task_group_decorator.py
[2026-01-03T14:02:42.386+0000] {processor.py:836} INFO - DAG(s) dict_keys(['example_task_group_decorator']) retrieved from /home/vscode/.local/lib/python3.10/site-packages/airflow/example_dags/example_task_group_decorator.py
[2026-01-03T14:02:42.401+0000] {logging_mixin.py:150} INFO - [2026-01-03T14:02:42.401+0000] {dag.py:2742} INFO - Sync 1 DAGs
[2026-01-03T14:02:42.416+0000] {logging_mixin.py:150} INFO - [2026-01-03T14:02:42.416+0000] {dag.py:3504} INFO - Setting next_dagrun for example_task_group_decorator to 2026-01-02T14:02:42.416015+00:00, run_after=2026-01-03T14:02:42.416015+00:00
[2026-01-03T14:02:42.431+0000] {processor.py:179} INFO - Processing /home/vscode/.local/lib/python3.10/site-packages/airflow/example_dags/example_task_group_decorator.py took 0.061 seconds
[2026-01-03T14:03:21.779+0000] {processor.py:157} INFO - Started process (PID=16812) to work on /home/vscode/.local/lib/python3.10/site-packages/airflow/example_dags/example_task_group_decorator.py
[2026-01-03T14:03:21.779+0000] {processor.py:826} INFO - Processing file /home/vscode/.local/lib/python3.10/site-packages/airflow/example_dags/example_task_group_decorator.py for tasks to queue
[2026-01-03T14:03:21.780+0000] {logging_mixin.py:150} INFO - [2026-01-03T14:03:21.780+0000] {dagbag.py:541} INFO - Filling up the DagBag from /home/vscode/.local/lib/python3.10/site-packages/airflow/example_dags/example_task_group_decorator.py
[2026-01-03T14:03:21.791+0000] {processor.py:836} INFO - DAG(s) dict_keys(['example_task_group_decorator']) retrieved from /home/vscode/.local/lib/python3.10/site-packages/airflow/example_dags/example_task_group_decorator.py
[2026-01-03T14:03:21.807+0000] {logging_mixin.py:150} INFO - [2026-01-03T14:03:21.806+0000] {dag.py:2742} INFO - Sync 1 DAGs
[2026-01-03T14:03:21.821+0000] {logging_mixin.py:150} INFO - [2026-01-03T14:03:21.821+0000] {dag.py:3504} INFO - Setting next_dagrun for example_task_group_decorator to 2026-01-02T14:03:21.821047+00:00, run_after=2026-01-03T14:03:21.821047+00:00
[2026-01-03T14:03:21.836+0000] {processor.py:179} INFO - Processing /home/vscode/.local/lib/python3.10/site-packages/airflow/example_dags/example_task_group_decorator.py took 0.060 seconds
[2026-01-03T14:04:08.227+0000] {processor.py:157} INFO - Started process (PID=17363) to work on /home/vscode/.local/lib/python3.10/site-packages/airflow/example_dags/example_task_group_decorator.py
[2026-01-03T14:04:08.227+0000] {processor.py:826} INFO - Processing file /home/vscode/.local/lib/python3.10/site-packages/airflow/example_dags/example_task_group_decorator.py for tasks to queue
[2026-01-03T14:04:08.228+0000] {logging_mixin.py:150} INFO - [2026-01-03T14:04:08.228+0000] {dagbag.py:541} INFO - Filling up the DagBag from /home/vscode/.local/lib/python3.10/site-packages/airflow/example_dags/example_task_group_decorator.py
[2026-01-03T14:04:08.239+0000] {processor.py:836} INFO - DAG(s) dict_keys(['example_task_group_decorator']) retrieved from /home/vscode/.local/lib/python3.10/site-packages/airflow/example_dags/example_task_group_decorator.py
[2026-01-03T14:04:08.256+0000] {logging_mixin.py:150} INFO - [2026-01-03T14:04:08.256+0000] {dag.py:2742} INFO - Sync 1 DAGs
[2026-01-03T14:04:08.273+0000] {logging_mixin.py:150} INFO - [2026-01-03T14:04:08.273+0000] {dag.py:3504} INFO - Setting next_dagrun for example_task_group_decorator to 2026-01-02T14:04:08.273089+00:00, run_after=2026-01-03T14:04:08.273089+00:00
[2026-01-03T14:04:08.287+0000] {processor.py:179} INFO - Processing /home/vscode/.local/lib/python3.10/site-packages/airflow/example_dags/example_task_group_decorator.py took 0.063 seconds
