[2026-01-03T13:49:19.645+0000] {processor.py:157} INFO - Started process (PID=10176) to work on /home/vscode/.local/lib/python3.10/site-packages/airflow/example_dags/example_latest_only.py
[2026-01-03T13:49:19.646+0000] {processor.py:826} INFO - Processing file /home/vscode/.local/lib/python3.10/site-packages/airflow/example_dags/example_latest_only.py for tasks to queue
[2026-01-03T13:49:19.647+0000] {logging_mixin.py:150} INFO - [2026-01-03T13:49:19.646+0000] {dagbag.py:541} INFO - Filling up the DagBag from /home/vscode/.local/lib/python3.10/site-packages/airflow/example_dags/example_latest_only.py
[2026-01-03T13:49:19.652+0000] {processor.py:836} INFO - DAG(s) dict_keys(['latest_only']) retrieved from /home/vscode/.local/lib/python3.10/site-packages/airflow/example_dags/example_latest_only.py
[2026-01-03T13:49:19.724+0000] {logging_mixin.py:150} INFO - [2026-01-03T13:49:19.724+0000] {manager.py:504} INFO - Created Permission View: can delete on DAG:latest_only
[2026-01-03T13:49:19.732+0000] {logging_mixin.py:150} INFO - [2026-01-03T13:49:19.732+0000] {manager.py:504} INFO - Created Permission View: can read on DAG:latest_only
[2026-01-03T13:49:19.738+0000] {logging_mixin.py:150} INFO - [2026-01-03T13:49:19.738+0000] {manager.py:504} INFO - Created Permission View: can edit on DAG:latest_only
[2026-01-03T13:49:19.746+0000] {logging_mixin.py:150} INFO - [2026-01-03T13:49:19.745+0000] {dag.py:2742} INFO - Sync 1 DAGs
[2026-01-03T13:49:19.752+0000] {logging_mixin.py:150} INFO - [2026-01-03T13:49:19.752+0000] {dag.py:2763} INFO - Creating ORM DAG for latest_only
[2026-01-03T13:49:19.759+0000] {logging_mixin.py:150} INFO - [2026-01-03T13:49:19.758+0000] {dag.py:3504} INFO - Setting next_dagrun for latest_only to 2026-01-03T09:49:19.758735+00:00, run_after=2026-01-03T13:49:19.758735+00:00
[2026-01-03T13:49:19.774+0000] {processor.py:179} INFO - Processing /home/vscode/.local/lib/python3.10/site-packages/airflow/example_dags/example_latest_only.py took 0.131 seconds
[2026-01-03T13:50:05.065+0000] {processor.py:157} INFO - Started process (PID=10516) to work on /home/vscode/.local/lib/python3.10/site-packages/airflow/example_dags/example_latest_only.py
[2026-01-03T13:50:05.066+0000] {processor.py:826} INFO - Processing file /home/vscode/.local/lib/python3.10/site-packages/airflow/example_dags/example_latest_only.py for tasks to queue
[2026-01-03T13:50:05.067+0000] {logging_mixin.py:150} INFO - [2026-01-03T13:50:05.067+0000] {dagbag.py:541} INFO - Filling up the DagBag from /home/vscode/.local/lib/python3.10/site-packages/airflow/example_dags/example_latest_only.py
[2026-01-03T13:50:05.072+0000] {processor.py:836} INFO - DAG(s) dict_keys(['latest_only']) retrieved from /home/vscode/.local/lib/python3.10/site-packages/airflow/example_dags/example_latest_only.py
[2026-01-03T13:50:05.086+0000] {logging_mixin.py:150} INFO - [2026-01-03T13:50:05.086+0000] {dag.py:2742} INFO - Sync 1 DAGs
[2026-01-03T13:50:05.101+0000] {logging_mixin.py:150} INFO - [2026-01-03T13:50:05.101+0000] {dag.py:3504} INFO - Setting next_dagrun for latest_only to 2026-01-03T09:50:05.101211+00:00, run_after=2026-01-03T13:50:05.101211+00:00
[2026-01-03T13:50:05.117+0000] {processor.py:179} INFO - Processing /home/vscode/.local/lib/python3.10/site-packages/airflow/example_dags/example_latest_only.py took 0.054 seconds
[2026-01-03T13:50:48.556+0000] {processor.py:157} INFO - Started process (PID=10844) to work on /home/vscode/.local/lib/python3.10/site-packages/airflow/example_dags/example_latest_only.py
[2026-01-03T13:50:48.557+0000] {processor.py:826} INFO - Processing file /home/vscode/.local/lib/python3.10/site-packages/airflow/example_dags/example_latest_only.py for tasks to queue
[2026-01-03T13:50:48.557+0000] {logging_mixin.py:150} INFO - [2026-01-03T13:50:48.557+0000] {dagbag.py:541} INFO - Filling up the DagBag from /home/vscode/.local/lib/python3.10/site-packages/airflow/example_dags/example_latest_only.py
[2026-01-03T13:50:48.563+0000] {processor.py:836} INFO - DAG(s) dict_keys(['latest_only']) retrieved from /home/vscode/.local/lib/python3.10/site-packages/airflow/example_dags/example_latest_only.py
[2026-01-03T13:50:48.576+0000] {logging_mixin.py:150} INFO - [2026-01-03T13:50:48.576+0000] {dag.py:2742} INFO - Sync 1 DAGs
[2026-01-03T13:50:48.592+0000] {logging_mixin.py:150} INFO - [2026-01-03T13:50:48.592+0000] {dag.py:3504} INFO - Setting next_dagrun for latest_only to 2026-01-03T09:50:48.592016+00:00, run_after=2026-01-03T13:50:48.592016+00:00
[2026-01-03T13:50:48.608+0000] {processor.py:179} INFO - Processing /home/vscode/.local/lib/python3.10/site-packages/airflow/example_dags/example_latest_only.py took 0.055 seconds
[2026-01-03T13:51:36.202+0000] {processor.py:157} INFO - Started process (PID=11173) to work on /home/vscode/.local/lib/python3.10/site-packages/airflow/example_dags/example_latest_only.py
[2026-01-03T13:51:36.202+0000] {processor.py:826} INFO - Processing file /home/vscode/.local/lib/python3.10/site-packages/airflow/example_dags/example_latest_only.py for tasks to queue
[2026-01-03T13:51:36.203+0000] {logging_mixin.py:150} INFO - [2026-01-03T13:51:36.203+0000] {dagbag.py:541} INFO - Filling up the DagBag from /home/vscode/.local/lib/python3.10/site-packages/airflow/example_dags/example_latest_only.py
[2026-01-03T13:51:36.208+0000] {processor.py:836} INFO - DAG(s) dict_keys(['latest_only']) retrieved from /home/vscode/.local/lib/python3.10/site-packages/airflow/example_dags/example_latest_only.py
[2026-01-03T13:51:36.221+0000] {logging_mixin.py:150} INFO - [2026-01-03T13:51:36.221+0000] {dag.py:2742} INFO - Sync 1 DAGs
[2026-01-03T13:51:36.237+0000] {logging_mixin.py:150} INFO - [2026-01-03T13:51:36.236+0000] {dag.py:3504} INFO - Setting next_dagrun for latest_only to 2026-01-03T09:51:36.236564+00:00, run_after=2026-01-03T13:51:36.236564+00:00
[2026-01-03T13:51:36.253+0000] {processor.py:179} INFO - Processing /home/vscode/.local/lib/python3.10/site-packages/airflow/example_dags/example_latest_only.py took 0.054 seconds
[2026-01-03T13:52:19.886+0000] {processor.py:157} INFO - Started process (PID=11501) to work on /home/vscode/.local/lib/python3.10/site-packages/airflow/example_dags/example_latest_only.py
[2026-01-03T13:52:19.887+0000] {processor.py:826} INFO - Processing file /home/vscode/.local/lib/python3.10/site-packages/airflow/example_dags/example_latest_only.py for tasks to queue
[2026-01-03T13:52:19.888+0000] {logging_mixin.py:150} INFO - [2026-01-03T13:52:19.888+0000] {dagbag.py:541} INFO - Filling up the DagBag from /home/vscode/.local/lib/python3.10/site-packages/airflow/example_dags/example_latest_only.py
[2026-01-03T13:52:19.893+0000] {processor.py:836} INFO - DAG(s) dict_keys(['latest_only']) retrieved from /home/vscode/.local/lib/python3.10/site-packages/airflow/example_dags/example_latest_only.py
[2026-01-03T13:52:19.908+0000] {logging_mixin.py:150} INFO - [2026-01-03T13:52:19.907+0000] {dag.py:2742} INFO - Sync 1 DAGs
[2026-01-03T13:52:19.924+0000] {logging_mixin.py:150} INFO - [2026-01-03T13:52:19.923+0000] {dag.py:3504} INFO - Setting next_dagrun for latest_only to 2026-01-03T09:52:19.923618+00:00, run_after=2026-01-03T13:52:19.923618+00:00
[2026-01-03T13:52:19.941+0000] {processor.py:179} INFO - Processing /home/vscode/.local/lib/python3.10/site-packages/airflow/example_dags/example_latest_only.py took 0.057 seconds
[2026-01-03T13:53:02.431+0000] {processor.py:157} INFO - Started process (PID=11803) to work on /home/vscode/.local/lib/python3.10/site-packages/airflow/example_dags/example_latest_only.py
[2026-01-03T13:53:02.432+0000] {processor.py:826} INFO - Processing file /home/vscode/.local/lib/python3.10/site-packages/airflow/example_dags/example_latest_only.py for tasks to queue
[2026-01-03T13:53:02.433+0000] {logging_mixin.py:150} INFO - [2026-01-03T13:53:02.432+0000] {dagbag.py:541} INFO - Filling up the DagBag from /home/vscode/.local/lib/python3.10/site-packages/airflow/example_dags/example_latest_only.py
[2026-01-03T13:53:02.438+0000] {processor.py:836} INFO - DAG(s) dict_keys(['latest_only']) retrieved from /home/vscode/.local/lib/python3.10/site-packages/airflow/example_dags/example_latest_only.py
[2026-01-03T13:53:02.451+0000] {logging_mixin.py:150} INFO - [2026-01-03T13:53:02.451+0000] {dag.py:2742} INFO - Sync 1 DAGs
[2026-01-03T13:53:02.468+0000] {logging_mixin.py:150} INFO - [2026-01-03T13:53:02.468+0000] {dag.py:3504} INFO - Setting next_dagrun for latest_only to 2026-01-03T09:53:02.468533+00:00, run_after=2026-01-03T13:53:02.468533+00:00
[2026-01-03T13:53:02.485+0000] {processor.py:179} INFO - Processing /home/vscode/.local/lib/python3.10/site-packages/airflow/example_dags/example_latest_only.py took 0.057 seconds
[2026-01-03T13:53:45.493+0000] {processor.py:157} INFO - Started process (PID=12146) to work on /home/vscode/.local/lib/python3.10/site-packages/airflow/example_dags/example_latest_only.py
[2026-01-03T13:53:45.494+0000] {processor.py:826} INFO - Processing file /home/vscode/.local/lib/python3.10/site-packages/airflow/example_dags/example_latest_only.py for tasks to queue
[2026-01-03T13:53:45.495+0000] {logging_mixin.py:150} INFO - [2026-01-03T13:53:45.495+0000] {dagbag.py:541} INFO - Filling up the DagBag from /home/vscode/.local/lib/python3.10/site-packages/airflow/example_dags/example_latest_only.py
[2026-01-03T13:53:45.500+0000] {processor.py:836} INFO - DAG(s) dict_keys(['latest_only']) retrieved from /home/vscode/.local/lib/python3.10/site-packages/airflow/example_dags/example_latest_only.py
[2026-01-03T13:53:45.514+0000] {logging_mixin.py:150} INFO - [2026-01-03T13:53:45.513+0000] {dag.py:2742} INFO - Sync 1 DAGs
[2026-01-03T13:53:45.528+0000] {logging_mixin.py:150} INFO - [2026-01-03T13:53:45.528+0000] {dag.py:3504} INFO - Setting next_dagrun for latest_only to 2026-01-03T09:53:45.528460+00:00, run_after=2026-01-03T13:53:45.528460+00:00
[2026-01-03T13:53:45.544+0000] {processor.py:179} INFO - Processing /home/vscode/.local/lib/python3.10/site-packages/airflow/example_dags/example_latest_only.py took 0.053 seconds
[2026-01-03T13:54:27.808+0000] {processor.py:157} INFO - Started process (PID=12487) to work on /home/vscode/.local/lib/python3.10/site-packages/airflow/example_dags/example_latest_only.py
[2026-01-03T13:54:27.809+0000] {processor.py:826} INFO - Processing file /home/vscode/.local/lib/python3.10/site-packages/airflow/example_dags/example_latest_only.py for tasks to queue
[2026-01-03T13:54:27.810+0000] {logging_mixin.py:150} INFO - [2026-01-03T13:54:27.810+0000] {dagbag.py:541} INFO - Filling up the DagBag from /home/vscode/.local/lib/python3.10/site-packages/airflow/example_dags/example_latest_only.py
[2026-01-03T13:54:27.815+0000] {processor.py:836} INFO - DAG(s) dict_keys(['latest_only']) retrieved from /home/vscode/.local/lib/python3.10/site-packages/airflow/example_dags/example_latest_only.py
[2026-01-03T13:54:27.829+0000] {logging_mixin.py:150} INFO - [2026-01-03T13:54:27.829+0000] {dag.py:2742} INFO - Sync 1 DAGs
[2026-01-03T13:54:27.844+0000] {logging_mixin.py:150} INFO - [2026-01-03T13:54:27.844+0000] {dag.py:3504} INFO - Setting next_dagrun for latest_only to 2026-01-03T09:54:27.843869+00:00, run_after=2026-01-03T13:54:27.843869+00:00
[2026-01-03T13:54:27.859+0000] {processor.py:179} INFO - Processing /home/vscode/.local/lib/python3.10/site-packages/airflow/example_dags/example_latest_only.py took 0.054 seconds
[2026-01-03T13:55:07.754+0000] {processor.py:157} INFO - Started process (PID=12790) to work on /home/vscode/.local/lib/python3.10/site-packages/airflow/example_dags/example_latest_only.py
[2026-01-03T13:55:07.755+0000] {processor.py:826} INFO - Processing file /home/vscode/.local/lib/python3.10/site-packages/airflow/example_dags/example_latest_only.py for tasks to queue
[2026-01-03T13:55:07.755+0000] {logging_mixin.py:150} INFO - [2026-01-03T13:55:07.755+0000] {dagbag.py:541} INFO - Filling up the DagBag from /home/vscode/.local/lib/python3.10/site-packages/airflow/example_dags/example_latest_only.py
[2026-01-03T13:55:07.761+0000] {processor.py:836} INFO - DAG(s) dict_keys(['latest_only']) retrieved from /home/vscode/.local/lib/python3.10/site-packages/airflow/example_dags/example_latest_only.py
[2026-01-03T13:55:07.774+0000] {logging_mixin.py:150} INFO - [2026-01-03T13:55:07.773+0000] {dag.py:2742} INFO - Sync 1 DAGs
[2026-01-03T13:55:07.788+0000] {logging_mixin.py:150} INFO - [2026-01-03T13:55:07.788+0000] {dag.py:3504} INFO - Setting next_dagrun for latest_only to 2026-01-03T09:55:07.788363+00:00, run_after=2026-01-03T13:55:07.788363+00:00
[2026-01-03T13:55:07.804+0000] {processor.py:179} INFO - Processing /home/vscode/.local/lib/python3.10/site-packages/airflow/example_dags/example_latest_only.py took 0.053 seconds
[2026-01-03T13:55:56.901+0000] {processor.py:157} INFO - Started process (PID=13289) to work on /home/vscode/.local/lib/python3.10/site-packages/airflow/example_dags/example_latest_only.py
[2026-01-03T13:55:56.902+0000] {processor.py:826} INFO - Processing file /home/vscode/.local/lib/python3.10/site-packages/airflow/example_dags/example_latest_only.py for tasks to queue
[2026-01-03T13:55:56.902+0000] {logging_mixin.py:150} INFO - [2026-01-03T13:55:56.902+0000] {dagbag.py:541} INFO - Filling up the DagBag from /home/vscode/.local/lib/python3.10/site-packages/airflow/example_dags/example_latest_only.py
[2026-01-03T13:55:56.907+0000] {processor.py:836} INFO - DAG(s) dict_keys(['latest_only']) retrieved from /home/vscode/.local/lib/python3.10/site-packages/airflow/example_dags/example_latest_only.py
[2026-01-03T13:55:56.920+0000] {logging_mixin.py:150} INFO - [2026-01-03T13:55:56.920+0000] {dag.py:2742} INFO - Sync 1 DAGs
[2026-01-03T13:55:56.935+0000] {logging_mixin.py:150} INFO - [2026-01-03T13:55:56.935+0000] {dag.py:3504} INFO - Setting next_dagrun for latest_only to 2026-01-03T09:55:56.935612+00:00, run_after=2026-01-03T13:55:56.935612+00:00
[2026-01-03T13:55:56.954+0000] {processor.py:179} INFO - Processing /home/vscode/.local/lib/python3.10/site-packages/airflow/example_dags/example_latest_only.py took 0.056 seconds
[2026-01-03T13:56:40.170+0000] {processor.py:157} INFO - Started process (PID=13717) to work on /home/vscode/.local/lib/python3.10/site-packages/airflow/example_dags/example_latest_only.py
[2026-01-03T13:56:40.171+0000] {processor.py:826} INFO - Processing file /home/vscode/.local/lib/python3.10/site-packages/airflow/example_dags/example_latest_only.py for tasks to queue
[2026-01-03T13:56:40.171+0000] {logging_mixin.py:150} INFO - [2026-01-03T13:56:40.171+0000] {dagbag.py:541} INFO - Filling up the DagBag from /home/vscode/.local/lib/python3.10/site-packages/airflow/example_dags/example_latest_only.py
[2026-01-03T13:56:40.177+0000] {processor.py:836} INFO - DAG(s) dict_keys(['latest_only']) retrieved from /home/vscode/.local/lib/python3.10/site-packages/airflow/example_dags/example_latest_only.py
[2026-01-03T13:56:40.190+0000] {logging_mixin.py:150} INFO - [2026-01-03T13:56:40.190+0000] {dag.py:2742} INFO - Sync 1 DAGs
[2026-01-03T13:56:40.205+0000] {logging_mixin.py:150} INFO - [2026-01-03T13:56:40.204+0000] {dag.py:3504} INFO - Setting next_dagrun for latest_only to 2026-01-03T09:56:40.204807+00:00, run_after=2026-01-03T13:56:40.204807+00:00
[2026-01-03T13:56:40.220+0000] {processor.py:179} INFO - Processing /home/vscode/.local/lib/python3.10/site-packages/airflow/example_dags/example_latest_only.py took 0.052 seconds
[2026-01-03T13:57:25.253+0000] {processor.py:157} INFO - Started process (PID=14042) to work on /home/vscode/.local/lib/python3.10/site-packages/airflow/example_dags/example_latest_only.py
[2026-01-03T13:57:25.253+0000] {processor.py:826} INFO - Processing file /home/vscode/.local/lib/python3.10/site-packages/airflow/example_dags/example_latest_only.py for tasks to queue
[2026-01-03T13:57:25.254+0000] {logging_mixin.py:150} INFO - [2026-01-03T13:57:25.254+0000] {dagbag.py:541} INFO - Filling up the DagBag from /home/vscode/.local/lib/python3.10/site-packages/airflow/example_dags/example_latest_only.py
[2026-01-03T13:57:25.261+0000] {processor.py:836} INFO - DAG(s) dict_keys(['latest_only']) retrieved from /home/vscode/.local/lib/python3.10/site-packages/airflow/example_dags/example_latest_only.py
[2026-01-03T13:57:25.278+0000] {logging_mixin.py:150} INFO - [2026-01-03T13:57:25.277+0000] {dag.py:2742} INFO - Sync 1 DAGs
[2026-01-03T13:57:25.298+0000] {logging_mixin.py:150} INFO - [2026-01-03T13:57:25.298+0000] {dag.py:3504} INFO - Setting next_dagrun for latest_only to 2026-01-03T09:57:25.298213+00:00, run_after=2026-01-03T13:57:25.298213+00:00
[2026-01-03T13:57:25.315+0000] {processor.py:179} INFO - Processing /home/vscode/.local/lib/python3.10/site-packages/airflow/example_dags/example_latest_only.py took 0.065 seconds
[2026-01-03T13:58:06.361+0000] {processor.py:157} INFO - Started process (PID=14314) to work on /home/vscode/.local/lib/python3.10/site-packages/airflow/example_dags/example_latest_only.py
[2026-01-03T13:58:06.362+0000] {processor.py:826} INFO - Processing file /home/vscode/.local/lib/python3.10/site-packages/airflow/example_dags/example_latest_only.py for tasks to queue
[2026-01-03T13:58:06.363+0000] {logging_mixin.py:150} INFO - [2026-01-03T13:58:06.362+0000] {dagbag.py:541} INFO - Filling up the DagBag from /home/vscode/.local/lib/python3.10/site-packages/airflow/example_dags/example_latest_only.py
[2026-01-03T13:58:06.368+0000] {processor.py:836} INFO - DAG(s) dict_keys(['latest_only']) retrieved from /home/vscode/.local/lib/python3.10/site-packages/airflow/example_dags/example_latest_only.py
[2026-01-03T13:58:06.380+0000] {logging_mixin.py:150} INFO - [2026-01-03T13:58:06.380+0000] {dag.py:2742} INFO - Sync 1 DAGs
[2026-01-03T13:58:06.395+0000] {logging_mixin.py:150} INFO - [2026-01-03T13:58:06.395+0000] {dag.py:3504} INFO - Setting next_dagrun for latest_only to 2026-01-03T09:58:06.394909+00:00, run_after=2026-01-03T13:58:06.394909+00:00
[2026-01-03T13:58:06.410+0000] {processor.py:179} INFO - Processing /home/vscode/.local/lib/python3.10/site-packages/airflow/example_dags/example_latest_only.py took 0.051 seconds
[2026-01-03T13:58:47.464+0000] {processor.py:157} INFO - Started process (PID=14620) to work on /home/vscode/.local/lib/python3.10/site-packages/airflow/example_dags/example_latest_only.py
[2026-01-03T13:58:47.464+0000] {processor.py:826} INFO - Processing file /home/vscode/.local/lib/python3.10/site-packages/airflow/example_dags/example_latest_only.py for tasks to queue
[2026-01-03T13:58:47.465+0000] {logging_mixin.py:150} INFO - [2026-01-03T13:58:47.465+0000] {dagbag.py:541} INFO - Filling up the DagBag from /home/vscode/.local/lib/python3.10/site-packages/airflow/example_dags/example_latest_only.py
[2026-01-03T13:58:47.470+0000] {processor.py:836} INFO - DAG(s) dict_keys(['latest_only']) retrieved from /home/vscode/.local/lib/python3.10/site-packages/airflow/example_dags/example_latest_only.py
[2026-01-03T13:58:47.484+0000] {logging_mixin.py:150} INFO - [2026-01-03T13:58:47.484+0000] {dag.py:2742} INFO - Sync 1 DAGs
[2026-01-03T13:58:47.498+0000] {logging_mixin.py:150} INFO - [2026-01-03T13:58:47.498+0000] {dag.py:3504} INFO - Setting next_dagrun for latest_only to 2026-01-03T09:58:47.498603+00:00, run_after=2026-01-03T13:58:47.498603+00:00
[2026-01-03T13:58:47.513+0000] {processor.py:179} INFO - Processing /home/vscode/.local/lib/python3.10/site-packages/airflow/example_dags/example_latest_only.py took 0.052 seconds
[2026-01-03T13:59:29.666+0000] {processor.py:157} INFO - Started process (PID=14898) to work on /home/vscode/.local/lib/python3.10/site-packages/airflow/example_dags/example_latest_only.py
[2026-01-03T13:59:29.667+0000] {processor.py:826} INFO - Processing file /home/vscode/.local/lib/python3.10/site-packages/airflow/example_dags/example_latest_only.py for tasks to queue
[2026-01-03T13:59:29.667+0000] {logging_mixin.py:150} INFO - [2026-01-03T13:59:29.667+0000] {dagbag.py:541} INFO - Filling up the DagBag from /home/vscode/.local/lib/python3.10/site-packages/airflow/example_dags/example_latest_only.py
[2026-01-03T13:59:29.673+0000] {processor.py:836} INFO - DAG(s) dict_keys(['latest_only']) retrieved from /home/vscode/.local/lib/python3.10/site-packages/airflow/example_dags/example_latest_only.py
[2026-01-03T13:59:29.685+0000] {logging_mixin.py:150} INFO - [2026-01-03T13:59:29.685+0000] {dag.py:2742} INFO - Sync 1 DAGs
[2026-01-03T13:59:29.707+0000] {logging_mixin.py:150} INFO - [2026-01-03T13:59:29.707+0000] {dag.py:3504} INFO - Setting next_dagrun for latest_only to 2026-01-03T09:59:29.706996+00:00, run_after=2026-01-03T13:59:29.706996+00:00
[2026-01-03T13:59:29.739+0000] {processor.py:179} INFO - Processing /home/vscode/.local/lib/python3.10/site-packages/airflow/example_dags/example_latest_only.py took 0.076 seconds
[2026-01-03T14:00:16.339+0000] {processor.py:157} INFO - Started process (PID=15215) to work on /home/vscode/.local/lib/python3.10/site-packages/airflow/example_dags/example_latest_only.py
[2026-01-03T14:00:16.339+0000] {processor.py:826} INFO - Processing file /home/vscode/.local/lib/python3.10/site-packages/airflow/example_dags/example_latest_only.py for tasks to queue
[2026-01-03T14:00:16.340+0000] {logging_mixin.py:150} INFO - [2026-01-03T14:00:16.340+0000] {dagbag.py:541} INFO - Filling up the DagBag from /home/vscode/.local/lib/python3.10/site-packages/airflow/example_dags/example_latest_only.py
[2026-01-03T14:00:16.345+0000] {processor.py:836} INFO - DAG(s) dict_keys(['latest_only']) retrieved from /home/vscode/.local/lib/python3.10/site-packages/airflow/example_dags/example_latest_only.py
[2026-01-03T14:00:16.357+0000] {logging_mixin.py:150} INFO - [2026-01-03T14:00:16.357+0000] {dag.py:2742} INFO - Sync 1 DAGs
[2026-01-03T14:00:16.371+0000] {logging_mixin.py:150} INFO - [2026-01-03T14:00:16.371+0000] {dag.py:3504} INFO - Setting next_dagrun for latest_only to 2026-01-03T10:00:16.371493+00:00, run_after=2026-01-03T14:00:16.371493+00:00
[2026-01-03T14:00:16.387+0000] {processor.py:179} INFO - Processing /home/vscode/.local/lib/python3.10/site-packages/airflow/example_dags/example_latest_only.py took 0.051 seconds
[2026-01-03T14:01:05.013+0000] {processor.py:157} INFO - Started process (PID=15538) to work on /home/vscode/.local/lib/python3.10/site-packages/airflow/example_dags/example_latest_only.py
[2026-01-03T14:01:05.014+0000] {processor.py:826} INFO - Processing file /home/vscode/.local/lib/python3.10/site-packages/airflow/example_dags/example_latest_only.py for tasks to queue
[2026-01-03T14:01:05.015+0000] {logging_mixin.py:150} INFO - [2026-01-03T14:01:05.014+0000] {dagbag.py:541} INFO - Filling up the DagBag from /home/vscode/.local/lib/python3.10/site-packages/airflow/example_dags/example_latest_only.py
[2026-01-03T14:01:05.020+0000] {processor.py:836} INFO - DAG(s) dict_keys(['latest_only']) retrieved from /home/vscode/.local/lib/python3.10/site-packages/airflow/example_dags/example_latest_only.py
[2026-01-03T14:01:05.033+0000] {logging_mixin.py:150} INFO - [2026-01-03T14:01:05.033+0000] {dag.py:2742} INFO - Sync 1 DAGs
[2026-01-03T14:01:05.048+0000] {logging_mixin.py:150} INFO - [2026-01-03T14:01:05.048+0000] {dag.py:3504} INFO - Setting next_dagrun for latest_only to 2026-01-03T10:01:05.047838+00:00, run_after=2026-01-03T14:01:05.047838+00:00
[2026-01-03T14:01:05.063+0000] {processor.py:179} INFO - Processing /home/vscode/.local/lib/python3.10/site-packages/airflow/example_dags/example_latest_only.py took 0.052 seconds
[2026-01-03T14:01:48.840+0000] {processor.py:157} INFO - Started process (PID=15867) to work on /home/vscode/.local/lib/python3.10/site-packages/airflow/example_dags/example_latest_only.py
[2026-01-03T14:01:48.841+0000] {processor.py:826} INFO - Processing file /home/vscode/.local/lib/python3.10/site-packages/airflow/example_dags/example_latest_only.py for tasks to queue
[2026-01-03T14:01:48.842+0000] {logging_mixin.py:150} INFO - [2026-01-03T14:01:48.842+0000] {dagbag.py:541} INFO - Filling up the DagBag from /home/vscode/.local/lib/python3.10/site-packages/airflow/example_dags/example_latest_only.py
[2026-01-03T14:01:48.847+0000] {processor.py:836} INFO - DAG(s) dict_keys(['latest_only']) retrieved from /home/vscode/.local/lib/python3.10/site-packages/airflow/example_dags/example_latest_only.py
[2026-01-03T14:01:48.860+0000] {logging_mixin.py:150} INFO - [2026-01-03T14:01:48.859+0000] {dag.py:2742} INFO - Sync 1 DAGs
[2026-01-03T14:01:48.875+0000] {logging_mixin.py:150} INFO - [2026-01-03T14:01:48.875+0000] {dag.py:3504} INFO - Setting next_dagrun for latest_only to 2026-01-03T10:01:48.875483+00:00, run_after=2026-01-03T14:01:48.875483+00:00
[2026-01-03T14:01:48.891+0000] {processor.py:179} INFO - Processing /home/vscode/.local/lib/python3.10/site-packages/airflow/example_dags/example_latest_only.py took 0.053 seconds
[2026-01-03T14:02:36.091+0000] {processor.py:157} INFO - Started process (PID=16218) to work on /home/vscode/.local/lib/python3.10/site-packages/airflow/example_dags/example_latest_only.py
[2026-01-03T14:02:36.092+0000] {processor.py:826} INFO - Processing file /home/vscode/.local/lib/python3.10/site-packages/airflow/example_dags/example_latest_only.py for tasks to queue
[2026-01-03T14:02:36.093+0000] {logging_mixin.py:150} INFO - [2026-01-03T14:02:36.092+0000] {dagbag.py:541} INFO - Filling up the DagBag from /home/vscode/.local/lib/python3.10/site-packages/airflow/example_dags/example_latest_only.py
[2026-01-03T14:02:36.098+0000] {processor.py:836} INFO - DAG(s) dict_keys(['latest_only']) retrieved from /home/vscode/.local/lib/python3.10/site-packages/airflow/example_dags/example_latest_only.py
[2026-01-03T14:02:36.110+0000] {logging_mixin.py:150} INFO - [2026-01-03T14:02:36.110+0000] {dag.py:2742} INFO - Sync 1 DAGs
[2026-01-03T14:02:36.125+0000] {logging_mixin.py:150} INFO - [2026-01-03T14:02:36.125+0000] {dag.py:3504} INFO - Setting next_dagrun for latest_only to 2026-01-03T10:02:36.124884+00:00, run_after=2026-01-03T14:02:36.124884+00:00
[2026-01-03T14:02:36.139+0000] {processor.py:179} INFO - Processing /home/vscode/.local/lib/python3.10/site-packages/airflow/example_dags/example_latest_only.py took 0.051 seconds
[2026-01-03T14:03:16.481+0000] {processor.py:157} INFO - Started process (PID=16747) to work on /home/vscode/.local/lib/python3.10/site-packages/airflow/example_dags/example_latest_only.py
[2026-01-03T14:03:16.481+0000] {processor.py:826} INFO - Processing file /home/vscode/.local/lib/python3.10/site-packages/airflow/example_dags/example_latest_only.py for tasks to queue
[2026-01-03T14:03:16.482+0000] {logging_mixin.py:150} INFO - [2026-01-03T14:03:16.482+0000] {dagbag.py:541} INFO - Filling up the DagBag from /home/vscode/.local/lib/python3.10/site-packages/airflow/example_dags/example_latest_only.py
[2026-01-03T14:03:16.488+0000] {processor.py:836} INFO - DAG(s) dict_keys(['latest_only']) retrieved from /home/vscode/.local/lib/python3.10/site-packages/airflow/example_dags/example_latest_only.py
[2026-01-03T14:03:16.501+0000] {logging_mixin.py:150} INFO - [2026-01-03T14:03:16.501+0000] {dag.py:2742} INFO - Sync 1 DAGs
[2026-01-03T14:03:16.515+0000] {logging_mixin.py:150} INFO - [2026-01-03T14:03:16.515+0000] {dag.py:3504} INFO - Setting next_dagrun for latest_only to 2026-01-03T10:03:16.515250+00:00, run_after=2026-01-03T14:03:16.515250+00:00
[2026-01-03T14:03:16.535+0000] {processor.py:179} INFO - Processing /home/vscode/.local/lib/python3.10/site-packages/airflow/example_dags/example_latest_only.py took 0.057 seconds
[2026-01-03T14:04:01.737+0000] {processor.py:157} INFO - Started process (PID=17310) to work on /home/vscode/.local/lib/python3.10/site-packages/airflow/example_dags/example_latest_only.py
[2026-01-03T14:04:01.738+0000] {processor.py:826} INFO - Processing file /home/vscode/.local/lib/python3.10/site-packages/airflow/example_dags/example_latest_only.py for tasks to queue
[2026-01-03T14:04:01.739+0000] {logging_mixin.py:150} INFO - [2026-01-03T14:04:01.738+0000] {dagbag.py:541} INFO - Filling up the DagBag from /home/vscode/.local/lib/python3.10/site-packages/airflow/example_dags/example_latest_only.py
[2026-01-03T14:04:01.744+0000] {processor.py:836} INFO - DAG(s) dict_keys(['latest_only']) retrieved from /home/vscode/.local/lib/python3.10/site-packages/airflow/example_dags/example_latest_only.py
[2026-01-03T14:04:01.756+0000] {logging_mixin.py:150} INFO - [2026-01-03T14:04:01.756+0000] {dag.py:2742} INFO - Sync 1 DAGs
[2026-01-03T14:04:01.770+0000] {logging_mixin.py:150} INFO - [2026-01-03T14:04:01.770+0000] {dag.py:3504} INFO - Setting next_dagrun for latest_only to 2026-01-03T10:04:01.770626+00:00, run_after=2026-01-03T14:04:01.770626+00:00
[2026-01-03T14:04:01.787+0000] {processor.py:179} INFO - Processing /home/vscode/.local/lib/python3.10/site-packages/airflow/example_dags/example_latest_only.py took 0.052 seconds
