[2026-01-03T13:49:05.269+0000] {processor.py:157} INFO - Started process (PID=10067) to work on /home/vscode/.local/lib/python3.10/site-packages/airflow/example_dags/example_short_circuit_decorator.py
[2026-01-03T13:49:05.270+0000] {processor.py:826} INFO - Processing file /home/vscode/.local/lib/python3.10/site-packages/airflow/example_dags/example_short_circuit_decorator.py for tasks to queue
[2026-01-03T13:49:05.270+0000] {logging_mixin.py:150} INFO - [2026-01-03T13:49:05.270+0000] {dagbag.py:541} INFO - Filling up the DagBag from /home/vscode/.local/lib/python3.10/site-packages/airflow/example_dags/example_short_circuit_decorator.py
[2026-01-03T13:49:05.278+0000] {processor.py:836} INFO - DAG(s) dict_keys(['example_short_circuit_decorator']) retrieved from /home/vscode/.local/lib/python3.10/site-packages/airflow/example_dags/example_short_circuit_decorator.py
[2026-01-03T13:49:05.350+0000] {logging_mixin.py:150} INFO - [2026-01-03T13:49:05.350+0000] {manager.py:504} INFO - Created Permission View: can delete on DAG:example_short_circuit_decorator
[2026-01-03T13:49:05.358+0000] {logging_mixin.py:150} INFO - [2026-01-03T13:49:05.357+0000] {manager.py:504} INFO - Created Permission View: can read on DAG:example_short_circuit_decorator
[2026-01-03T13:49:05.365+0000] {logging_mixin.py:150} INFO - [2026-01-03T13:49:05.365+0000] {manager.py:504} INFO - Created Permission View: can edit on DAG:example_short_circuit_decorator
[2026-01-03T13:49:05.372+0000] {logging_mixin.py:150} INFO - [2026-01-03T13:49:05.372+0000] {dag.py:2742} INFO - Sync 1 DAGs
[2026-01-03T13:49:05.379+0000] {logging_mixin.py:150} INFO - [2026-01-03T13:49:05.379+0000] {dag.py:2763} INFO - Creating ORM DAG for example_short_circuit_decorator
[2026-01-03T13:49:05.385+0000] {logging_mixin.py:150} INFO - [2026-01-03T13:49:05.385+0000] {dag.py:3504} INFO - Setting next_dagrun for example_short_circuit_decorator to 2026-01-02T13:49:05.385432+00:00, run_after=2026-01-03T13:49:05.385432+00:00
[2026-01-03T13:49:05.401+0000] {processor.py:179} INFO - Processing /home/vscode/.local/lib/python3.10/site-packages/airflow/example_dags/example_short_circuit_decorator.py took 0.134 seconds
[2026-01-03T13:49:51.949+0000] {processor.py:157} INFO - Started process (PID=10418) to work on /home/vscode/.local/lib/python3.10/site-packages/airflow/example_dags/example_short_circuit_decorator.py
[2026-01-03T13:49:51.950+0000] {processor.py:826} INFO - Processing file /home/vscode/.local/lib/python3.10/site-packages/airflow/example_dags/example_short_circuit_decorator.py for tasks to queue
[2026-01-03T13:49:51.951+0000] {logging_mixin.py:150} INFO - [2026-01-03T13:49:51.950+0000] {dagbag.py:541} INFO - Filling up the DagBag from /home/vscode/.local/lib/python3.10/site-packages/airflow/example_dags/example_short_circuit_decorator.py
[2026-01-03T13:49:51.959+0000] {processor.py:836} INFO - DAG(s) dict_keys(['example_short_circuit_decorator']) retrieved from /home/vscode/.local/lib/python3.10/site-packages/airflow/example_dags/example_short_circuit_decorator.py
[2026-01-03T13:49:51.981+0000] {logging_mixin.py:150} INFO - [2026-01-03T13:49:51.980+0000] {dag.py:2742} INFO - Sync 1 DAGs
[2026-01-03T13:49:52.004+0000] {logging_mixin.py:150} INFO - [2026-01-03T13:49:52.004+0000] {dag.py:3504} INFO - Setting next_dagrun for example_short_circuit_decorator to 2026-01-02T13:49:52.003771+00:00, run_after=2026-01-03T13:49:52.003771+00:00
[2026-01-03T13:49:52.032+0000] {processor.py:179} INFO - Processing /home/vscode/.local/lib/python3.10/site-packages/airflow/example_dags/example_short_circuit_decorator.py took 0.085 seconds
[2026-01-03T13:50:36.532+0000] {processor.py:157} INFO - Started process (PID=10759) to work on /home/vscode/.local/lib/python3.10/site-packages/airflow/example_dags/example_short_circuit_decorator.py
[2026-01-03T13:50:36.533+0000] {processor.py:826} INFO - Processing file /home/vscode/.local/lib/python3.10/site-packages/airflow/example_dags/example_short_circuit_decorator.py for tasks to queue
[2026-01-03T13:50:36.533+0000] {logging_mixin.py:150} INFO - [2026-01-03T13:50:36.533+0000] {dagbag.py:541} INFO - Filling up the DagBag from /home/vscode/.local/lib/python3.10/site-packages/airflow/example_dags/example_short_circuit_decorator.py
[2026-01-03T13:50:36.541+0000] {processor.py:836} INFO - DAG(s) dict_keys(['example_short_circuit_decorator']) retrieved from /home/vscode/.local/lib/python3.10/site-packages/airflow/example_dags/example_short_circuit_decorator.py
[2026-01-03T13:50:36.557+0000] {logging_mixin.py:150} INFO - [2026-01-03T13:50:36.557+0000] {dag.py:2742} INFO - Sync 1 DAGs
[2026-01-03T13:50:36.572+0000] {logging_mixin.py:150} INFO - [2026-01-03T13:50:36.572+0000] {dag.py:3504} INFO - Setting next_dagrun for example_short_circuit_decorator to 2026-01-02T13:50:36.572082+00:00, run_after=2026-01-03T13:50:36.572082+00:00
[2026-01-03T13:50:36.587+0000] {processor.py:179} INFO - Processing /home/vscode/.local/lib/python3.10/site-packages/airflow/example_dags/example_short_circuit_decorator.py took 0.057 seconds
[2026-01-03T13:51:20.477+0000] {processor.py:157} INFO - Started process (PID=11057) to work on /home/vscode/.local/lib/python3.10/site-packages/airflow/example_dags/example_short_circuit_decorator.py
[2026-01-03T13:51:20.477+0000] {processor.py:826} INFO - Processing file /home/vscode/.local/lib/python3.10/site-packages/airflow/example_dags/example_short_circuit_decorator.py for tasks to queue
[2026-01-03T13:51:20.478+0000] {logging_mixin.py:150} INFO - [2026-01-03T13:51:20.478+0000] {dagbag.py:541} INFO - Filling up the DagBag from /home/vscode/.local/lib/python3.10/site-packages/airflow/example_dags/example_short_circuit_decorator.py
[2026-01-03T13:51:20.486+0000] {processor.py:836} INFO - DAG(s) dict_keys(['example_short_circuit_decorator']) retrieved from /home/vscode/.local/lib/python3.10/site-packages/airflow/example_dags/example_short_circuit_decorator.py
[2026-01-03T13:51:20.501+0000] {logging_mixin.py:150} INFO - [2026-01-03T13:51:20.501+0000] {dag.py:2742} INFO - Sync 1 DAGs
[2026-01-03T13:51:20.517+0000] {logging_mixin.py:150} INFO - [2026-01-03T13:51:20.517+0000] {dag.py:3504} INFO - Setting next_dagrun for example_short_circuit_decorator to 2026-01-02T13:51:20.517329+00:00, run_after=2026-01-03T13:51:20.517329+00:00
[2026-01-03T13:51:20.532+0000] {processor.py:179} INFO - Processing /home/vscode/.local/lib/python3.10/site-packages/airflow/example_dags/example_short_circuit_decorator.py took 0.059 seconds
[2026-01-03T13:52:03.060+0000] {processor.py:157} INFO - Started process (PID=11390) to work on /home/vscode/.local/lib/python3.10/site-packages/airflow/example_dags/example_short_circuit_decorator.py
[2026-01-03T13:52:03.060+0000] {processor.py:826} INFO - Processing file /home/vscode/.local/lib/python3.10/site-packages/airflow/example_dags/example_short_circuit_decorator.py for tasks to queue
[2026-01-03T13:52:03.061+0000] {logging_mixin.py:150} INFO - [2026-01-03T13:52:03.061+0000] {dagbag.py:541} INFO - Filling up the DagBag from /home/vscode/.local/lib/python3.10/site-packages/airflow/example_dags/example_short_circuit_decorator.py
[2026-01-03T13:52:03.069+0000] {processor.py:836} INFO - DAG(s) dict_keys(['example_short_circuit_decorator']) retrieved from /home/vscode/.local/lib/python3.10/site-packages/airflow/example_dags/example_short_circuit_decorator.py
[2026-01-03T13:52:03.084+0000] {logging_mixin.py:150} INFO - [2026-01-03T13:52:03.084+0000] {dag.py:2742} INFO - Sync 1 DAGs
[2026-01-03T13:52:03.100+0000] {logging_mixin.py:150} INFO - [2026-01-03T13:52:03.100+0000] {dag.py:3504} INFO - Setting next_dagrun for example_short_circuit_decorator to 2026-01-02T13:52:03.099967+00:00, run_after=2026-01-03T13:52:03.099967+00:00
[2026-01-03T13:52:03.116+0000] {processor.py:179} INFO - Processing /home/vscode/.local/lib/python3.10/site-packages/airflow/example_dags/example_short_circuit_decorator.py took 0.059 seconds
[2026-01-03T13:52:47.134+0000] {processor.py:157} INFO - Started process (PID=11683) to work on /home/vscode/.local/lib/python3.10/site-packages/airflow/example_dags/example_short_circuit_decorator.py
[2026-01-03T13:52:47.135+0000] {processor.py:826} INFO - Processing file /home/vscode/.local/lib/python3.10/site-packages/airflow/example_dags/example_short_circuit_decorator.py for tasks to queue
[2026-01-03T13:52:47.136+0000] {logging_mixin.py:150} INFO - [2026-01-03T13:52:47.135+0000] {dagbag.py:541} INFO - Filling up the DagBag from /home/vscode/.local/lib/python3.10/site-packages/airflow/example_dags/example_short_circuit_decorator.py
[2026-01-03T13:52:47.144+0000] {processor.py:836} INFO - DAG(s) dict_keys(['example_short_circuit_decorator']) retrieved from /home/vscode/.local/lib/python3.10/site-packages/airflow/example_dags/example_short_circuit_decorator.py
[2026-01-03T13:52:47.159+0000] {logging_mixin.py:150} INFO - [2026-01-03T13:52:47.159+0000] {dag.py:2742} INFO - Sync 1 DAGs
[2026-01-03T13:52:47.175+0000] {logging_mixin.py:150} INFO - [2026-01-03T13:52:47.175+0000] {dag.py:3504} INFO - Setting next_dagrun for example_short_circuit_decorator to 2026-01-02T13:52:47.175438+00:00, run_after=2026-01-03T13:52:47.175438+00:00
[2026-01-03T13:52:47.192+0000] {processor.py:179} INFO - Processing /home/vscode/.local/lib/python3.10/site-packages/airflow/example_dags/example_short_circuit_decorator.py took 0.060 seconds
[2026-01-03T13:53:28.807+0000] {processor.py:157} INFO - Started process (PID=12004) to work on /home/vscode/.local/lib/python3.10/site-packages/airflow/example_dags/example_short_circuit_decorator.py
[2026-01-03T13:53:28.808+0000] {processor.py:826} INFO - Processing file /home/vscode/.local/lib/python3.10/site-packages/airflow/example_dags/example_short_circuit_decorator.py for tasks to queue
[2026-01-03T13:53:28.809+0000] {logging_mixin.py:150} INFO - [2026-01-03T13:53:28.808+0000] {dagbag.py:541} INFO - Filling up the DagBag from /home/vscode/.local/lib/python3.10/site-packages/airflow/example_dags/example_short_circuit_decorator.py
[2026-01-03T13:53:28.817+0000] {processor.py:836} INFO - DAG(s) dict_keys(['example_short_circuit_decorator']) retrieved from /home/vscode/.local/lib/python3.10/site-packages/airflow/example_dags/example_short_circuit_decorator.py
[2026-01-03T13:53:28.832+0000] {logging_mixin.py:150} INFO - [2026-01-03T13:53:28.832+0000] {dag.py:2742} INFO - Sync 1 DAGs
[2026-01-03T13:53:28.847+0000] {logging_mixin.py:150} INFO - [2026-01-03T13:53:28.847+0000] {dag.py:3504} INFO - Setting next_dagrun for example_short_circuit_decorator to 2026-01-02T13:53:28.847148+00:00, run_after=2026-01-03T13:53:28.847148+00:00
[2026-01-03T13:53:28.863+0000] {processor.py:179} INFO - Processing /home/vscode/.local/lib/python3.10/site-packages/airflow/example_dags/example_short_circuit_decorator.py took 0.058 seconds
[2026-01-03T13:54:11.619+0000] {processor.py:157} INFO - Started process (PID=12360) to work on /home/vscode/.local/lib/python3.10/site-packages/airflow/example_dags/example_short_circuit_decorator.py
[2026-01-03T13:54:11.620+0000] {processor.py:826} INFO - Processing file /home/vscode/.local/lib/python3.10/site-packages/airflow/example_dags/example_short_circuit_decorator.py for tasks to queue
[2026-01-03T13:54:11.621+0000] {logging_mixin.py:150} INFO - [2026-01-03T13:54:11.620+0000] {dagbag.py:541} INFO - Filling up the DagBag from /home/vscode/.local/lib/python3.10/site-packages/airflow/example_dags/example_short_circuit_decorator.py
[2026-01-03T13:54:11.629+0000] {processor.py:836} INFO - DAG(s) dict_keys(['example_short_circuit_decorator']) retrieved from /home/vscode/.local/lib/python3.10/site-packages/airflow/example_dags/example_short_circuit_decorator.py
[2026-01-03T13:54:11.643+0000] {logging_mixin.py:150} INFO - [2026-01-03T13:54:11.642+0000] {dag.py:2742} INFO - Sync 1 DAGs
[2026-01-03T13:54:11.658+0000] {logging_mixin.py:150} INFO - [2026-01-03T13:54:11.658+0000] {dag.py:3504} INFO - Setting next_dagrun for example_short_circuit_decorator to 2026-01-02T13:54:11.657942+00:00, run_after=2026-01-03T13:54:11.657942+00:00
[2026-01-03T13:54:11.673+0000] {processor.py:179} INFO - Processing /home/vscode/.local/lib/python3.10/site-packages/airflow/example_dags/example_short_circuit_decorator.py took 0.057 seconds
[2026-01-03T13:54:51.205+0000] {processor.py:157} INFO - Started process (PID=12664) to work on /home/vscode/.local/lib/python3.10/site-packages/airflow/example_dags/example_short_circuit_decorator.py
[2026-01-03T13:54:51.206+0000] {processor.py:826} INFO - Processing file /home/vscode/.local/lib/python3.10/site-packages/airflow/example_dags/example_short_circuit_decorator.py for tasks to queue
[2026-01-03T13:54:51.206+0000] {logging_mixin.py:150} INFO - [2026-01-03T13:54:51.206+0000] {dagbag.py:541} INFO - Filling up the DagBag from /home/vscode/.local/lib/python3.10/site-packages/airflow/example_dags/example_short_circuit_decorator.py
[2026-01-03T13:54:51.214+0000] {processor.py:836} INFO - DAG(s) dict_keys(['example_short_circuit_decorator']) retrieved from /home/vscode/.local/lib/python3.10/site-packages/airflow/example_dags/example_short_circuit_decorator.py
[2026-01-03T13:54:51.229+0000] {logging_mixin.py:150} INFO - [2026-01-03T13:54:51.229+0000] {dag.py:2742} INFO - Sync 1 DAGs
[2026-01-03T13:54:51.244+0000] {logging_mixin.py:150} INFO - [2026-01-03T13:54:51.244+0000] {dag.py:3504} INFO - Setting next_dagrun for example_short_circuit_decorator to 2026-01-02T13:54:51.244226+00:00, run_after=2026-01-03T13:54:51.244226+00:00
[2026-01-03T13:54:51.260+0000] {processor.py:179} INFO - Processing /home/vscode/.local/lib/python3.10/site-packages/airflow/example_dags/example_short_circuit_decorator.py took 0.058 seconds
[2026-01-03T13:55:32.676+0000] {processor.py:157} INFO - Started process (PID=12990) to work on /home/vscode/.local/lib/python3.10/site-packages/airflow/example_dags/example_short_circuit_decorator.py
[2026-01-03T13:55:32.677+0000] {processor.py:826} INFO - Processing file /home/vscode/.local/lib/python3.10/site-packages/airflow/example_dags/example_short_circuit_decorator.py for tasks to queue
[2026-01-03T13:55:32.678+0000] {logging_mixin.py:150} INFO - [2026-01-03T13:55:32.677+0000] {dagbag.py:541} INFO - Filling up the DagBag from /home/vscode/.local/lib/python3.10/site-packages/airflow/example_dags/example_short_circuit_decorator.py
[2026-01-03T13:55:32.687+0000] {processor.py:836} INFO - DAG(s) dict_keys(['example_short_circuit_decorator']) retrieved from /home/vscode/.local/lib/python3.10/site-packages/airflow/example_dags/example_short_circuit_decorator.py
[2026-01-03T13:55:32.702+0000] {logging_mixin.py:150} INFO - [2026-01-03T13:55:32.702+0000] {dag.py:2742} INFO - Sync 1 DAGs
[2026-01-03T13:55:32.717+0000] {logging_mixin.py:150} INFO - [2026-01-03T13:55:32.717+0000] {dag.py:3504} INFO - Setting next_dagrun for example_short_circuit_decorator to 2026-01-02T13:55:32.717413+00:00, run_after=2026-01-03T13:55:32.717413+00:00
[2026-01-03T13:55:32.733+0000] {processor.py:179} INFO - Processing /home/vscode/.local/lib/python3.10/site-packages/airflow/example_dags/example_short_circuit_decorator.py took 0.060 seconds
[2026-01-03T13:56:16.207+0000] {processor.py:157} INFO - Started process (PID=13534) to work on /home/vscode/.local/lib/python3.10/site-packages/airflow/example_dags/example_short_circuit_decorator.py
[2026-01-03T13:56:16.208+0000] {processor.py:826} INFO - Processing file /home/vscode/.local/lib/python3.10/site-packages/airflow/example_dags/example_short_circuit_decorator.py for tasks to queue
[2026-01-03T13:56:16.208+0000] {logging_mixin.py:150} INFO - [2026-01-03T13:56:16.208+0000] {dagbag.py:541} INFO - Filling up the DagBag from /home/vscode/.local/lib/python3.10/site-packages/airflow/example_dags/example_short_circuit_decorator.py
[2026-01-03T13:56:16.216+0000] {processor.py:836} INFO - DAG(s) dict_keys(['example_short_circuit_decorator']) retrieved from /home/vscode/.local/lib/python3.10/site-packages/airflow/example_dags/example_short_circuit_decorator.py
[2026-01-03T13:56:16.231+0000] {logging_mixin.py:150} INFO - [2026-01-03T13:56:16.231+0000] {dag.py:2742} INFO - Sync 1 DAGs
[2026-01-03T13:56:16.246+0000] {logging_mixin.py:150} INFO - [2026-01-03T13:56:16.246+0000] {dag.py:3504} INFO - Setting next_dagrun for example_short_circuit_decorator to 2026-01-02T13:56:16.246616+00:00, run_after=2026-01-03T13:56:16.246616+00:00
[2026-01-03T13:56:16.261+0000] {processor.py:179} INFO - Processing /home/vscode/.local/lib/python3.10/site-packages/airflow/example_dags/example_short_circuit_decorator.py took 0.057 seconds
[2026-01-03T13:56:59.578+0000] {processor.py:157} INFO - Started process (PID=13866) to work on /home/vscode/.local/lib/python3.10/site-packages/airflow/example_dags/example_short_circuit_decorator.py
[2026-01-03T13:56:59.579+0000] {processor.py:826} INFO - Processing file /home/vscode/.local/lib/python3.10/site-packages/airflow/example_dags/example_short_circuit_decorator.py for tasks to queue
[2026-01-03T13:56:59.580+0000] {logging_mixin.py:150} INFO - [2026-01-03T13:56:59.580+0000] {dagbag.py:541} INFO - Filling up the DagBag from /home/vscode/.local/lib/python3.10/site-packages/airflow/example_dags/example_short_circuit_decorator.py
[2026-01-03T13:56:59.588+0000] {processor.py:836} INFO - DAG(s) dict_keys(['example_short_circuit_decorator']) retrieved from /home/vscode/.local/lib/python3.10/site-packages/airflow/example_dags/example_short_circuit_decorator.py
[2026-01-03T13:56:59.603+0000] {logging_mixin.py:150} INFO - [2026-01-03T13:56:59.602+0000] {dag.py:2742} INFO - Sync 1 DAGs
[2026-01-03T13:56:59.619+0000] {logging_mixin.py:150} INFO - [2026-01-03T13:56:59.619+0000] {dag.py:3504} INFO - Setting next_dagrun for example_short_circuit_decorator to 2026-01-02T13:56:59.619205+00:00, run_after=2026-01-03T13:56:59.619205+00:00
[2026-01-03T13:56:59.634+0000] {processor.py:179} INFO - Processing /home/vscode/.local/lib/python3.10/site-packages/airflow/example_dags/example_short_circuit_decorator.py took 0.059 seconds
[2026-01-03T13:57:44.895+0000] {processor.py:157} INFO - Started process (PID=14174) to work on /home/vscode/.local/lib/python3.10/site-packages/airflow/example_dags/example_short_circuit_decorator.py
[2026-01-03T13:57:44.895+0000] {processor.py:826} INFO - Processing file /home/vscode/.local/lib/python3.10/site-packages/airflow/example_dags/example_short_circuit_decorator.py for tasks to queue
[2026-01-03T13:57:44.896+0000] {logging_mixin.py:150} INFO - [2026-01-03T13:57:44.896+0000] {dagbag.py:541} INFO - Filling up the DagBag from /home/vscode/.local/lib/python3.10/site-packages/airflow/example_dags/example_short_circuit_decorator.py
[2026-01-03T13:57:44.904+0000] {processor.py:836} INFO - DAG(s) dict_keys(['example_short_circuit_decorator']) retrieved from /home/vscode/.local/lib/python3.10/site-packages/airflow/example_dags/example_short_circuit_decorator.py
[2026-01-03T13:57:44.919+0000] {logging_mixin.py:150} INFO - [2026-01-03T13:57:44.919+0000] {dag.py:2742} INFO - Sync 1 DAGs
[2026-01-03T13:57:44.934+0000] {logging_mixin.py:150} INFO - [2026-01-03T13:57:44.933+0000] {dag.py:3504} INFO - Setting next_dagrun for example_short_circuit_decorator to 2026-01-02T13:57:44.933757+00:00, run_after=2026-01-03T13:57:44.933757+00:00
[2026-01-03T13:57:44.949+0000] {processor.py:179} INFO - Processing /home/vscode/.local/lib/python3.10/site-packages/airflow/example_dags/example_short_circuit_decorator.py took 0.057 seconds
[2026-01-03T13:58:31.617+0000] {processor.py:157} INFO - Started process (PID=14484) to work on /home/vscode/.local/lib/python3.10/site-packages/airflow/example_dags/example_short_circuit_decorator.py
[2026-01-03T13:58:31.618+0000] {processor.py:826} INFO - Processing file /home/vscode/.local/lib/python3.10/site-packages/airflow/example_dags/example_short_circuit_decorator.py for tasks to queue
[2026-01-03T13:58:31.619+0000] {logging_mixin.py:150} INFO - [2026-01-03T13:58:31.618+0000] {dagbag.py:541} INFO - Filling up the DagBag from /home/vscode/.local/lib/python3.10/site-packages/airflow/example_dags/example_short_circuit_decorator.py
[2026-01-03T13:58:31.627+0000] {processor.py:836} INFO - DAG(s) dict_keys(['example_short_circuit_decorator']) retrieved from /home/vscode/.local/lib/python3.10/site-packages/airflow/example_dags/example_short_circuit_decorator.py
[2026-01-03T13:58:31.641+0000] {logging_mixin.py:150} INFO - [2026-01-03T13:58:31.640+0000] {dag.py:2742} INFO - Sync 1 DAGs
[2026-01-03T13:58:31.655+0000] {logging_mixin.py:150} INFO - [2026-01-03T13:58:31.655+0000] {dag.py:3504} INFO - Setting next_dagrun for example_short_circuit_decorator to 2026-01-02T13:58:31.655132+00:00, run_after=2026-01-03T13:58:31.655132+00:00
[2026-01-03T13:58:31.671+0000] {processor.py:179} INFO - Processing /home/vscode/.local/lib/python3.10/site-packages/airflow/example_dags/example_short_circuit_decorator.py took 0.056 seconds
[2026-01-03T13:59:10.853+0000] {processor.py:157} INFO - Started process (PID=14776) to work on /home/vscode/.local/lib/python3.10/site-packages/airflow/example_dags/example_short_circuit_decorator.py
[2026-01-03T13:59:10.854+0000] {processor.py:826} INFO - Processing file /home/vscode/.local/lib/python3.10/site-packages/airflow/example_dags/example_short_circuit_decorator.py for tasks to queue
[2026-01-03T13:59:10.854+0000] {logging_mixin.py:150} INFO - [2026-01-03T13:59:10.854+0000] {dagbag.py:541} INFO - Filling up the DagBag from /home/vscode/.local/lib/python3.10/site-packages/airflow/example_dags/example_short_circuit_decorator.py
[2026-01-03T13:59:10.862+0000] {processor.py:836} INFO - DAG(s) dict_keys(['example_short_circuit_decorator']) retrieved from /home/vscode/.local/lib/python3.10/site-packages/airflow/example_dags/example_short_circuit_decorator.py
[2026-01-03T13:59:10.877+0000] {logging_mixin.py:150} INFO - [2026-01-03T13:59:10.876+0000] {dag.py:2742} INFO - Sync 1 DAGs
[2026-01-03T13:59:10.891+0000] {logging_mixin.py:150} INFO - [2026-01-03T13:59:10.891+0000] {dag.py:3504} INFO - Setting next_dagrun for example_short_circuit_decorator to 2026-01-02T13:59:10.891338+00:00, run_after=2026-01-03T13:59:10.891338+00:00
[2026-01-03T13:59:10.906+0000] {processor.py:179} INFO - Processing /home/vscode/.local/lib/python3.10/site-packages/airflow/example_dags/example_short_circuit_decorator.py took 0.056 seconds
[2026-01-03T13:59:54.937+0000] {processor.py:157} INFO - Started process (PID=15075) to work on /home/vscode/.local/lib/python3.10/site-packages/airflow/example_dags/example_short_circuit_decorator.py
[2026-01-03T13:59:54.938+0000] {processor.py:826} INFO - Processing file /home/vscode/.local/lib/python3.10/site-packages/airflow/example_dags/example_short_circuit_decorator.py for tasks to queue
[2026-01-03T13:59:54.938+0000] {logging_mixin.py:150} INFO - [2026-01-03T13:59:54.938+0000] {dagbag.py:541} INFO - Filling up the DagBag from /home/vscode/.local/lib/python3.10/site-packages/airflow/example_dags/example_short_circuit_decorator.py
[2026-01-03T13:59:54.946+0000] {processor.py:836} INFO - DAG(s) dict_keys(['example_short_circuit_decorator']) retrieved from /home/vscode/.local/lib/python3.10/site-packages/airflow/example_dags/example_short_circuit_decorator.py
[2026-01-03T13:59:54.960+0000] {logging_mixin.py:150} INFO - [2026-01-03T13:59:54.960+0000] {dag.py:2742} INFO - Sync 1 DAGs
[2026-01-03T13:59:54.977+0000] {logging_mixin.py:150} INFO - [2026-01-03T13:59:54.976+0000] {dag.py:3504} INFO - Setting next_dagrun for example_short_circuit_decorator to 2026-01-02T13:59:54.976656+00:00, run_after=2026-01-03T13:59:54.976656+00:00
[2026-01-03T13:59:54.993+0000] {processor.py:179} INFO - Processing /home/vscode/.local/lib/python3.10/site-packages/airflow/example_dags/example_short_circuit_decorator.py took 0.059 seconds
[2026-01-03T14:00:38.183+0000] {processor.py:157} INFO - Started process (PID=15362) to work on /home/vscode/.local/lib/python3.10/site-packages/airflow/example_dags/example_short_circuit_decorator.py
[2026-01-03T14:00:38.184+0000] {processor.py:826} INFO - Processing file /home/vscode/.local/lib/python3.10/site-packages/airflow/example_dags/example_short_circuit_decorator.py for tasks to queue
[2026-01-03T14:00:38.184+0000] {logging_mixin.py:150} INFO - [2026-01-03T14:00:38.184+0000] {dagbag.py:541} INFO - Filling up the DagBag from /home/vscode/.local/lib/python3.10/site-packages/airflow/example_dags/example_short_circuit_decorator.py
[2026-01-03T14:00:38.192+0000] {processor.py:836} INFO - DAG(s) dict_keys(['example_short_circuit_decorator']) retrieved from /home/vscode/.local/lib/python3.10/site-packages/airflow/example_dags/example_short_circuit_decorator.py
[2026-01-03T14:00:38.206+0000] {logging_mixin.py:150} INFO - [2026-01-03T14:00:38.206+0000] {dag.py:2742} INFO - Sync 1 DAGs
[2026-01-03T14:00:38.221+0000] {logging_mixin.py:150} INFO - [2026-01-03T14:00:38.221+0000] {dag.py:3504} INFO - Setting next_dagrun for example_short_circuit_decorator to 2026-01-02T14:00:38.221390+00:00, run_after=2026-01-03T14:00:38.221390+00:00
[2026-01-03T14:00:38.236+0000] {processor.py:179} INFO - Processing /home/vscode/.local/lib/python3.10/site-packages/airflow/example_dags/example_short_circuit_decorator.py took 0.056 seconds
[2026-01-03T14:01:17.440+0000] {processor.py:157} INFO - Started process (PID=15624) to work on /home/vscode/.local/lib/python3.10/site-packages/airflow/example_dags/example_short_circuit_decorator.py
[2026-01-03T14:01:17.441+0000] {processor.py:826} INFO - Processing file /home/vscode/.local/lib/python3.10/site-packages/airflow/example_dags/example_short_circuit_decorator.py for tasks to queue
[2026-01-03T14:01:17.442+0000] {logging_mixin.py:150} INFO - [2026-01-03T14:01:17.441+0000] {dagbag.py:541} INFO - Filling up the DagBag from /home/vscode/.local/lib/python3.10/site-packages/airflow/example_dags/example_short_circuit_decorator.py
[2026-01-03T14:01:17.450+0000] {processor.py:836} INFO - DAG(s) dict_keys(['example_short_circuit_decorator']) retrieved from /home/vscode/.local/lib/python3.10/site-packages/airflow/example_dags/example_short_circuit_decorator.py
[2026-01-03T14:01:17.464+0000] {logging_mixin.py:150} INFO - [2026-01-03T14:01:17.464+0000] {dag.py:2742} INFO - Sync 1 DAGs
[2026-01-03T14:01:17.478+0000] {logging_mixin.py:150} INFO - [2026-01-03T14:01:17.478+0000] {dag.py:3504} INFO - Setting next_dagrun for example_short_circuit_decorator to 2026-01-02T14:01:17.477927+00:00, run_after=2026-01-03T14:01:17.477927+00:00
[2026-01-03T14:01:17.493+0000] {processor.py:179} INFO - Processing /home/vscode/.local/lib/python3.10/site-packages/airflow/example_dags/example_short_circuit_decorator.py took 0.055 seconds
[2026-01-03T14:02:00.351+0000] {processor.py:157} INFO - Started process (PID=15942) to work on /home/vscode/.local/lib/python3.10/site-packages/airflow/example_dags/example_short_circuit_decorator.py
[2026-01-03T14:02:00.352+0000] {processor.py:826} INFO - Processing file /home/vscode/.local/lib/python3.10/site-packages/airflow/example_dags/example_short_circuit_decorator.py for tasks to queue
[2026-01-03T14:02:00.353+0000] {logging_mixin.py:150} INFO - [2026-01-03T14:02:00.353+0000] {dagbag.py:541} INFO - Filling up the DagBag from /home/vscode/.local/lib/python3.10/site-packages/airflow/example_dags/example_short_circuit_decorator.py
[2026-01-03T14:02:00.362+0000] {processor.py:836} INFO - DAG(s) dict_keys(['example_short_circuit_decorator']) retrieved from /home/vscode/.local/lib/python3.10/site-packages/airflow/example_dags/example_short_circuit_decorator.py
[2026-01-03T14:02:00.384+0000] {logging_mixin.py:150} INFO - [2026-01-03T14:02:00.384+0000] {dag.py:2742} INFO - Sync 1 DAGs
[2026-01-03T14:02:00.404+0000] {logging_mixin.py:150} INFO - [2026-01-03T14:02:00.404+0000] {dag.py:3504} INFO - Setting next_dagrun for example_short_circuit_decorator to 2026-01-02T14:02:00.404303+00:00, run_after=2026-01-03T14:02:00.404303+00:00
[2026-01-03T14:02:00.420+0000] {processor.py:179} INFO - Processing /home/vscode/.local/lib/python3.10/site-packages/airflow/example_dags/example_short_circuit_decorator.py took 0.071 seconds
[2026-01-03T14:02:44.948+0000] {processor.py:157} INFO - Started process (PID=16327) to work on /home/vscode/.local/lib/python3.10/site-packages/airflow/example_dags/example_short_circuit_decorator.py
[2026-01-03T14:02:44.949+0000] {processor.py:826} INFO - Processing file /home/vscode/.local/lib/python3.10/site-packages/airflow/example_dags/example_short_circuit_decorator.py for tasks to queue
[2026-01-03T14:02:44.950+0000] {logging_mixin.py:150} INFO - [2026-01-03T14:02:44.949+0000] {dagbag.py:541} INFO - Filling up the DagBag from /home/vscode/.local/lib/python3.10/site-packages/airflow/example_dags/example_short_circuit_decorator.py
[2026-01-03T14:02:44.958+0000] {processor.py:836} INFO - DAG(s) dict_keys(['example_short_circuit_decorator']) retrieved from /home/vscode/.local/lib/python3.10/site-packages/airflow/example_dags/example_short_circuit_decorator.py
[2026-01-03T14:02:44.972+0000] {logging_mixin.py:150} INFO - [2026-01-03T14:02:44.972+0000] {dag.py:2742} INFO - Sync 1 DAGs
[2026-01-03T14:02:44.986+0000] {logging_mixin.py:150} INFO - [2026-01-03T14:02:44.986+0000] {dag.py:3504} INFO - Setting next_dagrun for example_short_circuit_decorator to 2026-01-02T14:02:44.986231+00:00, run_after=2026-01-03T14:02:44.986231+00:00
[2026-01-03T14:02:45.002+0000] {processor.py:179} INFO - Processing /home/vscode/.local/lib/python3.10/site-packages/airflow/example_dags/example_short_circuit_decorator.py took 0.056 seconds
[2026-01-03T14:03:24.620+0000] {processor.py:157} INFO - Started process (PID=16839) to work on /home/vscode/.local/lib/python3.10/site-packages/airflow/example_dags/example_short_circuit_decorator.py
[2026-01-03T14:03:24.621+0000] {processor.py:826} INFO - Processing file /home/vscode/.local/lib/python3.10/site-packages/airflow/example_dags/example_short_circuit_decorator.py for tasks to queue
[2026-01-03T14:03:24.621+0000] {logging_mixin.py:150} INFO - [2026-01-03T14:03:24.621+0000] {dagbag.py:541} INFO - Filling up the DagBag from /home/vscode/.local/lib/python3.10/site-packages/airflow/example_dags/example_short_circuit_decorator.py
[2026-01-03T14:03:24.629+0000] {processor.py:836} INFO - DAG(s) dict_keys(['example_short_circuit_decorator']) retrieved from /home/vscode/.local/lib/python3.10/site-packages/airflow/example_dags/example_short_circuit_decorator.py
[2026-01-03T14:03:24.643+0000] {logging_mixin.py:150} INFO - [2026-01-03T14:03:24.643+0000] {dag.py:2742} INFO - Sync 1 DAGs
[2026-01-03T14:03:24.658+0000] {logging_mixin.py:150} INFO - [2026-01-03T14:03:24.658+0000] {dag.py:3504} INFO - Setting next_dagrun for example_short_circuit_decorator to 2026-01-02T14:03:24.657889+00:00, run_after=2026-01-03T14:03:24.657889+00:00
[2026-01-03T14:03:24.673+0000] {processor.py:179} INFO - Processing /home/vscode/.local/lib/python3.10/site-packages/airflow/example_dags/example_short_circuit_decorator.py took 0.056 seconds
[2026-01-03T14:04:11.181+0000] {processor.py:157} INFO - Started process (PID=17407) to work on /home/vscode/.local/lib/python3.10/site-packages/airflow/example_dags/example_short_circuit_decorator.py
[2026-01-03T14:04:11.182+0000] {processor.py:826} INFO - Processing file /home/vscode/.local/lib/python3.10/site-packages/airflow/example_dags/example_short_circuit_decorator.py for tasks to queue
[2026-01-03T14:04:11.183+0000] {logging_mixin.py:150} INFO - [2026-01-03T14:04:11.183+0000] {dagbag.py:541} INFO - Filling up the DagBag from /home/vscode/.local/lib/python3.10/site-packages/airflow/example_dags/example_short_circuit_decorator.py
[2026-01-03T14:04:11.195+0000] {processor.py:836} INFO - DAG(s) dict_keys(['example_short_circuit_decorator']) retrieved from /home/vscode/.local/lib/python3.10/site-packages/airflow/example_dags/example_short_circuit_decorator.py
[2026-01-03T14:04:11.218+0000] {logging_mixin.py:150} INFO - [2026-01-03T14:04:11.217+0000] {dag.py:2742} INFO - Sync 1 DAGs
[2026-01-03T14:04:11.243+0000] {logging_mixin.py:150} INFO - [2026-01-03T14:04:11.242+0000] {dag.py:3504} INFO - Setting next_dagrun for example_short_circuit_decorator to 2026-01-02T14:04:11.242658+00:00, run_after=2026-01-03T14:04:11.242658+00:00
[2026-01-03T14:04:11.264+0000] {processor.py:179} INFO - Processing /home/vscode/.local/lib/python3.10/site-packages/airflow/example_dags/example_short_circuit_decorator.py took 0.086 seconds
