[2026-01-03T13:49:28.599+0000] {processor.py:157} INFO - Started process (PID=10241) to work on /home/vscode/.local/lib/python3.10/site-packages/airflow/example_dags/example_branch_labels.py
[2026-01-03T13:49:28.600+0000] {processor.py:826} INFO - Processing file /home/vscode/.local/lib/python3.10/site-packages/airflow/example_dags/example_branch_labels.py for tasks to queue
[2026-01-03T13:49:28.600+0000] {logging_mixin.py:150} INFO - [2026-01-03T13:49:28.600+0000] {dagbag.py:541} INFO - Filling up the DagBag from /home/vscode/.local/lib/python3.10/site-packages/airflow/example_dags/example_branch_labels.py
[2026-01-03T13:49:28.607+0000] {processor.py:836} INFO - DAG(s) dict_keys(['example_branch_labels']) retrieved from /home/vscode/.local/lib/python3.10/site-packages/airflow/example_dags/example_branch_labels.py
[2026-01-03T13:49:28.686+0000] {logging_mixin.py:150} INFO - [2026-01-03T13:49:28.685+0000] {manager.py:504} INFO - Created Permission View: can delete on DAG:example_branch_labels
[2026-01-03T13:49:28.694+0000] {logging_mixin.py:150} INFO - [2026-01-03T13:49:28.694+0000] {manager.py:504} INFO - Created Permission View: can read on DAG:example_branch_labels
[2026-01-03T13:49:28.700+0000] {logging_mixin.py:150} INFO - [2026-01-03T13:49:28.700+0000] {manager.py:504} INFO - Created Permission View: can edit on DAG:example_branch_labels
[2026-01-03T13:49:28.708+0000] {logging_mixin.py:150} INFO - [2026-01-03T13:49:28.707+0000] {dag.py:2742} INFO - Sync 1 DAGs
[2026-01-03T13:49:28.714+0000] {logging_mixin.py:150} INFO - [2026-01-03T13:49:28.714+0000] {dag.py:2763} INFO - Creating ORM DAG for example_branch_labels
[2026-01-03T13:49:28.723+0000] {logging_mixin.py:150} INFO - [2026-01-03T13:49:28.723+0000] {dag.py:3504} INFO - Setting next_dagrun for example_branch_labels to 2026-01-02T00:00:00+00:00, run_after=2026-01-03T00:00:00+00:00
[2026-01-03T13:49:28.737+0000] {processor.py:179} INFO - Processing /home/vscode/.local/lib/python3.10/site-packages/airflow/example_dags/example_branch_labels.py took 0.140 seconds
[2026-01-03T13:50:16.332+0000] {processor.py:157} INFO - Started process (PID=10601) to work on /home/vscode/.local/lib/python3.10/site-packages/airflow/example_dags/example_branch_labels.py
[2026-01-03T13:50:16.333+0000] {processor.py:826} INFO - Processing file /home/vscode/.local/lib/python3.10/site-packages/airflow/example_dags/example_branch_labels.py for tasks to queue
[2026-01-03T13:50:16.334+0000] {logging_mixin.py:150} INFO - [2026-01-03T13:50:16.334+0000] {dagbag.py:541} INFO - Filling up the DagBag from /home/vscode/.local/lib/python3.10/site-packages/airflow/example_dags/example_branch_labels.py
[2026-01-03T13:50:16.340+0000] {processor.py:836} INFO - DAG(s) dict_keys(['example_branch_labels']) retrieved from /home/vscode/.local/lib/python3.10/site-packages/airflow/example_dags/example_branch_labels.py
[2026-01-03T13:50:16.355+0000] {logging_mixin.py:150} INFO - [2026-01-03T13:50:16.354+0000] {dag.py:2742} INFO - Sync 1 DAGs
[2026-01-03T13:50:16.371+0000] {logging_mixin.py:150} INFO - [2026-01-03T13:50:16.371+0000] {dag.py:3504} INFO - Setting next_dagrun for example_branch_labels to 2026-01-02T00:00:00+00:00, run_after=2026-01-03T00:00:00+00:00
[2026-01-03T13:50:16.386+0000] {processor.py:179} INFO - Processing /home/vscode/.local/lib/python3.10/site-packages/airflow/example_dags/example_branch_labels.py took 0.056 seconds
[2026-01-03T13:50:59.966+0000] {processor.py:157} INFO - Started process (PID=10920) to work on /home/vscode/.local/lib/python3.10/site-packages/airflow/example_dags/example_branch_labels.py
[2026-01-03T13:50:59.967+0000] {processor.py:826} INFO - Processing file /home/vscode/.local/lib/python3.10/site-packages/airflow/example_dags/example_branch_labels.py for tasks to queue
[2026-01-03T13:50:59.968+0000] {logging_mixin.py:150} INFO - [2026-01-03T13:50:59.968+0000] {dagbag.py:541} INFO - Filling up the DagBag from /home/vscode/.local/lib/python3.10/site-packages/airflow/example_dags/example_branch_labels.py
[2026-01-03T13:50:59.975+0000] {processor.py:836} INFO - DAG(s) dict_keys(['example_branch_labels']) retrieved from /home/vscode/.local/lib/python3.10/site-packages/airflow/example_dags/example_branch_labels.py
[2026-01-03T13:50:59.990+0000] {logging_mixin.py:150} INFO - [2026-01-03T13:50:59.989+0000] {dag.py:2742} INFO - Sync 1 DAGs
[2026-01-03T13:51:00.010+0000] {logging_mixin.py:150} INFO - [2026-01-03T13:51:00.010+0000] {dag.py:3504} INFO - Setting next_dagrun for example_branch_labels to 2026-01-02T00:00:00+00:00, run_after=2026-01-03T00:00:00+00:00
[2026-01-03T13:51:00.025+0000] {processor.py:179} INFO - Processing /home/vscode/.local/lib/python3.10/site-packages/airflow/example_dags/example_branch_labels.py took 0.061 seconds
[2026-01-03T13:51:43.900+0000] {processor.py:157} INFO - Started process (PID=11230) to work on /home/vscode/.local/lib/python3.10/site-packages/airflow/example_dags/example_branch_labels.py
[2026-01-03T13:51:43.901+0000] {processor.py:826} INFO - Processing file /home/vscode/.local/lib/python3.10/site-packages/airflow/example_dags/example_branch_labels.py for tasks to queue
[2026-01-03T13:51:43.902+0000] {logging_mixin.py:150} INFO - [2026-01-03T13:51:43.901+0000] {dagbag.py:541} INFO - Filling up the DagBag from /home/vscode/.local/lib/python3.10/site-packages/airflow/example_dags/example_branch_labels.py
[2026-01-03T13:51:43.908+0000] {processor.py:836} INFO - DAG(s) dict_keys(['example_branch_labels']) retrieved from /home/vscode/.local/lib/python3.10/site-packages/airflow/example_dags/example_branch_labels.py
[2026-01-03T13:51:43.923+0000] {logging_mixin.py:150} INFO - [2026-01-03T13:51:43.922+0000] {dag.py:2742} INFO - Sync 1 DAGs
[2026-01-03T13:51:43.939+0000] {logging_mixin.py:150} INFO - [2026-01-03T13:51:43.938+0000] {dag.py:3504} INFO - Setting next_dagrun for example_branch_labels to 2026-01-02T00:00:00+00:00, run_after=2026-01-03T00:00:00+00:00
[2026-01-03T13:51:43.955+0000] {processor.py:179} INFO - Processing /home/vscode/.local/lib/python3.10/site-packages/airflow/example_dags/example_branch_labels.py took 0.058 seconds
[2026-01-03T13:52:27.995+0000] {processor.py:157} INFO - Started process (PID=11553) to work on /home/vscode/.local/lib/python3.10/site-packages/airflow/example_dags/example_branch_labels.py
[2026-01-03T13:52:27.996+0000] {processor.py:826} INFO - Processing file /home/vscode/.local/lib/python3.10/site-packages/airflow/example_dags/example_branch_labels.py for tasks to queue
[2026-01-03T13:52:27.997+0000] {logging_mixin.py:150} INFO - [2026-01-03T13:52:27.996+0000] {dagbag.py:541} INFO - Filling up the DagBag from /home/vscode/.local/lib/python3.10/site-packages/airflow/example_dags/example_branch_labels.py
[2026-01-03T13:52:28.003+0000] {processor.py:836} INFO - DAG(s) dict_keys(['example_branch_labels']) retrieved from /home/vscode/.local/lib/python3.10/site-packages/airflow/example_dags/example_branch_labels.py
[2026-01-03T13:52:28.019+0000] {logging_mixin.py:150} INFO - [2026-01-03T13:52:28.019+0000] {dag.py:2742} INFO - Sync 1 DAGs
[2026-01-03T13:52:28.037+0000] {logging_mixin.py:150} INFO - [2026-01-03T13:52:28.037+0000] {dag.py:3504} INFO - Setting next_dagrun for example_branch_labels to 2026-01-02T00:00:00+00:00, run_after=2026-01-03T00:00:00+00:00
[2026-01-03T13:52:28.055+0000] {processor.py:179} INFO - Processing /home/vscode/.local/lib/python3.10/site-packages/airflow/example_dags/example_branch_labels.py took 0.062 seconds
[2026-01-03T13:53:10.801+0000] {processor.py:157} INFO - Started process (PID=11860) to work on /home/vscode/.local/lib/python3.10/site-packages/airflow/example_dags/example_branch_labels.py
[2026-01-03T13:53:10.802+0000] {processor.py:826} INFO - Processing file /home/vscode/.local/lib/python3.10/site-packages/airflow/example_dags/example_branch_labels.py for tasks to queue
[2026-01-03T13:53:10.802+0000] {logging_mixin.py:150} INFO - [2026-01-03T13:53:10.802+0000] {dagbag.py:541} INFO - Filling up the DagBag from /home/vscode/.local/lib/python3.10/site-packages/airflow/example_dags/example_branch_labels.py
[2026-01-03T13:53:10.809+0000] {processor.py:836} INFO - DAG(s) dict_keys(['example_branch_labels']) retrieved from /home/vscode/.local/lib/python3.10/site-packages/airflow/example_dags/example_branch_labels.py
[2026-01-03T13:53:10.824+0000] {logging_mixin.py:150} INFO - [2026-01-03T13:53:10.824+0000] {dag.py:2742} INFO - Sync 1 DAGs
[2026-01-03T13:53:10.841+0000] {logging_mixin.py:150} INFO - [2026-01-03T13:53:10.841+0000] {dag.py:3504} INFO - Setting next_dagrun for example_branch_labels to 2026-01-02T00:00:00+00:00, run_after=2026-01-03T00:00:00+00:00
[2026-01-03T13:53:10.858+0000] {processor.py:179} INFO - Processing /home/vscode/.local/lib/python3.10/site-packages/airflow/example_dags/example_branch_labels.py took 0.060 seconds
[2026-01-03T13:53:53.573+0000] {processor.py:157} INFO - Started process (PID=12227) to work on /home/vscode/.local/lib/python3.10/site-packages/airflow/example_dags/example_branch_labels.py
[2026-01-03T13:53:53.574+0000] {processor.py:826} INFO - Processing file /home/vscode/.local/lib/python3.10/site-packages/airflow/example_dags/example_branch_labels.py for tasks to queue
[2026-01-03T13:53:53.575+0000] {logging_mixin.py:150} INFO - [2026-01-03T13:53:53.575+0000] {dagbag.py:541} INFO - Filling up the DagBag from /home/vscode/.local/lib/python3.10/site-packages/airflow/example_dags/example_branch_labels.py
[2026-01-03T13:53:53.582+0000] {processor.py:836} INFO - DAG(s) dict_keys(['example_branch_labels']) retrieved from /home/vscode/.local/lib/python3.10/site-packages/airflow/example_dags/example_branch_labels.py
[2026-01-03T13:53:53.597+0000] {logging_mixin.py:150} INFO - [2026-01-03T13:53:53.597+0000] {dag.py:2742} INFO - Sync 1 DAGs
[2026-01-03T13:53:53.613+0000] {logging_mixin.py:150} INFO - [2026-01-03T13:53:53.613+0000] {dag.py:3504} INFO - Setting next_dagrun for example_branch_labels to 2026-01-02T00:00:00+00:00, run_after=2026-01-03T00:00:00+00:00
[2026-01-03T13:53:53.635+0000] {processor.py:179} INFO - Processing /home/vscode/.local/lib/python3.10/site-packages/airflow/example_dags/example_branch_labels.py took 0.065 seconds
[2026-01-03T13:54:45.626+0000] {processor.py:157} INFO - Started process (PID=12622) to work on /home/vscode/.local/lib/python3.10/site-packages/airflow/example_dags/example_branch_labels.py
[2026-01-03T13:54:45.627+0000] {processor.py:826} INFO - Processing file /home/vscode/.local/lib/python3.10/site-packages/airflow/example_dags/example_branch_labels.py for tasks to queue
[2026-01-03T13:54:45.628+0000] {logging_mixin.py:150} INFO - [2026-01-03T13:54:45.627+0000] {dagbag.py:541} INFO - Filling up the DagBag from /home/vscode/.local/lib/python3.10/site-packages/airflow/example_dags/example_branch_labels.py
[2026-01-03T13:54:45.634+0000] {processor.py:836} INFO - DAG(s) dict_keys(['example_branch_labels']) retrieved from /home/vscode/.local/lib/python3.10/site-packages/airflow/example_dags/example_branch_labels.py
[2026-01-03T13:54:45.649+0000] {logging_mixin.py:150} INFO - [2026-01-03T13:54:45.649+0000] {dag.py:2742} INFO - Sync 1 DAGs
[2026-01-03T13:54:45.665+0000] {logging_mixin.py:150} INFO - [2026-01-03T13:54:45.665+0000] {dag.py:3504} INFO - Setting next_dagrun for example_branch_labels to 2026-01-02T00:00:00+00:00, run_after=2026-01-03T00:00:00+00:00
[2026-01-03T13:54:45.679+0000] {processor.py:179} INFO - Processing /home/vscode/.local/lib/python3.10/site-packages/airflow/example_dags/example_branch_labels.py took 0.056 seconds
[2026-01-03T13:55:34.941+0000] {processor.py:157} INFO - Started process (PID=13065) to work on /home/vscode/.local/lib/python3.10/site-packages/airflow/example_dags/example_branch_labels.py
[2026-01-03T13:55:34.942+0000] {processor.py:826} INFO - Processing file /home/vscode/.local/lib/python3.10/site-packages/airflow/example_dags/example_branch_labels.py for tasks to queue
[2026-01-03T13:55:34.943+0000] {logging_mixin.py:150} INFO - [2026-01-03T13:55:34.942+0000] {dagbag.py:541} INFO - Filling up the DagBag from /home/vscode/.local/lib/python3.10/site-packages/airflow/example_dags/example_branch_labels.py
[2026-01-03T13:55:34.949+0000] {processor.py:836} INFO - DAG(s) dict_keys(['example_branch_labels']) retrieved from /home/vscode/.local/lib/python3.10/site-packages/airflow/example_dags/example_branch_labels.py
[2026-01-03T13:55:34.964+0000] {logging_mixin.py:150} INFO - [2026-01-03T13:55:34.964+0000] {dag.py:2742} INFO - Sync 1 DAGs
[2026-01-03T13:55:34.981+0000] {logging_mixin.py:150} INFO - [2026-01-03T13:55:34.980+0000] {dag.py:3504} INFO - Setting next_dagrun for example_branch_labels to 2026-01-02T00:00:00+00:00, run_after=2026-01-03T00:00:00+00:00
[2026-01-03T13:55:34.996+0000] {processor.py:179} INFO - Processing /home/vscode/.local/lib/python3.10/site-packages/airflow/example_dags/example_branch_labels.py took 0.058 seconds
[2026-01-03T13:56:18.024+0000] {processor.py:157} INFO - Started process (PID=13544) to work on /home/vscode/.local/lib/python3.10/site-packages/airflow/example_dags/example_branch_labels.py
[2026-01-03T13:56:18.024+0000] {processor.py:826} INFO - Processing file /home/vscode/.local/lib/python3.10/site-packages/airflow/example_dags/example_branch_labels.py for tasks to queue
[2026-01-03T13:56:18.025+0000] {logging_mixin.py:150} INFO - [2026-01-03T13:56:18.025+0000] {dagbag.py:541} INFO - Filling up the DagBag from /home/vscode/.local/lib/python3.10/site-packages/airflow/example_dags/example_branch_labels.py
[2026-01-03T13:56:18.032+0000] {processor.py:836} INFO - DAG(s) dict_keys(['example_branch_labels']) retrieved from /home/vscode/.local/lib/python3.10/site-packages/airflow/example_dags/example_branch_labels.py
[2026-01-03T13:56:18.046+0000] {logging_mixin.py:150} INFO - [2026-01-03T13:56:18.046+0000] {dag.py:2742} INFO - Sync 1 DAGs
[2026-01-03T13:56:18.062+0000] {logging_mixin.py:150} INFO - [2026-01-03T13:56:18.062+0000] {dag.py:3504} INFO - Setting next_dagrun for example_branch_labels to 2026-01-02T00:00:00+00:00, run_after=2026-01-03T00:00:00+00:00
[2026-01-03T13:56:18.078+0000] {processor.py:179} INFO - Processing /home/vscode/.local/lib/python3.10/site-packages/airflow/example_dags/example_branch_labels.py took 0.057 seconds
[2026-01-03T13:57:01.570+0000] {processor.py:157} INFO - Started process (PID=13876) to work on /home/vscode/.local/lib/python3.10/site-packages/airflow/example_dags/example_branch_labels.py
[2026-01-03T13:57:01.571+0000] {processor.py:826} INFO - Processing file /home/vscode/.local/lib/python3.10/site-packages/airflow/example_dags/example_branch_labels.py for tasks to queue
[2026-01-03T13:57:01.571+0000] {logging_mixin.py:150} INFO - [2026-01-03T13:57:01.571+0000] {dagbag.py:541} INFO - Filling up the DagBag from /home/vscode/.local/lib/python3.10/site-packages/airflow/example_dags/example_branch_labels.py
[2026-01-03T13:57:01.578+0000] {processor.py:836} INFO - DAG(s) dict_keys(['example_branch_labels']) retrieved from /home/vscode/.local/lib/python3.10/site-packages/airflow/example_dags/example_branch_labels.py
[2026-01-03T13:57:01.592+0000] {logging_mixin.py:150} INFO - [2026-01-03T13:57:01.592+0000] {dag.py:2742} INFO - Sync 1 DAGs
[2026-01-03T13:57:01.607+0000] {logging_mixin.py:150} INFO - [2026-01-03T13:57:01.607+0000] {dag.py:3504} INFO - Setting next_dagrun for example_branch_labels to 2026-01-02T00:00:00+00:00, run_after=2026-01-03T00:00:00+00:00
[2026-01-03T13:57:01.622+0000] {processor.py:179} INFO - Processing /home/vscode/.local/lib/python3.10/site-packages/airflow/example_dags/example_branch_labels.py took 0.055 seconds
[2026-01-03T13:57:47.162+0000] {processor.py:157} INFO - Started process (PID=14191) to work on /home/vscode/.local/lib/python3.10/site-packages/airflow/example_dags/example_branch_labels.py
[2026-01-03T13:57:47.163+0000] {processor.py:826} INFO - Processing file /home/vscode/.local/lib/python3.10/site-packages/airflow/example_dags/example_branch_labels.py for tasks to queue
[2026-01-03T13:57:47.164+0000] {logging_mixin.py:150} INFO - [2026-01-03T13:57:47.164+0000] {dagbag.py:541} INFO - Filling up the DagBag from /home/vscode/.local/lib/python3.10/site-packages/airflow/example_dags/example_branch_labels.py
[2026-01-03T13:57:47.171+0000] {processor.py:836} INFO - DAG(s) dict_keys(['example_branch_labels']) retrieved from /home/vscode/.local/lib/python3.10/site-packages/airflow/example_dags/example_branch_labels.py
[2026-01-03T13:57:47.185+0000] {logging_mixin.py:150} INFO - [2026-01-03T13:57:47.185+0000] {dag.py:2742} INFO - Sync 1 DAGs
[2026-01-03T13:57:47.201+0000] {logging_mixin.py:150} INFO - [2026-01-03T13:57:47.201+0000] {dag.py:3504} INFO - Setting next_dagrun for example_branch_labels to 2026-01-02T00:00:00+00:00, run_after=2026-01-03T00:00:00+00:00
[2026-01-03T13:57:47.215+0000] {processor.py:179} INFO - Processing /home/vscode/.local/lib/python3.10/site-packages/airflow/example_dags/example_branch_labels.py took 0.055 seconds
[2026-01-03T13:58:41.751+0000] {processor.py:157} INFO - Started process (PID=14553) to work on /home/vscode/.local/lib/python3.10/site-packages/airflow/example_dags/example_branch_labels.py
[2026-01-03T13:58:41.752+0000] {processor.py:826} INFO - Processing file /home/vscode/.local/lib/python3.10/site-packages/airflow/example_dags/example_branch_labels.py for tasks to queue
[2026-01-03T13:58:41.752+0000] {logging_mixin.py:150} INFO - [2026-01-03T13:58:41.752+0000] {dagbag.py:541} INFO - Filling up the DagBag from /home/vscode/.local/lib/python3.10/site-packages/airflow/example_dags/example_branch_labels.py
[2026-01-03T13:58:41.758+0000] {processor.py:836} INFO - DAG(s) dict_keys(['example_branch_labels']) retrieved from /home/vscode/.local/lib/python3.10/site-packages/airflow/example_dags/example_branch_labels.py
[2026-01-03T13:58:41.773+0000] {logging_mixin.py:150} INFO - [2026-01-03T13:58:41.772+0000] {dag.py:2742} INFO - Sync 1 DAGs
[2026-01-03T13:58:41.788+0000] {logging_mixin.py:150} INFO - [2026-01-03T13:58:41.788+0000] {dag.py:3504} INFO - Setting next_dagrun for example_branch_labels to 2026-01-02T00:00:00+00:00, run_after=2026-01-03T00:00:00+00:00
[2026-01-03T13:58:41.802+0000] {processor.py:179} INFO - Processing /home/vscode/.local/lib/python3.10/site-packages/airflow/example_dags/example_branch_labels.py took 0.054 seconds
[2026-01-03T13:59:31.404+0000] {processor.py:157} INFO - Started process (PID=14914) to work on /home/vscode/.local/lib/python3.10/site-packages/airflow/example_dags/example_branch_labels.py
[2026-01-03T13:59:31.404+0000] {processor.py:826} INFO - Processing file /home/vscode/.local/lib/python3.10/site-packages/airflow/example_dags/example_branch_labels.py for tasks to queue
[2026-01-03T13:59:31.405+0000] {logging_mixin.py:150} INFO - [2026-01-03T13:59:31.405+0000] {dagbag.py:541} INFO - Filling up the DagBag from /home/vscode/.local/lib/python3.10/site-packages/airflow/example_dags/example_branch_labels.py
[2026-01-03T13:59:31.411+0000] {processor.py:836} INFO - DAG(s) dict_keys(['example_branch_labels']) retrieved from /home/vscode/.local/lib/python3.10/site-packages/airflow/example_dags/example_branch_labels.py
[2026-01-03T13:59:31.425+0000] {logging_mixin.py:150} INFO - [2026-01-03T13:59:31.425+0000] {dag.py:2742} INFO - Sync 1 DAGs
[2026-01-03T13:59:31.441+0000] {logging_mixin.py:150} INFO - [2026-01-03T13:59:31.440+0000] {dag.py:3504} INFO - Setting next_dagrun for example_branch_labels to 2026-01-02T00:00:00+00:00, run_after=2026-01-03T00:00:00+00:00
[2026-01-03T13:59:31.455+0000] {processor.py:179} INFO - Processing /home/vscode/.local/lib/python3.10/site-packages/airflow/example_dags/example_branch_labels.py took 0.054 seconds
[2026-01-03T14:00:17.632+0000] {processor.py:157} INFO - Started process (PID=15224) to work on /home/vscode/.local/lib/python3.10/site-packages/airflow/example_dags/example_branch_labels.py
[2026-01-03T14:00:17.632+0000] {processor.py:826} INFO - Processing file /home/vscode/.local/lib/python3.10/site-packages/airflow/example_dags/example_branch_labels.py for tasks to queue
[2026-01-03T14:00:17.633+0000] {logging_mixin.py:150} INFO - [2026-01-03T14:00:17.633+0000] {dagbag.py:541} INFO - Filling up the DagBag from /home/vscode/.local/lib/python3.10/site-packages/airflow/example_dags/example_branch_labels.py
[2026-01-03T14:00:17.639+0000] {processor.py:836} INFO - DAG(s) dict_keys(['example_branch_labels']) retrieved from /home/vscode/.local/lib/python3.10/site-packages/airflow/example_dags/example_branch_labels.py
[2026-01-03T14:00:17.653+0000] {logging_mixin.py:150} INFO - [2026-01-03T14:00:17.653+0000] {dag.py:2742} INFO - Sync 1 DAGs
[2026-01-03T14:00:17.668+0000] {logging_mixin.py:150} INFO - [2026-01-03T14:00:17.668+0000] {dag.py:3504} INFO - Setting next_dagrun for example_branch_labels to 2026-01-02T00:00:00+00:00, run_after=2026-01-03T00:00:00+00:00
[2026-01-03T14:00:17.683+0000] {processor.py:179} INFO - Processing /home/vscode/.local/lib/python3.10/site-packages/airflow/example_dags/example_branch_labels.py took 0.053 seconds
[2026-01-03T14:01:11.180+0000] {processor.py:157} INFO - Started process (PID=15580) to work on /home/vscode/.local/lib/python3.10/site-packages/airflow/example_dags/example_branch_labels.py
[2026-01-03T14:01:11.181+0000] {processor.py:826} INFO - Processing file /home/vscode/.local/lib/python3.10/site-packages/airflow/example_dags/example_branch_labels.py for tasks to queue
[2026-01-03T14:01:11.181+0000] {logging_mixin.py:150} INFO - [2026-01-03T14:01:11.181+0000] {dagbag.py:541} INFO - Filling up the DagBag from /home/vscode/.local/lib/python3.10/site-packages/airflow/example_dags/example_branch_labels.py
[2026-01-03T14:01:11.188+0000] {processor.py:836} INFO - DAG(s) dict_keys(['example_branch_labels']) retrieved from /home/vscode/.local/lib/python3.10/site-packages/airflow/example_dags/example_branch_labels.py
[2026-01-03T14:01:11.202+0000] {logging_mixin.py:150} INFO - [2026-01-03T14:01:11.202+0000] {dag.py:2742} INFO - Sync 1 DAGs
[2026-01-03T14:01:11.217+0000] {logging_mixin.py:150} INFO - [2026-01-03T14:01:11.217+0000] {dag.py:3504} INFO - Setting next_dagrun for example_branch_labels to 2026-01-02T00:00:00+00:00, run_after=2026-01-03T00:00:00+00:00
[2026-01-03T14:01:11.231+0000] {processor.py:179} INFO - Processing /home/vscode/.local/lib/python3.10/site-packages/airflow/example_dags/example_branch_labels.py took 0.054 seconds
[2026-01-03T14:02:07.139+0000] {processor.py:157} INFO - Started process (PID=15992) to work on /home/vscode/.local/lib/python3.10/site-packages/airflow/example_dags/example_branch_labels.py
[2026-01-03T14:02:07.140+0000] {processor.py:826} INFO - Processing file /home/vscode/.local/lib/python3.10/site-packages/airflow/example_dags/example_branch_labels.py for tasks to queue
[2026-01-03T14:02:07.141+0000] {logging_mixin.py:150} INFO - [2026-01-03T14:02:07.140+0000] {dagbag.py:541} INFO - Filling up the DagBag from /home/vscode/.local/lib/python3.10/site-packages/airflow/example_dags/example_branch_labels.py
[2026-01-03T14:02:07.147+0000] {processor.py:836} INFO - DAG(s) dict_keys(['example_branch_labels']) retrieved from /home/vscode/.local/lib/python3.10/site-packages/airflow/example_dags/example_branch_labels.py
[2026-01-03T14:02:07.162+0000] {logging_mixin.py:150} INFO - [2026-01-03T14:02:07.161+0000] {dag.py:2742} INFO - Sync 1 DAGs
[2026-01-03T14:02:07.178+0000] {logging_mixin.py:150} INFO - [2026-01-03T14:02:07.178+0000] {dag.py:3504} INFO - Setting next_dagrun for example_branch_labels to 2026-01-02T00:00:00+00:00, run_after=2026-01-03T00:00:00+00:00
[2026-01-03T14:02:07.193+0000] {processor.py:179} INFO - Processing /home/vscode/.local/lib/python3.10/site-packages/airflow/example_dags/example_branch_labels.py took 0.056 seconds
[2026-01-03T14:02:50.912+0000] {processor.py:157} INFO - Started process (PID=16375) to work on /home/vscode/.local/lib/python3.10/site-packages/airflow/example_dags/example_branch_labels.py
[2026-01-03T14:02:50.913+0000] {processor.py:826} INFO - Processing file /home/vscode/.local/lib/python3.10/site-packages/airflow/example_dags/example_branch_labels.py for tasks to queue
[2026-01-03T14:02:50.913+0000] {logging_mixin.py:150} INFO - [2026-01-03T14:02:50.913+0000] {dagbag.py:541} INFO - Filling up the DagBag from /home/vscode/.local/lib/python3.10/site-packages/airflow/example_dags/example_branch_labels.py
[2026-01-03T14:02:50.920+0000] {processor.py:836} INFO - DAG(s) dict_keys(['example_branch_labels']) retrieved from /home/vscode/.local/lib/python3.10/site-packages/airflow/example_dags/example_branch_labels.py
[2026-01-03T14:02:50.934+0000] {logging_mixin.py:150} INFO - [2026-01-03T14:02:50.934+0000] {dag.py:2742} INFO - Sync 1 DAGs
[2026-01-03T14:02:50.950+0000] {logging_mixin.py:150} INFO - [2026-01-03T14:02:50.950+0000] {dag.py:3504} INFO - Setting next_dagrun for example_branch_labels to 2026-01-02T00:00:00+00:00, run_after=2026-01-03T00:00:00+00:00
[2026-01-03T14:02:50.965+0000] {processor.py:179} INFO - Processing /home/vscode/.local/lib/python3.10/site-packages/airflow/example_dags/example_branch_labels.py took 0.056 seconds
[2026-01-03T14:03:46.829+0000] {processor.py:157} INFO - Started process (PID=17159) to work on /home/vscode/.local/lib/python3.10/site-packages/airflow/example_dags/example_branch_labels.py
[2026-01-03T14:03:46.829+0000] {processor.py:826} INFO - Processing file /home/vscode/.local/lib/python3.10/site-packages/airflow/example_dags/example_branch_labels.py for tasks to queue
[2026-01-03T14:03:46.830+0000] {logging_mixin.py:150} INFO - [2026-01-03T14:03:46.830+0000] {dagbag.py:541} INFO - Filling up the DagBag from /home/vscode/.local/lib/python3.10/site-packages/airflow/example_dags/example_branch_labels.py
[2026-01-03T14:03:46.836+0000] {processor.py:836} INFO - DAG(s) dict_keys(['example_branch_labels']) retrieved from /home/vscode/.local/lib/python3.10/site-packages/airflow/example_dags/example_branch_labels.py
[2026-01-03T14:03:46.850+0000] {logging_mixin.py:150} INFO - [2026-01-03T14:03:46.850+0000] {dag.py:2742} INFO - Sync 1 DAGs
[2026-01-03T14:03:46.865+0000] {logging_mixin.py:150} INFO - [2026-01-03T14:03:46.865+0000] {dag.py:3504} INFO - Setting next_dagrun for example_branch_labels to 2026-01-02T00:00:00+00:00, run_after=2026-01-03T00:00:00+00:00
[2026-01-03T14:03:46.880+0000] {processor.py:179} INFO - Processing /home/vscode/.local/lib/python3.10/site-packages/airflow/example_dags/example_branch_labels.py took 0.054 seconds
