[2026-01-03T13:49:18.113+0000] {processor.py:157} INFO - Started process (PID=10160) to work on /home/vscode/.local/lib/python3.10/site-packages/airflow/example_dags/example_nested_branch_dag.py
[2026-01-03T13:49:18.114+0000] {processor.py:826} INFO - Processing file /home/vscode/.local/lib/python3.10/site-packages/airflow/example_dags/example_nested_branch_dag.py for tasks to queue
[2026-01-03T13:49:18.115+0000] {logging_mixin.py:150} INFO - [2026-01-03T13:49:18.115+0000] {dagbag.py:541} INFO - Filling up the DagBag from /home/vscode/.local/lib/python3.10/site-packages/airflow/example_dags/example_nested_branch_dag.py
[2026-01-03T13:49:18.123+0000] {processor.py:836} INFO - DAG(s) dict_keys(['example_nested_branch_dag']) retrieved from /home/vscode/.local/lib/python3.10/site-packages/airflow/example_dags/example_nested_branch_dag.py
[2026-01-03T13:49:18.209+0000] {logging_mixin.py:150} INFO - [2026-01-03T13:49:18.209+0000] {manager.py:504} INFO - Created Permission View: can delete on DAG:example_nested_branch_dag
[2026-01-03T13:49:18.217+0000] {logging_mixin.py:150} INFO - [2026-01-03T13:49:18.217+0000] {manager.py:504} INFO - Created Permission View: can read on DAG:example_nested_branch_dag
[2026-01-03T13:49:18.223+0000] {logging_mixin.py:150} INFO - [2026-01-03T13:49:18.223+0000] {manager.py:504} INFO - Created Permission View: can edit on DAG:example_nested_branch_dag
[2026-01-03T13:49:18.231+0000] {logging_mixin.py:150} INFO - [2026-01-03T13:49:18.231+0000] {dag.py:2742} INFO - Sync 1 DAGs
[2026-01-03T13:49:18.238+0000] {logging_mixin.py:150} INFO - [2026-01-03T13:49:18.238+0000] {dag.py:2763} INFO - Creating ORM DAG for example_nested_branch_dag
[2026-01-03T13:49:18.245+0000] {logging_mixin.py:150} INFO - [2026-01-03T13:49:18.245+0000] {dag.py:3504} INFO - Setting next_dagrun for example_nested_branch_dag to 2026-01-02T00:00:00+00:00, run_after=2026-01-03T00:00:00+00:00
[2026-01-03T13:49:18.263+0000] {processor.py:179} INFO - Processing /home/vscode/.local/lib/python3.10/site-packages/airflow/example_dags/example_nested_branch_dag.py took 0.152 seconds
[2026-01-03T13:50:03.384+0000] {processor.py:157} INFO - Started process (PID=10506) to work on /home/vscode/.local/lib/python3.10/site-packages/airflow/example_dags/example_nested_branch_dag.py
[2026-01-03T13:50:03.385+0000] {processor.py:826} INFO - Processing file /home/vscode/.local/lib/python3.10/site-packages/airflow/example_dags/example_nested_branch_dag.py for tasks to queue
[2026-01-03T13:50:03.386+0000] {logging_mixin.py:150} INFO - [2026-01-03T13:50:03.386+0000] {dagbag.py:541} INFO - Filling up the DagBag from /home/vscode/.local/lib/python3.10/site-packages/airflow/example_dags/example_nested_branch_dag.py
[2026-01-03T13:50:03.394+0000] {processor.py:836} INFO - DAG(s) dict_keys(['example_nested_branch_dag']) retrieved from /home/vscode/.local/lib/python3.10/site-packages/airflow/example_dags/example_nested_branch_dag.py
[2026-01-03T13:50:03.408+0000] {logging_mixin.py:150} INFO - [2026-01-03T13:50:03.408+0000] {dag.py:2742} INFO - Sync 1 DAGs
[2026-01-03T13:50:03.424+0000] {logging_mixin.py:150} INFO - [2026-01-03T13:50:03.424+0000] {dag.py:3504} INFO - Setting next_dagrun for example_nested_branch_dag to 2026-01-02T00:00:00+00:00, run_after=2026-01-03T00:00:00+00:00
[2026-01-03T13:50:03.440+0000] {processor.py:179} INFO - Processing /home/vscode/.local/lib/python3.10/site-packages/airflow/example_dags/example_nested_branch_dag.py took 0.058 seconds
[2026-01-03T13:50:46.666+0000] {processor.py:157} INFO - Started process (PID=10834) to work on /home/vscode/.local/lib/python3.10/site-packages/airflow/example_dags/example_nested_branch_dag.py
[2026-01-03T13:50:46.667+0000] {processor.py:826} INFO - Processing file /home/vscode/.local/lib/python3.10/site-packages/airflow/example_dags/example_nested_branch_dag.py for tasks to queue
[2026-01-03T13:50:46.668+0000] {logging_mixin.py:150} INFO - [2026-01-03T13:50:46.667+0000] {dagbag.py:541} INFO - Filling up the DagBag from /home/vscode/.local/lib/python3.10/site-packages/airflow/example_dags/example_nested_branch_dag.py
[2026-01-03T13:50:46.676+0000] {processor.py:836} INFO - DAG(s) dict_keys(['example_nested_branch_dag']) retrieved from /home/vscode/.local/lib/python3.10/site-packages/airflow/example_dags/example_nested_branch_dag.py
[2026-01-03T13:50:46.690+0000] {logging_mixin.py:150} INFO - [2026-01-03T13:50:46.690+0000] {dag.py:2742} INFO - Sync 1 DAGs
[2026-01-03T13:50:46.707+0000] {logging_mixin.py:150} INFO - [2026-01-03T13:50:46.707+0000] {dag.py:3504} INFO - Setting next_dagrun for example_nested_branch_dag to 2026-01-02T00:00:00+00:00, run_after=2026-01-03T00:00:00+00:00
[2026-01-03T13:50:46.722+0000] {processor.py:179} INFO - Processing /home/vscode/.local/lib/python3.10/site-packages/airflow/example_dags/example_nested_branch_dag.py took 0.058 seconds
[2026-01-03T13:51:31.653+0000] {processor.py:157} INFO - Started process (PID=11140) to work on /home/vscode/.local/lib/python3.10/site-packages/airflow/example_dags/example_nested_branch_dag.py
[2026-01-03T13:51:31.654+0000] {processor.py:826} INFO - Processing file /home/vscode/.local/lib/python3.10/site-packages/airflow/example_dags/example_nested_branch_dag.py for tasks to queue
[2026-01-03T13:51:31.655+0000] {logging_mixin.py:150} INFO - [2026-01-03T13:51:31.654+0000] {dagbag.py:541} INFO - Filling up the DagBag from /home/vscode/.local/lib/python3.10/site-packages/airflow/example_dags/example_nested_branch_dag.py
[2026-01-03T13:51:31.663+0000] {processor.py:836} INFO - DAG(s) dict_keys(['example_nested_branch_dag']) retrieved from /home/vscode/.local/lib/python3.10/site-packages/airflow/example_dags/example_nested_branch_dag.py
[2026-01-03T13:51:31.678+0000] {logging_mixin.py:150} INFO - [2026-01-03T13:51:31.677+0000] {dag.py:2742} INFO - Sync 1 DAGs
[2026-01-03T13:51:31.694+0000] {logging_mixin.py:150} INFO - [2026-01-03T13:51:31.694+0000] {dag.py:3504} INFO - Setting next_dagrun for example_nested_branch_dag to 2026-01-02T00:00:00+00:00, run_after=2026-01-03T00:00:00+00:00
[2026-01-03T13:51:31.709+0000] {processor.py:179} INFO - Processing /home/vscode/.local/lib/python3.10/site-packages/airflow/example_dags/example_nested_branch_dag.py took 0.058 seconds
[2026-01-03T13:52:17.857+0000] {processor.py:157} INFO - Started process (PID=11485) to work on /home/vscode/.local/lib/python3.10/site-packages/airflow/example_dags/example_nested_branch_dag.py
[2026-01-03T13:52:17.858+0000] {processor.py:826} INFO - Processing file /home/vscode/.local/lib/python3.10/site-packages/airflow/example_dags/example_nested_branch_dag.py for tasks to queue
[2026-01-03T13:52:17.858+0000] {logging_mixin.py:150} INFO - [2026-01-03T13:52:17.858+0000] {dagbag.py:541} INFO - Filling up the DagBag from /home/vscode/.local/lib/python3.10/site-packages/airflow/example_dags/example_nested_branch_dag.py
[2026-01-03T13:52:17.867+0000] {processor.py:836} INFO - DAG(s) dict_keys(['example_nested_branch_dag']) retrieved from /home/vscode/.local/lib/python3.10/site-packages/airflow/example_dags/example_nested_branch_dag.py
[2026-01-03T13:52:17.883+0000] {logging_mixin.py:150} INFO - [2026-01-03T13:52:17.883+0000] {dag.py:2742} INFO - Sync 1 DAGs
[2026-01-03T13:52:17.901+0000] {logging_mixin.py:150} INFO - [2026-01-03T13:52:17.900+0000] {dag.py:3504} INFO - Setting next_dagrun for example_nested_branch_dag to 2026-01-02T00:00:00+00:00, run_after=2026-01-03T00:00:00+00:00
[2026-01-03T13:52:17.919+0000] {processor.py:179} INFO - Processing /home/vscode/.local/lib/python3.10/site-packages/airflow/example_dags/example_nested_branch_dag.py took 0.065 seconds
[2026-01-03T13:53:01.120+0000] {processor.py:157} INFO - Started process (PID=11782) to work on /home/vscode/.local/lib/python3.10/site-packages/airflow/example_dags/example_nested_branch_dag.py
[2026-01-03T13:53:01.121+0000] {processor.py:826} INFO - Processing file /home/vscode/.local/lib/python3.10/site-packages/airflow/example_dags/example_nested_branch_dag.py for tasks to queue
[2026-01-03T13:53:01.122+0000] {logging_mixin.py:150} INFO - [2026-01-03T13:53:01.122+0000] {dagbag.py:541} INFO - Filling up the DagBag from /home/vscode/.local/lib/python3.10/site-packages/airflow/example_dags/example_nested_branch_dag.py
[2026-01-03T13:53:01.130+0000] {processor.py:836} INFO - DAG(s) dict_keys(['example_nested_branch_dag']) retrieved from /home/vscode/.local/lib/python3.10/site-packages/airflow/example_dags/example_nested_branch_dag.py
[2026-01-03T13:53:01.146+0000] {logging_mixin.py:150} INFO - [2026-01-03T13:53:01.145+0000] {dag.py:2742} INFO - Sync 1 DAGs
[2026-01-03T13:53:01.163+0000] {logging_mixin.py:150} INFO - [2026-01-03T13:53:01.163+0000] {dag.py:3504} INFO - Setting next_dagrun for example_nested_branch_dag to 2026-01-02T00:00:00+00:00, run_after=2026-01-03T00:00:00+00:00
[2026-01-03T13:53:01.179+0000] {processor.py:179} INFO - Processing /home/vscode/.local/lib/python3.10/site-packages/airflow/example_dags/example_nested_branch_dag.py took 0.061 seconds
[2026-01-03T13:53:44.086+0000] {processor.py:157} INFO - Started process (PID=12123) to work on /home/vscode/.local/lib/python3.10/site-packages/airflow/example_dags/example_nested_branch_dag.py
[2026-01-03T13:53:44.087+0000] {processor.py:826} INFO - Processing file /home/vscode/.local/lib/python3.10/site-packages/airflow/example_dags/example_nested_branch_dag.py for tasks to queue
[2026-01-03T13:53:44.088+0000] {logging_mixin.py:150} INFO - [2026-01-03T13:53:44.087+0000] {dagbag.py:541} INFO - Filling up the DagBag from /home/vscode/.local/lib/python3.10/site-packages/airflow/example_dags/example_nested_branch_dag.py
[2026-01-03T13:53:44.096+0000] {processor.py:836} INFO - DAG(s) dict_keys(['example_nested_branch_dag']) retrieved from /home/vscode/.local/lib/python3.10/site-packages/airflow/example_dags/example_nested_branch_dag.py
[2026-01-03T13:53:44.113+0000] {logging_mixin.py:150} INFO - [2026-01-03T13:53:44.113+0000] {dag.py:2742} INFO - Sync 1 DAGs
[2026-01-03T13:53:44.129+0000] {logging_mixin.py:150} INFO - [2026-01-03T13:53:44.128+0000] {dag.py:3504} INFO - Setting next_dagrun for example_nested_branch_dag to 2026-01-02T00:00:00+00:00, run_after=2026-01-03T00:00:00+00:00
[2026-01-03T13:53:44.143+0000] {processor.py:179} INFO - Processing /home/vscode/.local/lib/python3.10/site-packages/airflow/example_dags/example_nested_branch_dag.py took 0.060 seconds
[2026-01-03T13:54:25.545+0000] {processor.py:157} INFO - Started process (PID=12476) to work on /home/vscode/.local/lib/python3.10/site-packages/airflow/example_dags/example_nested_branch_dag.py
[2026-01-03T13:54:25.546+0000] {processor.py:826} INFO - Processing file /home/vscode/.local/lib/python3.10/site-packages/airflow/example_dags/example_nested_branch_dag.py for tasks to queue
[2026-01-03T13:54:25.547+0000] {logging_mixin.py:150} INFO - [2026-01-03T13:54:25.547+0000] {dagbag.py:541} INFO - Filling up the DagBag from /home/vscode/.local/lib/python3.10/site-packages/airflow/example_dags/example_nested_branch_dag.py
[2026-01-03T13:54:25.555+0000] {processor.py:836} INFO - DAG(s) dict_keys(['example_nested_branch_dag']) retrieved from /home/vscode/.local/lib/python3.10/site-packages/airflow/example_dags/example_nested_branch_dag.py
[2026-01-03T13:54:25.573+0000] {logging_mixin.py:150} INFO - [2026-01-03T13:54:25.573+0000] {dag.py:2742} INFO - Sync 1 DAGs
[2026-01-03T13:54:25.588+0000] {logging_mixin.py:150} INFO - [2026-01-03T13:54:25.588+0000] {dag.py:3504} INFO - Setting next_dagrun for example_nested_branch_dag to 2026-01-02T00:00:00+00:00, run_after=2026-01-03T00:00:00+00:00
[2026-01-03T13:54:25.603+0000] {processor.py:179} INFO - Processing /home/vscode/.local/lib/python3.10/site-packages/airflow/example_dags/example_nested_branch_dag.py took 0.061 seconds
[2026-01-03T13:55:05.488+0000] {processor.py:157} INFO - Started process (PID=12780) to work on /home/vscode/.local/lib/python3.10/site-packages/airflow/example_dags/example_nested_branch_dag.py
[2026-01-03T13:55:05.489+0000] {processor.py:826} INFO - Processing file /home/vscode/.local/lib/python3.10/site-packages/airflow/example_dags/example_nested_branch_dag.py for tasks to queue
[2026-01-03T13:55:05.490+0000] {logging_mixin.py:150} INFO - [2026-01-03T13:55:05.490+0000] {dagbag.py:541} INFO - Filling up the DagBag from /home/vscode/.local/lib/python3.10/site-packages/airflow/example_dags/example_nested_branch_dag.py
[2026-01-03T13:55:05.498+0000] {processor.py:836} INFO - DAG(s) dict_keys(['example_nested_branch_dag']) retrieved from /home/vscode/.local/lib/python3.10/site-packages/airflow/example_dags/example_nested_branch_dag.py
[2026-01-03T13:55:05.512+0000] {logging_mixin.py:150} INFO - [2026-01-03T13:55:05.512+0000] {dag.py:2742} INFO - Sync 1 DAGs
[2026-01-03T13:55:05.528+0000] {logging_mixin.py:150} INFO - [2026-01-03T13:55:05.528+0000] {dag.py:3504} INFO - Setting next_dagrun for example_nested_branch_dag to 2026-01-02T00:00:00+00:00, run_after=2026-01-03T00:00:00+00:00
[2026-01-03T13:55:05.544+0000] {processor.py:179} INFO - Processing /home/vscode/.local/lib/python3.10/site-packages/airflow/example_dags/example_nested_branch_dag.py took 0.058 seconds
[2026-01-03T13:55:48.892+0000] {processor.py:157} INFO - Started process (PID=13238) to work on /home/vscode/.local/lib/python3.10/site-packages/airflow/example_dags/example_nested_branch_dag.py
[2026-01-03T13:55:48.893+0000] {processor.py:826} INFO - Processing file /home/vscode/.local/lib/python3.10/site-packages/airflow/example_dags/example_nested_branch_dag.py for tasks to queue
[2026-01-03T13:55:48.894+0000] {logging_mixin.py:150} INFO - [2026-01-03T13:55:48.893+0000] {dagbag.py:541} INFO - Filling up the DagBag from /home/vscode/.local/lib/python3.10/site-packages/airflow/example_dags/example_nested_branch_dag.py
[2026-01-03T13:55:48.903+0000] {processor.py:836} INFO - DAG(s) dict_keys(['example_nested_branch_dag']) retrieved from /home/vscode/.local/lib/python3.10/site-packages/airflow/example_dags/example_nested_branch_dag.py
[2026-01-03T13:55:48.920+0000] {logging_mixin.py:150} INFO - [2026-01-03T13:55:48.920+0000] {dag.py:2742} INFO - Sync 1 DAGs
[2026-01-03T13:55:48.944+0000] {logging_mixin.py:150} INFO - [2026-01-03T13:55:48.943+0000] {dag.py:3504} INFO - Setting next_dagrun for example_nested_branch_dag to 2026-01-02T00:00:00+00:00, run_after=2026-01-03T00:00:00+00:00
[2026-01-03T13:55:48.962+0000] {processor.py:179} INFO - Processing /home/vscode/.local/lib/python3.10/site-packages/airflow/example_dags/example_nested_branch_dag.py took 0.073 seconds
[2026-01-03T13:56:33.159+0000] {processor.py:157} INFO - Started process (PID=13657) to work on /home/vscode/.local/lib/python3.10/site-packages/airflow/example_dags/example_nested_branch_dag.py
[2026-01-03T13:56:33.160+0000] {processor.py:826} INFO - Processing file /home/vscode/.local/lib/python3.10/site-packages/airflow/example_dags/example_nested_branch_dag.py for tasks to queue
[2026-01-03T13:56:33.161+0000] {logging_mixin.py:150} INFO - [2026-01-03T13:56:33.161+0000] {dagbag.py:541} INFO - Filling up the DagBag from /home/vscode/.local/lib/python3.10/site-packages/airflow/example_dags/example_nested_branch_dag.py
[2026-01-03T13:56:33.169+0000] {processor.py:836} INFO - DAG(s) dict_keys(['example_nested_branch_dag']) retrieved from /home/vscode/.local/lib/python3.10/site-packages/airflow/example_dags/example_nested_branch_dag.py
[2026-01-03T13:56:33.183+0000] {logging_mixin.py:150} INFO - [2026-01-03T13:56:33.183+0000] {dag.py:2742} INFO - Sync 1 DAGs
[2026-01-03T13:56:33.199+0000] {logging_mixin.py:150} INFO - [2026-01-03T13:56:33.199+0000] {dag.py:3504} INFO - Setting next_dagrun for example_nested_branch_dag to 2026-01-02T00:00:00+00:00, run_after=2026-01-03T00:00:00+00:00
[2026-01-03T13:56:33.214+0000] {processor.py:179} INFO - Processing /home/vscode/.local/lib/python3.10/site-packages/airflow/example_dags/example_nested_branch_dag.py took 0.057 seconds
[2026-01-03T13:57:22.981+0000] {processor.py:157} INFO - Started process (PID=14019) to work on /home/vscode/.local/lib/python3.10/site-packages/airflow/example_dags/example_nested_branch_dag.py
[2026-01-03T13:57:22.982+0000] {processor.py:826} INFO - Processing file /home/vscode/.local/lib/python3.10/site-packages/airflow/example_dags/example_nested_branch_dag.py for tasks to queue
[2026-01-03T13:57:22.982+0000] {logging_mixin.py:150} INFO - [2026-01-03T13:57:22.982+0000] {dagbag.py:541} INFO - Filling up the DagBag from /home/vscode/.local/lib/python3.10/site-packages/airflow/example_dags/example_nested_branch_dag.py
[2026-01-03T13:57:22.990+0000] {processor.py:836} INFO - DAG(s) dict_keys(['example_nested_branch_dag']) retrieved from /home/vscode/.local/lib/python3.10/site-packages/airflow/example_dags/example_nested_branch_dag.py
[2026-01-03T13:57:23.004+0000] {logging_mixin.py:150} INFO - [2026-01-03T13:57:23.004+0000] {dag.py:2742} INFO - Sync 1 DAGs
[2026-01-03T13:57:23.020+0000] {logging_mixin.py:150} INFO - [2026-01-03T13:57:23.020+0000] {dag.py:3504} INFO - Setting next_dagrun for example_nested_branch_dag to 2026-01-02T00:00:00+00:00, run_after=2026-01-03T00:00:00+00:00
[2026-01-03T13:57:23.035+0000] {processor.py:179} INFO - Processing /home/vscode/.local/lib/python3.10/site-packages/airflow/example_dags/example_nested_branch_dag.py took 0.057 seconds
[2026-01-03T13:58:04.084+0000] {processor.py:157} INFO - Started process (PID=14297) to work on /home/vscode/.local/lib/python3.10/site-packages/airflow/example_dags/example_nested_branch_dag.py
[2026-01-03T13:58:04.085+0000] {processor.py:826} INFO - Processing file /home/vscode/.local/lib/python3.10/site-packages/airflow/example_dags/example_nested_branch_dag.py for tasks to queue
[2026-01-03T13:58:04.085+0000] {logging_mixin.py:150} INFO - [2026-01-03T13:58:04.085+0000] {dagbag.py:541} INFO - Filling up the DagBag from /home/vscode/.local/lib/python3.10/site-packages/airflow/example_dags/example_nested_branch_dag.py
[2026-01-03T13:58:04.098+0000] {processor.py:836} INFO - DAG(s) dict_keys(['example_nested_branch_dag']) retrieved from /home/vscode/.local/lib/python3.10/site-packages/airflow/example_dags/example_nested_branch_dag.py
[2026-01-03T13:58:04.121+0000] {logging_mixin.py:150} INFO - [2026-01-03T13:58:04.120+0000] {dag.py:2742} INFO - Sync 1 DAGs
[2026-01-03T13:58:04.137+0000] {logging_mixin.py:150} INFO - [2026-01-03T13:58:04.137+0000] {dag.py:3504} INFO - Setting next_dagrun for example_nested_branch_dag to 2026-01-02T00:00:00+00:00, run_after=2026-01-03T00:00:00+00:00
[2026-01-03T13:58:04.156+0000] {processor.py:179} INFO - Processing /home/vscode/.local/lib/python3.10/site-packages/airflow/example_dags/example_nested_branch_dag.py took 0.075 seconds
[2026-01-03T13:58:45.194+0000] {processor.py:157} INFO - Started process (PID=14590) to work on /home/vscode/.local/lib/python3.10/site-packages/airflow/example_dags/example_nested_branch_dag.py
[2026-01-03T13:58:45.195+0000] {processor.py:826} INFO - Processing file /home/vscode/.local/lib/python3.10/site-packages/airflow/example_dags/example_nested_branch_dag.py for tasks to queue
[2026-01-03T13:58:45.195+0000] {logging_mixin.py:150} INFO - [2026-01-03T13:58:45.195+0000] {dagbag.py:541} INFO - Filling up the DagBag from /home/vscode/.local/lib/python3.10/site-packages/airflow/example_dags/example_nested_branch_dag.py
[2026-01-03T13:58:45.203+0000] {processor.py:836} INFO - DAG(s) dict_keys(['example_nested_branch_dag']) retrieved from /home/vscode/.local/lib/python3.10/site-packages/airflow/example_dags/example_nested_branch_dag.py
[2026-01-03T13:58:45.218+0000] {logging_mixin.py:150} INFO - [2026-01-03T13:58:45.218+0000] {dag.py:2742} INFO - Sync 1 DAGs
[2026-01-03T13:58:45.235+0000] {logging_mixin.py:150} INFO - [2026-01-03T13:58:45.235+0000] {dag.py:3504} INFO - Setting next_dagrun for example_nested_branch_dag to 2026-01-02T00:00:00+00:00, run_after=2026-01-03T00:00:00+00:00
[2026-01-03T13:58:45.250+0000] {processor.py:179} INFO - Processing /home/vscode/.local/lib/python3.10/site-packages/airflow/example_dags/example_nested_branch_dag.py took 0.059 seconds
[2026-01-03T13:59:27.403+0000] {processor.py:157} INFO - Started process (PID=14888) to work on /home/vscode/.local/lib/python3.10/site-packages/airflow/example_dags/example_nested_branch_dag.py
[2026-01-03T13:59:27.404+0000] {processor.py:826} INFO - Processing file /home/vscode/.local/lib/python3.10/site-packages/airflow/example_dags/example_nested_branch_dag.py for tasks to queue
[2026-01-03T13:59:27.405+0000] {logging_mixin.py:150} INFO - [2026-01-03T13:59:27.405+0000] {dagbag.py:541} INFO - Filling up the DagBag from /home/vscode/.local/lib/python3.10/site-packages/airflow/example_dags/example_nested_branch_dag.py
[2026-01-03T13:59:27.413+0000] {processor.py:836} INFO - DAG(s) dict_keys(['example_nested_branch_dag']) retrieved from /home/vscode/.local/lib/python3.10/site-packages/airflow/example_dags/example_nested_branch_dag.py
[2026-01-03T13:59:27.426+0000] {logging_mixin.py:150} INFO - [2026-01-03T13:59:27.426+0000] {dag.py:2742} INFO - Sync 1 DAGs
[2026-01-03T13:59:27.442+0000] {logging_mixin.py:150} INFO - [2026-01-03T13:59:27.442+0000] {dag.py:3504} INFO - Setting next_dagrun for example_nested_branch_dag to 2026-01-02T00:00:00+00:00, run_after=2026-01-03T00:00:00+00:00
[2026-01-03T13:59:27.456+0000] {processor.py:179} INFO - Processing /home/vscode/.local/lib/python3.10/site-packages/airflow/example_dags/example_nested_branch_dag.py took 0.055 seconds
[2026-01-03T14:00:14.077+0000] {processor.py:157} INFO - Started process (PID=15198) to work on /home/vscode/.local/lib/python3.10/site-packages/airflow/example_dags/example_nested_branch_dag.py
[2026-01-03T14:00:14.078+0000] {processor.py:826} INFO - Processing file /home/vscode/.local/lib/python3.10/site-packages/airflow/example_dags/example_nested_branch_dag.py for tasks to queue
[2026-01-03T14:00:14.079+0000] {logging_mixin.py:150} INFO - [2026-01-03T14:00:14.078+0000] {dagbag.py:541} INFO - Filling up the DagBag from /home/vscode/.local/lib/python3.10/site-packages/airflow/example_dags/example_nested_branch_dag.py
[2026-01-03T14:00:14.087+0000] {processor.py:836} INFO - DAG(s) dict_keys(['example_nested_branch_dag']) retrieved from /home/vscode/.local/lib/python3.10/site-packages/airflow/example_dags/example_nested_branch_dag.py
[2026-01-03T14:00:14.102+0000] {logging_mixin.py:150} INFO - [2026-01-03T14:00:14.102+0000] {dag.py:2742} INFO - Sync 1 DAGs
[2026-01-03T14:00:14.121+0000] {logging_mixin.py:150} INFO - [2026-01-03T14:00:14.121+0000] {dag.py:3504} INFO - Setting next_dagrun for example_nested_branch_dag to 2026-01-02T00:00:00+00:00, run_after=2026-01-03T00:00:00+00:00
[2026-01-03T14:00:14.136+0000] {processor.py:179} INFO - Processing /home/vscode/.local/lib/python3.10/site-packages/airflow/example_dags/example_nested_branch_dag.py took 0.061 seconds
[2026-01-03T14:00:57.003+0000] {processor.py:157} INFO - Started process (PID=15485) to work on /home/vscode/.local/lib/python3.10/site-packages/airflow/example_dags/example_nested_branch_dag.py
[2026-01-03T14:00:57.003+0000] {processor.py:826} INFO - Processing file /home/vscode/.local/lib/python3.10/site-packages/airflow/example_dags/example_nested_branch_dag.py for tasks to queue
[2026-01-03T14:00:57.004+0000] {logging_mixin.py:150} INFO - [2026-01-03T14:00:57.004+0000] {dagbag.py:541} INFO - Filling up the DagBag from /home/vscode/.local/lib/python3.10/site-packages/airflow/example_dags/example_nested_branch_dag.py
[2026-01-03T14:00:57.012+0000] {processor.py:836} INFO - DAG(s) dict_keys(['example_nested_branch_dag']) retrieved from /home/vscode/.local/lib/python3.10/site-packages/airflow/example_dags/example_nested_branch_dag.py
[2026-01-03T14:00:57.026+0000] {logging_mixin.py:150} INFO - [2026-01-03T14:00:57.026+0000] {dag.py:2742} INFO - Sync 1 DAGs
[2026-01-03T14:00:57.041+0000] {logging_mixin.py:150} INFO - [2026-01-03T14:00:57.041+0000] {dag.py:3504} INFO - Setting next_dagrun for example_nested_branch_dag to 2026-01-02T00:00:00+00:00, run_after=2026-01-03T00:00:00+00:00
[2026-01-03T14:00:57.056+0000] {processor.py:179} INFO - Processing /home/vscode/.local/lib/python3.10/site-packages/airflow/example_dags/example_nested_branch_dag.py took 0.056 seconds
[2026-01-03T14:01:46.564+0000] {processor.py:157} INFO - Started process (PID=15845) to work on /home/vscode/.local/lib/python3.10/site-packages/airflow/example_dags/example_nested_branch_dag.py
[2026-01-03T14:01:46.564+0000] {processor.py:826} INFO - Processing file /home/vscode/.local/lib/python3.10/site-packages/airflow/example_dags/example_nested_branch_dag.py for tasks to queue
[2026-01-03T14:01:46.565+0000] {logging_mixin.py:150} INFO - [2026-01-03T14:01:46.565+0000] {dagbag.py:541} INFO - Filling up the DagBag from /home/vscode/.local/lib/python3.10/site-packages/airflow/example_dags/example_nested_branch_dag.py
[2026-01-03T14:01:46.573+0000] {processor.py:836} INFO - DAG(s) dict_keys(['example_nested_branch_dag']) retrieved from /home/vscode/.local/lib/python3.10/site-packages/airflow/example_dags/example_nested_branch_dag.py
[2026-01-03T14:01:46.588+0000] {logging_mixin.py:150} INFO - [2026-01-03T14:01:46.587+0000] {dag.py:2742} INFO - Sync 1 DAGs
[2026-01-03T14:01:46.603+0000] {logging_mixin.py:150} INFO - [2026-01-03T14:01:46.603+0000] {dag.py:3504} INFO - Setting next_dagrun for example_nested_branch_dag to 2026-01-02T00:00:00+00:00, run_after=2026-01-03T00:00:00+00:00
[2026-01-03T14:01:46.618+0000] {processor.py:179} INFO - Processing /home/vscode/.local/lib/python3.10/site-packages/airflow/example_dags/example_nested_branch_dag.py took 0.057 seconds
[2026-01-03T14:02:34.815+0000] {processor.py:157} INFO - Started process (PID=16197) to work on /home/vscode/.local/lib/python3.10/site-packages/airflow/example_dags/example_nested_branch_dag.py
[2026-01-03T14:02:34.816+0000] {processor.py:826} INFO - Processing file /home/vscode/.local/lib/python3.10/site-packages/airflow/example_dags/example_nested_branch_dag.py for tasks to queue
[2026-01-03T14:02:34.817+0000] {logging_mixin.py:150} INFO - [2026-01-03T14:02:34.816+0000] {dagbag.py:541} INFO - Filling up the DagBag from /home/vscode/.local/lib/python3.10/site-packages/airflow/example_dags/example_nested_branch_dag.py
[2026-01-03T14:02:34.825+0000] {processor.py:836} INFO - DAG(s) dict_keys(['example_nested_branch_dag']) retrieved from /home/vscode/.local/lib/python3.10/site-packages/airflow/example_dags/example_nested_branch_dag.py
[2026-01-03T14:02:34.838+0000] {logging_mixin.py:150} INFO - [2026-01-03T14:02:34.838+0000] {dag.py:2742} INFO - Sync 1 DAGs
[2026-01-03T14:02:34.853+0000] {logging_mixin.py:150} INFO - [2026-01-03T14:02:34.853+0000] {dag.py:3504} INFO - Setting next_dagrun for example_nested_branch_dag to 2026-01-02T00:00:00+00:00, run_after=2026-01-03T00:00:00+00:00
[2026-01-03T14:02:34.869+0000] {processor.py:179} INFO - Processing /home/vscode/.local/lib/python3.10/site-packages/airflow/example_dags/example_nested_branch_dag.py took 0.056 seconds
[2026-01-03T14:03:14.342+0000] {processor.py:157} INFO - Started process (PID=16711) to work on /home/vscode/.local/lib/python3.10/site-packages/airflow/example_dags/example_nested_branch_dag.py
[2026-01-03T14:03:14.343+0000] {processor.py:826} INFO - Processing file /home/vscode/.local/lib/python3.10/site-packages/airflow/example_dags/example_nested_branch_dag.py for tasks to queue
[2026-01-03T14:03:14.344+0000] {logging_mixin.py:150} INFO - [2026-01-03T14:03:14.343+0000] {dagbag.py:541} INFO - Filling up the DagBag from /home/vscode/.local/lib/python3.10/site-packages/airflow/example_dags/example_nested_branch_dag.py
[2026-01-03T14:03:14.351+0000] {processor.py:836} INFO - DAG(s) dict_keys(['example_nested_branch_dag']) retrieved from /home/vscode/.local/lib/python3.10/site-packages/airflow/example_dags/example_nested_branch_dag.py
[2026-01-03T14:03:14.365+0000] {logging_mixin.py:150} INFO - [2026-01-03T14:03:14.365+0000] {dag.py:2742} INFO - Sync 1 DAGs
[2026-01-03T14:03:14.381+0000] {logging_mixin.py:150} INFO - [2026-01-03T14:03:14.381+0000] {dag.py:3504} INFO - Setting next_dagrun for example_nested_branch_dag to 2026-01-02T00:00:00+00:00, run_after=2026-01-03T00:00:00+00:00
[2026-01-03T14:03:14.403+0000] {processor.py:179} INFO - Processing /home/vscode/.local/lib/python3.10/site-packages/airflow/example_dags/example_nested_branch_dag.py took 0.063 seconds
[2026-01-03T14:03:59.477+0000] {processor.py:157} INFO - Started process (PID=17299) to work on /home/vscode/.local/lib/python3.10/site-packages/airflow/example_dags/example_nested_branch_dag.py
[2026-01-03T14:03:59.477+0000] {processor.py:826} INFO - Processing file /home/vscode/.local/lib/python3.10/site-packages/airflow/example_dags/example_nested_branch_dag.py for tasks to queue
[2026-01-03T14:03:59.478+0000] {logging_mixin.py:150} INFO - [2026-01-03T14:03:59.478+0000] {dagbag.py:541} INFO - Filling up the DagBag from /home/vscode/.local/lib/python3.10/site-packages/airflow/example_dags/example_nested_branch_dag.py
[2026-01-03T14:03:59.486+0000] {processor.py:836} INFO - DAG(s) dict_keys(['example_nested_branch_dag']) retrieved from /home/vscode/.local/lib/python3.10/site-packages/airflow/example_dags/example_nested_branch_dag.py
[2026-01-03T14:03:59.506+0000] {logging_mixin.py:150} INFO - [2026-01-03T14:03:59.506+0000] {dag.py:2742} INFO - Sync 1 DAGs
[2026-01-03T14:03:59.521+0000] {logging_mixin.py:150} INFO - [2026-01-03T14:03:59.521+0000] {dag.py:3504} INFO - Setting next_dagrun for example_nested_branch_dag to 2026-01-02T00:00:00+00:00, run_after=2026-01-03T00:00:00+00:00
[2026-01-03T14:03:59.537+0000] {processor.py:179} INFO - Processing /home/vscode/.local/lib/python3.10/site-packages/airflow/example_dags/example_nested_branch_dag.py took 0.063 seconds
