[2026-01-03T13:49:07.740+0000] {processor.py:157} INFO - Started process (PID=10099) to work on /home/vscode/.local/lib/python3.10/site-packages/airflow/example_dags/example_sla_dag.py
[2026-01-03T13:49:07.741+0000] {processor.py:826} INFO - Processing file /home/vscode/.local/lib/python3.10/site-packages/airflow/example_dags/example_sla_dag.py for tasks to queue
[2026-01-03T13:49:07.741+0000] {logging_mixin.py:150} INFO - [2026-01-03T13:49:07.741+0000] {dagbag.py:541} INFO - Filling up the DagBag from /home/vscode/.local/lib/python3.10/site-packages/airflow/example_dags/example_sla_dag.py
[2026-01-03T13:49:07.748+0000] {processor.py:836} INFO - DAG(s) dict_keys(['example_sla_dag']) retrieved from /home/vscode/.local/lib/python3.10/site-packages/airflow/example_dags/example_sla_dag.py
[2026-01-03T13:49:07.853+0000] {logging_mixin.py:150} INFO - [2026-01-03T13:49:07.853+0000] {manager.py:504} INFO - Created Permission View: can delete on DAG:example_sla_dag
[2026-01-03T13:49:07.861+0000] {logging_mixin.py:150} INFO - [2026-01-03T13:49:07.861+0000] {manager.py:504} INFO - Created Permission View: can read on DAG:example_sla_dag
[2026-01-03T13:49:07.868+0000] {logging_mixin.py:150} INFO - [2026-01-03T13:49:07.868+0000] {manager.py:504} INFO - Created Permission View: can edit on DAG:example_sla_dag
[2026-01-03T13:49:07.878+0000] {logging_mixin.py:150} INFO - [2026-01-03T13:49:07.878+0000] {dag.py:2742} INFO - Sync 1 DAGs
[2026-01-03T13:49:07.885+0000] {logging_mixin.py:150} INFO - [2026-01-03T13:49:07.884+0000] {dag.py:2763} INFO - Creating ORM DAG for example_sla_dag
[2026-01-03T13:49:07.895+0000] {logging_mixin.py:150} INFO - [2026-01-03T13:49:07.894+0000] {dag.py:3504} INFO - Setting next_dagrun for example_sla_dag to 2026-01-03T13:46:00+00:00, run_after=2026-01-03T13:48:00+00:00
[2026-01-03T13:49:07.910+0000] {processor.py:179} INFO - Processing /home/vscode/.local/lib/python3.10/site-packages/airflow/example_dags/example_sla_dag.py took 0.172 seconds
[2026-01-03T13:49:54.212+0000] {processor.py:157} INFO - Started process (PID=10428) to work on /home/vscode/.local/lib/python3.10/site-packages/airflow/example_dags/example_sla_dag.py
[2026-01-03T13:49:54.213+0000] {processor.py:826} INFO - Processing file /home/vscode/.local/lib/python3.10/site-packages/airflow/example_dags/example_sla_dag.py for tasks to queue
[2026-01-03T13:49:54.213+0000] {logging_mixin.py:150} INFO - [2026-01-03T13:49:54.213+0000] {dagbag.py:541} INFO - Filling up the DagBag from /home/vscode/.local/lib/python3.10/site-packages/airflow/example_dags/example_sla_dag.py
[2026-01-03T13:49:54.220+0000] {processor.py:836} INFO - DAG(s) dict_keys(['example_sla_dag']) retrieved from /home/vscode/.local/lib/python3.10/site-packages/airflow/example_dags/example_sla_dag.py
[2026-01-03T13:49:54.233+0000] {logging_mixin.py:150} INFO - [2026-01-03T13:49:54.233+0000] {dag.py:2742} INFO - Sync 1 DAGs
[2026-01-03T13:49:54.250+0000] {logging_mixin.py:150} INFO - [2026-01-03T13:49:54.250+0000] {dag.py:3504} INFO - Setting next_dagrun for example_sla_dag to 2026-01-03T13:46:00+00:00, run_after=2026-01-03T13:48:00+00:00
[2026-01-03T13:49:54.265+0000] {processor.py:179} INFO - Processing /home/vscode/.local/lib/python3.10/site-packages/airflow/example_dags/example_sla_dag.py took 0.055 seconds
[2026-01-03T13:50:38.269+0000] {processor.py:157} INFO - Started process (PID=10768) to work on /home/vscode/.local/lib/python3.10/site-packages/airflow/example_dags/example_sla_dag.py
[2026-01-03T13:50:38.269+0000] {processor.py:826} INFO - Processing file /home/vscode/.local/lib/python3.10/site-packages/airflow/example_dags/example_sla_dag.py for tasks to queue
[2026-01-03T13:50:38.270+0000] {logging_mixin.py:150} INFO - [2026-01-03T13:50:38.270+0000] {dagbag.py:541} INFO - Filling up the DagBag from /home/vscode/.local/lib/python3.10/site-packages/airflow/example_dags/example_sla_dag.py
[2026-01-03T13:50:38.277+0000] {processor.py:836} INFO - DAG(s) dict_keys(['example_sla_dag']) retrieved from /home/vscode/.local/lib/python3.10/site-packages/airflow/example_dags/example_sla_dag.py
[2026-01-03T13:50:38.291+0000] {logging_mixin.py:150} INFO - [2026-01-03T13:50:38.291+0000] {dag.py:2742} INFO - Sync 1 DAGs
[2026-01-03T13:50:38.308+0000] {logging_mixin.py:150} INFO - [2026-01-03T13:50:38.308+0000] {dag.py:3504} INFO - Setting next_dagrun for example_sla_dag to 2026-01-03T13:48:00+00:00, run_after=2026-01-03T13:50:00+00:00
[2026-01-03T13:50:38.324+0000] {processor.py:179} INFO - Processing /home/vscode/.local/lib/python3.10/site-packages/airflow/example_dags/example_sla_dag.py took 0.058 seconds
[2026-01-03T13:51:22.739+0000] {processor.py:157} INFO - Started process (PID=11074) to work on /home/vscode/.local/lib/python3.10/site-packages/airflow/example_dags/example_sla_dag.py
[2026-01-03T13:51:22.740+0000] {processor.py:826} INFO - Processing file /home/vscode/.local/lib/python3.10/site-packages/airflow/example_dags/example_sla_dag.py for tasks to queue
[2026-01-03T13:51:22.741+0000] {logging_mixin.py:150} INFO - [2026-01-03T13:51:22.740+0000] {dagbag.py:541} INFO - Filling up the DagBag from /home/vscode/.local/lib/python3.10/site-packages/airflow/example_dags/example_sla_dag.py
[2026-01-03T13:51:22.748+0000] {processor.py:836} INFO - DAG(s) dict_keys(['example_sla_dag']) retrieved from /home/vscode/.local/lib/python3.10/site-packages/airflow/example_dags/example_sla_dag.py
[2026-01-03T13:51:22.762+0000] {logging_mixin.py:150} INFO - [2026-01-03T13:51:22.762+0000] {dag.py:2742} INFO - Sync 1 DAGs
[2026-01-03T13:51:22.780+0000] {logging_mixin.py:150} INFO - [2026-01-03T13:51:22.779+0000] {dag.py:3504} INFO - Setting next_dagrun for example_sla_dag to 2026-01-03T13:48:00+00:00, run_after=2026-01-03T13:50:00+00:00
[2026-01-03T13:51:22.795+0000] {processor.py:179} INFO - Processing /home/vscode/.local/lib/python3.10/site-packages/airflow/example_dags/example_sla_dag.py took 0.059 seconds
[2026-01-03T13:52:04.456+0000] {processor.py:157} INFO - Started process (PID=11393) to work on /home/vscode/.local/lib/python3.10/site-packages/airflow/example_dags/example_sla_dag.py
[2026-01-03T13:52:04.457+0000] {processor.py:826} INFO - Processing file /home/vscode/.local/lib/python3.10/site-packages/airflow/example_dags/example_sla_dag.py for tasks to queue
[2026-01-03T13:52:04.457+0000] {logging_mixin.py:150} INFO - [2026-01-03T13:52:04.457+0000] {dagbag.py:541} INFO - Filling up the DagBag from /home/vscode/.local/lib/python3.10/site-packages/airflow/example_dags/example_sla_dag.py
[2026-01-03T13:52:04.465+0000] {processor.py:836} INFO - DAG(s) dict_keys(['example_sla_dag']) retrieved from /home/vscode/.local/lib/python3.10/site-packages/airflow/example_dags/example_sla_dag.py
[2026-01-03T13:52:04.481+0000] {logging_mixin.py:150} INFO - [2026-01-03T13:52:04.480+0000] {dag.py:2742} INFO - Sync 1 DAGs
[2026-01-03T13:52:04.502+0000] {logging_mixin.py:150} INFO - [2026-01-03T13:52:04.502+0000] {dag.py:3504} INFO - Setting next_dagrun for example_sla_dag to 2026-01-03T13:50:00+00:00, run_after=2026-01-03T13:52:00+00:00
[2026-01-03T13:52:04.519+0000] {processor.py:179} INFO - Processing /home/vscode/.local/lib/python3.10/site-packages/airflow/example_dags/example_sla_dag.py took 0.066 seconds
[2026-01-03T13:52:49.400+0000] {processor.py:157} INFO - Started process (PID=11693) to work on /home/vscode/.local/lib/python3.10/site-packages/airflow/example_dags/example_sla_dag.py
[2026-01-03T13:52:49.401+0000] {processor.py:826} INFO - Processing file /home/vscode/.local/lib/python3.10/site-packages/airflow/example_dags/example_sla_dag.py for tasks to queue
[2026-01-03T13:52:49.402+0000] {logging_mixin.py:150} INFO - [2026-01-03T13:52:49.401+0000] {dagbag.py:541} INFO - Filling up the DagBag from /home/vscode/.local/lib/python3.10/site-packages/airflow/example_dags/example_sla_dag.py
[2026-01-03T13:52:49.409+0000] {processor.py:836} INFO - DAG(s) dict_keys(['example_sla_dag']) retrieved from /home/vscode/.local/lib/python3.10/site-packages/airflow/example_dags/example_sla_dag.py
[2026-01-03T13:52:49.425+0000] {logging_mixin.py:150} INFO - [2026-01-03T13:52:49.425+0000] {dag.py:2742} INFO - Sync 1 DAGs
[2026-01-03T13:52:49.443+0000] {logging_mixin.py:150} INFO - [2026-01-03T13:52:49.443+0000] {dag.py:3504} INFO - Setting next_dagrun for example_sla_dag to 2026-01-03T13:50:00+00:00, run_after=2026-01-03T13:52:00+00:00
[2026-01-03T13:52:49.458+0000] {processor.py:179} INFO - Processing /home/vscode/.local/lib/python3.10/site-packages/airflow/example_dags/example_sla_dag.py took 0.061 seconds
[2026-01-03T13:53:31.076+0000] {processor.py:157} INFO - Started process (PID=12020) to work on /home/vscode/.local/lib/python3.10/site-packages/airflow/example_dags/example_sla_dag.py
[2026-01-03T13:53:31.077+0000] {processor.py:826} INFO - Processing file /home/vscode/.local/lib/python3.10/site-packages/airflow/example_dags/example_sla_dag.py for tasks to queue
[2026-01-03T13:53:31.078+0000] {logging_mixin.py:150} INFO - [2026-01-03T13:53:31.077+0000] {dagbag.py:541} INFO - Filling up the DagBag from /home/vscode/.local/lib/python3.10/site-packages/airflow/example_dags/example_sla_dag.py
[2026-01-03T13:53:31.085+0000] {processor.py:836} INFO - DAG(s) dict_keys(['example_sla_dag']) retrieved from /home/vscode/.local/lib/python3.10/site-packages/airflow/example_dags/example_sla_dag.py
[2026-01-03T13:53:31.098+0000] {logging_mixin.py:150} INFO - [2026-01-03T13:53:31.098+0000] {dag.py:2742} INFO - Sync 1 DAGs
[2026-01-03T13:53:31.115+0000] {logging_mixin.py:150} INFO - [2026-01-03T13:53:31.115+0000] {dag.py:3504} INFO - Setting next_dagrun for example_sla_dag to 2026-01-03T13:50:00+00:00, run_after=2026-01-03T13:52:00+00:00
[2026-01-03T13:53:31.130+0000] {processor.py:179} INFO - Processing /home/vscode/.local/lib/python3.10/site-packages/airflow/example_dags/example_sla_dag.py took 0.057 seconds
[2026-01-03T13:54:13.007+0000] {processor.py:157} INFO - Started process (PID=12370) to work on /home/vscode/.local/lib/python3.10/site-packages/airflow/example_dags/example_sla_dag.py
[2026-01-03T13:54:13.008+0000] {processor.py:826} INFO - Processing file /home/vscode/.local/lib/python3.10/site-packages/airflow/example_dags/example_sla_dag.py for tasks to queue
[2026-01-03T13:54:13.008+0000] {logging_mixin.py:150} INFO - [2026-01-03T13:54:13.008+0000] {dagbag.py:541} INFO - Filling up the DagBag from /home/vscode/.local/lib/python3.10/site-packages/airflow/example_dags/example_sla_dag.py
[2026-01-03T13:54:13.016+0000] {processor.py:836} INFO - DAG(s) dict_keys(['example_sla_dag']) retrieved from /home/vscode/.local/lib/python3.10/site-packages/airflow/example_dags/example_sla_dag.py
[2026-01-03T13:54:13.030+0000] {logging_mixin.py:150} INFO - [2026-01-03T13:54:13.030+0000] {dag.py:2742} INFO - Sync 1 DAGs
[2026-01-03T13:54:13.048+0000] {logging_mixin.py:150} INFO - [2026-01-03T13:54:13.048+0000] {dag.py:3504} INFO - Setting next_dagrun for example_sla_dag to 2026-01-03T13:52:00+00:00, run_after=2026-01-03T13:54:00+00:00
[2026-01-03T13:54:13.064+0000] {processor.py:179} INFO - Processing /home/vscode/.local/lib/python3.10/site-packages/airflow/example_dags/example_sla_dag.py took 0.060 seconds
[2026-01-03T13:54:53.473+0000] {processor.py:157} INFO - Started process (PID=12688) to work on /home/vscode/.local/lib/python3.10/site-packages/airflow/example_dags/example_sla_dag.py
[2026-01-03T13:54:53.474+0000] {processor.py:826} INFO - Processing file /home/vscode/.local/lib/python3.10/site-packages/airflow/example_dags/example_sla_dag.py for tasks to queue
[2026-01-03T13:54:53.475+0000] {logging_mixin.py:150} INFO - [2026-01-03T13:54:53.475+0000] {dagbag.py:541} INFO - Filling up the DagBag from /home/vscode/.local/lib/python3.10/site-packages/airflow/example_dags/example_sla_dag.py
[2026-01-03T13:54:53.497+0000] {processor.py:836} INFO - DAG(s) dict_keys(['example_sla_dag']) retrieved from /home/vscode/.local/lib/python3.10/site-packages/airflow/example_dags/example_sla_dag.py
[2026-01-03T13:54:53.512+0000] {logging_mixin.py:150} INFO - [2026-01-03T13:54:53.512+0000] {dag.py:2742} INFO - Sync 1 DAGs
[2026-01-03T13:54:53.529+0000] {logging_mixin.py:150} INFO - [2026-01-03T13:54:53.529+0000] {dag.py:3504} INFO - Setting next_dagrun for example_sla_dag to 2026-01-03T13:52:00+00:00, run_after=2026-01-03T13:54:00+00:00
[2026-01-03T13:54:53.545+0000] {processor.py:179} INFO - Processing /home/vscode/.local/lib/python3.10/site-packages/airflow/example_dags/example_sla_dag.py took 0.075 seconds
[2026-01-03T13:55:39.390+0000] {processor.py:157} INFO - Started process (PID=13121) to work on /home/vscode/.local/lib/python3.10/site-packages/airflow/example_dags/example_sla_dag.py
[2026-01-03T13:55:39.391+0000] {processor.py:826} INFO - Processing file /home/vscode/.local/lib/python3.10/site-packages/airflow/example_dags/example_sla_dag.py for tasks to queue
[2026-01-03T13:55:39.391+0000] {logging_mixin.py:150} INFO - [2026-01-03T13:55:39.391+0000] {dagbag.py:541} INFO - Filling up the DagBag from /home/vscode/.local/lib/python3.10/site-packages/airflow/example_dags/example_sla_dag.py
[2026-01-03T13:55:39.399+0000] {processor.py:836} INFO - DAG(s) dict_keys(['example_sla_dag']) retrieved from /home/vscode/.local/lib/python3.10/site-packages/airflow/example_dags/example_sla_dag.py
[2026-01-03T13:55:39.412+0000] {logging_mixin.py:150} INFO - [2026-01-03T13:55:39.412+0000] {dag.py:2742} INFO - Sync 1 DAGs
[2026-01-03T13:55:39.429+0000] {logging_mixin.py:150} INFO - [2026-01-03T13:55:39.429+0000] {dag.py:3504} INFO - Setting next_dagrun for example_sla_dag to 2026-01-03T13:52:00+00:00, run_after=2026-01-03T13:54:00+00:00
[2026-01-03T13:55:39.445+0000] {processor.py:179} INFO - Processing /home/vscode/.local/lib/python3.10/site-packages/airflow/example_dags/example_sla_dag.py took 0.057 seconds
[2026-01-03T13:56:24.751+0000] {processor.py:157} INFO - Started process (PID=13603) to work on /home/vscode/.local/lib/python3.10/site-packages/airflow/example_dags/example_sla_dag.py
[2026-01-03T13:56:24.752+0000] {processor.py:826} INFO - Processing file /home/vscode/.local/lib/python3.10/site-packages/airflow/example_dags/example_sla_dag.py for tasks to queue
[2026-01-03T13:56:24.753+0000] {logging_mixin.py:150} INFO - [2026-01-03T13:56:24.752+0000] {dagbag.py:541} INFO - Filling up the DagBag from /home/vscode/.local/lib/python3.10/site-packages/airflow/example_dags/example_sla_dag.py
[2026-01-03T13:56:24.760+0000] {processor.py:836} INFO - DAG(s) dict_keys(['example_sla_dag']) retrieved from /home/vscode/.local/lib/python3.10/site-packages/airflow/example_dags/example_sla_dag.py
[2026-01-03T13:56:24.773+0000] {logging_mixin.py:150} INFO - [2026-01-03T13:56:24.773+0000] {dag.py:2742} INFO - Sync 1 DAGs
[2026-01-03T13:56:24.790+0000] {logging_mixin.py:150} INFO - [2026-01-03T13:56:24.790+0000] {dag.py:3504} INFO - Setting next_dagrun for example_sla_dag to 2026-01-03T13:54:00+00:00, run_after=2026-01-03T13:56:00+00:00
[2026-01-03T13:56:24.804+0000] {processor.py:179} INFO - Processing /home/vscode/.local/lib/python3.10/site-packages/airflow/example_dags/example_sla_dag.py took 0.056 seconds
[2026-01-03T13:57:06.703+0000] {processor.py:157} INFO - Started process (PID=13916) to work on /home/vscode/.local/lib/python3.10/site-packages/airflow/example_dags/example_sla_dag.py
[2026-01-03T13:57:06.704+0000] {processor.py:826} INFO - Processing file /home/vscode/.local/lib/python3.10/site-packages/airflow/example_dags/example_sla_dag.py for tasks to queue
[2026-01-03T13:57:06.705+0000] {logging_mixin.py:150} INFO - [2026-01-03T13:57:06.704+0000] {dagbag.py:541} INFO - Filling up the DagBag from /home/vscode/.local/lib/python3.10/site-packages/airflow/example_dags/example_sla_dag.py
[2026-01-03T13:57:06.712+0000] {processor.py:836} INFO - DAG(s) dict_keys(['example_sla_dag']) retrieved from /home/vscode/.local/lib/python3.10/site-packages/airflow/example_dags/example_sla_dag.py
[2026-01-03T13:57:06.728+0000] {logging_mixin.py:150} INFO - [2026-01-03T13:57:06.727+0000] {dag.py:2742} INFO - Sync 1 DAGs
[2026-01-03T13:57:06.744+0000] {logging_mixin.py:150} INFO - [2026-01-03T13:57:06.744+0000] {dag.py:3504} INFO - Setting next_dagrun for example_sla_dag to 2026-01-03T13:54:00+00:00, run_after=2026-01-03T13:56:00+00:00
[2026-01-03T13:57:06.759+0000] {processor.py:179} INFO - Processing /home/vscode/.local/lib/python3.10/site-packages/airflow/example_dags/example_sla_dag.py took 0.058 seconds
[2026-01-03T13:57:50.940+0000] {processor.py:157} INFO - Started process (PID=14210) to work on /home/vscode/.local/lib/python3.10/site-packages/airflow/example_dags/example_sla_dag.py
[2026-01-03T13:57:50.941+0000] {processor.py:826} INFO - Processing file /home/vscode/.local/lib/python3.10/site-packages/airflow/example_dags/example_sla_dag.py for tasks to queue
[2026-01-03T13:57:50.941+0000] {logging_mixin.py:150} INFO - [2026-01-03T13:57:50.941+0000] {dagbag.py:541} INFO - Filling up the DagBag from /home/vscode/.local/lib/python3.10/site-packages/airflow/example_dags/example_sla_dag.py
[2026-01-03T13:57:50.948+0000] {processor.py:836} INFO - DAG(s) dict_keys(['example_sla_dag']) retrieved from /home/vscode/.local/lib/python3.10/site-packages/airflow/example_dags/example_sla_dag.py
[2026-01-03T13:57:50.961+0000] {logging_mixin.py:150} INFO - [2026-01-03T13:57:50.961+0000] {dag.py:2742} INFO - Sync 1 DAGs
[2026-01-03T13:57:50.978+0000] {logging_mixin.py:150} INFO - [2026-01-03T13:57:50.978+0000] {dag.py:3504} INFO - Setting next_dagrun for example_sla_dag to 2026-01-03T13:54:00+00:00, run_after=2026-01-03T13:56:00+00:00
[2026-01-03T13:57:50.992+0000] {processor.py:179} INFO - Processing /home/vscode/.local/lib/python3.10/site-packages/airflow/example_dags/example_sla_dag.py took 0.055 seconds
[2026-01-03T13:58:33.883+0000] {processor.py:157} INFO - Started process (PID=14494) to work on /home/vscode/.local/lib/python3.10/site-packages/airflow/example_dags/example_sla_dag.py
[2026-01-03T13:58:33.884+0000] {processor.py:826} INFO - Processing file /home/vscode/.local/lib/python3.10/site-packages/airflow/example_dags/example_sla_dag.py for tasks to queue
[2026-01-03T13:58:33.884+0000] {logging_mixin.py:150} INFO - [2026-01-03T13:58:33.884+0000] {dagbag.py:541} INFO - Filling up the DagBag from /home/vscode/.local/lib/python3.10/site-packages/airflow/example_dags/example_sla_dag.py
[2026-01-03T13:58:33.892+0000] {processor.py:836} INFO - DAG(s) dict_keys(['example_sla_dag']) retrieved from /home/vscode/.local/lib/python3.10/site-packages/airflow/example_dags/example_sla_dag.py
[2026-01-03T13:58:33.905+0000] {logging_mixin.py:150} INFO - [2026-01-03T13:58:33.905+0000] {dag.py:2742} INFO - Sync 1 DAGs
[2026-01-03T13:58:33.922+0000] {logging_mixin.py:150} INFO - [2026-01-03T13:58:33.922+0000] {dag.py:3504} INFO - Setting next_dagrun for example_sla_dag to 2026-01-03T13:56:00+00:00, run_after=2026-01-03T13:58:00+00:00
[2026-01-03T13:58:33.938+0000] {processor.py:179} INFO - Processing /home/vscode/.local/lib/python3.10/site-packages/airflow/example_dags/example_sla_dag.py took 0.057 seconds
[2026-01-03T13:59:12.153+0000] {processor.py:157} INFO - Started process (PID=14779) to work on /home/vscode/.local/lib/python3.10/site-packages/airflow/example_dags/example_sla_dag.py
[2026-01-03T13:59:12.154+0000] {processor.py:826} INFO - Processing file /home/vscode/.local/lib/python3.10/site-packages/airflow/example_dags/example_sla_dag.py for tasks to queue
[2026-01-03T13:59:12.155+0000] {logging_mixin.py:150} INFO - [2026-01-03T13:59:12.154+0000] {dagbag.py:541} INFO - Filling up the DagBag from /home/vscode/.local/lib/python3.10/site-packages/airflow/example_dags/example_sla_dag.py
[2026-01-03T13:59:12.162+0000] {processor.py:836} INFO - DAG(s) dict_keys(['example_sla_dag']) retrieved from /home/vscode/.local/lib/python3.10/site-packages/airflow/example_dags/example_sla_dag.py
[2026-01-03T13:59:12.174+0000] {logging_mixin.py:150} INFO - [2026-01-03T13:59:12.174+0000] {dag.py:2742} INFO - Sync 1 DAGs
[2026-01-03T13:59:12.198+0000] {logging_mixin.py:150} INFO - [2026-01-03T13:59:12.198+0000] {dag.py:3504} INFO - Setting next_dagrun for example_sla_dag to 2026-01-03T13:56:00+00:00, run_after=2026-01-03T13:58:00+00:00
[2026-01-03T13:59:12.217+0000] {processor.py:179} INFO - Processing /home/vscode/.local/lib/python3.10/site-packages/airflow/example_dags/example_sla_dag.py took 0.067 seconds
[2026-01-03T13:59:57.086+0000] {processor.py:157} INFO - Started process (PID=15085) to work on /home/vscode/.local/lib/python3.10/site-packages/airflow/example_dags/example_sla_dag.py
[2026-01-03T13:59:57.086+0000] {processor.py:826} INFO - Processing file /home/vscode/.local/lib/python3.10/site-packages/airflow/example_dags/example_sla_dag.py for tasks to queue
[2026-01-03T13:59:57.087+0000] {logging_mixin.py:150} INFO - [2026-01-03T13:59:57.087+0000] {dagbag.py:541} INFO - Filling up the DagBag from /home/vscode/.local/lib/python3.10/site-packages/airflow/example_dags/example_sla_dag.py
[2026-01-03T13:59:57.094+0000] {processor.py:836} INFO - DAG(s) dict_keys(['example_sla_dag']) retrieved from /home/vscode/.local/lib/python3.10/site-packages/airflow/example_dags/example_sla_dag.py
[2026-01-03T13:59:57.107+0000] {logging_mixin.py:150} INFO - [2026-01-03T13:59:57.107+0000] {dag.py:2742} INFO - Sync 1 DAGs
[2026-01-03T13:59:57.124+0000] {logging_mixin.py:150} INFO - [2026-01-03T13:59:57.123+0000] {dag.py:3504} INFO - Setting next_dagrun for example_sla_dag to 2026-01-03T13:56:00+00:00, run_after=2026-01-03T13:58:00+00:00
[2026-01-03T13:59:57.138+0000] {processor.py:179} INFO - Processing /home/vscode/.local/lib/python3.10/site-packages/airflow/example_dags/example_sla_dag.py took 0.055 seconds
[2026-01-03T14:00:40.453+0000] {processor.py:157} INFO - Started process (PID=15373) to work on /home/vscode/.local/lib/python3.10/site-packages/airflow/example_dags/example_sla_dag.py
[2026-01-03T14:00:40.454+0000] {processor.py:826} INFO - Processing file /home/vscode/.local/lib/python3.10/site-packages/airflow/example_dags/example_sla_dag.py for tasks to queue
[2026-01-03T14:00:40.455+0000] {logging_mixin.py:150} INFO - [2026-01-03T14:00:40.454+0000] {dagbag.py:541} INFO - Filling up the DagBag from /home/vscode/.local/lib/python3.10/site-packages/airflow/example_dags/example_sla_dag.py
[2026-01-03T14:00:40.462+0000] {processor.py:836} INFO - DAG(s) dict_keys(['example_sla_dag']) retrieved from /home/vscode/.local/lib/python3.10/site-packages/airflow/example_dags/example_sla_dag.py
[2026-01-03T14:00:40.474+0000] {logging_mixin.py:150} INFO - [2026-01-03T14:00:40.474+0000] {dag.py:2742} INFO - Sync 1 DAGs
[2026-01-03T14:00:40.491+0000] {logging_mixin.py:150} INFO - [2026-01-03T14:00:40.491+0000] {dag.py:3504} INFO - Setting next_dagrun for example_sla_dag to 2026-01-03T13:58:00+00:00, run_after=2026-01-03T14:00:00+00:00
[2026-01-03T14:00:40.505+0000] {processor.py:179} INFO - Processing /home/vscode/.local/lib/python3.10/site-packages/airflow/example_dags/example_sla_dag.py took 0.055 seconds
[2026-01-03T14:01:19.177+0000] {processor.py:157} INFO - Started process (PID=15633) to work on /home/vscode/.local/lib/python3.10/site-packages/airflow/example_dags/example_sla_dag.py
[2026-01-03T14:01:19.178+0000] {processor.py:826} INFO - Processing file /home/vscode/.local/lib/python3.10/site-packages/airflow/example_dags/example_sla_dag.py for tasks to queue
[2026-01-03T14:01:19.179+0000] {logging_mixin.py:150} INFO - [2026-01-03T14:01:19.178+0000] {dagbag.py:541} INFO - Filling up the DagBag from /home/vscode/.local/lib/python3.10/site-packages/airflow/example_dags/example_sla_dag.py
[2026-01-03T14:01:19.186+0000] {processor.py:836} INFO - DAG(s) dict_keys(['example_sla_dag']) retrieved from /home/vscode/.local/lib/python3.10/site-packages/airflow/example_dags/example_sla_dag.py
[2026-01-03T14:01:19.199+0000] {logging_mixin.py:150} INFO - [2026-01-03T14:01:19.199+0000] {dag.py:2742} INFO - Sync 1 DAGs
[2026-01-03T14:01:19.216+0000] {logging_mixin.py:150} INFO - [2026-01-03T14:01:19.216+0000] {dag.py:3504} INFO - Setting next_dagrun for example_sla_dag to 2026-01-03T13:58:00+00:00, run_after=2026-01-03T14:00:00+00:00
[2026-01-03T14:01:19.230+0000] {processor.py:179} INFO - Processing /home/vscode/.local/lib/python3.10/site-packages/airflow/example_dags/example_sla_dag.py took 0.055 seconds
[2026-01-03T14:02:02.620+0000] {processor.py:157} INFO - Started process (PID=15953) to work on /home/vscode/.local/lib/python3.10/site-packages/airflow/example_dags/example_sla_dag.py
[2026-01-03T14:02:02.621+0000] {processor.py:826} INFO - Processing file /home/vscode/.local/lib/python3.10/site-packages/airflow/example_dags/example_sla_dag.py for tasks to queue
[2026-01-03T14:02:02.622+0000] {logging_mixin.py:150} INFO - [2026-01-03T14:02:02.621+0000] {dagbag.py:541} INFO - Filling up the DagBag from /home/vscode/.local/lib/python3.10/site-packages/airflow/example_dags/example_sla_dag.py
[2026-01-03T14:02:02.629+0000] {processor.py:836} INFO - DAG(s) dict_keys(['example_sla_dag']) retrieved from /home/vscode/.local/lib/python3.10/site-packages/airflow/example_dags/example_sla_dag.py
[2026-01-03T14:02:02.642+0000] {logging_mixin.py:150} INFO - [2026-01-03T14:02:02.642+0000] {dag.py:2742} INFO - Sync 1 DAGs
[2026-01-03T14:02:02.660+0000] {logging_mixin.py:150} INFO - [2026-01-03T14:02:02.659+0000] {dag.py:3504} INFO - Setting next_dagrun for example_sla_dag to 2026-01-03T14:00:00+00:00, run_after=2026-01-03T14:02:00+00:00
[2026-01-03T14:02:02.675+0000] {processor.py:179} INFO - Processing /home/vscode/.local/lib/python3.10/site-packages/airflow/example_dags/example_sla_dag.py took 0.057 seconds
[2026-01-03T14:02:45.562+0000] {processor.py:157} INFO - Started process (PID=16330) to work on /home/vscode/.local/lib/python3.10/site-packages/airflow/example_dags/example_sla_dag.py
[2026-01-03T14:02:45.563+0000] {processor.py:826} INFO - Processing file /home/vscode/.local/lib/python3.10/site-packages/airflow/example_dags/example_sla_dag.py for tasks to queue
[2026-01-03T14:02:45.563+0000] {logging_mixin.py:150} INFO - [2026-01-03T14:02:45.563+0000] {dagbag.py:541} INFO - Filling up the DagBag from /home/vscode/.local/lib/python3.10/site-packages/airflow/example_dags/example_sla_dag.py
[2026-01-03T14:02:45.570+0000] {processor.py:836} INFO - DAG(s) dict_keys(['example_sla_dag']) retrieved from /home/vscode/.local/lib/python3.10/site-packages/airflow/example_dags/example_sla_dag.py
[2026-01-03T14:02:45.583+0000] {logging_mixin.py:150} INFO - [2026-01-03T14:02:45.583+0000] {dag.py:2742} INFO - Sync 1 DAGs
[2026-01-03T14:02:45.599+0000] {logging_mixin.py:150} INFO - [2026-01-03T14:02:45.599+0000] {dag.py:3504} INFO - Setting next_dagrun for example_sla_dag to 2026-01-03T14:00:00+00:00, run_after=2026-01-03T14:02:00+00:00
[2026-01-03T14:02:45.616+0000] {processor.py:179} INFO - Processing /home/vscode/.local/lib/python3.10/site-packages/airflow/example_dags/example_sla_dag.py took 0.056 seconds
[2026-01-03T14:03:26.616+0000] {processor.py:157} INFO - Started process (PID=16876) to work on /home/vscode/.local/lib/python3.10/site-packages/airflow/example_dags/example_sla_dag.py
[2026-01-03T14:03:26.617+0000] {processor.py:826} INFO - Processing file /home/vscode/.local/lib/python3.10/site-packages/airflow/example_dags/example_sla_dag.py for tasks to queue
[2026-01-03T14:03:26.617+0000] {logging_mixin.py:150} INFO - [2026-01-03T14:03:26.617+0000] {dagbag.py:541} INFO - Filling up the DagBag from /home/vscode/.local/lib/python3.10/site-packages/airflow/example_dags/example_sla_dag.py
[2026-01-03T14:03:26.625+0000] {processor.py:836} INFO - DAG(s) dict_keys(['example_sla_dag']) retrieved from /home/vscode/.local/lib/python3.10/site-packages/airflow/example_dags/example_sla_dag.py
[2026-01-03T14:03:26.643+0000] {logging_mixin.py:150} INFO - [2026-01-03T14:03:26.642+0000] {dag.py:2742} INFO - Sync 1 DAGs
[2026-01-03T14:03:26.660+0000] {logging_mixin.py:150} INFO - [2026-01-03T14:03:26.660+0000] {dag.py:3504} INFO - Setting next_dagrun for example_sla_dag to 2026-01-03T14:00:00+00:00, run_after=2026-01-03T14:02:00+00:00
[2026-01-03T14:03:26.674+0000] {processor.py:179} INFO - Processing /home/vscode/.local/lib/python3.10/site-packages/airflow/example_dags/example_sla_dag.py took 0.061 seconds
[2026-01-03T14:04:13.451+0000] {processor.py:157} INFO - Started process (PID=17433) to work on /home/vscode/.local/lib/python3.10/site-packages/airflow/example_dags/example_sla_dag.py
[2026-01-03T14:04:13.452+0000] {processor.py:826} INFO - Processing file /home/vscode/.local/lib/python3.10/site-packages/airflow/example_dags/example_sla_dag.py for tasks to queue
[2026-01-03T14:04:13.453+0000] {logging_mixin.py:150} INFO - [2026-01-03T14:04:13.452+0000] {dagbag.py:541} INFO - Filling up the DagBag from /home/vscode/.local/lib/python3.10/site-packages/airflow/example_dags/example_sla_dag.py
[2026-01-03T14:04:13.460+0000] {processor.py:836} INFO - DAG(s) dict_keys(['example_sla_dag']) retrieved from /home/vscode/.local/lib/python3.10/site-packages/airflow/example_dags/example_sla_dag.py
[2026-01-03T14:04:13.474+0000] {logging_mixin.py:150} INFO - [2026-01-03T14:04:13.474+0000] {dag.py:2742} INFO - Sync 1 DAGs
[2026-01-03T14:04:13.492+0000] {logging_mixin.py:150} INFO - [2026-01-03T14:04:13.492+0000] {dag.py:3504} INFO - Setting next_dagrun for example_sla_dag to 2026-01-03T14:02:00+00:00, run_after=2026-01-03T14:04:00+00:00
[2026-01-03T14:04:13.508+0000] {processor.py:179} INFO - Processing /home/vscode/.local/lib/python3.10/site-packages/airflow/example_dags/example_sla_dag.py took 0.060 seconds
