[2026-01-03T13:48:54.981+0000] {processor.py:157} INFO - Started process (PID=9955) to work on /home/vscode/.local/lib/python3.10/site-packages/airflow/example_dags/example_trigger_target_dag.py
[2026-01-03T13:48:54.982+0000] {processor.py:826} INFO - Processing file /home/vscode/.local/lib/python3.10/site-packages/airflow/example_dags/example_trigger_target_dag.py for tasks to queue
[2026-01-03T13:48:54.982+0000] {logging_mixin.py:150} INFO - [2026-01-03T13:48:54.982+0000] {dagbag.py:541} INFO - Filling up the DagBag from /home/vscode/.local/lib/python3.10/site-packages/airflow/example_dags/example_trigger_target_dag.py
[2026-01-03T13:48:54.990+0000] {processor.py:836} INFO - DAG(s) dict_keys(['example_trigger_target_dag']) retrieved from /home/vscode/.local/lib/python3.10/site-packages/airflow/example_dags/example_trigger_target_dag.py
[2026-01-03T13:48:55.065+0000] {logging_mixin.py:150} INFO - [2026-01-03T13:48:55.065+0000] {manager.py:504} INFO - Created Permission View: can delete on DAG:example_trigger_target_dag
[2026-01-03T13:48:55.073+0000] {logging_mixin.py:150} INFO - [2026-01-03T13:48:55.073+0000] {manager.py:504} INFO - Created Permission View: can read on DAG:example_trigger_target_dag
[2026-01-03T13:48:55.079+0000] {logging_mixin.py:150} INFO - [2026-01-03T13:48:55.079+0000] {manager.py:504} INFO - Created Permission View: can edit on DAG:example_trigger_target_dag
[2026-01-03T13:48:55.087+0000] {logging_mixin.py:150} INFO - [2026-01-03T13:48:55.087+0000] {dag.py:2742} INFO - Sync 1 DAGs
[2026-01-03T13:48:55.094+0000] {logging_mixin.py:150} INFO - [2026-01-03T13:48:55.094+0000] {dag.py:2763} INFO - Creating ORM DAG for example_trigger_target_dag
[2026-01-03T13:48:55.100+0000] {logging_mixin.py:150} INFO - [2026-01-03T13:48:55.100+0000] {dag.py:3504} INFO - Setting next_dagrun for example_trigger_target_dag to None, run_after=None
[2026-01-03T13:48:55.117+0000] {processor.py:179} INFO - Processing /home/vscode/.local/lib/python3.10/site-packages/airflow/example_dags/example_trigger_target_dag.py took 0.139 seconds
[2026-01-03T13:49:43.810+0000] {processor.py:157} INFO - Started process (PID=10348) to work on /home/vscode/.local/lib/python3.10/site-packages/airflow/example_dags/example_trigger_target_dag.py
[2026-01-03T13:49:43.811+0000] {processor.py:826} INFO - Processing file /home/vscode/.local/lib/python3.10/site-packages/airflow/example_dags/example_trigger_target_dag.py for tasks to queue
[2026-01-03T13:49:43.812+0000] {logging_mixin.py:150} INFO - [2026-01-03T13:49:43.812+0000] {dagbag.py:541} INFO - Filling up the DagBag from /home/vscode/.local/lib/python3.10/site-packages/airflow/example_dags/example_trigger_target_dag.py
[2026-01-03T13:49:43.817+0000] {processor.py:836} INFO - DAG(s) dict_keys(['example_trigger_target_dag']) retrieved from /home/vscode/.local/lib/python3.10/site-packages/airflow/example_dags/example_trigger_target_dag.py
[2026-01-03T13:49:43.830+0000] {logging_mixin.py:150} INFO - [2026-01-03T13:49:43.829+0000] {dag.py:2742} INFO - Sync 1 DAGs
[2026-01-03T13:49:43.845+0000] {logging_mixin.py:150} INFO - [2026-01-03T13:49:43.845+0000] {dag.py:3504} INFO - Setting next_dagrun for example_trigger_target_dag to None, run_after=None
[2026-01-03T13:49:43.860+0000] {processor.py:179} INFO - Processing /home/vscode/.local/lib/python3.10/site-packages/airflow/example_dags/example_trigger_target_dag.py took 0.052 seconds
[2026-01-03T13:50:26.853+0000] {processor.py:157} INFO - Started process (PID=10682) to work on /home/vscode/.local/lib/python3.10/site-packages/airflow/example_dags/example_trigger_target_dag.py
[2026-01-03T13:50:26.853+0000] {processor.py:826} INFO - Processing file /home/vscode/.local/lib/python3.10/site-packages/airflow/example_dags/example_trigger_target_dag.py for tasks to queue
[2026-01-03T13:50:26.854+0000] {logging_mixin.py:150} INFO - [2026-01-03T13:50:26.854+0000] {dagbag.py:541} INFO - Filling up the DagBag from /home/vscode/.local/lib/python3.10/site-packages/airflow/example_dags/example_trigger_target_dag.py
[2026-01-03T13:50:26.859+0000] {processor.py:836} INFO - DAG(s) dict_keys(['example_trigger_target_dag']) retrieved from /home/vscode/.local/lib/python3.10/site-packages/airflow/example_dags/example_trigger_target_dag.py
[2026-01-03T13:50:26.877+0000] {logging_mixin.py:150} INFO - [2026-01-03T13:50:26.877+0000] {dag.py:2742} INFO - Sync 1 DAGs
[2026-01-03T13:50:26.892+0000] {logging_mixin.py:150} INFO - [2026-01-03T13:50:26.892+0000] {dag.py:3504} INFO - Setting next_dagrun for example_trigger_target_dag to None, run_after=None
[2026-01-03T13:50:26.907+0000] {processor.py:179} INFO - Processing /home/vscode/.local/lib/python3.10/site-packages/airflow/example_dags/example_trigger_target_dag.py took 0.057 seconds
[2026-01-03T13:51:10.246+0000] {processor.py:157} INFO - Started process (PID=10989) to work on /home/vscode/.local/lib/python3.10/site-packages/airflow/example_dags/example_trigger_target_dag.py
[2026-01-03T13:51:10.247+0000] {processor.py:826} INFO - Processing file /home/vscode/.local/lib/python3.10/site-packages/airflow/example_dags/example_trigger_target_dag.py for tasks to queue
[2026-01-03T13:51:10.248+0000] {logging_mixin.py:150} INFO - [2026-01-03T13:51:10.248+0000] {dagbag.py:541} INFO - Filling up the DagBag from /home/vscode/.local/lib/python3.10/site-packages/airflow/example_dags/example_trigger_target_dag.py
[2026-01-03T13:51:10.253+0000] {processor.py:836} INFO - DAG(s) dict_keys(['example_trigger_target_dag']) retrieved from /home/vscode/.local/lib/python3.10/site-packages/airflow/example_dags/example_trigger_target_dag.py
[2026-01-03T13:51:10.266+0000] {logging_mixin.py:150} INFO - [2026-01-03T13:51:10.266+0000] {dag.py:2742} INFO - Sync 1 DAGs
[2026-01-03T13:51:10.281+0000] {logging_mixin.py:150} INFO - [2026-01-03T13:51:10.281+0000] {dag.py:3504} INFO - Setting next_dagrun for example_trigger_target_dag to None, run_after=None
[2026-01-03T13:51:10.297+0000] {processor.py:179} INFO - Processing /home/vscode/.local/lib/python3.10/site-packages/airflow/example_dags/example_trigger_target_dag.py took 0.053 seconds
[2026-01-03T13:51:53.573+0000] {processor.py:157} INFO - Started process (PID=11312) to work on /home/vscode/.local/lib/python3.10/site-packages/airflow/example_dags/example_trigger_target_dag.py
[2026-01-03T13:51:53.573+0000] {processor.py:826} INFO - Processing file /home/vscode/.local/lib/python3.10/site-packages/airflow/example_dags/example_trigger_target_dag.py for tasks to queue
[2026-01-03T13:51:53.574+0000] {logging_mixin.py:150} INFO - [2026-01-03T13:51:53.574+0000] {dagbag.py:541} INFO - Filling up the DagBag from /home/vscode/.local/lib/python3.10/site-packages/airflow/example_dags/example_trigger_target_dag.py
[2026-01-03T13:51:53.579+0000] {processor.py:836} INFO - DAG(s) dict_keys(['example_trigger_target_dag']) retrieved from /home/vscode/.local/lib/python3.10/site-packages/airflow/example_dags/example_trigger_target_dag.py
[2026-01-03T13:51:53.593+0000] {logging_mixin.py:150} INFO - [2026-01-03T13:51:53.593+0000] {dag.py:2742} INFO - Sync 1 DAGs
[2026-01-03T13:51:53.608+0000] {logging_mixin.py:150} INFO - [2026-01-03T13:51:53.608+0000] {dag.py:3504} INFO - Setting next_dagrun for example_trigger_target_dag to None, run_after=None
[2026-01-03T13:51:53.624+0000] {processor.py:179} INFO - Processing /home/vscode/.local/lib/python3.10/site-packages/airflow/example_dags/example_trigger_target_dag.py took 0.054 seconds
[2026-01-03T13:52:36.553+0000] {processor.py:157} INFO - Started process (PID=11611) to work on /home/vscode/.local/lib/python3.10/site-packages/airflow/example_dags/example_trigger_target_dag.py
[2026-01-03T13:52:36.554+0000] {processor.py:826} INFO - Processing file /home/vscode/.local/lib/python3.10/site-packages/airflow/example_dags/example_trigger_target_dag.py for tasks to queue
[2026-01-03T13:52:36.555+0000] {logging_mixin.py:150} INFO - [2026-01-03T13:52:36.554+0000] {dagbag.py:541} INFO - Filling up the DagBag from /home/vscode/.local/lib/python3.10/site-packages/airflow/example_dags/example_trigger_target_dag.py
[2026-01-03T13:52:36.560+0000] {processor.py:836} INFO - DAG(s) dict_keys(['example_trigger_target_dag']) retrieved from /home/vscode/.local/lib/python3.10/site-packages/airflow/example_dags/example_trigger_target_dag.py
[2026-01-03T13:52:36.575+0000] {logging_mixin.py:150} INFO - [2026-01-03T13:52:36.575+0000] {dag.py:2742} INFO - Sync 1 DAGs
[2026-01-03T13:52:36.591+0000] {logging_mixin.py:150} INFO - [2026-01-03T13:52:36.591+0000] {dag.py:3504} INFO - Setting next_dagrun for example_trigger_target_dag to None, run_after=None
[2026-01-03T13:52:36.607+0000] {processor.py:179} INFO - Processing /home/vscode/.local/lib/python3.10/site-packages/airflow/example_dags/example_trigger_target_dag.py took 0.057 seconds
[2026-01-03T13:53:18.671+0000] {processor.py:157} INFO - Started process (PID=11921) to work on /home/vscode/.local/lib/python3.10/site-packages/airflow/example_dags/example_trigger_target_dag.py
[2026-01-03T13:53:18.672+0000] {processor.py:826} INFO - Processing file /home/vscode/.local/lib/python3.10/site-packages/airflow/example_dags/example_trigger_target_dag.py for tasks to queue
[2026-01-03T13:53:18.673+0000] {logging_mixin.py:150} INFO - [2026-01-03T13:53:18.673+0000] {dagbag.py:541} INFO - Filling up the DagBag from /home/vscode/.local/lib/python3.10/site-packages/airflow/example_dags/example_trigger_target_dag.py
[2026-01-03T13:53:18.678+0000] {processor.py:836} INFO - DAG(s) dict_keys(['example_trigger_target_dag']) retrieved from /home/vscode/.local/lib/python3.10/site-packages/airflow/example_dags/example_trigger_target_dag.py
[2026-01-03T13:53:18.692+0000] {logging_mixin.py:150} INFO - [2026-01-03T13:53:18.691+0000] {dag.py:2742} INFO - Sync 1 DAGs
[2026-01-03T13:53:18.712+0000] {logging_mixin.py:150} INFO - [2026-01-03T13:53:18.711+0000] {dag.py:3504} INFO - Setting next_dagrun for example_trigger_target_dag to None, run_after=None
[2026-01-03T13:53:18.734+0000] {processor.py:179} INFO - Processing /home/vscode/.local/lib/python3.10/site-packages/airflow/example_dags/example_trigger_target_dag.py took 0.065 seconds
[2026-01-03T13:54:01.486+0000] {processor.py:157} INFO - Started process (PID=12279) to work on /home/vscode/.local/lib/python3.10/site-packages/airflow/example_dags/example_trigger_target_dag.py
[2026-01-03T13:54:01.487+0000] {processor.py:826} INFO - Processing file /home/vscode/.local/lib/python3.10/site-packages/airflow/example_dags/example_trigger_target_dag.py for tasks to queue
[2026-01-03T13:54:01.487+0000] {logging_mixin.py:150} INFO - [2026-01-03T13:54:01.487+0000] {dagbag.py:541} INFO - Filling up the DagBag from /home/vscode/.local/lib/python3.10/site-packages/airflow/example_dags/example_trigger_target_dag.py
[2026-01-03T13:54:01.493+0000] {processor.py:836} INFO - DAG(s) dict_keys(['example_trigger_target_dag']) retrieved from /home/vscode/.local/lib/python3.10/site-packages/airflow/example_dags/example_trigger_target_dag.py
[2026-01-03T13:54:01.507+0000] {logging_mixin.py:150} INFO - [2026-01-03T13:54:01.507+0000] {dag.py:2742} INFO - Sync 1 DAGs
[2026-01-03T13:54:01.524+0000] {logging_mixin.py:150} INFO - [2026-01-03T13:54:01.524+0000] {dag.py:3504} INFO - Setting next_dagrun for example_trigger_target_dag to None, run_after=None
[2026-01-03T13:54:01.540+0000] {processor.py:179} INFO - Processing /home/vscode/.local/lib/python3.10/site-packages/airflow/example_dags/example_trigger_target_dag.py took 0.056 seconds
[2026-01-03T13:54:42.082+0000] {processor.py:157} INFO - Started process (PID=12596) to work on /home/vscode/.local/lib/python3.10/site-packages/airflow/example_dags/example_trigger_target_dag.py
[2026-01-03T13:54:42.083+0000] {processor.py:826} INFO - Processing file /home/vscode/.local/lib/python3.10/site-packages/airflow/example_dags/example_trigger_target_dag.py for tasks to queue
[2026-01-03T13:54:42.083+0000] {logging_mixin.py:150} INFO - [2026-01-03T13:54:42.083+0000] {dagbag.py:541} INFO - Filling up the DagBag from /home/vscode/.local/lib/python3.10/site-packages/airflow/example_dags/example_trigger_target_dag.py
[2026-01-03T13:54:42.089+0000] {processor.py:836} INFO - DAG(s) dict_keys(['example_trigger_target_dag']) retrieved from /home/vscode/.local/lib/python3.10/site-packages/airflow/example_dags/example_trigger_target_dag.py
[2026-01-03T13:54:42.103+0000] {logging_mixin.py:150} INFO - [2026-01-03T13:54:42.103+0000] {dag.py:2742} INFO - Sync 1 DAGs
[2026-01-03T13:54:42.118+0000] {logging_mixin.py:150} INFO - [2026-01-03T13:54:42.117+0000] {dag.py:3504} INFO - Setting next_dagrun for example_trigger_target_dag to None, run_after=None
[2026-01-03T13:54:42.132+0000] {processor.py:179} INFO - Processing /home/vscode/.local/lib/python3.10/site-packages/airflow/example_dags/example_trigger_target_dag.py took 0.053 seconds
[2026-01-03T13:55:24.307+0000] {processor.py:157} INFO - Started process (PID=12922) to work on /home/vscode/.local/lib/python3.10/site-packages/airflow/example_dags/example_trigger_target_dag.py
[2026-01-03T13:55:24.308+0000] {processor.py:826} INFO - Processing file /home/vscode/.local/lib/python3.10/site-packages/airflow/example_dags/example_trigger_target_dag.py for tasks to queue
[2026-01-03T13:55:24.309+0000] {logging_mixin.py:150} INFO - [2026-01-03T13:55:24.309+0000] {dagbag.py:541} INFO - Filling up the DagBag from /home/vscode/.local/lib/python3.10/site-packages/airflow/example_dags/example_trigger_target_dag.py
[2026-01-03T13:55:24.319+0000] {processor.py:836} INFO - DAG(s) dict_keys(['example_trigger_target_dag']) retrieved from /home/vscode/.local/lib/python3.10/site-packages/airflow/example_dags/example_trigger_target_dag.py
[2026-01-03T13:55:24.343+0000] {logging_mixin.py:150} INFO - [2026-01-03T13:55:24.343+0000] {dag.py:2742} INFO - Sync 1 DAGs
[2026-01-03T13:55:24.364+0000] {logging_mixin.py:150} INFO - [2026-01-03T13:55:24.364+0000] {dag.py:3504} INFO - Setting next_dagrun for example_trigger_target_dag to None, run_after=None
[2026-01-03T13:55:24.386+0000] {processor.py:179} INFO - Processing /home/vscode/.local/lib/python3.10/site-packages/airflow/example_dags/example_trigger_target_dag.py took 0.083 seconds
[2026-01-03T13:56:08.201+0000] {processor.py:157} INFO - Started process (PID=13471) to work on /home/vscode/.local/lib/python3.10/site-packages/airflow/example_dags/example_trigger_target_dag.py
[2026-01-03T13:56:08.202+0000] {processor.py:826} INFO - Processing file /home/vscode/.local/lib/python3.10/site-packages/airflow/example_dags/example_trigger_target_dag.py for tasks to queue
[2026-01-03T13:56:08.203+0000] {logging_mixin.py:150} INFO - [2026-01-03T13:56:08.202+0000] {dagbag.py:541} INFO - Filling up the DagBag from /home/vscode/.local/lib/python3.10/site-packages/airflow/example_dags/example_trigger_target_dag.py
[2026-01-03T13:56:08.207+0000] {processor.py:836} INFO - DAG(s) dict_keys(['example_trigger_target_dag']) retrieved from /home/vscode/.local/lib/python3.10/site-packages/airflow/example_dags/example_trigger_target_dag.py
[2026-01-03T13:56:08.220+0000] {logging_mixin.py:150} INFO - [2026-01-03T13:56:08.220+0000] {dag.py:2742} INFO - Sync 1 DAGs
[2026-01-03T13:56:08.235+0000] {logging_mixin.py:150} INFO - [2026-01-03T13:56:08.235+0000] {dag.py:3504} INFO - Setting next_dagrun for example_trigger_target_dag to None, run_after=None
[2026-01-03T13:56:08.262+0000] {processor.py:179} INFO - Processing /home/vscode/.local/lib/python3.10/site-packages/airflow/example_dags/example_trigger_target_dag.py took 0.063 seconds
[2026-01-03T13:56:50.303+0000] {processor.py:157} INFO - Started process (PID=13796) to work on /home/vscode/.local/lib/python3.10/site-packages/airflow/example_dags/example_trigger_target_dag.py
[2026-01-03T13:56:50.304+0000] {processor.py:826} INFO - Processing file /home/vscode/.local/lib/python3.10/site-packages/airflow/example_dags/example_trigger_target_dag.py for tasks to queue
[2026-01-03T13:56:50.305+0000] {logging_mixin.py:150} INFO - [2026-01-03T13:56:50.304+0000] {dagbag.py:541} INFO - Filling up the DagBag from /home/vscode/.local/lib/python3.10/site-packages/airflow/example_dags/example_trigger_target_dag.py
[2026-01-03T13:56:50.310+0000] {processor.py:836} INFO - DAG(s) dict_keys(['example_trigger_target_dag']) retrieved from /home/vscode/.local/lib/python3.10/site-packages/airflow/example_dags/example_trigger_target_dag.py
[2026-01-03T13:56:50.323+0000] {logging_mixin.py:150} INFO - [2026-01-03T13:56:50.322+0000] {dag.py:2742} INFO - Sync 1 DAGs
[2026-01-03T13:56:50.337+0000] {logging_mixin.py:150} INFO - [2026-01-03T13:56:50.337+0000] {dag.py:3504} INFO - Setting next_dagrun for example_trigger_target_dag to None, run_after=None
[2026-01-03T13:56:50.351+0000] {processor.py:179} INFO - Processing /home/vscode/.local/lib/python3.10/site-packages/airflow/example_dags/example_trigger_target_dag.py took 0.051 seconds
[2026-01-03T13:57:38.113+0000] {processor.py:157} INFO - Started process (PID=14123) to work on /home/vscode/.local/lib/python3.10/site-packages/airflow/example_dags/example_trigger_target_dag.py
[2026-01-03T13:57:38.114+0000] {processor.py:826} INFO - Processing file /home/vscode/.local/lib/python3.10/site-packages/airflow/example_dags/example_trigger_target_dag.py for tasks to queue
[2026-01-03T13:57:38.115+0000] {logging_mixin.py:150} INFO - [2026-01-03T13:57:38.114+0000] {dagbag.py:541} INFO - Filling up the DagBag from /home/vscode/.local/lib/python3.10/site-packages/airflow/example_dags/example_trigger_target_dag.py
[2026-01-03T13:57:38.120+0000] {processor.py:836} INFO - DAG(s) dict_keys(['example_trigger_target_dag']) retrieved from /home/vscode/.local/lib/python3.10/site-packages/airflow/example_dags/example_trigger_target_dag.py
[2026-01-03T13:57:38.133+0000] {logging_mixin.py:150} INFO - [2026-01-03T13:57:38.132+0000] {dag.py:2742} INFO - Sync 1 DAGs
[2026-01-03T13:57:38.147+0000] {logging_mixin.py:150} INFO - [2026-01-03T13:57:38.147+0000] {dag.py:3504} INFO - Setting next_dagrun for example_trigger_target_dag to None, run_after=None
[2026-01-03T13:57:38.162+0000] {processor.py:179} INFO - Processing /home/vscode/.local/lib/python3.10/site-packages/airflow/example_dags/example_trigger_target_dag.py took 0.052 seconds
[2026-01-03T13:58:17.767+0000] {processor.py:157} INFO - Started process (PID=14390) to work on /home/vscode/.local/lib/python3.10/site-packages/airflow/example_dags/example_trigger_target_dag.py
[2026-01-03T13:58:17.768+0000] {processor.py:826} INFO - Processing file /home/vscode/.local/lib/python3.10/site-packages/airflow/example_dags/example_trigger_target_dag.py for tasks to queue
[2026-01-03T13:58:17.769+0000] {logging_mixin.py:150} INFO - [2026-01-03T13:58:17.768+0000] {dagbag.py:541} INFO - Filling up the DagBag from /home/vscode/.local/lib/python3.10/site-packages/airflow/example_dags/example_trigger_target_dag.py
[2026-01-03T13:58:17.774+0000] {processor.py:836} INFO - DAG(s) dict_keys(['example_trigger_target_dag']) retrieved from /home/vscode/.local/lib/python3.10/site-packages/airflow/example_dags/example_trigger_target_dag.py
[2026-01-03T13:58:17.786+0000] {logging_mixin.py:150} INFO - [2026-01-03T13:58:17.786+0000] {dag.py:2742} INFO - Sync 1 DAGs
[2026-01-03T13:58:17.801+0000] {logging_mixin.py:150} INFO - [2026-01-03T13:58:17.800+0000] {dag.py:3504} INFO - Setting next_dagrun for example_trigger_target_dag to None, run_after=None
[2026-01-03T13:58:17.816+0000] {processor.py:179} INFO - Processing /home/vscode/.local/lib/python3.10/site-packages/airflow/example_dags/example_trigger_target_dag.py took 0.051 seconds
[2026-01-03T13:58:59.980+0000] {processor.py:157} INFO - Started process (PID=14700) to work on /home/vscode/.local/lib/python3.10/site-packages/airflow/example_dags/example_trigger_target_dag.py
[2026-01-03T13:58:59.981+0000] {processor.py:826} INFO - Processing file /home/vscode/.local/lib/python3.10/site-packages/airflow/example_dags/example_trigger_target_dag.py for tasks to queue
[2026-01-03T13:58:59.982+0000] {logging_mixin.py:150} INFO - [2026-01-03T13:58:59.981+0000] {dagbag.py:541} INFO - Filling up the DagBag from /home/vscode/.local/lib/python3.10/site-packages/airflow/example_dags/example_trigger_target_dag.py
[2026-01-03T13:58:59.988+0000] {processor.py:836} INFO - DAG(s) dict_keys(['example_trigger_target_dag']) retrieved from /home/vscode/.local/lib/python3.10/site-packages/airflow/example_dags/example_trigger_target_dag.py
[2026-01-03T13:59:00.006+0000] {logging_mixin.py:150} INFO - [2026-01-03T13:59:00.006+0000] {dag.py:2742} INFO - Sync 1 DAGs
[2026-01-03T13:59:00.021+0000] {logging_mixin.py:150} INFO - [2026-01-03T13:59:00.021+0000] {dag.py:3504} INFO - Setting next_dagrun for example_trigger_target_dag to None, run_after=None
[2026-01-03T13:59:00.036+0000] {processor.py:179} INFO - Processing /home/vscode/.local/lib/python3.10/site-packages/airflow/example_dags/example_trigger_target_dag.py took 0.060 seconds
[2026-01-03T13:59:36.541+0000] {processor.py:157} INFO - Started process (PID=14948) to work on /home/vscode/.local/lib/python3.10/site-packages/airflow/example_dags/example_trigger_target_dag.py
[2026-01-03T13:59:36.541+0000] {processor.py:826} INFO - Processing file /home/vscode/.local/lib/python3.10/site-packages/airflow/example_dags/example_trigger_target_dag.py for tasks to queue
[2026-01-03T13:59:36.542+0000] {logging_mixin.py:150} INFO - [2026-01-03T13:59:36.542+0000] {dagbag.py:541} INFO - Filling up the DagBag from /home/vscode/.local/lib/python3.10/site-packages/airflow/example_dags/example_trigger_target_dag.py
[2026-01-03T13:59:36.547+0000] {processor.py:836} INFO - DAG(s) dict_keys(['example_trigger_target_dag']) retrieved from /home/vscode/.local/lib/python3.10/site-packages/airflow/example_dags/example_trigger_target_dag.py
[2026-01-03T13:59:36.559+0000] {logging_mixin.py:150} INFO - [2026-01-03T13:59:36.559+0000] {dag.py:2742} INFO - Sync 1 DAGs
[2026-01-03T13:59:36.573+0000] {logging_mixin.py:150} INFO - [2026-01-03T13:59:36.573+0000] {dag.py:3504} INFO - Setting next_dagrun for example_trigger_target_dag to None, run_after=None
[2026-01-03T13:59:36.589+0000] {processor.py:179} INFO - Processing /home/vscode/.local/lib/python3.10/site-packages/airflow/example_dags/example_trigger_target_dag.py took 0.051 seconds
[2026-01-03T14:00:22.170+0000] {processor.py:157} INFO - Started process (PID=15250) to work on /home/vscode/.local/lib/python3.10/site-packages/airflow/example_dags/example_trigger_target_dag.py
[2026-01-03T14:00:22.171+0000] {processor.py:826} INFO - Processing file /home/vscode/.local/lib/python3.10/site-packages/airflow/example_dags/example_trigger_target_dag.py for tasks to queue
[2026-01-03T14:00:22.172+0000] {logging_mixin.py:150} INFO - [2026-01-03T14:00:22.172+0000] {dagbag.py:541} INFO - Filling up the DagBag from /home/vscode/.local/lib/python3.10/site-packages/airflow/example_dags/example_trigger_target_dag.py
[2026-01-03T14:00:22.178+0000] {processor.py:836} INFO - DAG(s) dict_keys(['example_trigger_target_dag']) retrieved from /home/vscode/.local/lib/python3.10/site-packages/airflow/example_dags/example_trigger_target_dag.py
[2026-01-03T14:00:22.191+0000] {logging_mixin.py:150} INFO - [2026-01-03T14:00:22.191+0000] {dag.py:2742} INFO - Sync 1 DAGs
[2026-01-03T14:00:22.205+0000] {logging_mixin.py:150} INFO - [2026-01-03T14:00:22.205+0000] {dag.py:3504} INFO - Setting next_dagrun for example_trigger_target_dag to None, run_after=None
[2026-01-03T14:00:22.220+0000] {processor.py:179} INFO - Processing /home/vscode/.local/lib/python3.10/site-packages/airflow/example_dags/example_trigger_target_dag.py took 0.054 seconds
[2026-01-03T14:01:02.141+0000] {processor.py:157} INFO - Started process (PID=15519) to work on /home/vscode/.local/lib/python3.10/site-packages/airflow/example_dags/example_trigger_target_dag.py
[2026-01-03T14:01:02.142+0000] {processor.py:826} INFO - Processing file /home/vscode/.local/lib/python3.10/site-packages/airflow/example_dags/example_trigger_target_dag.py for tasks to queue
[2026-01-03T14:01:02.143+0000] {logging_mixin.py:150} INFO - [2026-01-03T14:01:02.143+0000] {dagbag.py:541} INFO - Filling up the DagBag from /home/vscode/.local/lib/python3.10/site-packages/airflow/example_dags/example_trigger_target_dag.py
[2026-01-03T14:01:02.148+0000] {processor.py:836} INFO - DAG(s) dict_keys(['example_trigger_target_dag']) retrieved from /home/vscode/.local/lib/python3.10/site-packages/airflow/example_dags/example_trigger_target_dag.py
[2026-01-03T14:01:02.161+0000] {logging_mixin.py:150} INFO - [2026-01-03T14:01:02.161+0000] {dag.py:2742} INFO - Sync 1 DAGs
[2026-01-03T14:01:02.175+0000] {logging_mixin.py:150} INFO - [2026-01-03T14:01:02.175+0000] {dag.py:3504} INFO - Setting next_dagrun for example_trigger_target_dag to None, run_after=None
[2026-01-03T14:01:02.190+0000] {processor.py:179} INFO - Processing /home/vscode/.local/lib/python3.10/site-packages/airflow/example_dags/example_trigger_target_dag.py took 0.051 seconds
[2026-01-03T14:01:42.003+0000] {processor.py:157} INFO - Started process (PID=15811) to work on /home/vscode/.local/lib/python3.10/site-packages/airflow/example_dags/example_trigger_target_dag.py
[2026-01-03T14:01:42.003+0000] {processor.py:826} INFO - Processing file /home/vscode/.local/lib/python3.10/site-packages/airflow/example_dags/example_trigger_target_dag.py for tasks to queue
[2026-01-03T14:01:42.004+0000] {logging_mixin.py:150} INFO - [2026-01-03T14:01:42.004+0000] {dagbag.py:541} INFO - Filling up the DagBag from /home/vscode/.local/lib/python3.10/site-packages/airflow/example_dags/example_trigger_target_dag.py
[2026-01-03T14:01:42.009+0000] {processor.py:836} INFO - DAG(s) dict_keys(['example_trigger_target_dag']) retrieved from /home/vscode/.local/lib/python3.10/site-packages/airflow/example_dags/example_trigger_target_dag.py
[2026-01-03T14:01:42.022+0000] {logging_mixin.py:150} INFO - [2026-01-03T14:01:42.022+0000] {dag.py:2742} INFO - Sync 1 DAGs
[2026-01-03T14:01:42.037+0000] {logging_mixin.py:150} INFO - [2026-01-03T14:01:42.037+0000] {dag.py:3504} INFO - Setting next_dagrun for example_trigger_target_dag to None, run_after=None
[2026-01-03T14:01:42.052+0000] {processor.py:179} INFO - Processing /home/vscode/.local/lib/python3.10/site-packages/airflow/example_dags/example_trigger_target_dag.py took 0.051 seconds
[2026-01-03T14:02:28.085+0000] {processor.py:157} INFO - Started process (PID=16129) to work on /home/vscode/.local/lib/python3.10/site-packages/airflow/example_dags/example_trigger_target_dag.py
[2026-01-03T14:02:28.086+0000] {processor.py:826} INFO - Processing file /home/vscode/.local/lib/python3.10/site-packages/airflow/example_dags/example_trigger_target_dag.py for tasks to queue
[2026-01-03T14:02:28.087+0000] {logging_mixin.py:150} INFO - [2026-01-03T14:02:28.087+0000] {dagbag.py:541} INFO - Filling up the DagBag from /home/vscode/.local/lib/python3.10/site-packages/airflow/example_dags/example_trigger_target_dag.py
[2026-01-03T14:02:28.093+0000] {processor.py:836} INFO - DAG(s) dict_keys(['example_trigger_target_dag']) retrieved from /home/vscode/.local/lib/python3.10/site-packages/airflow/example_dags/example_trigger_target_dag.py
[2026-01-03T14:02:28.106+0000] {logging_mixin.py:150} INFO - [2026-01-03T14:02:28.106+0000] {dag.py:2742} INFO - Sync 1 DAGs
[2026-01-03T14:02:28.120+0000] {logging_mixin.py:150} INFO - [2026-01-03T14:02:28.120+0000] {dag.py:3504} INFO - Setting next_dagrun for example_trigger_target_dag to None, run_after=None
[2026-01-03T14:02:28.134+0000] {processor.py:179} INFO - Processing /home/vscode/.local/lib/python3.10/site-packages/airflow/example_dags/example_trigger_target_dag.py took 0.052 seconds
[2026-01-03T14:03:06.923+0000] {processor.py:157} INFO - Started process (PID=16620) to work on /home/vscode/.local/lib/python3.10/site-packages/airflow/example_dags/example_trigger_target_dag.py
[2026-01-03T14:03:06.923+0000] {processor.py:826} INFO - Processing file /home/vscode/.local/lib/python3.10/site-packages/airflow/example_dags/example_trigger_target_dag.py for tasks to queue
[2026-01-03T14:03:06.924+0000] {logging_mixin.py:150} INFO - [2026-01-03T14:03:06.924+0000] {dagbag.py:541} INFO - Filling up the DagBag from /home/vscode/.local/lib/python3.10/site-packages/airflow/example_dags/example_trigger_target_dag.py
[2026-01-03T14:03:06.929+0000] {processor.py:836} INFO - DAG(s) dict_keys(['example_trigger_target_dag']) retrieved from /home/vscode/.local/lib/python3.10/site-packages/airflow/example_dags/example_trigger_target_dag.py
[2026-01-03T14:03:06.942+0000] {logging_mixin.py:150} INFO - [2026-01-03T14:03:06.942+0000] {dag.py:2742} INFO - Sync 1 DAGs
[2026-01-03T14:03:06.957+0000] {logging_mixin.py:150} INFO - [2026-01-03T14:03:06.956+0000] {dag.py:3504} INFO - Setting next_dagrun for example_trigger_target_dag to None, run_after=None
[2026-01-03T14:03:06.971+0000] {processor.py:179} INFO - Processing /home/vscode/.local/lib/python3.10/site-packages/airflow/example_dags/example_trigger_target_dag.py took 0.051 seconds
[2026-01-03T14:03:53.102+0000] {processor.py:157} INFO - Started process (PID=17241) to work on /home/vscode/.local/lib/python3.10/site-packages/airflow/example_dags/example_trigger_target_dag.py
[2026-01-03T14:03:53.103+0000] {processor.py:826} INFO - Processing file /home/vscode/.local/lib/python3.10/site-packages/airflow/example_dags/example_trigger_target_dag.py for tasks to queue
[2026-01-03T14:03:53.103+0000] {logging_mixin.py:150} INFO - [2026-01-03T14:03:53.103+0000] {dagbag.py:541} INFO - Filling up the DagBag from /home/vscode/.local/lib/python3.10/site-packages/airflow/example_dags/example_trigger_target_dag.py
[2026-01-03T14:03:53.108+0000] {processor.py:836} INFO - DAG(s) dict_keys(['example_trigger_target_dag']) retrieved from /home/vscode/.local/lib/python3.10/site-packages/airflow/example_dags/example_trigger_target_dag.py
[2026-01-03T14:03:53.121+0000] {logging_mixin.py:150} INFO - [2026-01-03T14:03:53.121+0000] {dag.py:2742} INFO - Sync 1 DAGs
[2026-01-03T14:03:53.135+0000] {logging_mixin.py:150} INFO - [2026-01-03T14:03:53.135+0000] {dag.py:3504} INFO - Setting next_dagrun for example_trigger_target_dag to None, run_after=None
[2026-01-03T14:03:53.151+0000] {processor.py:179} INFO - Processing /home/vscode/.local/lib/python3.10/site-packages/airflow/example_dags/example_trigger_target_dag.py took 0.051 seconds
