[2026-01-03T13:49:04.029+0000] {processor.py:157} INFO - Started process (PID=10050) to work on /home/vscode/.local/lib/python3.10/site-packages/airflow/example_dags/example_short_circuit_operator.py
[2026-01-03T13:49:04.029+0000] {processor.py:826} INFO - Processing file /home/vscode/.local/lib/python3.10/site-packages/airflow/example_dags/example_short_circuit_operator.py for tasks to queue
[2026-01-03T13:49:04.030+0000] {logging_mixin.py:150} INFO - [2026-01-03T13:49:04.030+0000] {dagbag.py:541} INFO - Filling up the DagBag from /home/vscode/.local/lib/python3.10/site-packages/airflow/example_dags/example_short_circuit_operator.py
[2026-01-03T13:49:04.038+0000] {processor.py:836} INFO - DAG(s) dict_keys(['example_short_circuit_operator']) retrieved from /home/vscode/.local/lib/python3.10/site-packages/airflow/example_dags/example_short_circuit_operator.py
[2026-01-03T13:49:04.113+0000] {logging_mixin.py:150} INFO - [2026-01-03T13:49:04.113+0000] {manager.py:504} INFO - Created Permission View: can delete on DAG:example_short_circuit_operator
[2026-01-03T13:49:04.121+0000] {logging_mixin.py:150} INFO - [2026-01-03T13:49:04.121+0000] {manager.py:504} INFO - Created Permission View: can read on DAG:example_short_circuit_operator
[2026-01-03T13:49:04.127+0000] {logging_mixin.py:150} INFO - [2026-01-03T13:49:04.127+0000] {manager.py:504} INFO - Created Permission View: can edit on DAG:example_short_circuit_operator
[2026-01-03T13:49:04.135+0000] {logging_mixin.py:150} INFO - [2026-01-03T13:49:04.135+0000] {dag.py:2742} INFO - Sync 1 DAGs
[2026-01-03T13:49:04.142+0000] {logging_mixin.py:150} INFO - [2026-01-03T13:49:04.142+0000] {dag.py:2763} INFO - Creating ORM DAG for example_short_circuit_operator
[2026-01-03T13:49:04.148+0000] {logging_mixin.py:150} INFO - [2026-01-03T13:49:04.148+0000] {dag.py:3504} INFO - Setting next_dagrun for example_short_circuit_operator to 2026-01-02T13:49:04.148314+00:00, run_after=2026-01-03T13:49:04.148314+00:00
[2026-01-03T13:49:04.163+0000] {processor.py:179} INFO - Processing /home/vscode/.local/lib/python3.10/site-packages/airflow/example_dags/example_short_circuit_operator.py took 0.137 seconds
[2026-01-03T13:49:50.792+0000] {processor.py:157} INFO - Started process (PID=10399) to work on /home/vscode/.local/lib/python3.10/site-packages/airflow/example_dags/example_short_circuit_operator.py
[2026-01-03T13:49:50.793+0000] {processor.py:826} INFO - Processing file /home/vscode/.local/lib/python3.10/site-packages/airflow/example_dags/example_short_circuit_operator.py for tasks to queue
[2026-01-03T13:49:50.793+0000] {logging_mixin.py:150} INFO - [2026-01-03T13:49:50.793+0000] {dagbag.py:541} INFO - Filling up the DagBag from /home/vscode/.local/lib/python3.10/site-packages/airflow/example_dags/example_short_circuit_operator.py
[2026-01-03T13:49:50.800+0000] {processor.py:836} INFO - DAG(s) dict_keys(['example_short_circuit_operator']) retrieved from /home/vscode/.local/lib/python3.10/site-packages/airflow/example_dags/example_short_circuit_operator.py
[2026-01-03T13:49:50.818+0000] {logging_mixin.py:150} INFO - [2026-01-03T13:49:50.818+0000] {dag.py:2742} INFO - Sync 1 DAGs
[2026-01-03T13:49:50.838+0000] {logging_mixin.py:150} INFO - [2026-01-03T13:49:50.837+0000] {dag.py:3504} INFO - Setting next_dagrun for example_short_circuit_operator to 2026-01-02T13:49:50.837521+00:00, run_after=2026-01-03T13:49:50.837521+00:00
[2026-01-03T13:49:50.868+0000] {processor.py:179} INFO - Processing /home/vscode/.local/lib/python3.10/site-packages/airflow/example_dags/example_short_circuit_operator.py took 0.079 seconds
[2026-01-03T13:50:35.392+0000] {processor.py:157} INFO - Started process (PID=10745) to work on /home/vscode/.local/lib/python3.10/site-packages/airflow/example_dags/example_short_circuit_operator.py
[2026-01-03T13:50:35.393+0000] {processor.py:826} INFO - Processing file /home/vscode/.local/lib/python3.10/site-packages/airflow/example_dags/example_short_circuit_operator.py for tasks to queue
[2026-01-03T13:50:35.394+0000] {logging_mixin.py:150} INFO - [2026-01-03T13:50:35.393+0000] {dagbag.py:541} INFO - Filling up the DagBag from /home/vscode/.local/lib/python3.10/site-packages/airflow/example_dags/example_short_circuit_operator.py
[2026-01-03T13:50:35.402+0000] {processor.py:836} INFO - DAG(s) dict_keys(['example_short_circuit_operator']) retrieved from /home/vscode/.local/lib/python3.10/site-packages/airflow/example_dags/example_short_circuit_operator.py
[2026-01-03T13:50:35.417+0000] {logging_mixin.py:150} INFO - [2026-01-03T13:50:35.417+0000] {dag.py:2742} INFO - Sync 1 DAGs
[2026-01-03T13:50:35.432+0000] {logging_mixin.py:150} INFO - [2026-01-03T13:50:35.431+0000] {dag.py:3504} INFO - Setting next_dagrun for example_short_circuit_operator to 2026-01-02T13:50:35.431769+00:00, run_after=2026-01-03T13:50:35.431769+00:00
[2026-01-03T13:50:35.447+0000] {processor.py:179} INFO - Processing /home/vscode/.local/lib/python3.10/site-packages/airflow/example_dags/example_short_circuit_operator.py took 0.057 seconds
[2026-01-03T13:51:19.344+0000] {processor.py:157} INFO - Started process (PID=11049) to work on /home/vscode/.local/lib/python3.10/site-packages/airflow/example_dags/example_short_circuit_operator.py
[2026-01-03T13:51:19.345+0000] {processor.py:826} INFO - Processing file /home/vscode/.local/lib/python3.10/site-packages/airflow/example_dags/example_short_circuit_operator.py for tasks to queue
[2026-01-03T13:51:19.346+0000] {logging_mixin.py:150} INFO - [2026-01-03T13:51:19.346+0000] {dagbag.py:541} INFO - Filling up the DagBag from /home/vscode/.local/lib/python3.10/site-packages/airflow/example_dags/example_short_circuit_operator.py
[2026-01-03T13:51:19.353+0000] {processor.py:836} INFO - DAG(s) dict_keys(['example_short_circuit_operator']) retrieved from /home/vscode/.local/lib/python3.10/site-packages/airflow/example_dags/example_short_circuit_operator.py
[2026-01-03T13:51:19.368+0000] {logging_mixin.py:150} INFO - [2026-01-03T13:51:19.368+0000] {dag.py:2742} INFO - Sync 1 DAGs
[2026-01-03T13:51:19.384+0000] {logging_mixin.py:150} INFO - [2026-01-03T13:51:19.384+0000] {dag.py:3504} INFO - Setting next_dagrun for example_short_circuit_operator to 2026-01-02T13:51:19.384282+00:00, run_after=2026-01-03T13:51:19.384282+00:00
[2026-01-03T13:51:19.400+0000] {processor.py:179} INFO - Processing /home/vscode/.local/lib/python3.10/site-packages/airflow/example_dags/example_short_circuit_operator.py took 0.058 seconds
[2026-01-03T13:52:01.927+0000] {processor.py:157} INFO - Started process (PID=11376) to work on /home/vscode/.local/lib/python3.10/site-packages/airflow/example_dags/example_short_circuit_operator.py
[2026-01-03T13:52:01.928+0000] {processor.py:826} INFO - Processing file /home/vscode/.local/lib/python3.10/site-packages/airflow/example_dags/example_short_circuit_operator.py for tasks to queue
[2026-01-03T13:52:01.929+0000] {logging_mixin.py:150} INFO - [2026-01-03T13:52:01.928+0000] {dagbag.py:541} INFO - Filling up the DagBag from /home/vscode/.local/lib/python3.10/site-packages/airflow/example_dags/example_short_circuit_operator.py
[2026-01-03T13:52:01.936+0000] {processor.py:836} INFO - DAG(s) dict_keys(['example_short_circuit_operator']) retrieved from /home/vscode/.local/lib/python3.10/site-packages/airflow/example_dags/example_short_circuit_operator.py
[2026-01-03T13:52:01.951+0000] {logging_mixin.py:150} INFO - [2026-01-03T13:52:01.951+0000] {dag.py:2742} INFO - Sync 1 DAGs
[2026-01-03T13:52:01.966+0000] {logging_mixin.py:150} INFO - [2026-01-03T13:52:01.966+0000] {dag.py:3504} INFO - Setting next_dagrun for example_short_circuit_operator to 2026-01-02T13:52:01.966526+00:00, run_after=2026-01-03T13:52:01.966526+00:00
[2026-01-03T13:52:01.982+0000] {processor.py:179} INFO - Processing /home/vscode/.local/lib/python3.10/site-packages/airflow/example_dags/example_short_circuit_operator.py took 0.057 seconds
[2026-01-03T13:52:46.162+0000] {processor.py:157} INFO - Started process (PID=11681) to work on /home/vscode/.local/lib/python3.10/site-packages/airflow/example_dags/example_short_circuit_operator.py
[2026-01-03T13:52:46.163+0000] {processor.py:826} INFO - Processing file /home/vscode/.local/lib/python3.10/site-packages/airflow/example_dags/example_short_circuit_operator.py for tasks to queue
[2026-01-03T13:52:46.164+0000] {logging_mixin.py:150} INFO - [2026-01-03T13:52:46.164+0000] {dagbag.py:541} INFO - Filling up the DagBag from /home/vscode/.local/lib/python3.10/site-packages/airflow/example_dags/example_short_circuit_operator.py
[2026-01-03T13:52:46.176+0000] {processor.py:836} INFO - DAG(s) dict_keys(['example_short_circuit_operator']) retrieved from /home/vscode/.local/lib/python3.10/site-packages/airflow/example_dags/example_short_circuit_operator.py
[2026-01-03T13:52:46.193+0000] {logging_mixin.py:150} INFO - [2026-01-03T13:52:46.192+0000] {dag.py:2742} INFO - Sync 1 DAGs
[2026-01-03T13:52:46.208+0000] {logging_mixin.py:150} INFO - [2026-01-03T13:52:46.208+0000] {dag.py:3504} INFO - Setting next_dagrun for example_short_circuit_operator to 2026-01-02T13:52:46.208342+00:00, run_after=2026-01-03T13:52:46.208342+00:00
[2026-01-03T13:52:46.225+0000] {processor.py:179} INFO - Processing /home/vscode/.local/lib/python3.10/site-packages/airflow/example_dags/example_short_circuit_operator.py took 0.067 seconds
[2026-01-03T13:53:27.672+0000] {processor.py:157} INFO - Started process (PID=11990) to work on /home/vscode/.local/lib/python3.10/site-packages/airflow/example_dags/example_short_circuit_operator.py
[2026-01-03T13:53:27.673+0000] {processor.py:826} INFO - Processing file /home/vscode/.local/lib/python3.10/site-packages/airflow/example_dags/example_short_circuit_operator.py for tasks to queue
[2026-01-03T13:53:27.673+0000] {logging_mixin.py:150} INFO - [2026-01-03T13:53:27.673+0000] {dagbag.py:541} INFO - Filling up the DagBag from /home/vscode/.local/lib/python3.10/site-packages/airflow/example_dags/example_short_circuit_operator.py
[2026-01-03T13:53:27.680+0000] {processor.py:836} INFO - DAG(s) dict_keys(['example_short_circuit_operator']) retrieved from /home/vscode/.local/lib/python3.10/site-packages/airflow/example_dags/example_short_circuit_operator.py
[2026-01-03T13:53:27.695+0000] {logging_mixin.py:150} INFO - [2026-01-03T13:53:27.695+0000] {dag.py:2742} INFO - Sync 1 DAGs
[2026-01-03T13:53:27.713+0000] {logging_mixin.py:150} INFO - [2026-01-03T13:53:27.713+0000] {dag.py:3504} INFO - Setting next_dagrun for example_short_circuit_operator to 2026-01-02T13:53:27.713167+00:00, run_after=2026-01-03T13:53:27.713167+00:00
[2026-01-03T13:53:27.730+0000] {processor.py:179} INFO - Processing /home/vscode/.local/lib/python3.10/site-packages/airflow/example_dags/example_short_circuit_operator.py took 0.061 seconds
[2026-01-03T13:54:10.488+0000] {processor.py:157} INFO - Started process (PID=12351) to work on /home/vscode/.local/lib/python3.10/site-packages/airflow/example_dags/example_short_circuit_operator.py
[2026-01-03T13:54:10.490+0000] {processor.py:826} INFO - Processing file /home/vscode/.local/lib/python3.10/site-packages/airflow/example_dags/example_short_circuit_operator.py for tasks to queue
[2026-01-03T13:54:10.490+0000] {logging_mixin.py:150} INFO - [2026-01-03T13:54:10.490+0000] {dagbag.py:541} INFO - Filling up the DagBag from /home/vscode/.local/lib/python3.10/site-packages/airflow/example_dags/example_short_circuit_operator.py
[2026-01-03T13:54:10.501+0000] {processor.py:836} INFO - DAG(s) dict_keys(['example_short_circuit_operator']) retrieved from /home/vscode/.local/lib/python3.10/site-packages/airflow/example_dags/example_short_circuit_operator.py
[2026-01-03T13:54:10.523+0000] {logging_mixin.py:150} INFO - [2026-01-03T13:54:10.523+0000] {dag.py:2742} INFO - Sync 1 DAGs
[2026-01-03T13:54:10.543+0000] {logging_mixin.py:150} INFO - [2026-01-03T13:54:10.543+0000] {dag.py:3504} INFO - Setting next_dagrun for example_short_circuit_operator to 2026-01-02T13:54:10.543180+00:00, run_after=2026-01-03T13:54:10.543180+00:00
[2026-01-03T13:54:10.559+0000] {processor.py:179} INFO - Processing /home/vscode/.local/lib/python3.10/site-packages/airflow/example_dags/example_short_circuit_operator.py took 0.073 seconds
[2026-01-03T13:54:50.073+0000] {processor.py:157} INFO - Started process (PID=12662) to work on /home/vscode/.local/lib/python3.10/site-packages/airflow/example_dags/example_short_circuit_operator.py
[2026-01-03T13:54:50.074+0000] {processor.py:826} INFO - Processing file /home/vscode/.local/lib/python3.10/site-packages/airflow/example_dags/example_short_circuit_operator.py for tasks to queue
[2026-01-03T13:54:50.075+0000] {logging_mixin.py:150} INFO - [2026-01-03T13:54:50.074+0000] {dagbag.py:541} INFO - Filling up the DagBag from /home/vscode/.local/lib/python3.10/site-packages/airflow/example_dags/example_short_circuit_operator.py
[2026-01-03T13:54:50.082+0000] {processor.py:836} INFO - DAG(s) dict_keys(['example_short_circuit_operator']) retrieved from /home/vscode/.local/lib/python3.10/site-packages/airflow/example_dags/example_short_circuit_operator.py
[2026-01-03T13:54:50.096+0000] {logging_mixin.py:150} INFO - [2026-01-03T13:54:50.096+0000] {dag.py:2742} INFO - Sync 1 DAGs
[2026-01-03T13:54:50.112+0000] {logging_mixin.py:150} INFO - [2026-01-03T13:54:50.112+0000] {dag.py:3504} INFO - Setting next_dagrun for example_short_circuit_operator to 2026-01-02T13:54:50.112085+00:00, run_after=2026-01-03T13:54:50.112085+00:00
[2026-01-03T13:54:50.128+0000] {processor.py:179} INFO - Processing /home/vscode/.local/lib/python3.10/site-packages/airflow/example_dags/example_short_circuit_operator.py took 0.057 seconds
[2026-01-03T13:55:32.310+0000] {processor.py:157} INFO - Started process (PID=12979) to work on /home/vscode/.local/lib/python3.10/site-packages/airflow/example_dags/example_short_circuit_operator.py
[2026-01-03T13:55:32.311+0000] {processor.py:826} INFO - Processing file /home/vscode/.local/lib/python3.10/site-packages/airflow/example_dags/example_short_circuit_operator.py for tasks to queue
[2026-01-03T13:55:32.312+0000] {logging_mixin.py:150} INFO - [2026-01-03T13:55:32.311+0000] {dagbag.py:541} INFO - Filling up the DagBag from /home/vscode/.local/lib/python3.10/site-packages/airflow/example_dags/example_short_circuit_operator.py
[2026-01-03T13:55:32.319+0000] {processor.py:836} INFO - DAG(s) dict_keys(['example_short_circuit_operator']) retrieved from /home/vscode/.local/lib/python3.10/site-packages/airflow/example_dags/example_short_circuit_operator.py
[2026-01-03T13:55:32.333+0000] {logging_mixin.py:150} INFO - [2026-01-03T13:55:32.333+0000] {dag.py:2742} INFO - Sync 1 DAGs
[2026-01-03T13:55:32.349+0000] {logging_mixin.py:150} INFO - [2026-01-03T13:55:32.349+0000] {dag.py:3504} INFO - Setting next_dagrun for example_short_circuit_operator to 2026-01-02T13:55:32.348792+00:00, run_after=2026-01-03T13:55:32.348792+00:00
[2026-01-03T13:55:32.365+0000] {processor.py:179} INFO - Processing /home/vscode/.local/lib/python3.10/site-packages/airflow/example_dags/example_short_circuit_operator.py took 0.057 seconds
[2026-01-03T13:56:15.606+0000] {processor.py:157} INFO - Started process (PID=13532) to work on /home/vscode/.local/lib/python3.10/site-packages/airflow/example_dags/example_short_circuit_operator.py
[2026-01-03T13:56:15.607+0000] {processor.py:826} INFO - Processing file /home/vscode/.local/lib/python3.10/site-packages/airflow/example_dags/example_short_circuit_operator.py for tasks to queue
[2026-01-03T13:56:15.607+0000] {logging_mixin.py:150} INFO - [2026-01-03T13:56:15.607+0000] {dagbag.py:541} INFO - Filling up the DagBag from /home/vscode/.local/lib/python3.10/site-packages/airflow/example_dags/example_short_circuit_operator.py
[2026-01-03T13:56:15.614+0000] {processor.py:836} INFO - DAG(s) dict_keys(['example_short_circuit_operator']) retrieved from /home/vscode/.local/lib/python3.10/site-packages/airflow/example_dags/example_short_circuit_operator.py
[2026-01-03T13:56:15.629+0000] {logging_mixin.py:150} INFO - [2026-01-03T13:56:15.629+0000] {dag.py:2742} INFO - Sync 1 DAGs
[2026-01-03T13:56:15.643+0000] {logging_mixin.py:150} INFO - [2026-01-03T13:56:15.643+0000] {dag.py:3504} INFO - Setting next_dagrun for example_short_circuit_operator to 2026-01-02T13:56:15.643430+00:00, run_after=2026-01-03T13:56:15.643430+00:00
[2026-01-03T13:56:15.660+0000] {processor.py:179} INFO - Processing /home/vscode/.local/lib/python3.10/site-packages/airflow/example_dags/example_short_circuit_operator.py took 0.056 seconds
[2026-01-03T13:56:58.447+0000] {processor.py:157} INFO - Started process (PID=13859) to work on /home/vscode/.local/lib/python3.10/site-packages/airflow/example_dags/example_short_circuit_operator.py
[2026-01-03T13:56:58.448+0000] {processor.py:826} INFO - Processing file /home/vscode/.local/lib/python3.10/site-packages/airflow/example_dags/example_short_circuit_operator.py for tasks to queue
[2026-01-03T13:56:58.448+0000] {logging_mixin.py:150} INFO - [2026-01-03T13:56:58.448+0000] {dagbag.py:541} INFO - Filling up the DagBag from /home/vscode/.local/lib/python3.10/site-packages/airflow/example_dags/example_short_circuit_operator.py
[2026-01-03T13:56:58.455+0000] {processor.py:836} INFO - DAG(s) dict_keys(['example_short_circuit_operator']) retrieved from /home/vscode/.local/lib/python3.10/site-packages/airflow/example_dags/example_short_circuit_operator.py
[2026-01-03T13:56:58.470+0000] {logging_mixin.py:150} INFO - [2026-01-03T13:56:58.470+0000] {dag.py:2742} INFO - Sync 1 DAGs
[2026-01-03T13:56:58.485+0000] {logging_mixin.py:150} INFO - [2026-01-03T13:56:58.485+0000] {dag.py:3504} INFO - Setting next_dagrun for example_short_circuit_operator to 2026-01-02T13:56:58.485348+00:00, run_after=2026-01-03T13:56:58.485348+00:00
[2026-01-03T13:56:58.500+0000] {processor.py:179} INFO - Processing /home/vscode/.local/lib/python3.10/site-packages/airflow/example_dags/example_short_circuit_operator.py took 0.056 seconds
[2026-01-03T13:57:44.623+0000] {processor.py:157} INFO - Started process (PID=14167) to work on /home/vscode/.local/lib/python3.10/site-packages/airflow/example_dags/example_short_circuit_operator.py
[2026-01-03T13:57:44.624+0000] {processor.py:826} INFO - Processing file /home/vscode/.local/lib/python3.10/site-packages/airflow/example_dags/example_short_circuit_operator.py for tasks to queue
[2026-01-03T13:57:44.624+0000] {logging_mixin.py:150} INFO - [2026-01-03T13:57:44.624+0000] {dagbag.py:541} INFO - Filling up the DagBag from /home/vscode/.local/lib/python3.10/site-packages/airflow/example_dags/example_short_circuit_operator.py
[2026-01-03T13:57:44.631+0000] {processor.py:836} INFO - DAG(s) dict_keys(['example_short_circuit_operator']) retrieved from /home/vscode/.local/lib/python3.10/site-packages/airflow/example_dags/example_short_circuit_operator.py
[2026-01-03T13:57:44.646+0000] {logging_mixin.py:150} INFO - [2026-01-03T13:57:44.646+0000] {dag.py:2742} INFO - Sync 1 DAGs
[2026-01-03T13:57:44.661+0000] {logging_mixin.py:150} INFO - [2026-01-03T13:57:44.661+0000] {dag.py:3504} INFO - Setting next_dagrun for example_short_circuit_operator to 2026-01-02T13:57:44.660812+00:00, run_after=2026-01-03T13:57:44.660812+00:00
[2026-01-03T13:57:44.676+0000] {processor.py:179} INFO - Processing /home/vscode/.local/lib/python3.10/site-packages/airflow/example_dags/example_short_circuit_operator.py took 0.056 seconds
[2026-01-03T13:58:30.920+0000] {processor.py:157} INFO - Started process (PID=14476) to work on /home/vscode/.local/lib/python3.10/site-packages/airflow/example_dags/example_short_circuit_operator.py
[2026-01-03T13:58:30.921+0000] {processor.py:826} INFO - Processing file /home/vscode/.local/lib/python3.10/site-packages/airflow/example_dags/example_short_circuit_operator.py for tasks to queue
[2026-01-03T13:58:30.921+0000] {logging_mixin.py:150} INFO - [2026-01-03T13:58:30.921+0000] {dagbag.py:541} INFO - Filling up the DagBag from /home/vscode/.local/lib/python3.10/site-packages/airflow/example_dags/example_short_circuit_operator.py
[2026-01-03T13:58:30.928+0000] {processor.py:836} INFO - DAG(s) dict_keys(['example_short_circuit_operator']) retrieved from /home/vscode/.local/lib/python3.10/site-packages/airflow/example_dags/example_short_circuit_operator.py
[2026-01-03T13:58:30.943+0000] {logging_mixin.py:150} INFO - [2026-01-03T13:58:30.942+0000] {dag.py:2742} INFO - Sync 1 DAGs
[2026-01-03T13:58:30.957+0000] {logging_mixin.py:150} INFO - [2026-01-03T13:58:30.957+0000] {dag.py:3504} INFO - Setting next_dagrun for example_short_circuit_operator to 2026-01-02T13:58:30.957240+00:00, run_after=2026-01-03T13:58:30.957240+00:00
[2026-01-03T13:58:30.972+0000] {processor.py:179} INFO - Processing /home/vscode/.local/lib/python3.10/site-packages/airflow/example_dags/example_short_circuit_operator.py took 0.055 seconds
[2026-01-03T13:59:10.248+0000] {processor.py:157} INFO - Started process (PID=14775) to work on /home/vscode/.local/lib/python3.10/site-packages/airflow/example_dags/example_short_circuit_operator.py
[2026-01-03T13:59:10.249+0000] {processor.py:826} INFO - Processing file /home/vscode/.local/lib/python3.10/site-packages/airflow/example_dags/example_short_circuit_operator.py for tasks to queue
[2026-01-03T13:59:10.250+0000] {logging_mixin.py:150} INFO - [2026-01-03T13:59:10.250+0000] {dagbag.py:541} INFO - Filling up the DagBag from /home/vscode/.local/lib/python3.10/site-packages/airflow/example_dags/example_short_circuit_operator.py
[2026-01-03T13:59:10.257+0000] {processor.py:836} INFO - DAG(s) dict_keys(['example_short_circuit_operator']) retrieved from /home/vscode/.local/lib/python3.10/site-packages/airflow/example_dags/example_short_circuit_operator.py
[2026-01-03T13:59:10.271+0000] {logging_mixin.py:150} INFO - [2026-01-03T13:59:10.271+0000] {dag.py:2742} INFO - Sync 1 DAGs
[2026-01-03T13:59:10.285+0000] {logging_mixin.py:150} INFO - [2026-01-03T13:59:10.285+0000] {dag.py:3504} INFO - Setting next_dagrun for example_short_circuit_operator to 2026-01-02T13:59:10.285574+00:00, run_after=2026-01-03T13:59:10.285574+00:00
[2026-01-03T13:59:10.301+0000] {processor.py:179} INFO - Processing /home/vscode/.local/lib/python3.10/site-packages/airflow/example_dags/example_short_circuit_operator.py took 0.055 seconds
[2026-01-03T13:59:53.806+0000] {processor.py:157} INFO - Started process (PID=15061) to work on /home/vscode/.local/lib/python3.10/site-packages/airflow/example_dags/example_short_circuit_operator.py
[2026-01-03T13:59:53.807+0000] {processor.py:826} INFO - Processing file /home/vscode/.local/lib/python3.10/site-packages/airflow/example_dags/example_short_circuit_operator.py for tasks to queue
[2026-01-03T13:59:53.808+0000] {logging_mixin.py:150} INFO - [2026-01-03T13:59:53.808+0000] {dagbag.py:541} INFO - Filling up the DagBag from /home/vscode/.local/lib/python3.10/site-packages/airflow/example_dags/example_short_circuit_operator.py
[2026-01-03T13:59:53.815+0000] {processor.py:836} INFO - DAG(s) dict_keys(['example_short_circuit_operator']) retrieved from /home/vscode/.local/lib/python3.10/site-packages/airflow/example_dags/example_short_circuit_operator.py
[2026-01-03T13:59:53.830+0000] {logging_mixin.py:150} INFO - [2026-01-03T13:59:53.829+0000] {dag.py:2742} INFO - Sync 1 DAGs
[2026-01-03T13:59:53.844+0000] {logging_mixin.py:150} INFO - [2026-01-03T13:59:53.844+0000] {dag.py:3504} INFO - Setting next_dagrun for example_short_circuit_operator to 2026-01-02T13:59:53.844084+00:00, run_after=2026-01-03T13:59:53.844084+00:00
[2026-01-03T13:59:53.859+0000] {processor.py:179} INFO - Processing /home/vscode/.local/lib/python3.10/site-packages/airflow/example_dags/example_short_circuit_operator.py took 0.055 seconds
[2026-01-03T14:00:37.402+0000] {processor.py:157} INFO - Started process (PID=15355) to work on /home/vscode/.local/lib/python3.10/site-packages/airflow/example_dags/example_short_circuit_operator.py
[2026-01-03T14:00:37.403+0000] {processor.py:826} INFO - Processing file /home/vscode/.local/lib/python3.10/site-packages/airflow/example_dags/example_short_circuit_operator.py for tasks to queue
[2026-01-03T14:00:37.404+0000] {logging_mixin.py:150} INFO - [2026-01-03T14:00:37.404+0000] {dagbag.py:541} INFO - Filling up the DagBag from /home/vscode/.local/lib/python3.10/site-packages/airflow/example_dags/example_short_circuit_operator.py
[2026-01-03T14:00:37.410+0000] {processor.py:836} INFO - DAG(s) dict_keys(['example_short_circuit_operator']) retrieved from /home/vscode/.local/lib/python3.10/site-packages/airflow/example_dags/example_short_circuit_operator.py
[2026-01-03T14:00:37.424+0000] {logging_mixin.py:150} INFO - [2026-01-03T14:00:37.424+0000] {dag.py:2742} INFO - Sync 1 DAGs
[2026-01-03T14:00:37.439+0000] {logging_mixin.py:150} INFO - [2026-01-03T14:00:37.439+0000] {dag.py:3504} INFO - Setting next_dagrun for example_short_circuit_operator to 2026-01-02T14:00:37.439530+00:00, run_after=2026-01-03T14:00:37.439530+00:00
[2026-01-03T14:00:37.454+0000] {processor.py:179} INFO - Processing /home/vscode/.local/lib/python3.10/site-packages/airflow/example_dags/example_short_circuit_operator.py took 0.055 seconds
[2026-01-03T14:01:16.309+0000] {processor.py:157} INFO - Started process (PID=15621) to work on /home/vscode/.local/lib/python3.10/site-packages/airflow/example_dags/example_short_circuit_operator.py
[2026-01-03T14:01:16.309+0000] {processor.py:826} INFO - Processing file /home/vscode/.local/lib/python3.10/site-packages/airflow/example_dags/example_short_circuit_operator.py for tasks to queue
[2026-01-03T14:01:16.310+0000] {logging_mixin.py:150} INFO - [2026-01-03T14:01:16.310+0000] {dagbag.py:541} INFO - Filling up the DagBag from /home/vscode/.local/lib/python3.10/site-packages/airflow/example_dags/example_short_circuit_operator.py
[2026-01-03T14:01:16.317+0000] {processor.py:836} INFO - DAG(s) dict_keys(['example_short_circuit_operator']) retrieved from /home/vscode/.local/lib/python3.10/site-packages/airflow/example_dags/example_short_circuit_operator.py
[2026-01-03T14:01:16.331+0000] {logging_mixin.py:150} INFO - [2026-01-03T14:01:16.330+0000] {dag.py:2742} INFO - Sync 1 DAGs
[2026-01-03T14:01:16.344+0000] {logging_mixin.py:150} INFO - [2026-01-03T14:01:16.344+0000] {dag.py:3504} INFO - Setting next_dagrun for example_short_circuit_operator to 2026-01-02T14:01:16.344668+00:00, run_after=2026-01-03T14:01:16.344668+00:00
[2026-01-03T14:01:16.359+0000] {processor.py:179} INFO - Processing /home/vscode/.local/lib/python3.10/site-packages/airflow/example_dags/example_short_circuit_operator.py took 0.053 seconds
[2026-01-03T14:01:59.752+0000] {processor.py:157} INFO - Started process (PID=15941) to work on /home/vscode/.local/lib/python3.10/site-packages/airflow/example_dags/example_short_circuit_operator.py
[2026-01-03T14:01:59.753+0000] {processor.py:826} INFO - Processing file /home/vscode/.local/lib/python3.10/site-packages/airflow/example_dags/example_short_circuit_operator.py for tasks to queue
[2026-01-03T14:01:59.754+0000] {logging_mixin.py:150} INFO - [2026-01-03T14:01:59.754+0000] {dagbag.py:541} INFO - Filling up the DagBag from /home/vscode/.local/lib/python3.10/site-packages/airflow/example_dags/example_short_circuit_operator.py
[2026-01-03T14:01:59.761+0000] {processor.py:836} INFO - DAG(s) dict_keys(['example_short_circuit_operator']) retrieved from /home/vscode/.local/lib/python3.10/site-packages/airflow/example_dags/example_short_circuit_operator.py
[2026-01-03T14:01:59.776+0000] {logging_mixin.py:150} INFO - [2026-01-03T14:01:59.776+0000] {dag.py:2742} INFO - Sync 1 DAGs
[2026-01-03T14:01:59.791+0000] {logging_mixin.py:150} INFO - [2026-01-03T14:01:59.791+0000] {dag.py:3504} INFO - Setting next_dagrun for example_short_circuit_operator to 2026-01-02T14:01:59.791109+00:00, run_after=2026-01-03T14:01:59.791109+00:00
[2026-01-03T14:01:59.808+0000] {processor.py:179} INFO - Processing /home/vscode/.local/lib/python3.10/site-packages/airflow/example_dags/example_short_circuit_operator.py took 0.058 seconds
[2026-01-03T14:02:44.590+0000] {processor.py:157} INFO - Started process (PID=16326) to work on /home/vscode/.local/lib/python3.10/site-packages/airflow/example_dags/example_short_circuit_operator.py
[2026-01-03T14:02:44.591+0000] {processor.py:826} INFO - Processing file /home/vscode/.local/lib/python3.10/site-packages/airflow/example_dags/example_short_circuit_operator.py for tasks to queue
[2026-01-03T14:02:44.591+0000] {logging_mixin.py:150} INFO - [2026-01-03T14:02:44.591+0000] {dagbag.py:541} INFO - Filling up the DagBag from /home/vscode/.local/lib/python3.10/site-packages/airflow/example_dags/example_short_circuit_operator.py
[2026-01-03T14:02:44.598+0000] {processor.py:836} INFO - DAG(s) dict_keys(['example_short_circuit_operator']) retrieved from /home/vscode/.local/lib/python3.10/site-packages/airflow/example_dags/example_short_circuit_operator.py
[2026-01-03T14:02:44.612+0000] {logging_mixin.py:150} INFO - [2026-01-03T14:02:44.612+0000] {dag.py:2742} INFO - Sync 1 DAGs
[2026-01-03T14:02:44.627+0000] {logging_mixin.py:150} INFO - [2026-01-03T14:02:44.627+0000] {dag.py:3504} INFO - Setting next_dagrun for example_short_circuit_operator to 2026-01-02T14:02:44.626987+00:00, run_after=2026-01-03T14:02:44.626987+00:00
[2026-01-03T14:02:44.643+0000] {processor.py:179} INFO - Processing /home/vscode/.local/lib/python3.10/site-packages/airflow/example_dags/example_short_circuit_operator.py took 0.056 seconds
[2026-01-03T14:03:23.489+0000] {processor.py:157} INFO - Started process (PID=16821) to work on /home/vscode/.local/lib/python3.10/site-packages/airflow/example_dags/example_short_circuit_operator.py
[2026-01-03T14:03:23.489+0000] {processor.py:826} INFO - Processing file /home/vscode/.local/lib/python3.10/site-packages/airflow/example_dags/example_short_circuit_operator.py for tasks to queue
[2026-01-03T14:03:23.490+0000] {logging_mixin.py:150} INFO - [2026-01-03T14:03:23.490+0000] {dagbag.py:541} INFO - Filling up the DagBag from /home/vscode/.local/lib/python3.10/site-packages/airflow/example_dags/example_short_circuit_operator.py
[2026-01-03T14:03:23.497+0000] {processor.py:836} INFO - DAG(s) dict_keys(['example_short_circuit_operator']) retrieved from /home/vscode/.local/lib/python3.10/site-packages/airflow/example_dags/example_short_circuit_operator.py
[2026-01-03T14:03:23.511+0000] {logging_mixin.py:150} INFO - [2026-01-03T14:03:23.511+0000] {dag.py:2742} INFO - Sync 1 DAGs
[2026-01-03T14:03:23.524+0000] {logging_mixin.py:150} INFO - [2026-01-03T14:03:23.524+0000] {dag.py:3504} INFO - Setting next_dagrun for example_short_circuit_operator to 2026-01-02T14:03:23.524635+00:00, run_after=2026-01-03T14:03:23.524635+00:00
[2026-01-03T14:03:23.539+0000] {processor.py:179} INFO - Processing /home/vscode/.local/lib/python3.10/site-packages/airflow/example_dags/example_short_circuit_operator.py took 0.053 seconds
[2026-01-03T14:04:09.804+0000] {processor.py:157} INFO - Started process (PID=17379) to work on /home/vscode/.local/lib/python3.10/site-packages/airflow/example_dags/example_short_circuit_operator.py
[2026-01-03T14:04:09.807+0000] {processor.py:826} INFO - Processing file /home/vscode/.local/lib/python3.10/site-packages/airflow/example_dags/example_short_circuit_operator.py for tasks to queue
[2026-01-03T14:04:09.810+0000] {logging_mixin.py:150} INFO - [2026-01-03T14:04:09.810+0000] {dagbag.py:541} INFO - Filling up the DagBag from /home/vscode/.local/lib/python3.10/site-packages/airflow/example_dags/example_short_circuit_operator.py
[2026-01-03T14:04:09.844+0000] {processor.py:836} INFO - DAG(s) dict_keys(['example_short_circuit_operator']) retrieved from /home/vscode/.local/lib/python3.10/site-packages/airflow/example_dags/example_short_circuit_operator.py
[2026-01-03T14:04:09.893+0000] {logging_mixin.py:150} INFO - [2026-01-03T14:04:09.893+0000] {dag.py:2742} INFO - Sync 1 DAGs
[2026-01-03T14:04:09.957+0000] {logging_mixin.py:150} INFO - [2026-01-03T14:04:09.953+0000] {dag.py:3504} INFO - Setting next_dagrun for example_short_circuit_operator to 2026-01-02T14:04:09.953722+00:00, run_after=2026-01-03T14:04:09.953722+00:00
[2026-01-03T14:04:10.015+0000] {processor.py:179} INFO - Processing /home/vscode/.local/lib/python3.10/site-packages/airflow/example_dags/example_short_circuit_operator.py took 0.225 seconds
