[2026-01-03T13:49:30.124+0000] {processor.py:157} INFO - Started process (PID=10250) to work on /home/vscode/.local/lib/python3.10/site-packages/airflow/example_dags/example_branch_day_of_week_operator.py
[2026-01-03T13:49:30.125+0000] {processor.py:826} INFO - Processing file /home/vscode/.local/lib/python3.10/site-packages/airflow/example_dags/example_branch_day_of_week_operator.py for tasks to queue
[2026-01-03T13:49:30.125+0000] {logging_mixin.py:150} INFO - [2026-01-03T13:49:30.125+0000] {dagbag.py:541} INFO - Filling up the DagBag from /home/vscode/.local/lib/python3.10/site-packages/airflow/example_dags/example_branch_day_of_week_operator.py
[2026-01-03T13:49:30.132+0000] {processor.py:836} INFO - DAG(s) dict_keys(['example_weekday_branch_operator']) retrieved from /home/vscode/.local/lib/python3.10/site-packages/airflow/example_dags/example_branch_day_of_week_operator.py
[2026-01-03T13:49:30.204+0000] {logging_mixin.py:150} INFO - [2026-01-03T13:49:30.204+0000] {manager.py:504} INFO - Created Permission View: can delete on DAG:example_weekday_branch_operator
[2026-01-03T13:49:30.212+0000] {logging_mixin.py:150} INFO - [2026-01-03T13:49:30.212+0000] {manager.py:504} INFO - Created Permission View: can read on DAG:example_weekday_branch_operator
[2026-01-03T13:49:30.218+0000] {logging_mixin.py:150} INFO - [2026-01-03T13:49:30.218+0000] {manager.py:504} INFO - Created Permission View: can edit on DAG:example_weekday_branch_operator
[2026-01-03T13:49:30.226+0000] {logging_mixin.py:150} INFO - [2026-01-03T13:49:30.226+0000] {dag.py:2742} INFO - Sync 1 DAGs
[2026-01-03T13:49:30.233+0000] {logging_mixin.py:150} INFO - [2026-01-03T13:49:30.233+0000] {dag.py:2763} INFO - Creating ORM DAG for example_weekday_branch_operator
[2026-01-03T13:49:30.241+0000] {logging_mixin.py:150} INFO - [2026-01-03T13:49:30.241+0000] {dag.py:3504} INFO - Setting next_dagrun for example_weekday_branch_operator to 2026-01-02T00:00:00+00:00, run_after=2026-01-03T00:00:00+00:00
[2026-01-03T13:49:30.258+0000] {processor.py:179} INFO - Processing /home/vscode/.local/lib/python3.10/site-packages/airflow/example_dags/example_branch_day_of_week_operator.py took 0.136 seconds
[2026-01-03T13:50:17.718+0000] {processor.py:157} INFO - Started process (PID=10611) to work on /home/vscode/.local/lib/python3.10/site-packages/airflow/example_dags/example_branch_day_of_week_operator.py
[2026-01-03T13:50:17.719+0000] {processor.py:826} INFO - Processing file /home/vscode/.local/lib/python3.10/site-packages/airflow/example_dags/example_branch_day_of_week_operator.py for tasks to queue
[2026-01-03T13:50:17.719+0000] {logging_mixin.py:150} INFO - [2026-01-03T13:50:17.719+0000] {dagbag.py:541} INFO - Filling up the DagBag from /home/vscode/.local/lib/python3.10/site-packages/airflow/example_dags/example_branch_day_of_week_operator.py
[2026-01-03T13:50:17.725+0000] {processor.py:836} INFO - DAG(s) dict_keys(['example_weekday_branch_operator']) retrieved from /home/vscode/.local/lib/python3.10/site-packages/airflow/example_dags/example_branch_day_of_week_operator.py
[2026-01-03T13:50:17.740+0000] {logging_mixin.py:150} INFO - [2026-01-03T13:50:17.740+0000] {dag.py:2742} INFO - Sync 1 DAGs
[2026-01-03T13:50:17.755+0000] {logging_mixin.py:150} INFO - [2026-01-03T13:50:17.755+0000] {dag.py:3504} INFO - Setting next_dagrun for example_weekday_branch_operator to 2026-01-02T00:00:00+00:00, run_after=2026-01-03T00:00:00+00:00
[2026-01-03T13:50:17.770+0000] {processor.py:179} INFO - Processing /home/vscode/.local/lib/python3.10/site-packages/airflow/example_dags/example_branch_day_of_week_operator.py took 0.055 seconds
[2026-01-03T13:51:01.276+0000] {processor.py:157} INFO - Started process (PID=10923) to work on /home/vscode/.local/lib/python3.10/site-packages/airflow/example_dags/example_branch_day_of_week_operator.py
[2026-01-03T13:51:01.277+0000] {processor.py:826} INFO - Processing file /home/vscode/.local/lib/python3.10/site-packages/airflow/example_dags/example_branch_day_of_week_operator.py for tasks to queue
[2026-01-03T13:51:01.277+0000] {logging_mixin.py:150} INFO - [2026-01-03T13:51:01.277+0000] {dagbag.py:541} INFO - Filling up the DagBag from /home/vscode/.local/lib/python3.10/site-packages/airflow/example_dags/example_branch_day_of_week_operator.py
[2026-01-03T13:51:01.284+0000] {processor.py:836} INFO - DAG(s) dict_keys(['example_weekday_branch_operator']) retrieved from /home/vscode/.local/lib/python3.10/site-packages/airflow/example_dags/example_branch_day_of_week_operator.py
[2026-01-03T13:51:01.299+0000] {logging_mixin.py:150} INFO - [2026-01-03T13:51:01.299+0000] {dag.py:2742} INFO - Sync 1 DAGs
[2026-01-03T13:51:01.315+0000] {logging_mixin.py:150} INFO - [2026-01-03T13:51:01.315+0000] {dag.py:3504} INFO - Setting next_dagrun for example_weekday_branch_operator to 2026-01-02T00:00:00+00:00, run_after=2026-01-03T00:00:00+00:00
[2026-01-03T13:51:01.331+0000] {processor.py:179} INFO - Processing /home/vscode/.local/lib/python3.10/site-packages/airflow/example_dags/example_branch_day_of_week_operator.py took 0.057 seconds
[2026-01-03T13:51:45.219+0000] {processor.py:157} INFO - Started process (PID=11239) to work on /home/vscode/.local/lib/python3.10/site-packages/airflow/example_dags/example_branch_day_of_week_operator.py
[2026-01-03T13:51:45.220+0000] {processor.py:826} INFO - Processing file /home/vscode/.local/lib/python3.10/site-packages/airflow/example_dags/example_branch_day_of_week_operator.py for tasks to queue
[2026-01-03T13:51:45.221+0000] {logging_mixin.py:150} INFO - [2026-01-03T13:51:45.220+0000] {dagbag.py:541} INFO - Filling up the DagBag from /home/vscode/.local/lib/python3.10/site-packages/airflow/example_dags/example_branch_day_of_week_operator.py
[2026-01-03T13:51:45.227+0000] {processor.py:836} INFO - DAG(s) dict_keys(['example_weekday_branch_operator']) retrieved from /home/vscode/.local/lib/python3.10/site-packages/airflow/example_dags/example_branch_day_of_week_operator.py
[2026-01-03T13:51:45.242+0000] {logging_mixin.py:150} INFO - [2026-01-03T13:51:45.242+0000] {dag.py:2742} INFO - Sync 1 DAGs
[2026-01-03T13:51:45.258+0000] {logging_mixin.py:150} INFO - [2026-01-03T13:51:45.258+0000] {dag.py:3504} INFO - Setting next_dagrun for example_weekday_branch_operator to 2026-01-02T00:00:00+00:00, run_after=2026-01-03T00:00:00+00:00
[2026-01-03T13:51:45.274+0000] {processor.py:179} INFO - Processing /home/vscode/.local/lib/python3.10/site-packages/airflow/example_dags/example_branch_day_of_week_operator.py took 0.058 seconds
[2026-01-03T13:52:42.826+0000] {processor.py:157} INFO - Started process (PID=11655) to work on /home/vscode/.local/lib/python3.10/site-packages/airflow/example_dags/example_branch_day_of_week_operator.py
[2026-01-03T13:52:42.827+0000] {processor.py:826} INFO - Processing file /home/vscode/.local/lib/python3.10/site-packages/airflow/example_dags/example_branch_day_of_week_operator.py for tasks to queue
[2026-01-03T13:52:42.828+0000] {logging_mixin.py:150} INFO - [2026-01-03T13:52:42.827+0000] {dagbag.py:541} INFO - Filling up the DagBag from /home/vscode/.local/lib/python3.10/site-packages/airflow/example_dags/example_branch_day_of_week_operator.py
[2026-01-03T13:52:42.835+0000] {processor.py:836} INFO - DAG(s) dict_keys(['example_weekday_branch_operator']) retrieved from /home/vscode/.local/lib/python3.10/site-packages/airflow/example_dags/example_branch_day_of_week_operator.py
[2026-01-03T13:52:42.850+0000] {logging_mixin.py:150} INFO - [2026-01-03T13:52:42.849+0000] {dag.py:2742} INFO - Sync 1 DAGs
[2026-01-03T13:52:42.867+0000] {logging_mixin.py:150} INFO - [2026-01-03T13:52:42.867+0000] {dag.py:3504} INFO - Setting next_dagrun for example_weekday_branch_operator to 2026-01-02T00:00:00+00:00, run_after=2026-01-03T00:00:00+00:00
[2026-01-03T13:52:42.884+0000] {processor.py:179} INFO - Processing /home/vscode/.local/lib/python3.10/site-packages/airflow/example_dags/example_branch_day_of_week_operator.py took 0.060 seconds
[2026-01-03T13:53:37.807+0000] {processor.py:157} INFO - Started process (PID=12070) to work on /home/vscode/.local/lib/python3.10/site-packages/airflow/example_dags/example_branch_day_of_week_operator.py
[2026-01-03T13:53:37.807+0000] {processor.py:826} INFO - Processing file /home/vscode/.local/lib/python3.10/site-packages/airflow/example_dags/example_branch_day_of_week_operator.py for tasks to queue
[2026-01-03T13:53:37.808+0000] {logging_mixin.py:150} INFO - [2026-01-03T13:53:37.808+0000] {dagbag.py:541} INFO - Filling up the DagBag from /home/vscode/.local/lib/python3.10/site-packages/airflow/example_dags/example_branch_day_of_week_operator.py
[2026-01-03T13:53:37.815+0000] {processor.py:836} INFO - DAG(s) dict_keys(['example_weekday_branch_operator']) retrieved from /home/vscode/.local/lib/python3.10/site-packages/airflow/example_dags/example_branch_day_of_week_operator.py
[2026-01-03T13:53:37.829+0000] {logging_mixin.py:150} INFO - [2026-01-03T13:53:37.829+0000] {dag.py:2742} INFO - Sync 1 DAGs
[2026-01-03T13:53:37.846+0000] {logging_mixin.py:150} INFO - [2026-01-03T13:53:37.845+0000] {dag.py:3504} INFO - Setting next_dagrun for example_weekday_branch_operator to 2026-01-02T00:00:00+00:00, run_after=2026-01-03T00:00:00+00:00
[2026-01-03T13:53:37.860+0000] {processor.py:179} INFO - Processing /home/vscode/.local/lib/python3.10/site-packages/airflow/example_dags/example_branch_day_of_week_operator.py took 0.057 seconds
[2026-01-03T13:54:20.621+0000] {processor.py:157} INFO - Started process (PID=12431) to work on /home/vscode/.local/lib/python3.10/site-packages/airflow/example_dags/example_branch_day_of_week_operator.py
[2026-01-03T13:54:20.621+0000] {processor.py:826} INFO - Processing file /home/vscode/.local/lib/python3.10/site-packages/airflow/example_dags/example_branch_day_of_week_operator.py for tasks to queue
[2026-01-03T13:54:20.622+0000] {logging_mixin.py:150} INFO - [2026-01-03T13:54:20.622+0000] {dagbag.py:541} INFO - Filling up the DagBag from /home/vscode/.local/lib/python3.10/site-packages/airflow/example_dags/example_branch_day_of_week_operator.py
[2026-01-03T13:54:20.628+0000] {processor.py:836} INFO - DAG(s) dict_keys(['example_weekday_branch_operator']) retrieved from /home/vscode/.local/lib/python3.10/site-packages/airflow/example_dags/example_branch_day_of_week_operator.py
[2026-01-03T13:54:20.643+0000] {logging_mixin.py:150} INFO - [2026-01-03T13:54:20.643+0000] {dag.py:2742} INFO - Sync 1 DAGs
[2026-01-03T13:54:20.659+0000] {logging_mixin.py:150} INFO - [2026-01-03T13:54:20.659+0000] {dag.py:3504} INFO - Setting next_dagrun for example_weekday_branch_operator to 2026-01-02T00:00:00+00:00, run_after=2026-01-03T00:00:00+00:00
[2026-01-03T13:54:20.675+0000] {processor.py:179} INFO - Processing /home/vscode/.local/lib/python3.10/site-packages/airflow/example_dags/example_branch_day_of_week_operator.py took 0.057 seconds
[2026-01-03T13:55:09.487+0000] {processor.py:157} INFO - Started process (PID=12811) to work on /home/vscode/.local/lib/python3.10/site-packages/airflow/example_dags/example_branch_day_of_week_operator.py
[2026-01-03T13:55:09.488+0000] {processor.py:826} INFO - Processing file /home/vscode/.local/lib/python3.10/site-packages/airflow/example_dags/example_branch_day_of_week_operator.py for tasks to queue
[2026-01-03T13:55:09.489+0000] {logging_mixin.py:150} INFO - [2026-01-03T13:55:09.489+0000] {dagbag.py:541} INFO - Filling up the DagBag from /home/vscode/.local/lib/python3.10/site-packages/airflow/example_dags/example_branch_day_of_week_operator.py
[2026-01-03T13:55:09.495+0000] {processor.py:836} INFO - DAG(s) dict_keys(['example_weekday_branch_operator']) retrieved from /home/vscode/.local/lib/python3.10/site-packages/airflow/example_dags/example_branch_day_of_week_operator.py
[2026-01-03T13:55:09.510+0000] {logging_mixin.py:150} INFO - [2026-01-03T13:55:09.510+0000] {dag.py:2742} INFO - Sync 1 DAGs
[2026-01-03T13:55:09.526+0000] {logging_mixin.py:150} INFO - [2026-01-03T13:55:09.526+0000] {dag.py:3504} INFO - Setting next_dagrun for example_weekday_branch_operator to 2026-01-02T00:00:00+00:00, run_after=2026-01-03T00:00:00+00:00
[2026-01-03T13:55:09.542+0000] {processor.py:179} INFO - Processing /home/vscode/.local/lib/python3.10/site-packages/airflow/example_dags/example_branch_day_of_week_operator.py took 0.057 seconds
[2026-01-03T13:56:04.024+0000] {processor.py:157} INFO - Started process (PID=13401) to work on /home/vscode/.local/lib/python3.10/site-packages/airflow/example_dags/example_branch_day_of_week_operator.py
[2026-01-03T13:56:04.025+0000] {processor.py:826} INFO - Processing file /home/vscode/.local/lib/python3.10/site-packages/airflow/example_dags/example_branch_day_of_week_operator.py for tasks to queue
[2026-01-03T13:56:04.026+0000] {logging_mixin.py:150} INFO - [2026-01-03T13:56:04.026+0000] {dagbag.py:541} INFO - Filling up the DagBag from /home/vscode/.local/lib/python3.10/site-packages/airflow/example_dags/example_branch_day_of_week_operator.py
[2026-01-03T13:56:04.033+0000] {processor.py:836} INFO - DAG(s) dict_keys(['example_weekday_branch_operator']) retrieved from /home/vscode/.local/lib/python3.10/site-packages/airflow/example_dags/example_branch_day_of_week_operator.py
[2026-01-03T13:56:04.052+0000] {logging_mixin.py:150} INFO - [2026-01-03T13:56:04.052+0000] {dag.py:2742} INFO - Sync 1 DAGs
[2026-01-03T13:56:04.068+0000] {logging_mixin.py:150} INFO - [2026-01-03T13:56:04.068+0000] {dag.py:3504} INFO - Setting next_dagrun for example_weekday_branch_operator to 2026-01-02T00:00:00+00:00, run_after=2026-01-03T00:00:00+00:00
[2026-01-03T13:56:04.087+0000] {processor.py:179} INFO - Processing /home/vscode/.local/lib/python3.10/site-packages/airflow/example_dags/example_branch_day_of_week_operator.py took 0.066 seconds
[2026-01-03T13:56:45.895+0000] {processor.py:157} INFO - Started process (PID=13764) to work on /home/vscode/.local/lib/python3.10/site-packages/airflow/example_dags/example_branch_day_of_week_operator.py
[2026-01-03T13:56:45.896+0000] {processor.py:826} INFO - Processing file /home/vscode/.local/lib/python3.10/site-packages/airflow/example_dags/example_branch_day_of_week_operator.py for tasks to queue
[2026-01-03T13:56:45.897+0000] {logging_mixin.py:150} INFO - [2026-01-03T13:56:45.896+0000] {dagbag.py:541} INFO - Filling up the DagBag from /home/vscode/.local/lib/python3.10/site-packages/airflow/example_dags/example_branch_day_of_week_operator.py
[2026-01-03T13:56:45.902+0000] {processor.py:836} INFO - DAG(s) dict_keys(['example_weekday_branch_operator']) retrieved from /home/vscode/.local/lib/python3.10/site-packages/airflow/example_dags/example_branch_day_of_week_operator.py
[2026-01-03T13:56:45.917+0000] {logging_mixin.py:150} INFO - [2026-01-03T13:56:45.916+0000] {dag.py:2742} INFO - Sync 1 DAGs
[2026-01-03T13:56:45.932+0000] {logging_mixin.py:150} INFO - [2026-01-03T13:56:45.932+0000] {dag.py:3504} INFO - Setting next_dagrun for example_weekday_branch_operator to 2026-01-02T00:00:00+00:00, run_after=2026-01-03T00:00:00+00:00
[2026-01-03T13:56:45.948+0000] {processor.py:179} INFO - Processing /home/vscode/.local/lib/python3.10/site-packages/airflow/example_dags/example_branch_day_of_week_operator.py took 0.055 seconds
[2026-01-03T13:57:33.104+0000] {processor.py:157} INFO - Started process (PID=14088) to work on /home/vscode/.local/lib/python3.10/site-packages/airflow/example_dags/example_branch_day_of_week_operator.py
[2026-01-03T13:57:33.105+0000] {processor.py:826} INFO - Processing file /home/vscode/.local/lib/python3.10/site-packages/airflow/example_dags/example_branch_day_of_week_operator.py for tasks to queue
[2026-01-03T13:57:33.105+0000] {logging_mixin.py:150} INFO - [2026-01-03T13:57:33.105+0000] {dagbag.py:541} INFO - Filling up the DagBag from /home/vscode/.local/lib/python3.10/site-packages/airflow/example_dags/example_branch_day_of_week_operator.py
[2026-01-03T13:57:33.111+0000] {processor.py:836} INFO - DAG(s) dict_keys(['example_weekday_branch_operator']) retrieved from /home/vscode/.local/lib/python3.10/site-packages/airflow/example_dags/example_branch_day_of_week_operator.py
[2026-01-03T13:57:33.126+0000] {logging_mixin.py:150} INFO - [2026-01-03T13:57:33.126+0000] {dag.py:2742} INFO - Sync 1 DAGs
[2026-01-03T13:57:33.142+0000] {logging_mixin.py:150} INFO - [2026-01-03T13:57:33.141+0000] {dag.py:3504} INFO - Setting next_dagrun for example_weekday_branch_operator to 2026-01-02T00:00:00+00:00, run_after=2026-01-03T00:00:00+00:00
[2026-01-03T13:57:33.156+0000] {processor.py:179} INFO - Processing /home/vscode/.local/lib/python3.10/site-packages/airflow/example_dags/example_branch_day_of_week_operator.py took 0.055 seconds
[2026-01-03T13:58:25.783+0000] {processor.py:157} INFO - Started process (PID=14448) to work on /home/vscode/.local/lib/python3.10/site-packages/airflow/example_dags/example_branch_day_of_week_operator.py
[2026-01-03T13:58:25.783+0000] {processor.py:826} INFO - Processing file /home/vscode/.local/lib/python3.10/site-packages/airflow/example_dags/example_branch_day_of_week_operator.py for tasks to queue
[2026-01-03T13:58:25.784+0000] {logging_mixin.py:150} INFO - [2026-01-03T13:58:25.784+0000] {dagbag.py:541} INFO - Filling up the DagBag from /home/vscode/.local/lib/python3.10/site-packages/airflow/example_dags/example_branch_day_of_week_operator.py
[2026-01-03T13:58:25.791+0000] {processor.py:836} INFO - DAG(s) dict_keys(['example_weekday_branch_operator']) retrieved from /home/vscode/.local/lib/python3.10/site-packages/airflow/example_dags/example_branch_day_of_week_operator.py
[2026-01-03T13:58:25.804+0000] {logging_mixin.py:150} INFO - [2026-01-03T13:58:25.804+0000] {dag.py:2742} INFO - Sync 1 DAGs
[2026-01-03T13:58:25.820+0000] {logging_mixin.py:150} INFO - [2026-01-03T13:58:25.820+0000] {dag.py:3504} INFO - Setting next_dagrun for example_weekday_branch_operator to 2026-01-02T00:00:00+00:00, run_after=2026-01-03T00:00:00+00:00
[2026-01-03T13:58:25.836+0000] {processor.py:179} INFO - Processing /home/vscode/.local/lib/python3.10/site-packages/airflow/example_dags/example_branch_day_of_week_operator.py took 0.056 seconds
[2026-01-03T13:59:15.990+0000] {processor.py:157} INFO - Started process (PID=14811) to work on /home/vscode/.local/lib/python3.10/site-packages/airflow/example_dags/example_branch_day_of_week_operator.py
[2026-01-03T13:59:15.991+0000] {processor.py:826} INFO - Processing file /home/vscode/.local/lib/python3.10/site-packages/airflow/example_dags/example_branch_day_of_week_operator.py for tasks to queue
[2026-01-03T13:59:15.992+0000] {logging_mixin.py:150} INFO - [2026-01-03T13:59:15.991+0000] {dagbag.py:541} INFO - Filling up the DagBag from /home/vscode/.local/lib/python3.10/site-packages/airflow/example_dags/example_branch_day_of_week_operator.py
[2026-01-03T13:59:15.998+0000] {processor.py:836} INFO - DAG(s) dict_keys(['example_weekday_branch_operator']) retrieved from /home/vscode/.local/lib/python3.10/site-packages/airflow/example_dags/example_branch_day_of_week_operator.py
[2026-01-03T13:59:16.012+0000] {logging_mixin.py:150} INFO - [2026-01-03T13:59:16.012+0000] {dag.py:2742} INFO - Sync 1 DAGs
[2026-01-03T13:59:16.027+0000] {logging_mixin.py:150} INFO - [2026-01-03T13:59:16.027+0000] {dag.py:3504} INFO - Setting next_dagrun for example_weekday_branch_operator to 2026-01-02T00:00:00+00:00, run_after=2026-01-03T00:00:00+00:00
[2026-01-03T13:59:16.042+0000] {processor.py:179} INFO - Processing /home/vscode/.local/lib/python3.10/site-packages/airflow/example_dags/example_branch_day_of_week_operator.py took 0.054 seconds
[2026-01-03T14:00:02.223+0000] {processor.py:157} INFO - Started process (PID=15113) to work on /home/vscode/.local/lib/python3.10/site-packages/airflow/example_dags/example_branch_day_of_week_operator.py
[2026-01-03T14:00:02.224+0000] {processor.py:826} INFO - Processing file /home/vscode/.local/lib/python3.10/site-packages/airflow/example_dags/example_branch_day_of_week_operator.py for tasks to queue
[2026-01-03T14:00:02.224+0000] {logging_mixin.py:150} INFO - [2026-01-03T14:00:02.224+0000] {dagbag.py:541} INFO - Filling up the DagBag from /home/vscode/.local/lib/python3.10/site-packages/airflow/example_dags/example_branch_day_of_week_operator.py
[2026-01-03T14:00:02.231+0000] {processor.py:836} INFO - DAG(s) dict_keys(['example_weekday_branch_operator']) retrieved from /home/vscode/.local/lib/python3.10/site-packages/airflow/example_dags/example_branch_day_of_week_operator.py
[2026-01-03T14:00:02.245+0000] {logging_mixin.py:150} INFO - [2026-01-03T14:00:02.245+0000] {dag.py:2742} INFO - Sync 1 DAGs
[2026-01-03T14:00:02.261+0000] {logging_mixin.py:150} INFO - [2026-01-03T14:00:02.261+0000] {dag.py:3504} INFO - Setting next_dagrun for example_weekday_branch_operator to 2026-01-02T00:00:00+00:00, run_after=2026-01-03T00:00:00+00:00
[2026-01-03T14:00:02.277+0000] {processor.py:179} INFO - Processing /home/vscode/.local/lib/python3.10/site-packages/airflow/example_dags/example_branch_day_of_week_operator.py took 0.057 seconds
[2026-01-03T14:00:44.943+0000] {processor.py:157} INFO - Started process (PID=15400) to work on /home/vscode/.local/lib/python3.10/site-packages/airflow/example_dags/example_branch_day_of_week_operator.py
[2026-01-03T14:00:44.943+0000] {processor.py:826} INFO - Processing file /home/vscode/.local/lib/python3.10/site-packages/airflow/example_dags/example_branch_day_of_week_operator.py for tasks to queue
[2026-01-03T14:00:44.944+0000] {logging_mixin.py:150} INFO - [2026-01-03T14:00:44.944+0000] {dagbag.py:541} INFO - Filling up the DagBag from /home/vscode/.local/lib/python3.10/site-packages/airflow/example_dags/example_branch_day_of_week_operator.py
[2026-01-03T14:00:44.950+0000] {processor.py:836} INFO - DAG(s) dict_keys(['example_weekday_branch_operator']) retrieved from /home/vscode/.local/lib/python3.10/site-packages/airflow/example_dags/example_branch_day_of_week_operator.py
[2026-01-03T14:00:44.971+0000] {logging_mixin.py:150} INFO - [2026-01-03T14:00:44.971+0000] {dag.py:2742} INFO - Sync 1 DAGs
[2026-01-03T14:00:44.993+0000] {logging_mixin.py:150} INFO - [2026-01-03T14:00:44.993+0000] {dag.py:3504} INFO - Setting next_dagrun for example_weekday_branch_operator to 2026-01-02T00:00:00+00:00, run_after=2026-01-03T00:00:00+00:00
[2026-01-03T14:00:45.008+0000] {processor.py:179} INFO - Processing /home/vscode/.local/lib/python3.10/site-packages/airflow/example_dags/example_branch_day_of_week_operator.py took 0.067 seconds
[2026-01-03T14:01:36.870+0000] {processor.py:157} INFO - Started process (PID=15778) to work on /home/vscode/.local/lib/python3.10/site-packages/airflow/example_dags/example_branch_day_of_week_operator.py
[2026-01-03T14:01:36.871+0000] {processor.py:826} INFO - Processing file /home/vscode/.local/lib/python3.10/site-packages/airflow/example_dags/example_branch_day_of_week_operator.py for tasks to queue
[2026-01-03T14:01:36.872+0000] {logging_mixin.py:150} INFO - [2026-01-03T14:01:36.872+0000] {dagbag.py:541} INFO - Filling up the DagBag from /home/vscode/.local/lib/python3.10/site-packages/airflow/example_dags/example_branch_day_of_week_operator.py
[2026-01-03T14:01:36.878+0000] {processor.py:836} INFO - DAG(s) dict_keys(['example_weekday_branch_operator']) retrieved from /home/vscode/.local/lib/python3.10/site-packages/airflow/example_dags/example_branch_day_of_week_operator.py
[2026-01-03T14:01:36.892+0000] {logging_mixin.py:150} INFO - [2026-01-03T14:01:36.892+0000] {dag.py:2742} INFO - Sync 1 DAGs
[2026-01-03T14:01:36.909+0000] {logging_mixin.py:150} INFO - [2026-01-03T14:01:36.908+0000] {dag.py:3504} INFO - Setting next_dagrun for example_weekday_branch_operator to 2026-01-02T00:00:00+00:00, run_after=2026-01-03T00:00:00+00:00
[2026-01-03T14:01:36.924+0000] {processor.py:179} INFO - Processing /home/vscode/.local/lib/python3.10/site-packages/airflow/example_dags/example_branch_day_of_week_operator.py took 0.056 seconds
[2026-01-03T14:02:24.538+0000] {processor.py:157} INFO - Started process (PID=16099) to work on /home/vscode/.local/lib/python3.10/site-packages/airflow/example_dags/example_branch_day_of_week_operator.py
[2026-01-03T14:02:24.539+0000] {processor.py:826} INFO - Processing file /home/vscode/.local/lib/python3.10/site-packages/airflow/example_dags/example_branch_day_of_week_operator.py for tasks to queue
[2026-01-03T14:02:24.540+0000] {logging_mixin.py:150} INFO - [2026-01-03T14:02:24.539+0000] {dagbag.py:541} INFO - Filling up the DagBag from /home/vscode/.local/lib/python3.10/site-packages/airflow/example_dags/example_branch_day_of_week_operator.py
[2026-01-03T14:02:24.546+0000] {processor.py:836} INFO - DAG(s) dict_keys(['example_weekday_branch_operator']) retrieved from /home/vscode/.local/lib/python3.10/site-packages/airflow/example_dags/example_branch_day_of_week_operator.py
[2026-01-03T14:02:24.559+0000] {logging_mixin.py:150} INFO - [2026-01-03T14:02:24.559+0000] {dag.py:2742} INFO - Sync 1 DAGs
[2026-01-03T14:02:24.574+0000] {logging_mixin.py:150} INFO - [2026-01-03T14:02:24.574+0000] {dag.py:3504} INFO - Setting next_dagrun for example_weekday_branch_operator to 2026-01-02T00:00:00+00:00, run_after=2026-01-03T00:00:00+00:00
[2026-01-03T14:02:24.589+0000] {processor.py:179} INFO - Processing /home/vscode/.local/lib/python3.10/site-packages/airflow/example_dags/example_branch_day_of_week_operator.py took 0.053 seconds
[2026-01-03T14:03:17.208+0000] {processor.py:157} INFO - Started process (PID=16755) to work on /home/vscode/.local/lib/python3.10/site-packages/airflow/example_dags/example_branch_day_of_week_operator.py
[2026-01-03T14:03:17.209+0000] {processor.py:826} INFO - Processing file /home/vscode/.local/lib/python3.10/site-packages/airflow/example_dags/example_branch_day_of_week_operator.py for tasks to queue
[2026-01-03T14:03:17.210+0000] {logging_mixin.py:150} INFO - [2026-01-03T14:03:17.209+0000] {dagbag.py:541} INFO - Filling up the DagBag from /home/vscode/.local/lib/python3.10/site-packages/airflow/example_dags/example_branch_day_of_week_operator.py
[2026-01-03T14:03:17.216+0000] {processor.py:836} INFO - DAG(s) dict_keys(['example_weekday_branch_operator']) retrieved from /home/vscode/.local/lib/python3.10/site-packages/airflow/example_dags/example_branch_day_of_week_operator.py
[2026-01-03T14:03:17.230+0000] {logging_mixin.py:150} INFO - [2026-01-03T14:03:17.230+0000] {dag.py:2742} INFO - Sync 1 DAGs
[2026-01-03T14:03:17.246+0000] {logging_mixin.py:150} INFO - [2026-01-03T14:03:17.245+0000] {dag.py:3504} INFO - Setting next_dagrun for example_weekday_branch_operator to 2026-01-02T00:00:00+00:00, run_after=2026-01-03T00:00:00+00:00
[2026-01-03T14:03:17.261+0000] {processor.py:179} INFO - Processing /home/vscode/.local/lib/python3.10/site-packages/airflow/example_dags/example_branch_day_of_week_operator.py took 0.055 seconds
[2026-01-03T14:04:03.480+0000] {processor.py:157} INFO - Started process (PID=17324) to work on /home/vscode/.local/lib/python3.10/site-packages/airflow/example_dags/example_branch_day_of_week_operator.py
[2026-01-03T14:04:03.480+0000] {processor.py:826} INFO - Processing file /home/vscode/.local/lib/python3.10/site-packages/airflow/example_dags/example_branch_day_of_week_operator.py for tasks to queue
[2026-01-03T14:04:03.481+0000] {logging_mixin.py:150} INFO - [2026-01-03T14:04:03.481+0000] {dagbag.py:541} INFO - Filling up the DagBag from /home/vscode/.local/lib/python3.10/site-packages/airflow/example_dags/example_branch_day_of_week_operator.py
[2026-01-03T14:04:03.494+0000] {processor.py:836} INFO - DAG(s) dict_keys(['example_weekday_branch_operator']) retrieved from /home/vscode/.local/lib/python3.10/site-packages/airflow/example_dags/example_branch_day_of_week_operator.py
[2026-01-03T14:04:03.515+0000] {logging_mixin.py:150} INFO - [2026-01-03T14:04:03.515+0000] {dag.py:2742} INFO - Sync 1 DAGs
[2026-01-03T14:04:03.530+0000] {logging_mixin.py:150} INFO - [2026-01-03T14:04:03.530+0000] {dag.py:3504} INFO - Setting next_dagrun for example_weekday_branch_operator to 2026-01-02T00:00:00+00:00, run_after=2026-01-03T00:00:00+00:00
[2026-01-03T14:04:03.545+0000] {processor.py:179} INFO - Processing /home/vscode/.local/lib/python3.10/site-packages/airflow/example_dags/example_branch_day_of_week_operator.py took 0.069 seconds
