[2026-01-03T13:48:57.446+0000] {processor.py:157} INFO - Started process (PID=9972) to work on /home/vscode/.local/lib/python3.10/site-packages/airflow/example_dags/example_time_delta_sensor_async.py
[2026-01-03T13:48:57.447+0000] {processor.py:826} INFO - Processing file /home/vscode/.local/lib/python3.10/site-packages/airflow/example_dags/example_time_delta_sensor_async.py for tasks to queue
[2026-01-03T13:48:57.447+0000] {logging_mixin.py:150} INFO - [2026-01-03T13:48:57.447+0000] {dagbag.py:541} INFO - Filling up the DagBag from /home/vscode/.local/lib/python3.10/site-packages/airflow/example_dags/example_time_delta_sensor_async.py
[2026-01-03T13:48:57.454+0000] {processor.py:836} INFO - DAG(s) dict_keys(['example_time_delta_sensor_async']) retrieved from /home/vscode/.local/lib/python3.10/site-packages/airflow/example_dags/example_time_delta_sensor_async.py
[2026-01-03T13:48:57.529+0000] {logging_mixin.py:150} INFO - [2026-01-03T13:48:57.529+0000] {manager.py:504} INFO - Created Permission View: can delete on DAG:example_time_delta_sensor_async
[2026-01-03T13:48:57.537+0000] {logging_mixin.py:150} INFO - [2026-01-03T13:48:57.536+0000] {manager.py:504} INFO - Created Permission View: can read on DAG:example_time_delta_sensor_async
[2026-01-03T13:48:57.542+0000] {logging_mixin.py:150} INFO - [2026-01-03T13:48:57.542+0000] {manager.py:504} INFO - Created Permission View: can edit on DAG:example_time_delta_sensor_async
[2026-01-03T13:48:57.551+0000] {logging_mixin.py:150} INFO - [2026-01-03T13:48:57.551+0000] {dag.py:2742} INFO - Sync 1 DAGs
[2026-01-03T13:48:57.557+0000] {logging_mixin.py:150} INFO - [2026-01-03T13:48:57.557+0000] {dag.py:2763} INFO - Creating ORM DAG for example_time_delta_sensor_async
[2026-01-03T13:48:57.564+0000] {logging_mixin.py:150} INFO - [2026-01-03T13:48:57.563+0000] {dag.py:3504} INFO - Setting next_dagrun for example_time_delta_sensor_async to None, run_after=None
[2026-01-03T13:48:57.579+0000] {processor.py:179} INFO - Processing /home/vscode/.local/lib/python3.10/site-packages/airflow/example_dags/example_time_delta_sensor_async.py took 0.135 seconds
[2026-01-03T13:49:44.797+0000] {processor.py:157} INFO - Started process (PID=10357) to work on /home/vscode/.local/lib/python3.10/site-packages/airflow/example_dags/example_time_delta_sensor_async.py
[2026-01-03T13:49:44.798+0000] {processor.py:826} INFO - Processing file /home/vscode/.local/lib/python3.10/site-packages/airflow/example_dags/example_time_delta_sensor_async.py for tasks to queue
[2026-01-03T13:49:44.799+0000] {logging_mixin.py:150} INFO - [2026-01-03T13:49:44.798+0000] {dagbag.py:541} INFO - Filling up the DagBag from /home/vscode/.local/lib/python3.10/site-packages/airflow/example_dags/example_time_delta_sensor_async.py
[2026-01-03T13:49:44.802+0000] {processor.py:836} INFO - DAG(s) dict_keys(['example_time_delta_sensor_async']) retrieved from /home/vscode/.local/lib/python3.10/site-packages/airflow/example_dags/example_time_delta_sensor_async.py
[2026-01-03T13:49:44.817+0000] {logging_mixin.py:150} INFO - [2026-01-03T13:49:44.817+0000] {dag.py:2742} INFO - Sync 1 DAGs
[2026-01-03T13:49:44.832+0000] {logging_mixin.py:150} INFO - [2026-01-03T13:49:44.832+0000] {dag.py:3504} INFO - Setting next_dagrun for example_time_delta_sensor_async to None, run_after=None
[2026-01-03T13:49:44.847+0000] {processor.py:179} INFO - Processing /home/vscode/.local/lib/python3.10/site-packages/airflow/example_dags/example_time_delta_sensor_async.py took 0.053 seconds
[2026-01-03T13:50:29.123+0000] {processor.py:157} INFO - Started process (PID=10692) to work on /home/vscode/.local/lib/python3.10/site-packages/airflow/example_dags/example_time_delta_sensor_async.py
[2026-01-03T13:50:29.123+0000] {processor.py:826} INFO - Processing file /home/vscode/.local/lib/python3.10/site-packages/airflow/example_dags/example_time_delta_sensor_async.py for tasks to queue
[2026-01-03T13:50:29.124+0000] {logging_mixin.py:150} INFO - [2026-01-03T13:50:29.124+0000] {dagbag.py:541} INFO - Filling up the DagBag from /home/vscode/.local/lib/python3.10/site-packages/airflow/example_dags/example_time_delta_sensor_async.py
[2026-01-03T13:50:29.128+0000] {processor.py:836} INFO - DAG(s) dict_keys(['example_time_delta_sensor_async']) retrieved from /home/vscode/.local/lib/python3.10/site-packages/airflow/example_dags/example_time_delta_sensor_async.py
[2026-01-03T13:50:29.143+0000] {logging_mixin.py:150} INFO - [2026-01-03T13:50:29.143+0000] {dag.py:2742} INFO - Sync 1 DAGs
[2026-01-03T13:50:29.158+0000] {logging_mixin.py:150} INFO - [2026-01-03T13:50:29.158+0000] {dag.py:3504} INFO - Setting next_dagrun for example_time_delta_sensor_async to None, run_after=None
[2026-01-03T13:50:29.173+0000] {processor.py:179} INFO - Processing /home/vscode/.local/lib/python3.10/site-packages/airflow/example_dags/example_time_delta_sensor_async.py took 0.053 seconds
[2026-01-03T13:51:12.519+0000] {processor.py:157} INFO - Started process (PID=11005) to work on /home/vscode/.local/lib/python3.10/site-packages/airflow/example_dags/example_time_delta_sensor_async.py
[2026-01-03T13:51:12.520+0000] {processor.py:826} INFO - Processing file /home/vscode/.local/lib/python3.10/site-packages/airflow/example_dags/example_time_delta_sensor_async.py for tasks to queue
[2026-01-03T13:51:12.520+0000] {logging_mixin.py:150} INFO - [2026-01-03T13:51:12.520+0000] {dagbag.py:541} INFO - Filling up the DagBag from /home/vscode/.local/lib/python3.10/site-packages/airflow/example_dags/example_time_delta_sensor_async.py
[2026-01-03T13:51:12.524+0000] {processor.py:836} INFO - DAG(s) dict_keys(['example_time_delta_sensor_async']) retrieved from /home/vscode/.local/lib/python3.10/site-packages/airflow/example_dags/example_time_delta_sensor_async.py
[2026-01-03T13:51:12.540+0000] {logging_mixin.py:150} INFO - [2026-01-03T13:51:12.540+0000] {dag.py:2742} INFO - Sync 1 DAGs
[2026-01-03T13:51:12.555+0000] {logging_mixin.py:150} INFO - [2026-01-03T13:51:12.555+0000] {dag.py:3504} INFO - Setting next_dagrun for example_time_delta_sensor_async to None, run_after=None
[2026-01-03T13:51:12.570+0000] {processor.py:179} INFO - Processing /home/vscode/.local/lib/python3.10/site-packages/airflow/example_dags/example_time_delta_sensor_async.py took 0.054 seconds
[2026-01-03T13:51:55.316+0000] {processor.py:157} INFO - Started process (PID=11322) to work on /home/vscode/.local/lib/python3.10/site-packages/airflow/example_dags/example_time_delta_sensor_async.py
[2026-01-03T13:51:55.317+0000] {processor.py:826} INFO - Processing file /home/vscode/.local/lib/python3.10/site-packages/airflow/example_dags/example_time_delta_sensor_async.py for tasks to queue
[2026-01-03T13:51:55.317+0000] {logging_mixin.py:150} INFO - [2026-01-03T13:51:55.317+0000] {dagbag.py:541} INFO - Filling up the DagBag from /home/vscode/.local/lib/python3.10/site-packages/airflow/example_dags/example_time_delta_sensor_async.py
[2026-01-03T13:51:55.321+0000] {processor.py:836} INFO - DAG(s) dict_keys(['example_time_delta_sensor_async']) retrieved from /home/vscode/.local/lib/python3.10/site-packages/airflow/example_dags/example_time_delta_sensor_async.py
[2026-01-03T13:51:55.336+0000] {logging_mixin.py:150} INFO - [2026-01-03T13:51:55.336+0000] {dag.py:2742} INFO - Sync 1 DAGs
[2026-01-03T13:51:55.351+0000] {logging_mixin.py:150} INFO - [2026-01-03T13:51:55.351+0000] {dag.py:3504} INFO - Setting next_dagrun for example_time_delta_sensor_async to None, run_after=None
[2026-01-03T13:51:55.366+0000] {processor.py:179} INFO - Processing /home/vscode/.local/lib/python3.10/site-packages/airflow/example_dags/example_time_delta_sensor_async.py took 0.053 seconds
[2026-01-03T13:52:38.130+0000] {processor.py:157} INFO - Started process (PID=11621) to work on /home/vscode/.local/lib/python3.10/site-packages/airflow/example_dags/example_time_delta_sensor_async.py
[2026-01-03T13:52:38.131+0000] {processor.py:826} INFO - Processing file /home/vscode/.local/lib/python3.10/site-packages/airflow/example_dags/example_time_delta_sensor_async.py for tasks to queue
[2026-01-03T13:52:38.132+0000] {logging_mixin.py:150} INFO - [2026-01-03T13:52:38.132+0000] {dagbag.py:541} INFO - Filling up the DagBag from /home/vscode/.local/lib/python3.10/site-packages/airflow/example_dags/example_time_delta_sensor_async.py
[2026-01-03T13:52:38.136+0000] {processor.py:836} INFO - DAG(s) dict_keys(['example_time_delta_sensor_async']) retrieved from /home/vscode/.local/lib/python3.10/site-packages/airflow/example_dags/example_time_delta_sensor_async.py
[2026-01-03T13:52:38.152+0000] {logging_mixin.py:150} INFO - [2026-01-03T13:52:38.151+0000] {dag.py:2742} INFO - Sync 1 DAGs
[2026-01-03T13:52:38.167+0000] {logging_mixin.py:150} INFO - [2026-01-03T13:52:38.167+0000] {dag.py:3504} INFO - Setting next_dagrun for example_time_delta_sensor_async to None, run_after=None
[2026-01-03T13:52:38.184+0000] {processor.py:179} INFO - Processing /home/vscode/.local/lib/python3.10/site-packages/airflow/example_dags/example_time_delta_sensor_async.py took 0.056 seconds
[2026-01-03T13:53:20.936+0000] {processor.py:157} INFO - Started process (PID=11938) to work on /home/vscode/.local/lib/python3.10/site-packages/airflow/example_dags/example_time_delta_sensor_async.py
[2026-01-03T13:53:20.937+0000] {processor.py:826} INFO - Processing file /home/vscode/.local/lib/python3.10/site-packages/airflow/example_dags/example_time_delta_sensor_async.py for tasks to queue
[2026-01-03T13:53:20.937+0000] {logging_mixin.py:150} INFO - [2026-01-03T13:53:20.937+0000] {dagbag.py:541} INFO - Filling up the DagBag from /home/vscode/.local/lib/python3.10/site-packages/airflow/example_dags/example_time_delta_sensor_async.py
[2026-01-03T13:53:20.941+0000] {processor.py:836} INFO - DAG(s) dict_keys(['example_time_delta_sensor_async']) retrieved from /home/vscode/.local/lib/python3.10/site-packages/airflow/example_dags/example_time_delta_sensor_async.py
[2026-01-03T13:53:20.956+0000] {logging_mixin.py:150} INFO - [2026-01-03T13:53:20.955+0000] {dag.py:2742} INFO - Sync 1 DAGs
[2026-01-03T13:53:20.971+0000] {logging_mixin.py:150} INFO - [2026-01-03T13:53:20.971+0000] {dag.py:3504} INFO - Setting next_dagrun for example_time_delta_sensor_async to None, run_after=None
[2026-01-03T13:53:20.986+0000] {processor.py:179} INFO - Processing /home/vscode/.local/lib/python3.10/site-packages/airflow/example_dags/example_time_delta_sensor_async.py took 0.053 seconds
[2026-01-03T13:54:02.711+0000] {processor.py:157} INFO - Started process (PID=12294) to work on /home/vscode/.local/lib/python3.10/site-packages/airflow/example_dags/example_time_delta_sensor_async.py
[2026-01-03T13:54:02.711+0000] {processor.py:826} INFO - Processing file /home/vscode/.local/lib/python3.10/site-packages/airflow/example_dags/example_time_delta_sensor_async.py for tasks to queue
[2026-01-03T13:54:02.712+0000] {logging_mixin.py:150} INFO - [2026-01-03T13:54:02.712+0000] {dagbag.py:541} INFO - Filling up the DagBag from /home/vscode/.local/lib/python3.10/site-packages/airflow/example_dags/example_time_delta_sensor_async.py
[2026-01-03T13:54:02.716+0000] {processor.py:836} INFO - DAG(s) dict_keys(['example_time_delta_sensor_async']) retrieved from /home/vscode/.local/lib/python3.10/site-packages/airflow/example_dags/example_time_delta_sensor_async.py
[2026-01-03T13:54:02.730+0000] {logging_mixin.py:150} INFO - [2026-01-03T13:54:02.730+0000] {dag.py:2742} INFO - Sync 1 DAGs
[2026-01-03T13:54:02.745+0000] {logging_mixin.py:150} INFO - [2026-01-03T13:54:02.745+0000] {dag.py:3504} INFO - Setting next_dagrun for example_time_delta_sensor_async to None, run_after=None
[2026-01-03T13:54:02.762+0000] {processor.py:179} INFO - Processing /home/vscode/.local/lib/python3.10/site-packages/airflow/example_dags/example_time_delta_sensor_async.py took 0.054 seconds
[2026-01-03T13:54:43.796+0000] {processor.py:157} INFO - Started process (PID=12616) to work on /home/vscode/.local/lib/python3.10/site-packages/airflow/example_dags/example_time_delta_sensor_async.py
[2026-01-03T13:54:43.797+0000] {processor.py:826} INFO - Processing file /home/vscode/.local/lib/python3.10/site-packages/airflow/example_dags/example_time_delta_sensor_async.py for tasks to queue
[2026-01-03T13:54:43.798+0000] {logging_mixin.py:150} INFO - [2026-01-03T13:54:43.798+0000] {dagbag.py:541} INFO - Filling up the DagBag from /home/vscode/.local/lib/python3.10/site-packages/airflow/example_dags/example_time_delta_sensor_async.py
[2026-01-03T13:54:43.802+0000] {processor.py:836} INFO - DAG(s) dict_keys(['example_time_delta_sensor_async']) retrieved from /home/vscode/.local/lib/python3.10/site-packages/airflow/example_dags/example_time_delta_sensor_async.py
[2026-01-03T13:54:43.816+0000] {logging_mixin.py:150} INFO - [2026-01-03T13:54:43.816+0000] {dag.py:2742} INFO - Sync 1 DAGs
[2026-01-03T13:54:43.838+0000] {logging_mixin.py:150} INFO - [2026-01-03T13:54:43.837+0000] {dag.py:3504} INFO - Setting next_dagrun for example_time_delta_sensor_async to None, run_after=None
[2026-01-03T13:54:43.853+0000] {processor.py:179} INFO - Processing /home/vscode/.local/lib/python3.10/site-packages/airflow/example_dags/example_time_delta_sensor_async.py took 0.059 seconds
[2026-01-03T13:55:26.039+0000] {processor.py:157} INFO - Started process (PID=12938) to work on /home/vscode/.local/lib/python3.10/site-packages/airflow/example_dags/example_time_delta_sensor_async.py
[2026-01-03T13:55:26.040+0000] {processor.py:826} INFO - Processing file /home/vscode/.local/lib/python3.10/site-packages/airflow/example_dags/example_time_delta_sensor_async.py for tasks to queue
[2026-01-03T13:55:26.041+0000] {logging_mixin.py:150} INFO - [2026-01-03T13:55:26.041+0000] {dagbag.py:541} INFO - Filling up the DagBag from /home/vscode/.local/lib/python3.10/site-packages/airflow/example_dags/example_time_delta_sensor_async.py
[2026-01-03T13:55:26.045+0000] {processor.py:836} INFO - DAG(s) dict_keys(['example_time_delta_sensor_async']) retrieved from /home/vscode/.local/lib/python3.10/site-packages/airflow/example_dags/example_time_delta_sensor_async.py
[2026-01-03T13:55:26.058+0000] {logging_mixin.py:150} INFO - [2026-01-03T13:55:26.058+0000] {dag.py:2742} INFO - Sync 1 DAGs
[2026-01-03T13:55:26.073+0000] {logging_mixin.py:150} INFO - [2026-01-03T13:55:26.073+0000] {dag.py:3504} INFO - Setting next_dagrun for example_time_delta_sensor_async to None, run_after=None
[2026-01-03T13:55:26.088+0000] {processor.py:179} INFO - Processing /home/vscode/.local/lib/python3.10/site-packages/airflow/example_dags/example_time_delta_sensor_async.py took 0.051 seconds
[2026-01-03T13:56:09.792+0000] {processor.py:157} INFO - Started process (PID=13485) to work on /home/vscode/.local/lib/python3.10/site-packages/airflow/example_dags/example_time_delta_sensor_async.py
[2026-01-03T13:56:09.793+0000] {processor.py:826} INFO - Processing file /home/vscode/.local/lib/python3.10/site-packages/airflow/example_dags/example_time_delta_sensor_async.py for tasks to queue
[2026-01-03T13:56:09.793+0000] {logging_mixin.py:150} INFO - [2026-01-03T13:56:09.793+0000] {dagbag.py:541} INFO - Filling up the DagBag from /home/vscode/.local/lib/python3.10/site-packages/airflow/example_dags/example_time_delta_sensor_async.py
[2026-01-03T13:56:09.798+0000] {processor.py:836} INFO - DAG(s) dict_keys(['example_time_delta_sensor_async']) retrieved from /home/vscode/.local/lib/python3.10/site-packages/airflow/example_dags/example_time_delta_sensor_async.py
[2026-01-03T13:56:09.812+0000] {logging_mixin.py:150} INFO - [2026-01-03T13:56:09.812+0000] {dag.py:2742} INFO - Sync 1 DAGs
[2026-01-03T13:56:09.827+0000] {logging_mixin.py:150} INFO - [2026-01-03T13:56:09.827+0000] {dag.py:3504} INFO - Setting next_dagrun for example_time_delta_sensor_async to None, run_after=None
[2026-01-03T13:56:09.842+0000] {processor.py:179} INFO - Processing /home/vscode/.local/lib/python3.10/site-packages/airflow/example_dags/example_time_delta_sensor_async.py took 0.054 seconds
[2026-01-03T13:56:52.172+0000] {processor.py:157} INFO - Started process (PID=13812) to work on /home/vscode/.local/lib/python3.10/site-packages/airflow/example_dags/example_time_delta_sensor_async.py
[2026-01-03T13:56:52.173+0000] {processor.py:826} INFO - Processing file /home/vscode/.local/lib/python3.10/site-packages/airflow/example_dags/example_time_delta_sensor_async.py for tasks to queue
[2026-01-03T13:56:52.174+0000] {logging_mixin.py:150} INFO - [2026-01-03T13:56:52.173+0000] {dagbag.py:541} INFO - Filling up the DagBag from /home/vscode/.local/lib/python3.10/site-packages/airflow/example_dags/example_time_delta_sensor_async.py
[2026-01-03T13:56:52.179+0000] {processor.py:836} INFO - DAG(s) dict_keys(['example_time_delta_sensor_async']) retrieved from /home/vscode/.local/lib/python3.10/site-packages/airflow/example_dags/example_time_delta_sensor_async.py
[2026-01-03T13:56:52.195+0000] {logging_mixin.py:150} INFO - [2026-01-03T13:56:52.195+0000] {dag.py:2742} INFO - Sync 1 DAGs
[2026-01-03T13:56:52.210+0000] {logging_mixin.py:150} INFO - [2026-01-03T13:56:52.210+0000] {dag.py:3504} INFO - Setting next_dagrun for example_time_delta_sensor_async to None, run_after=None
[2026-01-03T13:56:52.225+0000] {processor.py:179} INFO - Processing /home/vscode/.local/lib/python3.10/site-packages/airflow/example_dags/example_time_delta_sensor_async.py took 0.056 seconds
[2026-01-03T13:57:39.530+0000] {processor.py:157} INFO - Started process (PID=14132) to work on /home/vscode/.local/lib/python3.10/site-packages/airflow/example_dags/example_time_delta_sensor_async.py
[2026-01-03T13:57:39.531+0000] {processor.py:826} INFO - Processing file /home/vscode/.local/lib/python3.10/site-packages/airflow/example_dags/example_time_delta_sensor_async.py for tasks to queue
[2026-01-03T13:57:39.531+0000] {logging_mixin.py:150} INFO - [2026-01-03T13:57:39.531+0000] {dagbag.py:541} INFO - Filling up the DagBag from /home/vscode/.local/lib/python3.10/site-packages/airflow/example_dags/example_time_delta_sensor_async.py
[2026-01-03T13:57:39.535+0000] {processor.py:836} INFO - DAG(s) dict_keys(['example_time_delta_sensor_async']) retrieved from /home/vscode/.local/lib/python3.10/site-packages/airflow/example_dags/example_time_delta_sensor_async.py
[2026-01-03T13:57:39.549+0000] {logging_mixin.py:150} INFO - [2026-01-03T13:57:39.549+0000] {dag.py:2742} INFO - Sync 1 DAGs
[2026-01-03T13:57:39.564+0000] {logging_mixin.py:150} INFO - [2026-01-03T13:57:39.564+0000] {dag.py:3504} INFO - Setting next_dagrun for example_time_delta_sensor_async to None, run_after=None
[2026-01-03T13:57:39.580+0000] {processor.py:179} INFO - Processing /home/vscode/.local/lib/python3.10/site-packages/airflow/example_dags/example_time_delta_sensor_async.py took 0.052 seconds
[2026-01-03T13:58:19.508+0000] {processor.py:157} INFO - Started process (PID=14406) to work on /home/vscode/.local/lib/python3.10/site-packages/airflow/example_dags/example_time_delta_sensor_async.py
[2026-01-03T13:58:19.509+0000] {processor.py:826} INFO - Processing file /home/vscode/.local/lib/python3.10/site-packages/airflow/example_dags/example_time_delta_sensor_async.py for tasks to queue
[2026-01-03T13:58:19.510+0000] {logging_mixin.py:150} INFO - [2026-01-03T13:58:19.510+0000] {dagbag.py:541} INFO - Filling up the DagBag from /home/vscode/.local/lib/python3.10/site-packages/airflow/example_dags/example_time_delta_sensor_async.py
[2026-01-03T13:58:19.515+0000] {processor.py:836} INFO - DAG(s) dict_keys(['example_time_delta_sensor_async']) retrieved from /home/vscode/.local/lib/python3.10/site-packages/airflow/example_dags/example_time_delta_sensor_async.py
[2026-01-03T13:58:19.528+0000] {logging_mixin.py:150} INFO - [2026-01-03T13:58:19.528+0000] {dag.py:2742} INFO - Sync 1 DAGs
[2026-01-03T13:58:19.542+0000] {logging_mixin.py:150} INFO - [2026-01-03T13:58:19.542+0000] {dag.py:3504} INFO - Setting next_dagrun for example_time_delta_sensor_async to None, run_after=None
[2026-01-03T13:58:19.557+0000] {processor.py:179} INFO - Processing /home/vscode/.local/lib/python3.10/site-packages/airflow/example_dags/example_time_delta_sensor_async.py took 0.052 seconds
[2026-01-03T13:59:01.716+0000] {processor.py:157} INFO - Started process (PID=14709) to work on /home/vscode/.local/lib/python3.10/site-packages/airflow/example_dags/example_time_delta_sensor_async.py
[2026-01-03T13:59:01.716+0000] {processor.py:826} INFO - Processing file /home/vscode/.local/lib/python3.10/site-packages/airflow/example_dags/example_time_delta_sensor_async.py for tasks to queue
[2026-01-03T13:59:01.717+0000] {logging_mixin.py:150} INFO - [2026-01-03T13:59:01.717+0000] {dagbag.py:541} INFO - Filling up the DagBag from /home/vscode/.local/lib/python3.10/site-packages/airflow/example_dags/example_time_delta_sensor_async.py
[2026-01-03T13:59:01.721+0000] {processor.py:836} INFO - DAG(s) dict_keys(['example_time_delta_sensor_async']) retrieved from /home/vscode/.local/lib/python3.10/site-packages/airflow/example_dags/example_time_delta_sensor_async.py
[2026-01-03T13:59:01.735+0000] {logging_mixin.py:150} INFO - [2026-01-03T13:59:01.735+0000] {dag.py:2742} INFO - Sync 1 DAGs
[2026-01-03T13:59:01.749+0000] {logging_mixin.py:150} INFO - [2026-01-03T13:59:01.749+0000] {dag.py:3504} INFO - Setting next_dagrun for example_time_delta_sensor_async to None, run_after=None
[2026-01-03T13:59:01.763+0000] {processor.py:179} INFO - Processing /home/vscode/.local/lib/python3.10/site-packages/airflow/example_dags/example_time_delta_sensor_async.py took 0.050 seconds
[2026-01-03T13:59:38.809+0000] {processor.py:157} INFO - Started process (PID=14964) to work on /home/vscode/.local/lib/python3.10/site-packages/airflow/example_dags/example_time_delta_sensor_async.py
[2026-01-03T13:59:38.809+0000] {processor.py:826} INFO - Processing file /home/vscode/.local/lib/python3.10/site-packages/airflow/example_dags/example_time_delta_sensor_async.py for tasks to queue
[2026-01-03T13:59:38.810+0000] {logging_mixin.py:150} INFO - [2026-01-03T13:59:38.810+0000] {dagbag.py:541} INFO - Filling up the DagBag from /home/vscode/.local/lib/python3.10/site-packages/airflow/example_dags/example_time_delta_sensor_async.py
[2026-01-03T13:59:38.814+0000] {processor.py:836} INFO - DAG(s) dict_keys(['example_time_delta_sensor_async']) retrieved from /home/vscode/.local/lib/python3.10/site-packages/airflow/example_dags/example_time_delta_sensor_async.py
[2026-01-03T13:59:38.828+0000] {logging_mixin.py:150} INFO - [2026-01-03T13:59:38.828+0000] {dag.py:2742} INFO - Sync 1 DAGs
[2026-01-03T13:59:38.845+0000] {logging_mixin.py:150} INFO - [2026-01-03T13:59:38.845+0000] {dag.py:3504} INFO - Setting next_dagrun for example_time_delta_sensor_async to None, run_after=None
[2026-01-03T13:59:38.859+0000] {processor.py:179} INFO - Processing /home/vscode/.local/lib/python3.10/site-packages/airflow/example_dags/example_time_delta_sensor_async.py took 0.054 seconds
[2026-01-03T14:00:23.076+0000] {processor.py:157} INFO - Started process (PID=15253) to work on /home/vscode/.local/lib/python3.10/site-packages/airflow/example_dags/example_time_delta_sensor_async.py
[2026-01-03T14:00:23.076+0000] {processor.py:826} INFO - Processing file /home/vscode/.local/lib/python3.10/site-packages/airflow/example_dags/example_time_delta_sensor_async.py for tasks to queue
[2026-01-03T14:00:23.077+0000] {logging_mixin.py:150} INFO - [2026-01-03T14:00:23.077+0000] {dagbag.py:541} INFO - Filling up the DagBag from /home/vscode/.local/lib/python3.10/site-packages/airflow/example_dags/example_time_delta_sensor_async.py
[2026-01-03T14:00:23.081+0000] {processor.py:836} INFO - DAG(s) dict_keys(['example_time_delta_sensor_async']) retrieved from /home/vscode/.local/lib/python3.10/site-packages/airflow/example_dags/example_time_delta_sensor_async.py
[2026-01-03T14:00:23.094+0000] {logging_mixin.py:150} INFO - [2026-01-03T14:00:23.094+0000] {dag.py:2742} INFO - Sync 1 DAGs
[2026-01-03T14:00:23.109+0000] {logging_mixin.py:150} INFO - [2026-01-03T14:00:23.109+0000] {dag.py:3504} INFO - Setting next_dagrun for example_time_delta_sensor_async to None, run_after=None
[2026-01-03T14:00:23.123+0000] {processor.py:179} INFO - Processing /home/vscode/.local/lib/python3.10/site-packages/airflow/example_dags/example_time_delta_sensor_async.py took 0.050 seconds
[2026-01-03T14:01:03.593+0000] {processor.py:157} INFO - Started process (PID=15529) to work on /home/vscode/.local/lib/python3.10/site-packages/airflow/example_dags/example_time_delta_sensor_async.py
[2026-01-03T14:01:03.594+0000] {processor.py:826} INFO - Processing file /home/vscode/.local/lib/python3.10/site-packages/airflow/example_dags/example_time_delta_sensor_async.py for tasks to queue
[2026-01-03T14:01:03.594+0000] {logging_mixin.py:150} INFO - [2026-01-03T14:01:03.594+0000] {dagbag.py:541} INFO - Filling up the DagBag from /home/vscode/.local/lib/python3.10/site-packages/airflow/example_dags/example_time_delta_sensor_async.py
[2026-01-03T14:01:03.598+0000] {processor.py:836} INFO - DAG(s) dict_keys(['example_time_delta_sensor_async']) retrieved from /home/vscode/.local/lib/python3.10/site-packages/airflow/example_dags/example_time_delta_sensor_async.py
[2026-01-03T14:01:03.612+0000] {logging_mixin.py:150} INFO - [2026-01-03T14:01:03.612+0000] {dag.py:2742} INFO - Sync 1 DAGs
[2026-01-03T14:01:03.626+0000] {logging_mixin.py:150} INFO - [2026-01-03T14:01:03.626+0000] {dag.py:3504} INFO - Setting next_dagrun for example_time_delta_sensor_async to None, run_after=None
[2026-01-03T14:01:03.641+0000] {processor.py:179} INFO - Processing /home/vscode/.local/lib/python3.10/site-packages/airflow/example_dags/example_time_delta_sensor_async.py took 0.051 seconds
[2026-01-03T14:01:44.155+0000] {processor.py:157} INFO - Started process (PID=15821) to work on /home/vscode/.local/lib/python3.10/site-packages/airflow/example_dags/example_time_delta_sensor_async.py
[2026-01-03T14:01:44.156+0000] {processor.py:826} INFO - Processing file /home/vscode/.local/lib/python3.10/site-packages/airflow/example_dags/example_time_delta_sensor_async.py for tasks to queue
[2026-01-03T14:01:44.157+0000] {logging_mixin.py:150} INFO - [2026-01-03T14:01:44.157+0000] {dagbag.py:541} INFO - Filling up the DagBag from /home/vscode/.local/lib/python3.10/site-packages/airflow/example_dags/example_time_delta_sensor_async.py
[2026-01-03T14:01:44.161+0000] {processor.py:836} INFO - DAG(s) dict_keys(['example_time_delta_sensor_async']) retrieved from /home/vscode/.local/lib/python3.10/site-packages/airflow/example_dags/example_time_delta_sensor_async.py
[2026-01-03T14:01:44.178+0000] {logging_mixin.py:150} INFO - [2026-01-03T14:01:44.177+0000] {dag.py:2742} INFO - Sync 1 DAGs
[2026-01-03T14:01:44.200+0000] {logging_mixin.py:150} INFO - [2026-01-03T14:01:44.200+0000] {dag.py:3504} INFO - Setting next_dagrun for example_time_delta_sensor_async to None, run_after=None
[2026-01-03T14:01:44.233+0000] {processor.py:179} INFO - Processing /home/vscode/.local/lib/python3.10/site-packages/airflow/example_dags/example_time_delta_sensor_async.py took 0.081 seconds
[2026-01-03T14:02:30.346+0000] {processor.py:157} INFO - Started process (PID=16145) to work on /home/vscode/.local/lib/python3.10/site-packages/airflow/example_dags/example_time_delta_sensor_async.py
[2026-01-03T14:02:30.346+0000] {processor.py:826} INFO - Processing file /home/vscode/.local/lib/python3.10/site-packages/airflow/example_dags/example_time_delta_sensor_async.py for tasks to queue
[2026-01-03T14:02:30.347+0000] {logging_mixin.py:150} INFO - [2026-01-03T14:02:30.347+0000] {dagbag.py:541} INFO - Filling up the DagBag from /home/vscode/.local/lib/python3.10/site-packages/airflow/example_dags/example_time_delta_sensor_async.py
[2026-01-03T14:02:30.351+0000] {processor.py:836} INFO - DAG(s) dict_keys(['example_time_delta_sensor_async']) retrieved from /home/vscode/.local/lib/python3.10/site-packages/airflow/example_dags/example_time_delta_sensor_async.py
[2026-01-03T14:02:30.364+0000] {logging_mixin.py:150} INFO - [2026-01-03T14:02:30.364+0000] {dag.py:2742} INFO - Sync 1 DAGs
[2026-01-03T14:02:30.378+0000] {logging_mixin.py:150} INFO - [2026-01-03T14:02:30.378+0000] {dag.py:3504} INFO - Setting next_dagrun for example_time_delta_sensor_async to None, run_after=None
[2026-01-03T14:02:30.393+0000] {processor.py:179} INFO - Processing /home/vscode/.local/lib/python3.10/site-packages/airflow/example_dags/example_time_delta_sensor_async.py took 0.050 seconds
[2026-01-03T14:03:09.192+0000] {processor.py:157} INFO - Started process (PID=16636) to work on /home/vscode/.local/lib/python3.10/site-packages/airflow/example_dags/example_time_delta_sensor_async.py
[2026-01-03T14:03:09.193+0000] {processor.py:826} INFO - Processing file /home/vscode/.local/lib/python3.10/site-packages/airflow/example_dags/example_time_delta_sensor_async.py for tasks to queue
[2026-01-03T14:03:09.194+0000] {logging_mixin.py:150} INFO - [2026-01-03T14:03:09.193+0000] {dagbag.py:541} INFO - Filling up the DagBag from /home/vscode/.local/lib/python3.10/site-packages/airflow/example_dags/example_time_delta_sensor_async.py
[2026-01-03T14:03:09.197+0000] {processor.py:836} INFO - DAG(s) dict_keys(['example_time_delta_sensor_async']) retrieved from /home/vscode/.local/lib/python3.10/site-packages/airflow/example_dags/example_time_delta_sensor_async.py
[2026-01-03T14:03:09.211+0000] {logging_mixin.py:150} INFO - [2026-01-03T14:03:09.211+0000] {dag.py:2742} INFO - Sync 1 DAGs
[2026-01-03T14:03:09.226+0000] {logging_mixin.py:150} INFO - [2026-01-03T14:03:09.226+0000] {dag.py:3504} INFO - Setting next_dagrun for example_time_delta_sensor_async to None, run_after=None
[2026-01-03T14:03:09.240+0000] {processor.py:179} INFO - Processing /home/vscode/.local/lib/python3.10/site-packages/airflow/example_dags/example_time_delta_sensor_async.py took 0.050 seconds
[2026-01-03T14:03:55.374+0000] {processor.py:157} INFO - Started process (PID=17255) to work on /home/vscode/.local/lib/python3.10/site-packages/airflow/example_dags/example_time_delta_sensor_async.py
[2026-01-03T14:03:55.375+0000] {processor.py:826} INFO - Processing file /home/vscode/.local/lib/python3.10/site-packages/airflow/example_dags/example_time_delta_sensor_async.py for tasks to queue
[2026-01-03T14:03:55.376+0000] {logging_mixin.py:150} INFO - [2026-01-03T14:03:55.375+0000] {dagbag.py:541} INFO - Filling up the DagBag from /home/vscode/.local/lib/python3.10/site-packages/airflow/example_dags/example_time_delta_sensor_async.py
[2026-01-03T14:03:55.379+0000] {processor.py:836} INFO - DAG(s) dict_keys(['example_time_delta_sensor_async']) retrieved from /home/vscode/.local/lib/python3.10/site-packages/airflow/example_dags/example_time_delta_sensor_async.py
[2026-01-03T14:03:55.393+0000] {logging_mixin.py:150} INFO - [2026-01-03T14:03:55.393+0000] {dag.py:2742} INFO - Sync 1 DAGs
[2026-01-03T14:03:55.407+0000] {logging_mixin.py:150} INFO - [2026-01-03T14:03:55.407+0000] {dag.py:3504} INFO - Setting next_dagrun for example_time_delta_sensor_async to None, run_after=None
[2026-01-03T14:03:55.422+0000] {processor.py:179} INFO - Processing /home/vscode/.local/lib/python3.10/site-packages/airflow/example_dags/example_time_delta_sensor_async.py took 0.051 seconds
