[2026-01-03T13:49:24.229+0000] {processor.py:157} INFO - Started process (PID=10209) to work on /home/vscode/.local/lib/python3.10/site-packages/airflow/example_dags/example_datasets.py
[2026-01-03T13:49:24.230+0000] {processor.py:826} INFO - Processing file /home/vscode/.local/lib/python3.10/site-packages/airflow/example_dags/example_datasets.py for tasks to queue
[2026-01-03T13:49:24.231+0000] {logging_mixin.py:150} INFO - [2026-01-03T13:49:24.230+0000] {dagbag.py:541} INFO - Filling up the DagBag from /home/vscode/.local/lib/python3.10/site-packages/airflow/example_dags/example_datasets.py
[2026-01-03T13:49:24.239+0000] {processor.py:836} INFO - DAG(s) dict_keys(['dataset_produces_2', 'dataset_consumes_1', 'dataset_consumes_unknown_never_scheduled', 'dataset_produces_1', 'dataset_consumes_1_never_scheduled', 'dataset_consumes_1_and_2']) retrieved from /home/vscode/.local/lib/python3.10/site-packages/airflow/example_dags/example_datasets.py
[2026-01-03T13:49:24.329+0000] {logging_mixin.py:150} INFO - [2026-01-03T13:49:24.329+0000] {manager.py:504} INFO - Created Permission View: can delete on DAG:dataset_produces_2
[2026-01-03T13:49:24.338+0000] {logging_mixin.py:150} INFO - [2026-01-03T13:49:24.338+0000] {manager.py:504} INFO - Created Permission View: can read on DAG:dataset_produces_2
[2026-01-03T13:49:24.345+0000] {logging_mixin.py:150} INFO - [2026-01-03T13:49:24.345+0000] {manager.py:504} INFO - Created Permission View: can edit on DAG:dataset_produces_2
[2026-01-03T13:49:24.365+0000] {logging_mixin.py:150} INFO - [2026-01-03T13:49:24.364+0000] {manager.py:504} INFO - Created Permission View: can delete on DAG:dataset_consumes_1
[2026-01-03T13:49:24.371+0000] {logging_mixin.py:150} INFO - [2026-01-03T13:49:24.371+0000] {manager.py:504} INFO - Created Permission View: can read on DAG:dataset_consumes_1
[2026-01-03T13:49:24.377+0000] {logging_mixin.py:150} INFO - [2026-01-03T13:49:24.376+0000] {manager.py:504} INFO - Created Permission View: can edit on DAG:dataset_consumes_1
[2026-01-03T13:49:24.391+0000] {logging_mixin.py:150} INFO - [2026-01-03T13:49:24.390+0000] {manager.py:504} INFO - Created Permission View: can delete on DAG:dataset_consumes_unknown_never_scheduled
[2026-01-03T13:49:24.396+0000] {logging_mixin.py:150} INFO - [2026-01-03T13:49:24.396+0000] {manager.py:504} INFO - Created Permission View: can read on DAG:dataset_consumes_unknown_never_scheduled
[2026-01-03T13:49:24.403+0000] {logging_mixin.py:150} INFO - [2026-01-03T13:49:24.402+0000] {manager.py:504} INFO - Created Permission View: can edit on DAG:dataset_consumes_unknown_never_scheduled
[2026-01-03T13:49:24.416+0000] {logging_mixin.py:150} INFO - [2026-01-03T13:49:24.416+0000] {manager.py:504} INFO - Created Permission View: can delete on DAG:dataset_produces_1
[2026-01-03T13:49:24.422+0000] {logging_mixin.py:150} INFO - [2026-01-03T13:49:24.422+0000] {manager.py:504} INFO - Created Permission View: can read on DAG:dataset_produces_1
[2026-01-03T13:49:24.428+0000] {logging_mixin.py:150} INFO - [2026-01-03T13:49:24.427+0000] {manager.py:504} INFO - Created Permission View: can edit on DAG:dataset_produces_1
[2026-01-03T13:49:24.442+0000] {logging_mixin.py:150} INFO - [2026-01-03T13:49:24.442+0000] {manager.py:504} INFO - Created Permission View: can delete on DAG:dataset_consumes_1_never_scheduled
[2026-01-03T13:49:24.448+0000] {logging_mixin.py:150} INFO - [2026-01-03T13:49:24.447+0000] {manager.py:504} INFO - Created Permission View: can read on DAG:dataset_consumes_1_never_scheduled
[2026-01-03T13:49:24.453+0000] {logging_mixin.py:150} INFO - [2026-01-03T13:49:24.453+0000] {manager.py:504} INFO - Created Permission View: can edit on DAG:dataset_consumes_1_never_scheduled
[2026-01-03T13:49:24.468+0000] {logging_mixin.py:150} INFO - [2026-01-03T13:49:24.467+0000] {manager.py:504} INFO - Created Permission View: can delete on DAG:dataset_consumes_1_and_2
[2026-01-03T13:49:24.473+0000] {logging_mixin.py:150} INFO - [2026-01-03T13:49:24.473+0000] {manager.py:504} INFO - Created Permission View: can read on DAG:dataset_consumes_1_and_2
[2026-01-03T13:49:24.481+0000] {logging_mixin.py:150} INFO - [2026-01-03T13:49:24.481+0000] {manager.py:504} INFO - Created Permission View: can edit on DAG:dataset_consumes_1_and_2
[2026-01-03T13:49:24.484+0000] {logging_mixin.py:150} INFO - [2026-01-03T13:49:24.484+0000] {dag.py:2742} INFO - Sync 6 DAGs
[2026-01-03T13:49:24.492+0000] {logging_mixin.py:150} INFO - [2026-01-03T13:49:24.491+0000] {dag.py:2763} INFO - Creating ORM DAG for dataset_consumes_1
[2026-01-03T13:49:24.492+0000] {logging_mixin.py:150} INFO - [2026-01-03T13:49:24.492+0000] {dag.py:2763} INFO - Creating ORM DAG for dataset_produces_2
[2026-01-03T13:49:24.492+0000] {logging_mixin.py:150} INFO - [2026-01-03T13:49:24.492+0000] {dag.py:2763} INFO - Creating ORM DAG for dataset_consumes_1_never_scheduled
[2026-01-03T13:49:24.493+0000] {logging_mixin.py:150} INFO - [2026-01-03T13:49:24.492+0000] {dag.py:2763} INFO - Creating ORM DAG for dataset_consumes_1_and_2
[2026-01-03T13:49:24.493+0000] {logging_mixin.py:150} INFO - [2026-01-03T13:49:24.493+0000] {dag.py:2763} INFO - Creating ORM DAG for dataset_produces_1
[2026-01-03T13:49:24.493+0000] {logging_mixin.py:150} INFO - [2026-01-03T13:49:24.493+0000] {dag.py:2763} INFO - Creating ORM DAG for dataset_consumes_unknown_never_scheduled
[2026-01-03T13:49:24.500+0000] {logging_mixin.py:150} INFO - [2026-01-03T13:49:24.500+0000] {dag.py:3504} INFO - Setting next_dagrun for dataset_consumes_1 to None, run_after=None
[2026-01-03T13:49:24.501+0000] {logging_mixin.py:150} INFO - [2026-01-03T13:49:24.501+0000] {dag.py:3504} INFO - Setting next_dagrun for dataset_consumes_1_and_2 to None, run_after=None
[2026-01-03T13:49:24.501+0000] {logging_mixin.py:150} INFO - [2026-01-03T13:49:24.501+0000] {dag.py:3504} INFO - Setting next_dagrun for dataset_consumes_1_never_scheduled to None, run_after=None
[2026-01-03T13:49:24.501+0000] {logging_mixin.py:150} INFO - [2026-01-03T13:49:24.501+0000] {dag.py:3504} INFO - Setting next_dagrun for dataset_consumes_unknown_never_scheduled to None, run_after=None
[2026-01-03T13:49:24.503+0000] {logging_mixin.py:150} INFO - [2026-01-03T13:49:24.503+0000] {dag.py:3504} INFO - Setting next_dagrun for dataset_produces_1 to 2026-01-02T00:00:00+00:00, run_after=2026-01-03T00:00:00+00:00
[2026-01-03T13:49:24.503+0000] {logging_mixin.py:150} INFO - [2026-01-03T13:49:24.503+0000] {dag.py:3504} INFO - Setting next_dagrun for dataset_produces_2 to None, run_after=None
[2026-01-03T13:49:24.527+0000] {processor.py:179} INFO - Processing /home/vscode/.local/lib/python3.10/site-packages/airflow/example_dags/example_datasets.py took 0.300 seconds
[2026-01-03T13:50:12.576+0000] {processor.py:157} INFO - Started process (PID=10571) to work on /home/vscode/.local/lib/python3.10/site-packages/airflow/example_dags/example_datasets.py
[2026-01-03T13:50:12.577+0000] {processor.py:826} INFO - Processing file /home/vscode/.local/lib/python3.10/site-packages/airflow/example_dags/example_datasets.py for tasks to queue
[2026-01-03T13:50:12.578+0000] {logging_mixin.py:150} INFO - [2026-01-03T13:50:12.577+0000] {dagbag.py:541} INFO - Filling up the DagBag from /home/vscode/.local/lib/python3.10/site-packages/airflow/example_dags/example_datasets.py
[2026-01-03T13:50:12.585+0000] {processor.py:836} INFO - DAG(s) dict_keys(['dataset_consumes_1_never_scheduled', 'dataset_produces_2', 'dataset_consumes_unknown_never_scheduled', 'dataset_consumes_1_and_2', 'dataset_produces_1', 'dataset_consumes_1']) retrieved from /home/vscode/.local/lib/python3.10/site-packages/airflow/example_dags/example_datasets.py
[2026-01-03T13:50:12.607+0000] {logging_mixin.py:150} INFO - [2026-01-03T13:50:12.607+0000] {dag.py:2742} INFO - Sync 6 DAGs
[2026-01-03T13:50:12.623+0000] {logging_mixin.py:150} INFO - [2026-01-03T13:50:12.623+0000] {dag.py:3504} INFO - Setting next_dagrun for dataset_consumes_1 to None, run_after=None
[2026-01-03T13:50:12.625+0000] {logging_mixin.py:150} INFO - [2026-01-03T13:50:12.625+0000] {dag.py:3504} INFO - Setting next_dagrun for dataset_consumes_1_and_2 to None, run_after=None
[2026-01-03T13:50:12.626+0000] {logging_mixin.py:150} INFO - [2026-01-03T13:50:12.626+0000] {dag.py:3504} INFO - Setting next_dagrun for dataset_consumes_1_never_scheduled to None, run_after=None
[2026-01-03T13:50:12.627+0000] {logging_mixin.py:150} INFO - [2026-01-03T13:50:12.627+0000] {dag.py:3504} INFO - Setting next_dagrun for dataset_consumes_unknown_never_scheduled to None, run_after=None
[2026-01-03T13:50:12.629+0000] {logging_mixin.py:150} INFO - [2026-01-03T13:50:12.629+0000] {dag.py:3504} INFO - Setting next_dagrun for dataset_produces_1 to 2026-01-02T00:00:00+00:00, run_after=2026-01-03T00:00:00+00:00
[2026-01-03T13:50:12.629+0000] {logging_mixin.py:150} INFO - [2026-01-03T13:50:12.629+0000] {dag.py:3504} INFO - Setting next_dagrun for dataset_produces_2 to None, run_after=None
[2026-01-03T13:50:12.651+0000] {processor.py:179} INFO - Processing /home/vscode/.local/lib/python3.10/site-packages/airflow/example_dags/example_datasets.py took 0.078 seconds
[2026-01-03T13:50:55.666+0000] {processor.py:157} INFO - Started process (PID=10888) to work on /home/vscode/.local/lib/python3.10/site-packages/airflow/example_dags/example_datasets.py
[2026-01-03T13:50:55.666+0000] {processor.py:826} INFO - Processing file /home/vscode/.local/lib/python3.10/site-packages/airflow/example_dags/example_datasets.py for tasks to queue
[2026-01-03T13:50:55.667+0000] {logging_mixin.py:150} INFO - [2026-01-03T13:50:55.667+0000] {dagbag.py:541} INFO - Filling up the DagBag from /home/vscode/.local/lib/python3.10/site-packages/airflow/example_dags/example_datasets.py
[2026-01-03T13:50:55.675+0000] {processor.py:836} INFO - DAG(s) dict_keys(['dataset_consumes_1_and_2', 'dataset_consumes_1_never_scheduled', 'dataset_produces_2', 'dataset_consumes_1', 'dataset_consumes_unknown_never_scheduled', 'dataset_produces_1']) retrieved from /home/vscode/.local/lib/python3.10/site-packages/airflow/example_dags/example_datasets.py
[2026-01-03T13:50:55.697+0000] {logging_mixin.py:150} INFO - [2026-01-03T13:50:55.697+0000] {dag.py:2742} INFO - Sync 6 DAGs
[2026-01-03T13:50:55.713+0000] {logging_mixin.py:150} INFO - [2026-01-03T13:50:55.713+0000] {dag.py:3504} INFO - Setting next_dagrun for dataset_consumes_1 to None, run_after=None
[2026-01-03T13:50:55.715+0000] {logging_mixin.py:150} INFO - [2026-01-03T13:50:55.715+0000] {dag.py:3504} INFO - Setting next_dagrun for dataset_consumes_1_and_2 to None, run_after=None
[2026-01-03T13:50:55.716+0000] {logging_mixin.py:150} INFO - [2026-01-03T13:50:55.716+0000] {dag.py:3504} INFO - Setting next_dagrun for dataset_consumes_1_never_scheduled to None, run_after=None
[2026-01-03T13:50:55.717+0000] {logging_mixin.py:150} INFO - [2026-01-03T13:50:55.717+0000] {dag.py:3504} INFO - Setting next_dagrun for dataset_consumes_unknown_never_scheduled to None, run_after=None
[2026-01-03T13:50:55.719+0000] {logging_mixin.py:150} INFO - [2026-01-03T13:50:55.719+0000] {dag.py:3504} INFO - Setting next_dagrun for dataset_produces_1 to 2026-01-02T00:00:00+00:00, run_after=2026-01-03T00:00:00+00:00
[2026-01-03T13:50:55.720+0000] {logging_mixin.py:150} INFO - [2026-01-03T13:50:55.719+0000] {dag.py:3504} INFO - Setting next_dagrun for dataset_produces_2 to None, run_after=None
[2026-01-03T13:50:55.742+0000] {processor.py:179} INFO - Processing /home/vscode/.local/lib/python3.10/site-packages/airflow/example_dags/example_datasets.py took 0.079 seconds
[2026-01-03T13:51:39.902+0000] {processor.py:157} INFO - Started process (PID=11193) to work on /home/vscode/.local/lib/python3.10/site-packages/airflow/example_dags/example_datasets.py
[2026-01-03T13:51:39.902+0000] {processor.py:826} INFO - Processing file /home/vscode/.local/lib/python3.10/site-packages/airflow/example_dags/example_datasets.py for tasks to queue
[2026-01-03T13:51:39.903+0000] {logging_mixin.py:150} INFO - [2026-01-03T13:51:39.903+0000] {dagbag.py:541} INFO - Filling up the DagBag from /home/vscode/.local/lib/python3.10/site-packages/airflow/example_dags/example_datasets.py
[2026-01-03T13:51:39.911+0000] {processor.py:836} INFO - DAG(s) dict_keys(['dataset_consumes_1', 'dataset_produces_2', 'dataset_consumes_1_and_2', 'dataset_consumes_unknown_never_scheduled', 'dataset_produces_1', 'dataset_consumes_1_never_scheduled']) retrieved from /home/vscode/.local/lib/python3.10/site-packages/airflow/example_dags/example_datasets.py
[2026-01-03T13:51:39.933+0000] {logging_mixin.py:150} INFO - [2026-01-03T13:51:39.933+0000] {dag.py:2742} INFO - Sync 6 DAGs
[2026-01-03T13:51:39.949+0000] {logging_mixin.py:150} INFO - [2026-01-03T13:51:39.949+0000] {dag.py:3504} INFO - Setting next_dagrun for dataset_consumes_1 to None, run_after=None
[2026-01-03T13:51:39.951+0000] {logging_mixin.py:150} INFO - [2026-01-03T13:51:39.951+0000] {dag.py:3504} INFO - Setting next_dagrun for dataset_consumes_1_and_2 to None, run_after=None
[2026-01-03T13:51:39.952+0000] {logging_mixin.py:150} INFO - [2026-01-03T13:51:39.952+0000] {dag.py:3504} INFO - Setting next_dagrun for dataset_consumes_1_never_scheduled to None, run_after=None
[2026-01-03T13:51:39.953+0000] {logging_mixin.py:150} INFO - [2026-01-03T13:51:39.953+0000] {dag.py:3504} INFO - Setting next_dagrun for dataset_consumes_unknown_never_scheduled to None, run_after=None
[2026-01-03T13:51:39.955+0000] {logging_mixin.py:150} INFO - [2026-01-03T13:51:39.954+0000] {dag.py:3504} INFO - Setting next_dagrun for dataset_produces_1 to 2026-01-02T00:00:00+00:00, run_after=2026-01-03T00:00:00+00:00
[2026-01-03T13:51:39.955+0000] {logging_mixin.py:150} INFO - [2026-01-03T13:51:39.955+0000] {dag.py:3504} INFO - Setting next_dagrun for dataset_produces_2 to None, run_after=None
[2026-01-03T13:51:39.977+0000] {processor.py:179} INFO - Processing /home/vscode/.local/lib/python3.10/site-packages/airflow/example_dags/example_datasets.py took 0.078 seconds
[2026-01-03T13:52:24.538+0000] {processor.py:157} INFO - Started process (PID=11533) to work on /home/vscode/.local/lib/python3.10/site-packages/airflow/example_dags/example_datasets.py
[2026-01-03T13:52:24.538+0000] {processor.py:826} INFO - Processing file /home/vscode/.local/lib/python3.10/site-packages/airflow/example_dags/example_datasets.py for tasks to queue
[2026-01-03T13:52:24.539+0000] {logging_mixin.py:150} INFO - [2026-01-03T13:52:24.539+0000] {dagbag.py:541} INFO - Filling up the DagBag from /home/vscode/.local/lib/python3.10/site-packages/airflow/example_dags/example_datasets.py
[2026-01-03T13:52:24.547+0000] {processor.py:836} INFO - DAG(s) dict_keys(['dataset_produces_2', 'dataset_consumes_unknown_never_scheduled', 'dataset_produces_1', 'dataset_consumes_1_and_2', 'dataset_consumes_1', 'dataset_consumes_1_never_scheduled']) retrieved from /home/vscode/.local/lib/python3.10/site-packages/airflow/example_dags/example_datasets.py
[2026-01-03T13:52:24.573+0000] {logging_mixin.py:150} INFO - [2026-01-03T13:52:24.573+0000] {dag.py:2742} INFO - Sync 6 DAGs
[2026-01-03T13:52:24.591+0000] {logging_mixin.py:150} INFO - [2026-01-03T13:52:24.591+0000] {dag.py:3504} INFO - Setting next_dagrun for dataset_consumes_1 to None, run_after=None
[2026-01-03T13:52:24.594+0000] {logging_mixin.py:150} INFO - [2026-01-03T13:52:24.593+0000] {dag.py:3504} INFO - Setting next_dagrun for dataset_consumes_1_and_2 to None, run_after=None
[2026-01-03T13:52:24.595+0000] {logging_mixin.py:150} INFO - [2026-01-03T13:52:24.594+0000] {dag.py:3504} INFO - Setting next_dagrun for dataset_consumes_1_never_scheduled to None, run_after=None
[2026-01-03T13:52:24.595+0000] {logging_mixin.py:150} INFO - [2026-01-03T13:52:24.595+0000] {dag.py:3504} INFO - Setting next_dagrun for dataset_consumes_unknown_never_scheduled to None, run_after=None
[2026-01-03T13:52:24.597+0000] {logging_mixin.py:150} INFO - [2026-01-03T13:52:24.597+0000] {dag.py:3504} INFO - Setting next_dagrun for dataset_produces_1 to 2026-01-02T00:00:00+00:00, run_after=2026-01-03T00:00:00+00:00
[2026-01-03T13:52:24.598+0000] {logging_mixin.py:150} INFO - [2026-01-03T13:52:24.598+0000] {dag.py:3504} INFO - Setting next_dagrun for dataset_produces_2 to None, run_after=None
[2026-01-03T13:52:24.622+0000] {processor.py:179} INFO - Processing /home/vscode/.local/lib/python3.10/site-packages/airflow/example_dags/example_datasets.py took 0.087 seconds
[2026-01-03T13:53:06.260+0000] {processor.py:157} INFO - Started process (PID=11828) to work on /home/vscode/.local/lib/python3.10/site-packages/airflow/example_dags/example_datasets.py
[2026-01-03T13:53:06.260+0000] {processor.py:826} INFO - Processing file /home/vscode/.local/lib/python3.10/site-packages/airflow/example_dags/example_datasets.py for tasks to queue
[2026-01-03T13:53:06.261+0000] {logging_mixin.py:150} INFO - [2026-01-03T13:53:06.261+0000] {dagbag.py:541} INFO - Filling up the DagBag from /home/vscode/.local/lib/python3.10/site-packages/airflow/example_dags/example_datasets.py
[2026-01-03T13:53:06.269+0000] {processor.py:836} INFO - DAG(s) dict_keys(['dataset_produces_2', 'dataset_consumes_1_never_scheduled', 'dataset_consumes_unknown_never_scheduled', 'dataset_consumes_1', 'dataset_produces_1', 'dataset_consumes_1_and_2']) retrieved from /home/vscode/.local/lib/python3.10/site-packages/airflow/example_dags/example_datasets.py
[2026-01-03T13:53:06.293+0000] {logging_mixin.py:150} INFO - [2026-01-03T13:53:06.293+0000] {dag.py:2742} INFO - Sync 6 DAGs
[2026-01-03T13:53:06.310+0000] {logging_mixin.py:150} INFO - [2026-01-03T13:53:06.309+0000] {dag.py:3504} INFO - Setting next_dagrun for dataset_consumes_1 to None, run_after=None
[2026-01-03T13:53:06.312+0000] {logging_mixin.py:150} INFO - [2026-01-03T13:53:06.312+0000] {dag.py:3504} INFO - Setting next_dagrun for dataset_consumes_1_and_2 to None, run_after=None
[2026-01-03T13:53:06.313+0000] {logging_mixin.py:150} INFO - [2026-01-03T13:53:06.313+0000] {dag.py:3504} INFO - Setting next_dagrun for dataset_consumes_1_never_scheduled to None, run_after=None
[2026-01-03T13:53:06.314+0000] {logging_mixin.py:150} INFO - [2026-01-03T13:53:06.314+0000] {dag.py:3504} INFO - Setting next_dagrun for dataset_consumes_unknown_never_scheduled to None, run_after=None
[2026-01-03T13:53:06.315+0000] {logging_mixin.py:150} INFO - [2026-01-03T13:53:06.315+0000] {dag.py:3504} INFO - Setting next_dagrun for dataset_produces_1 to 2026-01-02T00:00:00+00:00, run_after=2026-01-03T00:00:00+00:00
[2026-01-03T13:53:06.316+0000] {logging_mixin.py:150} INFO - [2026-01-03T13:53:06.316+0000] {dag.py:3504} INFO - Setting next_dagrun for dataset_produces_2 to None, run_after=None
[2026-01-03T13:53:06.338+0000] {processor.py:179} INFO - Processing /home/vscode/.local/lib/python3.10/site-packages/airflow/example_dags/example_datasets.py took 0.081 seconds
[2026-01-03T13:53:49.077+0000] {processor.py:157} INFO - Started process (PID=12190) to work on /home/vscode/.local/lib/python3.10/site-packages/airflow/example_dags/example_datasets.py
[2026-01-03T13:53:49.078+0000] {processor.py:826} INFO - Processing file /home/vscode/.local/lib/python3.10/site-packages/airflow/example_dags/example_datasets.py for tasks to queue
[2026-01-03T13:53:49.079+0000] {logging_mixin.py:150} INFO - [2026-01-03T13:53:49.078+0000] {dagbag.py:541} INFO - Filling up the DagBag from /home/vscode/.local/lib/python3.10/site-packages/airflow/example_dags/example_datasets.py
[2026-01-03T13:53:49.086+0000] {processor.py:836} INFO - DAG(s) dict_keys(['dataset_consumes_1_and_2', 'dataset_consumes_unknown_never_scheduled', 'dataset_produces_2', 'dataset_consumes_1', 'dataset_produces_1', 'dataset_consumes_1_never_scheduled']) retrieved from /home/vscode/.local/lib/python3.10/site-packages/airflow/example_dags/example_datasets.py
[2026-01-03T13:53:49.108+0000] {logging_mixin.py:150} INFO - [2026-01-03T13:53:49.108+0000] {dag.py:2742} INFO - Sync 6 DAGs
[2026-01-03T13:53:49.124+0000] {logging_mixin.py:150} INFO - [2026-01-03T13:53:49.124+0000] {dag.py:3504} INFO - Setting next_dagrun for dataset_consumes_1 to None, run_after=None
[2026-01-03T13:53:49.127+0000] {logging_mixin.py:150} INFO - [2026-01-03T13:53:49.126+0000] {dag.py:3504} INFO - Setting next_dagrun for dataset_consumes_1_and_2 to None, run_after=None
[2026-01-03T13:53:49.127+0000] {logging_mixin.py:150} INFO - [2026-01-03T13:53:49.127+0000] {dag.py:3504} INFO - Setting next_dagrun for dataset_consumes_1_never_scheduled to None, run_after=None
[2026-01-03T13:53:49.128+0000] {logging_mixin.py:150} INFO - [2026-01-03T13:53:49.128+0000] {dag.py:3504} INFO - Setting next_dagrun for dataset_consumes_unknown_never_scheduled to None, run_after=None
[2026-01-03T13:53:49.130+0000] {logging_mixin.py:150} INFO - [2026-01-03T13:53:49.130+0000] {dag.py:3504} INFO - Setting next_dagrun for dataset_produces_1 to 2026-01-02T00:00:00+00:00, run_after=2026-01-03T00:00:00+00:00
[2026-01-03T13:53:49.130+0000] {logging_mixin.py:150} INFO - [2026-01-03T13:53:49.130+0000] {dag.py:3504} INFO - Setting next_dagrun for dataset_produces_2 to None, run_after=None
[2026-01-03T13:53:49.152+0000] {processor.py:179} INFO - Processing /home/vscode/.local/lib/python3.10/site-packages/airflow/example_dags/example_datasets.py took 0.078 seconds
[2026-01-03T13:54:31.927+0000] {processor.py:157} INFO - Started process (PID=12518) to work on /home/vscode/.local/lib/python3.10/site-packages/airflow/example_dags/example_datasets.py
[2026-01-03T13:54:31.928+0000] {processor.py:826} INFO - Processing file /home/vscode/.local/lib/python3.10/site-packages/airflow/example_dags/example_datasets.py for tasks to queue
[2026-01-03T13:54:31.929+0000] {logging_mixin.py:150} INFO - [2026-01-03T13:54:31.928+0000] {dagbag.py:541} INFO - Filling up the DagBag from /home/vscode/.local/lib/python3.10/site-packages/airflow/example_dags/example_datasets.py
[2026-01-03T13:54:31.937+0000] {processor.py:836} INFO - DAG(s) dict_keys(['dataset_consumes_1_never_scheduled', 'dataset_produces_1', 'dataset_produces_2', 'dataset_consumes_1_and_2', 'dataset_consumes_unknown_never_scheduled', 'dataset_consumes_1']) retrieved from /home/vscode/.local/lib/python3.10/site-packages/airflow/example_dags/example_datasets.py
[2026-01-03T13:54:31.960+0000] {logging_mixin.py:150} INFO - [2026-01-03T13:54:31.959+0000] {dag.py:2742} INFO - Sync 6 DAGs
[2026-01-03T13:54:31.975+0000] {logging_mixin.py:150} INFO - [2026-01-03T13:54:31.975+0000] {dag.py:3504} INFO - Setting next_dagrun for dataset_consumes_1 to None, run_after=None
[2026-01-03T13:54:31.978+0000] {logging_mixin.py:150} INFO - [2026-01-03T13:54:31.978+0000] {dag.py:3504} INFO - Setting next_dagrun for dataset_consumes_1_and_2 to None, run_after=None
[2026-01-03T13:54:31.978+0000] {logging_mixin.py:150} INFO - [2026-01-03T13:54:31.978+0000] {dag.py:3504} INFO - Setting next_dagrun for dataset_consumes_1_never_scheduled to None, run_after=None
[2026-01-03T13:54:31.979+0000] {logging_mixin.py:150} INFO - [2026-01-03T13:54:31.979+0000] {dag.py:3504} INFO - Setting next_dagrun for dataset_consumes_unknown_never_scheduled to None, run_after=None
[2026-01-03T13:54:31.981+0000] {logging_mixin.py:150} INFO - [2026-01-03T13:54:31.981+0000] {dag.py:3504} INFO - Setting next_dagrun for dataset_produces_1 to 2026-01-02T00:00:00+00:00, run_after=2026-01-03T00:00:00+00:00
[2026-01-03T13:54:31.982+0000] {logging_mixin.py:150} INFO - [2026-01-03T13:54:31.981+0000] {dag.py:3504} INFO - Setting next_dagrun for dataset_produces_2 to None, run_after=None
[2026-01-03T13:54:32.003+0000] {processor.py:179} INFO - Processing /home/vscode/.local/lib/python3.10/site-packages/airflow/example_dags/example_datasets.py took 0.079 seconds
[2026-01-03T13:55:17.538+0000] {processor.py:157} INFO - Started process (PID=12868) to work on /home/vscode/.local/lib/python3.10/site-packages/airflow/example_dags/example_datasets.py
[2026-01-03T13:55:17.539+0000] {processor.py:826} INFO - Processing file /home/vscode/.local/lib/python3.10/site-packages/airflow/example_dags/example_datasets.py for tasks to queue
[2026-01-03T13:55:17.540+0000] {logging_mixin.py:150} INFO - [2026-01-03T13:55:17.539+0000] {dagbag.py:541} INFO - Filling up the DagBag from /home/vscode/.local/lib/python3.10/site-packages/airflow/example_dags/example_datasets.py
[2026-01-03T13:55:17.548+0000] {processor.py:836} INFO - DAG(s) dict_keys(['dataset_produces_1', 'dataset_consumes_1_never_scheduled', 'dataset_consumes_1', 'dataset_consumes_unknown_never_scheduled', 'dataset_consumes_1_and_2', 'dataset_produces_2']) retrieved from /home/vscode/.local/lib/python3.10/site-packages/airflow/example_dags/example_datasets.py
[2026-01-03T13:55:17.572+0000] {logging_mixin.py:150} INFO - [2026-01-03T13:55:17.572+0000] {dag.py:2742} INFO - Sync 6 DAGs
[2026-01-03T13:55:17.588+0000] {logging_mixin.py:150} INFO - [2026-01-03T13:55:17.588+0000] {dag.py:3504} INFO - Setting next_dagrun for dataset_consumes_1 to None, run_after=None
[2026-01-03T13:55:17.591+0000] {logging_mixin.py:150} INFO - [2026-01-03T13:55:17.591+0000] {dag.py:3504} INFO - Setting next_dagrun for dataset_consumes_1_and_2 to None, run_after=None
[2026-01-03T13:55:17.592+0000] {logging_mixin.py:150} INFO - [2026-01-03T13:55:17.591+0000] {dag.py:3504} INFO - Setting next_dagrun for dataset_consumes_1_never_scheduled to None, run_after=None
[2026-01-03T13:55:17.592+0000] {logging_mixin.py:150} INFO - [2026-01-03T13:55:17.592+0000] {dag.py:3504} INFO - Setting next_dagrun for dataset_consumes_unknown_never_scheduled to None, run_after=None
[2026-01-03T13:55:17.594+0000] {logging_mixin.py:150} INFO - [2026-01-03T13:55:17.594+0000] {dag.py:3504} INFO - Setting next_dagrun for dataset_produces_1 to 2026-01-02T00:00:00+00:00, run_after=2026-01-03T00:00:00+00:00
[2026-01-03T13:55:17.595+0000] {logging_mixin.py:150} INFO - [2026-01-03T13:55:17.594+0000] {dag.py:3504} INFO - Setting next_dagrun for dataset_produces_2 to None, run_after=None
[2026-01-03T13:55:17.616+0000] {processor.py:179} INFO - Processing /home/vscode/.local/lib/python3.10/site-packages/airflow/example_dags/example_datasets.py took 0.080 seconds
[2026-01-03T13:56:00.797+0000] {processor.py:157} INFO - Started process (PID=13344) to work on /home/vscode/.local/lib/python3.10/site-packages/airflow/example_dags/example_datasets.py
[2026-01-03T13:56:00.798+0000] {processor.py:826} INFO - Processing file /home/vscode/.local/lib/python3.10/site-packages/airflow/example_dags/example_datasets.py for tasks to queue
[2026-01-03T13:56:00.798+0000] {logging_mixin.py:150} INFO - [2026-01-03T13:56:00.798+0000] {dagbag.py:541} INFO - Filling up the DagBag from /home/vscode/.local/lib/python3.10/site-packages/airflow/example_dags/example_datasets.py
[2026-01-03T13:56:00.806+0000] {processor.py:836} INFO - DAG(s) dict_keys(['dataset_consumes_unknown_never_scheduled', 'dataset_consumes_1_never_scheduled', 'dataset_produces_2', 'dataset_consumes_1', 'dataset_produces_1', 'dataset_consumes_1_and_2']) retrieved from /home/vscode/.local/lib/python3.10/site-packages/airflow/example_dags/example_datasets.py
[2026-01-03T13:56:00.828+0000] {logging_mixin.py:150} INFO - [2026-01-03T13:56:00.828+0000] {dag.py:2742} INFO - Sync 6 DAGs
[2026-01-03T13:56:00.844+0000] {logging_mixin.py:150} INFO - [2026-01-03T13:56:00.844+0000] {dag.py:3504} INFO - Setting next_dagrun for dataset_consumes_1 to None, run_after=None
[2026-01-03T13:56:00.846+0000] {logging_mixin.py:150} INFO - [2026-01-03T13:56:00.846+0000] {dag.py:3504} INFO - Setting next_dagrun for dataset_consumes_1_and_2 to None, run_after=None
[2026-01-03T13:56:00.847+0000] {logging_mixin.py:150} INFO - [2026-01-03T13:56:00.847+0000] {dag.py:3504} INFO - Setting next_dagrun for dataset_consumes_1_never_scheduled to None, run_after=None
[2026-01-03T13:56:00.848+0000] {logging_mixin.py:150} INFO - [2026-01-03T13:56:00.848+0000] {dag.py:3504} INFO - Setting next_dagrun for dataset_consumes_unknown_never_scheduled to None, run_after=None
[2026-01-03T13:56:00.849+0000] {logging_mixin.py:150} INFO - [2026-01-03T13:56:00.849+0000] {dag.py:3504} INFO - Setting next_dagrun for dataset_produces_1 to 2026-01-02T00:00:00+00:00, run_after=2026-01-03T00:00:00+00:00
[2026-01-03T13:56:00.850+0000] {logging_mixin.py:150} INFO - [2026-01-03T13:56:00.850+0000] {dag.py:3504} INFO - Setting next_dagrun for dataset_produces_2 to None, run_after=None
[2026-01-03T13:56:00.871+0000] {processor.py:179} INFO - Processing /home/vscode/.local/lib/python3.10/site-packages/airflow/example_dags/example_datasets.py took 0.078 seconds
[2026-01-03T13:56:44.176+0000] {processor.py:157} INFO - Started process (PID=13754) to work on /home/vscode/.local/lib/python3.10/site-packages/airflow/example_dags/example_datasets.py
[2026-01-03T13:56:44.177+0000] {processor.py:826} INFO - Processing file /home/vscode/.local/lib/python3.10/site-packages/airflow/example_dags/example_datasets.py for tasks to queue
[2026-01-03T13:56:44.177+0000] {logging_mixin.py:150} INFO - [2026-01-03T13:56:44.177+0000] {dagbag.py:541} INFO - Filling up the DagBag from /home/vscode/.local/lib/python3.10/site-packages/airflow/example_dags/example_datasets.py
[2026-01-03T13:56:44.186+0000] {processor.py:836} INFO - DAG(s) dict_keys(['dataset_consumes_1', 'dataset_consumes_1_never_scheduled', 'dataset_consumes_unknown_never_scheduled', 'dataset_produces_2', 'dataset_consumes_1_and_2', 'dataset_produces_1']) retrieved from /home/vscode/.local/lib/python3.10/site-packages/airflow/example_dags/example_datasets.py
[2026-01-03T13:56:44.210+0000] {logging_mixin.py:150} INFO - [2026-01-03T13:56:44.210+0000] {dag.py:2742} INFO - Sync 6 DAGs
[2026-01-03T13:56:44.227+0000] {logging_mixin.py:150} INFO - [2026-01-03T13:56:44.226+0000] {dag.py:3504} INFO - Setting next_dagrun for dataset_consumes_1 to None, run_after=None
[2026-01-03T13:56:44.230+0000] {logging_mixin.py:150} INFO - [2026-01-03T13:56:44.230+0000] {dag.py:3504} INFO - Setting next_dagrun for dataset_consumes_1_and_2 to None, run_after=None
[2026-01-03T13:56:44.231+0000] {logging_mixin.py:150} INFO - [2026-01-03T13:56:44.231+0000] {dag.py:3504} INFO - Setting next_dagrun for dataset_consumes_1_never_scheduled to None, run_after=None
[2026-01-03T13:56:44.232+0000] {logging_mixin.py:150} INFO - [2026-01-03T13:56:44.232+0000] {dag.py:3504} INFO - Setting next_dagrun for dataset_consumes_unknown_never_scheduled to None, run_after=None
[2026-01-03T13:56:44.235+0000] {logging_mixin.py:150} INFO - [2026-01-03T13:56:44.235+0000] {dag.py:3504} INFO - Setting next_dagrun for dataset_produces_1 to 2026-01-02T00:00:00+00:00, run_after=2026-01-03T00:00:00+00:00
[2026-01-03T13:56:44.236+0000] {logging_mixin.py:150} INFO - [2026-01-03T13:56:44.236+0000] {dag.py:3504} INFO - Setting next_dagrun for dataset_produces_2 to None, run_after=None
[2026-01-03T13:56:44.264+0000] {processor.py:179} INFO - Processing /home/vscode/.local/lib/python3.10/site-packages/airflow/example_dags/example_datasets.py took 0.091 seconds
[2026-01-03T13:57:29.255+0000] {processor.py:157} INFO - Started process (PID=14062) to work on /home/vscode/.local/lib/python3.10/site-packages/airflow/example_dags/example_datasets.py
[2026-01-03T13:57:29.256+0000] {processor.py:826} INFO - Processing file /home/vscode/.local/lib/python3.10/site-packages/airflow/example_dags/example_datasets.py for tasks to queue
[2026-01-03T13:57:29.257+0000] {logging_mixin.py:150} INFO - [2026-01-03T13:57:29.256+0000] {dagbag.py:541} INFO - Filling up the DagBag from /home/vscode/.local/lib/python3.10/site-packages/airflow/example_dags/example_datasets.py
[2026-01-03T13:57:29.264+0000] {processor.py:836} INFO - DAG(s) dict_keys(['dataset_produces_2', 'dataset_consumes_1_never_scheduled', 'dataset_consumes_1', 'dataset_consumes_unknown_never_scheduled', 'dataset_produces_1', 'dataset_consumes_1_and_2']) retrieved from /home/vscode/.local/lib/python3.10/site-packages/airflow/example_dags/example_datasets.py
[2026-01-03T13:57:29.286+0000] {logging_mixin.py:150} INFO - [2026-01-03T13:57:29.286+0000] {dag.py:2742} INFO - Sync 6 DAGs
[2026-01-03T13:57:29.302+0000] {logging_mixin.py:150} INFO - [2026-01-03T13:57:29.301+0000] {dag.py:3504} INFO - Setting next_dagrun for dataset_consumes_1 to None, run_after=None
[2026-01-03T13:57:29.304+0000] {logging_mixin.py:150} INFO - [2026-01-03T13:57:29.304+0000] {dag.py:3504} INFO - Setting next_dagrun for dataset_consumes_1_and_2 to None, run_after=None
[2026-01-03T13:57:29.304+0000] {logging_mixin.py:150} INFO - [2026-01-03T13:57:29.304+0000] {dag.py:3504} INFO - Setting next_dagrun for dataset_consumes_1_never_scheduled to None, run_after=None
[2026-01-03T13:57:29.305+0000] {logging_mixin.py:150} INFO - [2026-01-03T13:57:29.305+0000] {dag.py:3504} INFO - Setting next_dagrun for dataset_consumes_unknown_never_scheduled to None, run_after=None
[2026-01-03T13:57:29.307+0000] {logging_mixin.py:150} INFO - [2026-01-03T13:57:29.307+0000] {dag.py:3504} INFO - Setting next_dagrun for dataset_produces_1 to 2026-01-02T00:00:00+00:00, run_after=2026-01-03T00:00:00+00:00
[2026-01-03T13:57:29.307+0000] {logging_mixin.py:150} INFO - [2026-01-03T13:57:29.307+0000] {dag.py:3504} INFO - Setting next_dagrun for dataset_produces_2 to None, run_after=None
[2026-01-03T13:57:29.328+0000] {processor.py:179} INFO - Processing /home/vscode/.local/lib/python3.10/site-packages/airflow/example_dags/example_datasets.py took 0.075 seconds
[2026-01-03T13:58:10.367+0000] {processor.py:157} INFO - Started process (PID=14340) to work on /home/vscode/.local/lib/python3.10/site-packages/airflow/example_dags/example_datasets.py
[2026-01-03T13:58:10.368+0000] {processor.py:826} INFO - Processing file /home/vscode/.local/lib/python3.10/site-packages/airflow/example_dags/example_datasets.py for tasks to queue
[2026-01-03T13:58:10.369+0000] {logging_mixin.py:150} INFO - [2026-01-03T13:58:10.368+0000] {dagbag.py:541} INFO - Filling up the DagBag from /home/vscode/.local/lib/python3.10/site-packages/airflow/example_dags/example_datasets.py
[2026-01-03T13:58:10.376+0000] {processor.py:836} INFO - DAG(s) dict_keys(['dataset_consumes_1', 'dataset_consumes_1_never_scheduled', 'dataset_consumes_unknown_never_scheduled', 'dataset_consumes_1_and_2', 'dataset_produces_1', 'dataset_produces_2']) retrieved from /home/vscode/.local/lib/python3.10/site-packages/airflow/example_dags/example_datasets.py
[2026-01-03T13:58:10.398+0000] {logging_mixin.py:150} INFO - [2026-01-03T13:58:10.398+0000] {dag.py:2742} INFO - Sync 6 DAGs
[2026-01-03T13:58:10.413+0000] {logging_mixin.py:150} INFO - [2026-01-03T13:58:10.413+0000] {dag.py:3504} INFO - Setting next_dagrun for dataset_consumes_1 to None, run_after=None
[2026-01-03T13:58:10.415+0000] {logging_mixin.py:150} INFO - [2026-01-03T13:58:10.415+0000] {dag.py:3504} INFO - Setting next_dagrun for dataset_consumes_1_and_2 to None, run_after=None
[2026-01-03T13:58:10.416+0000] {logging_mixin.py:150} INFO - [2026-01-03T13:58:10.416+0000] {dag.py:3504} INFO - Setting next_dagrun for dataset_consumes_1_never_scheduled to None, run_after=None
[2026-01-03T13:58:10.417+0000] {logging_mixin.py:150} INFO - [2026-01-03T13:58:10.417+0000] {dag.py:3504} INFO - Setting next_dagrun for dataset_consumes_unknown_never_scheduled to None, run_after=None
[2026-01-03T13:58:10.418+0000] {logging_mixin.py:150} INFO - [2026-01-03T13:58:10.418+0000] {dag.py:3504} INFO - Setting next_dagrun for dataset_produces_1 to 2026-01-02T00:00:00+00:00, run_after=2026-01-03T00:00:00+00:00
[2026-01-03T13:58:10.419+0000] {logging_mixin.py:150} INFO - [2026-01-03T13:58:10.419+0000] {dag.py:3504} INFO - Setting next_dagrun for dataset_produces_2 to None, run_after=None
[2026-01-03T13:58:10.441+0000] {processor.py:179} INFO - Processing /home/vscode/.local/lib/python3.10/site-packages/airflow/example_dags/example_datasets.py took 0.076 seconds
[2026-01-03T13:58:51.443+0000] {processor.py:157} INFO - Started process (PID=14640) to work on /home/vscode/.local/lib/python3.10/site-packages/airflow/example_dags/example_datasets.py
[2026-01-03T13:58:51.443+0000] {processor.py:826} INFO - Processing file /home/vscode/.local/lib/python3.10/site-packages/airflow/example_dags/example_datasets.py for tasks to queue
[2026-01-03T13:58:51.444+0000] {logging_mixin.py:150} INFO - [2026-01-03T13:58:51.444+0000] {dagbag.py:541} INFO - Filling up the DagBag from /home/vscode/.local/lib/python3.10/site-packages/airflow/example_dags/example_datasets.py
[2026-01-03T13:58:51.451+0000] {processor.py:836} INFO - DAG(s) dict_keys(['dataset_produces_2', 'dataset_consumes_unknown_never_scheduled', 'dataset_consumes_1', 'dataset_produces_1', 'dataset_consumes_1_and_2', 'dataset_consumes_1_never_scheduled']) retrieved from /home/vscode/.local/lib/python3.10/site-packages/airflow/example_dags/example_datasets.py
[2026-01-03T13:58:51.474+0000] {logging_mixin.py:150} INFO - [2026-01-03T13:58:51.473+0000] {dag.py:2742} INFO - Sync 6 DAGs
[2026-01-03T13:58:51.489+0000] {logging_mixin.py:150} INFO - [2026-01-03T13:58:51.489+0000] {dag.py:3504} INFO - Setting next_dagrun for dataset_consumes_1 to None, run_after=None
[2026-01-03T13:58:51.491+0000] {logging_mixin.py:150} INFO - [2026-01-03T13:58:51.491+0000] {dag.py:3504} INFO - Setting next_dagrun for dataset_consumes_1_and_2 to None, run_after=None
[2026-01-03T13:58:51.492+0000] {logging_mixin.py:150} INFO - [2026-01-03T13:58:51.492+0000] {dag.py:3504} INFO - Setting next_dagrun for dataset_consumes_1_never_scheduled to None, run_after=None
[2026-01-03T13:58:51.493+0000] {logging_mixin.py:150} INFO - [2026-01-03T13:58:51.492+0000] {dag.py:3504} INFO - Setting next_dagrun for dataset_consumes_unknown_never_scheduled to None, run_after=None
[2026-01-03T13:58:51.494+0000] {logging_mixin.py:150} INFO - [2026-01-03T13:58:51.494+0000] {dag.py:3504} INFO - Setting next_dagrun for dataset_produces_1 to 2026-01-02T00:00:00+00:00, run_after=2026-01-03T00:00:00+00:00
[2026-01-03T13:58:51.495+0000] {logging_mixin.py:150} INFO - [2026-01-03T13:58:51.495+0000] {dag.py:3504} INFO - Setting next_dagrun for dataset_produces_2 to None, run_after=None
[2026-01-03T13:58:51.519+0000] {processor.py:179} INFO - Processing /home/vscode/.local/lib/python3.10/site-packages/airflow/example_dags/example_datasets.py took 0.079 seconds
[2026-01-03T13:59:43.674+0000] {processor.py:157} INFO - Started process (PID=14992) to work on /home/vscode/.local/lib/python3.10/site-packages/airflow/example_dags/example_datasets.py
[2026-01-03T13:59:43.674+0000] {processor.py:826} INFO - Processing file /home/vscode/.local/lib/python3.10/site-packages/airflow/example_dags/example_datasets.py for tasks to queue
[2026-01-03T13:59:43.675+0000] {logging_mixin.py:150} INFO - [2026-01-03T13:59:43.675+0000] {dagbag.py:541} INFO - Filling up the DagBag from /home/vscode/.local/lib/python3.10/site-packages/airflow/example_dags/example_datasets.py
[2026-01-03T13:59:43.682+0000] {processor.py:836} INFO - DAG(s) dict_keys(['dataset_consumes_1', 'dataset_produces_1', 'dataset_consumes_1_and_2', 'dataset_produces_2', 'dataset_consumes_unknown_never_scheduled', 'dataset_consumes_1_never_scheduled']) retrieved from /home/vscode/.local/lib/python3.10/site-packages/airflow/example_dags/example_datasets.py
[2026-01-03T13:59:43.704+0000] {logging_mixin.py:150} INFO - [2026-01-03T13:59:43.704+0000] {dag.py:2742} INFO - Sync 6 DAGs
[2026-01-03T13:59:43.719+0000] {logging_mixin.py:150} INFO - [2026-01-03T13:59:43.719+0000] {dag.py:3504} INFO - Setting next_dagrun for dataset_consumes_1 to None, run_after=None
[2026-01-03T13:59:43.721+0000] {logging_mixin.py:150} INFO - [2026-01-03T13:59:43.721+0000] {dag.py:3504} INFO - Setting next_dagrun for dataset_consumes_1_and_2 to None, run_after=None
[2026-01-03T13:59:43.722+0000] {logging_mixin.py:150} INFO - [2026-01-03T13:59:43.722+0000] {dag.py:3504} INFO - Setting next_dagrun for dataset_consumes_1_never_scheduled to None, run_after=None
[2026-01-03T13:59:43.723+0000] {logging_mixin.py:150} INFO - [2026-01-03T13:59:43.723+0000] {dag.py:3504} INFO - Setting next_dagrun for dataset_consumes_unknown_never_scheduled to None, run_after=None
[2026-01-03T13:59:43.724+0000] {logging_mixin.py:150} INFO - [2026-01-03T13:59:43.724+0000] {dag.py:3504} INFO - Setting next_dagrun for dataset_produces_1 to 2026-01-02T00:00:00+00:00, run_after=2026-01-03T00:00:00+00:00
[2026-01-03T13:59:43.725+0000] {logging_mixin.py:150} INFO - [2026-01-03T13:59:43.725+0000] {dag.py:3504} INFO - Setting next_dagrun for dataset_produces_2 to None, run_after=None
[2026-01-03T13:59:43.745+0000] {processor.py:179} INFO - Processing /home/vscode/.local/lib/python3.10/site-packages/airflow/example_dags/example_datasets.py took 0.074 seconds
[2026-01-03T14:00:27.907+0000] {processor.py:157} INFO - Started process (PID=15293) to work on /home/vscode/.local/lib/python3.10/site-packages/airflow/example_dags/example_datasets.py
[2026-01-03T14:00:27.907+0000] {processor.py:826} INFO - Processing file /home/vscode/.local/lib/python3.10/site-packages/airflow/example_dags/example_datasets.py for tasks to queue
[2026-01-03T14:00:27.908+0000] {logging_mixin.py:150} INFO - [2026-01-03T14:00:27.908+0000] {dagbag.py:541} INFO - Filling up the DagBag from /home/vscode/.local/lib/python3.10/site-packages/airflow/example_dags/example_datasets.py
[2026-01-03T14:00:27.915+0000] {processor.py:836} INFO - DAG(s) dict_keys(['dataset_consumes_1', 'dataset_consumes_1_and_2', 'dataset_produces_2', 'dataset_produces_1', 'dataset_consumes_1_never_scheduled', 'dataset_consumes_unknown_never_scheduled']) retrieved from /home/vscode/.local/lib/python3.10/site-packages/airflow/example_dags/example_datasets.py
[2026-01-03T14:00:27.936+0000] {logging_mixin.py:150} INFO - [2026-01-03T14:00:27.936+0000] {dag.py:2742} INFO - Sync 6 DAGs
[2026-01-03T14:00:27.952+0000] {logging_mixin.py:150} INFO - [2026-01-03T14:00:27.952+0000] {dag.py:3504} INFO - Setting next_dagrun for dataset_consumes_1 to None, run_after=None
[2026-01-03T14:00:27.955+0000] {logging_mixin.py:150} INFO - [2026-01-03T14:00:27.955+0000] {dag.py:3504} INFO - Setting next_dagrun for dataset_consumes_1_and_2 to None, run_after=None
[2026-01-03T14:00:27.955+0000] {logging_mixin.py:150} INFO - [2026-01-03T14:00:27.955+0000] {dag.py:3504} INFO - Setting next_dagrun for dataset_consumes_1_never_scheduled to None, run_after=None
[2026-01-03T14:00:27.956+0000] {logging_mixin.py:150} INFO - [2026-01-03T14:00:27.956+0000] {dag.py:3504} INFO - Setting next_dagrun for dataset_consumes_unknown_never_scheduled to None, run_after=None
[2026-01-03T14:00:27.958+0000] {logging_mixin.py:150} INFO - [2026-01-03T14:00:27.958+0000] {dag.py:3504} INFO - Setting next_dagrun for dataset_produces_1 to 2026-01-02T00:00:00+00:00, run_after=2026-01-03T00:00:00+00:00
[2026-01-03T14:00:27.958+0000] {logging_mixin.py:150} INFO - [2026-01-03T14:00:27.958+0000] {dag.py:3504} INFO - Setting next_dagrun for dataset_produces_2 to None, run_after=None
[2026-01-03T14:00:27.979+0000] {processor.py:179} INFO - Processing /home/vscode/.local/lib/python3.10/site-packages/airflow/example_dags/example_datasets.py took 0.075 seconds
[2026-01-03T14:01:08.904+0000] {processor.py:157} INFO - Started process (PID=15570) to work on /home/vscode/.local/lib/python3.10/site-packages/airflow/example_dags/example_datasets.py
[2026-01-03T14:01:08.905+0000] {processor.py:826} INFO - Processing file /home/vscode/.local/lib/python3.10/site-packages/airflow/example_dags/example_datasets.py for tasks to queue
[2026-01-03T14:01:08.906+0000] {logging_mixin.py:150} INFO - [2026-01-03T14:01:08.905+0000] {dagbag.py:541} INFO - Filling up the DagBag from /home/vscode/.local/lib/python3.10/site-packages/airflow/example_dags/example_datasets.py
[2026-01-03T14:01:08.913+0000] {processor.py:836} INFO - DAG(s) dict_keys(['dataset_produces_2', 'dataset_produces_1', 'dataset_consumes_1_never_scheduled', 'dataset_consumes_1', 'dataset_consumes_1_and_2', 'dataset_consumes_unknown_never_scheduled']) retrieved from /home/vscode/.local/lib/python3.10/site-packages/airflow/example_dags/example_datasets.py
[2026-01-03T14:01:08.935+0000] {logging_mixin.py:150} INFO - [2026-01-03T14:01:08.935+0000] {dag.py:2742} INFO - Sync 6 DAGs
[2026-01-03T14:01:08.951+0000] {logging_mixin.py:150} INFO - [2026-01-03T14:01:08.951+0000] {dag.py:3504} INFO - Setting next_dagrun for dataset_consumes_1 to None, run_after=None
[2026-01-03T14:01:08.953+0000] {logging_mixin.py:150} INFO - [2026-01-03T14:01:08.953+0000] {dag.py:3504} INFO - Setting next_dagrun for dataset_consumes_1_and_2 to None, run_after=None
[2026-01-03T14:01:08.954+0000] {logging_mixin.py:150} INFO - [2026-01-03T14:01:08.954+0000] {dag.py:3504} INFO - Setting next_dagrun for dataset_consumes_1_never_scheduled to None, run_after=None
[2026-01-03T14:01:08.955+0000] {logging_mixin.py:150} INFO - [2026-01-03T14:01:08.955+0000] {dag.py:3504} INFO - Setting next_dagrun for dataset_consumes_unknown_never_scheduled to None, run_after=None
[2026-01-03T14:01:08.956+0000] {logging_mixin.py:150} INFO - [2026-01-03T14:01:08.956+0000] {dag.py:3504} INFO - Setting next_dagrun for dataset_produces_1 to 2026-01-02T00:00:00+00:00, run_after=2026-01-03T00:00:00+00:00
[2026-01-03T14:01:08.957+0000] {logging_mixin.py:150} INFO - [2026-01-03T14:01:08.957+0000] {dag.py:3504} INFO - Setting next_dagrun for dataset_produces_2 to None, run_after=None
[2026-01-03T14:01:08.978+0000] {processor.py:179} INFO - Processing /home/vscode/.local/lib/python3.10/site-packages/airflow/example_dags/example_datasets.py took 0.076 seconds
[2026-01-03T14:01:53.141+0000] {processor.py:157} INFO - Started process (PID=15898) to work on /home/vscode/.local/lib/python3.10/site-packages/airflow/example_dags/example_datasets.py
[2026-01-03T14:01:53.142+0000] {processor.py:826} INFO - Processing file /home/vscode/.local/lib/python3.10/site-packages/airflow/example_dags/example_datasets.py for tasks to queue
[2026-01-03T14:01:53.142+0000] {logging_mixin.py:150} INFO - [2026-01-03T14:01:53.142+0000] {dagbag.py:541} INFO - Filling up the DagBag from /home/vscode/.local/lib/python3.10/site-packages/airflow/example_dags/example_datasets.py
[2026-01-03T14:01:53.150+0000] {processor.py:836} INFO - DAG(s) dict_keys(['dataset_produces_1', 'dataset_consumes_1', 'dataset_consumes_1_never_scheduled', 'dataset_consumes_1_and_2', 'dataset_consumes_unknown_never_scheduled', 'dataset_produces_2']) retrieved from /home/vscode/.local/lib/python3.10/site-packages/airflow/example_dags/example_datasets.py
[2026-01-03T14:01:53.171+0000] {logging_mixin.py:150} INFO - [2026-01-03T14:01:53.171+0000] {dag.py:2742} INFO - Sync 6 DAGs
[2026-01-03T14:01:53.187+0000] {logging_mixin.py:150} INFO - [2026-01-03T14:01:53.186+0000] {dag.py:3504} INFO - Setting next_dagrun for dataset_consumes_1 to None, run_after=None
[2026-01-03T14:01:53.189+0000] {logging_mixin.py:150} INFO - [2026-01-03T14:01:53.189+0000] {dag.py:3504} INFO - Setting next_dagrun for dataset_consumes_1_and_2 to None, run_after=None
[2026-01-03T14:01:53.189+0000] {logging_mixin.py:150} INFO - [2026-01-03T14:01:53.189+0000] {dag.py:3504} INFO - Setting next_dagrun for dataset_consumes_1_never_scheduled to None, run_after=None
[2026-01-03T14:01:53.190+0000] {logging_mixin.py:150} INFO - [2026-01-03T14:01:53.190+0000] {dag.py:3504} INFO - Setting next_dagrun for dataset_consumes_unknown_never_scheduled to None, run_after=None
[2026-01-03T14:01:53.192+0000] {logging_mixin.py:150} INFO - [2026-01-03T14:01:53.191+0000] {dag.py:3504} INFO - Setting next_dagrun for dataset_produces_1 to 2026-01-02T00:00:00+00:00, run_after=2026-01-03T00:00:00+00:00
[2026-01-03T14:01:53.192+0000] {logging_mixin.py:150} INFO - [2026-01-03T14:01:53.192+0000] {dag.py:3504} INFO - Setting next_dagrun for dataset_produces_2 to None, run_after=None
[2026-01-03T14:01:53.213+0000] {processor.py:179} INFO - Processing /home/vscode/.local/lib/python3.10/site-packages/airflow/example_dags/example_datasets.py took 0.075 seconds
[2026-01-03T14:02:39.780+0000] {processor.py:157} INFO - Started process (PID=16268) to work on /home/vscode/.local/lib/python3.10/site-packages/airflow/example_dags/example_datasets.py
[2026-01-03T14:02:39.781+0000] {processor.py:826} INFO - Processing file /home/vscode/.local/lib/python3.10/site-packages/airflow/example_dags/example_datasets.py for tasks to queue
[2026-01-03T14:02:39.782+0000] {logging_mixin.py:150} INFO - [2026-01-03T14:02:39.782+0000] {dagbag.py:541} INFO - Filling up the DagBag from /home/vscode/.local/lib/python3.10/site-packages/airflow/example_dags/example_datasets.py
[2026-01-03T14:02:39.795+0000] {processor.py:836} INFO - DAG(s) dict_keys(['dataset_produces_2', 'dataset_consumes_1', 'dataset_consumes_1_never_scheduled', 'dataset_consumes_1_and_2', 'dataset_consumes_unknown_never_scheduled', 'dataset_produces_1']) retrieved from /home/vscode/.local/lib/python3.10/site-packages/airflow/example_dags/example_datasets.py
[2026-01-03T14:02:39.827+0000] {logging_mixin.py:150} INFO - [2026-01-03T14:02:39.827+0000] {dag.py:2742} INFO - Sync 6 DAGs
[2026-01-03T14:02:39.847+0000] {logging_mixin.py:150} INFO - [2026-01-03T14:02:39.847+0000] {dag.py:3504} INFO - Setting next_dagrun for dataset_consumes_1 to None, run_after=None
[2026-01-03T14:02:39.850+0000] {logging_mixin.py:150} INFO - [2026-01-03T14:02:39.849+0000] {dag.py:3504} INFO - Setting next_dagrun for dataset_consumes_1_and_2 to None, run_after=None
[2026-01-03T14:02:39.850+0000] {logging_mixin.py:150} INFO - [2026-01-03T14:02:39.850+0000] {dag.py:3504} INFO - Setting next_dagrun for dataset_consumes_1_never_scheduled to None, run_after=None
[2026-01-03T14:02:39.851+0000] {logging_mixin.py:150} INFO - [2026-01-03T14:02:39.851+0000] {dag.py:3504} INFO - Setting next_dagrun for dataset_consumes_unknown_never_scheduled to None, run_after=None
[2026-01-03T14:02:39.853+0000] {logging_mixin.py:150} INFO - [2026-01-03T14:02:39.852+0000] {dag.py:3504} INFO - Setting next_dagrun for dataset_produces_1 to 2026-01-02T00:00:00+00:00, run_after=2026-01-03T00:00:00+00:00
[2026-01-03T14:02:39.853+0000] {logging_mixin.py:150} INFO - [2026-01-03T14:02:39.853+0000] {dag.py:3504} INFO - Setting next_dagrun for dataset_produces_2 to None, run_after=None
[2026-01-03T14:02:39.875+0000] {processor.py:179} INFO - Processing /home/vscode/.local/lib/python3.10/site-packages/airflow/example_dags/example_datasets.py took 0.098 seconds
[2026-01-03T14:03:32.169+0000] {processor.py:157} INFO - Started process (PID=16940) to work on /home/vscode/.local/lib/python3.10/site-packages/airflow/example_dags/example_datasets.py
[2026-01-03T14:03:32.170+0000] {processor.py:826} INFO - Processing file /home/vscode/.local/lib/python3.10/site-packages/airflow/example_dags/example_datasets.py for tasks to queue
[2026-01-03T14:03:32.171+0000] {logging_mixin.py:150} INFO - [2026-01-03T14:03:32.171+0000] {dagbag.py:541} INFO - Filling up the DagBag from /home/vscode/.local/lib/python3.10/site-packages/airflow/example_dags/example_datasets.py
[2026-01-03T14:03:32.183+0000] {processor.py:836} INFO - DAG(s) dict_keys(['dataset_consumes_1', 'dataset_consumes_1_never_scheduled', 'dataset_consumes_1_and_2', 'dataset_produces_1', 'dataset_produces_2', 'dataset_consumes_unknown_never_scheduled']) retrieved from /home/vscode/.local/lib/python3.10/site-packages/airflow/example_dags/example_datasets.py
[2026-01-03T14:03:32.215+0000] {logging_mixin.py:150} INFO - [2026-01-03T14:03:32.215+0000] {dag.py:2742} INFO - Sync 6 DAGs
[2026-01-03T14:03:32.238+0000] {logging_mixin.py:150} INFO - [2026-01-03T14:03:32.238+0000] {dag.py:3504} INFO - Setting next_dagrun for dataset_consumes_1 to None, run_after=None
[2026-01-03T14:03:32.241+0000] {logging_mixin.py:150} INFO - [2026-01-03T14:03:32.241+0000] {dag.py:3504} INFO - Setting next_dagrun for dataset_consumes_1_and_2 to None, run_after=None
[2026-01-03T14:03:32.242+0000] {logging_mixin.py:150} INFO - [2026-01-03T14:03:32.242+0000] {dag.py:3504} INFO - Setting next_dagrun for dataset_consumes_1_never_scheduled to None, run_after=None
[2026-01-03T14:03:32.243+0000] {logging_mixin.py:150} INFO - [2026-01-03T14:03:32.243+0000] {dag.py:3504} INFO - Setting next_dagrun for dataset_consumes_unknown_never_scheduled to None, run_after=None
[2026-01-03T14:03:32.246+0000] {logging_mixin.py:150} INFO - [2026-01-03T14:03:32.246+0000] {dag.py:3504} INFO - Setting next_dagrun for dataset_produces_1 to 2026-01-02T00:00:00+00:00, run_after=2026-01-03T00:00:00+00:00
[2026-01-03T14:03:32.247+0000] {logging_mixin.py:150} INFO - [2026-01-03T14:03:32.247+0000] {dag.py:3504} INFO - Setting next_dagrun for dataset_produces_2 to None, run_after=None
[2026-01-03T14:03:32.281+0000] {processor.py:179} INFO - Processing /home/vscode/.local/lib/python3.10/site-packages/airflow/example_dags/example_datasets.py took 0.115 seconds
[2026-01-03T14:04:18.360+0000] {processor.py:157} INFO - Started process (PID=17490) to work on /home/vscode/.local/lib/python3.10/site-packages/airflow/example_dags/example_datasets.py
[2026-01-03T14:04:18.361+0000] {processor.py:826} INFO - Processing file /home/vscode/.local/lib/python3.10/site-packages/airflow/example_dags/example_datasets.py for tasks to queue
[2026-01-03T14:04:18.362+0000] {logging_mixin.py:150} INFO - [2026-01-03T14:04:18.361+0000] {dagbag.py:541} INFO - Filling up the DagBag from /home/vscode/.local/lib/python3.10/site-packages/airflow/example_dags/example_datasets.py
[2026-01-03T14:04:18.370+0000] {processor.py:836} INFO - DAG(s) dict_keys(['dataset_consumes_1_never_scheduled', 'dataset_produces_1', 'dataset_produces_2', 'dataset_consumes_1', 'dataset_consumes_1_and_2', 'dataset_consumes_unknown_never_scheduled']) retrieved from /home/vscode/.local/lib/python3.10/site-packages/airflow/example_dags/example_datasets.py
[2026-01-03T14:04:18.392+0000] {logging_mixin.py:150} INFO - [2026-01-03T14:04:18.392+0000] {dag.py:2742} INFO - Sync 6 DAGs
[2026-01-03T14:04:18.408+0000] {logging_mixin.py:150} INFO - [2026-01-03T14:04:18.408+0000] {dag.py:3504} INFO - Setting next_dagrun for dataset_consumes_1 to None, run_after=None
[2026-01-03T14:04:18.411+0000] {logging_mixin.py:150} INFO - [2026-01-03T14:04:18.411+0000] {dag.py:3504} INFO - Setting next_dagrun for dataset_consumes_1_and_2 to None, run_after=None
[2026-01-03T14:04:18.411+0000] {logging_mixin.py:150} INFO - [2026-01-03T14:04:18.411+0000] {dag.py:3504} INFO - Setting next_dagrun for dataset_consumes_1_never_scheduled to None, run_after=None
[2026-01-03T14:04:18.412+0000] {logging_mixin.py:150} INFO - [2026-01-03T14:04:18.412+0000] {dag.py:3504} INFO - Setting next_dagrun for dataset_consumes_unknown_never_scheduled to None, run_after=None
[2026-01-03T14:04:18.414+0000] {logging_mixin.py:150} INFO - [2026-01-03T14:04:18.414+0000] {dag.py:3504} INFO - Setting next_dagrun for dataset_produces_1 to 2026-01-02T00:00:00+00:00, run_after=2026-01-03T00:00:00+00:00
[2026-01-03T14:04:18.415+0000] {logging_mixin.py:150} INFO - [2026-01-03T14:04:18.414+0000] {dag.py:3504} INFO - Setting next_dagrun for dataset_produces_2 to None, run_after=None
[2026-01-03T14:04:18.436+0000] {processor.py:179} INFO - Processing /home/vscode/.local/lib/python3.10/site-packages/airflow/example_dags/example_datasets.py took 0.078 seconds
