[2026-01-03T13:49:13.984+0000] {processor.py:157} INFO - Started process (PID=10140) to work on /home/vscode/.local/lib/python3.10/site-packages/airflow/example_dags/example_sensor_decorator.py
[2026-01-03T13:49:13.985+0000] {processor.py:826} INFO - Processing file /home/vscode/.local/lib/python3.10/site-packages/airflow/example_dags/example_sensor_decorator.py for tasks to queue
[2026-01-03T13:49:13.986+0000] {logging_mixin.py:150} INFO - [2026-01-03T13:49:13.985+0000] {dagbag.py:541} INFO - Filling up the DagBag from /home/vscode/.local/lib/python3.10/site-packages/airflow/example_dags/example_sensor_decorator.py
[2026-01-03T13:49:13.991+0000] {processor.py:836} INFO - DAG(s) dict_keys(['example_sensor_decorator']) retrieved from /home/vscode/.local/lib/python3.10/site-packages/airflow/example_dags/example_sensor_decorator.py
[2026-01-03T13:49:14.065+0000] {logging_mixin.py:150} INFO - [2026-01-03T13:49:14.064+0000] {manager.py:504} INFO - Created Permission View: can delete on DAG:example_sensor_decorator
[2026-01-03T13:49:14.074+0000] {logging_mixin.py:150} INFO - [2026-01-03T13:49:14.074+0000] {manager.py:504} INFO - Created Permission View: can read on DAG:example_sensor_decorator
[2026-01-03T13:49:14.080+0000] {logging_mixin.py:150} INFO - [2026-01-03T13:49:14.080+0000] {manager.py:504} INFO - Created Permission View: can edit on DAG:example_sensor_decorator
[2026-01-03T13:49:14.088+0000] {logging_mixin.py:150} INFO - [2026-01-03T13:49:14.088+0000] {dag.py:2742} INFO - Sync 1 DAGs
[2026-01-03T13:49:14.098+0000] {logging_mixin.py:150} INFO - [2026-01-03T13:49:14.098+0000] {dag.py:2763} INFO - Creating ORM DAG for example_sensor_decorator
[2026-01-03T13:49:14.108+0000] {logging_mixin.py:150} INFO - [2026-01-03T13:49:14.108+0000] {dag.py:3504} INFO - Setting next_dagrun for example_sensor_decorator to None, run_after=None
[2026-01-03T13:49:14.128+0000] {processor.py:179} INFO - Processing /home/vscode/.local/lib/python3.10/site-packages/airflow/example_dags/example_sensor_decorator.py took 0.147 seconds
[2026-01-03T13:49:59.598+0000] {processor.py:157} INFO - Started process (PID=10470) to work on /home/vscode/.local/lib/python3.10/site-packages/airflow/example_dags/example_sensor_decorator.py
[2026-01-03T13:49:59.598+0000] {processor.py:826} INFO - Processing file /home/vscode/.local/lib/python3.10/site-packages/airflow/example_dags/example_sensor_decorator.py for tasks to queue
[2026-01-03T13:49:59.599+0000] {logging_mixin.py:150} INFO - [2026-01-03T13:49:59.599+0000] {dagbag.py:541} INFO - Filling up the DagBag from /home/vscode/.local/lib/python3.10/site-packages/airflow/example_dags/example_sensor_decorator.py
[2026-01-03T13:49:59.604+0000] {processor.py:836} INFO - DAG(s) dict_keys(['example_sensor_decorator']) retrieved from /home/vscode/.local/lib/python3.10/site-packages/airflow/example_dags/example_sensor_decorator.py
[2026-01-03T13:49:59.618+0000] {logging_mixin.py:150} INFO - [2026-01-03T13:49:59.618+0000] {dag.py:2742} INFO - Sync 1 DAGs
[2026-01-03T13:49:59.633+0000] {logging_mixin.py:150} INFO - [2026-01-03T13:49:59.633+0000] {dag.py:3504} INFO - Setting next_dagrun for example_sensor_decorator to None, run_after=None
[2026-01-03T13:49:59.649+0000] {processor.py:179} INFO - Processing /home/vscode/.local/lib/python3.10/site-packages/airflow/example_dags/example_sensor_decorator.py took 0.053 seconds
[2026-01-03T13:50:43.811+0000] {processor.py:157} INFO - Started process (PID=10815) to work on /home/vscode/.local/lib/python3.10/site-packages/airflow/example_dags/example_sensor_decorator.py
[2026-01-03T13:50:43.812+0000] {processor.py:826} INFO - Processing file /home/vscode/.local/lib/python3.10/site-packages/airflow/example_dags/example_sensor_decorator.py for tasks to queue
[2026-01-03T13:50:43.812+0000] {logging_mixin.py:150} INFO - [2026-01-03T13:50:43.812+0000] {dagbag.py:541} INFO - Filling up the DagBag from /home/vscode/.local/lib/python3.10/site-packages/airflow/example_dags/example_sensor_decorator.py
[2026-01-03T13:50:43.817+0000] {processor.py:836} INFO - DAG(s) dict_keys(['example_sensor_decorator']) retrieved from /home/vscode/.local/lib/python3.10/site-packages/airflow/example_dags/example_sensor_decorator.py
[2026-01-03T13:50:43.832+0000] {logging_mixin.py:150} INFO - [2026-01-03T13:50:43.831+0000] {dag.py:2742} INFO - Sync 1 DAGs
[2026-01-03T13:50:43.847+0000] {logging_mixin.py:150} INFO - [2026-01-03T13:50:43.847+0000] {dag.py:3504} INFO - Setting next_dagrun for example_sensor_decorator to None, run_after=None
[2026-01-03T13:50:43.865+0000] {processor.py:179} INFO - Processing /home/vscode/.local/lib/python3.10/site-packages/airflow/example_dags/example_sensor_decorator.py took 0.057 seconds
[2026-01-03T13:51:28.335+0000] {processor.py:157} INFO - Started process (PID=11103) to work on /home/vscode/.local/lib/python3.10/site-packages/airflow/example_dags/example_sensor_decorator.py
[2026-01-03T13:51:28.336+0000] {processor.py:826} INFO - Processing file /home/vscode/.local/lib/python3.10/site-packages/airflow/example_dags/example_sensor_decorator.py for tasks to queue
[2026-01-03T13:51:28.337+0000] {logging_mixin.py:150} INFO - [2026-01-03T13:51:28.336+0000] {dagbag.py:541} INFO - Filling up the DagBag from /home/vscode/.local/lib/python3.10/site-packages/airflow/example_dags/example_sensor_decorator.py
[2026-01-03T13:51:28.342+0000] {processor.py:836} INFO - DAG(s) dict_keys(['example_sensor_decorator']) retrieved from /home/vscode/.local/lib/python3.10/site-packages/airflow/example_dags/example_sensor_decorator.py
[2026-01-03T13:51:28.355+0000] {logging_mixin.py:150} INFO - [2026-01-03T13:51:28.355+0000] {dag.py:2742} INFO - Sync 1 DAGs
[2026-01-03T13:51:28.375+0000] {logging_mixin.py:150} INFO - [2026-01-03T13:51:28.374+0000] {dag.py:3504} INFO - Setting next_dagrun for example_sensor_decorator to None, run_after=None
[2026-01-03T13:51:28.396+0000] {processor.py:179} INFO - Processing /home/vscode/.local/lib/python3.10/site-packages/airflow/example_dags/example_sensor_decorator.py took 0.063 seconds
[2026-01-03T13:52:10.746+0000] {processor.py:157} INFO - Started process (PID=11435) to work on /home/vscode/.local/lib/python3.10/site-packages/airflow/example_dags/example_sensor_decorator.py
[2026-01-03T13:52:10.747+0000] {processor.py:826} INFO - Processing file /home/vscode/.local/lib/python3.10/site-packages/airflow/example_dags/example_sensor_decorator.py for tasks to queue
[2026-01-03T13:52:10.747+0000] {logging_mixin.py:150} INFO - [2026-01-03T13:52:10.747+0000] {dagbag.py:541} INFO - Filling up the DagBag from /home/vscode/.local/lib/python3.10/site-packages/airflow/example_dags/example_sensor_decorator.py
[2026-01-03T13:52:10.753+0000] {processor.py:836} INFO - DAG(s) dict_keys(['example_sensor_decorator']) retrieved from /home/vscode/.local/lib/python3.10/site-packages/airflow/example_dags/example_sensor_decorator.py
[2026-01-03T13:52:10.768+0000] {logging_mixin.py:150} INFO - [2026-01-03T13:52:10.767+0000] {dag.py:2742} INFO - Sync 1 DAGs
[2026-01-03T13:52:10.784+0000] {logging_mixin.py:150} INFO - [2026-01-03T13:52:10.784+0000] {dag.py:3504} INFO - Setting next_dagrun for example_sensor_decorator to None, run_after=None
[2026-01-03T13:52:10.802+0000] {processor.py:179} INFO - Processing /home/vscode/.local/lib/python3.10/site-packages/airflow/example_dags/example_sensor_decorator.py took 0.059 seconds
[2026-01-03T13:52:55.386+0000] {processor.py:157} INFO - Started process (PID=11740) to work on /home/vscode/.local/lib/python3.10/site-packages/airflow/example_dags/example_sensor_decorator.py
[2026-01-03T13:52:55.387+0000] {processor.py:826} INFO - Processing file /home/vscode/.local/lib/python3.10/site-packages/airflow/example_dags/example_sensor_decorator.py for tasks to queue
[2026-01-03T13:52:55.388+0000] {logging_mixin.py:150} INFO - [2026-01-03T13:52:55.388+0000] {dagbag.py:541} INFO - Filling up the DagBag from /home/vscode/.local/lib/python3.10/site-packages/airflow/example_dags/example_sensor_decorator.py
[2026-01-03T13:52:55.393+0000] {processor.py:836} INFO - DAG(s) dict_keys(['example_sensor_decorator']) retrieved from /home/vscode/.local/lib/python3.10/site-packages/airflow/example_dags/example_sensor_decorator.py
[2026-01-03T13:52:55.408+0000] {logging_mixin.py:150} INFO - [2026-01-03T13:52:55.408+0000] {dag.py:2742} INFO - Sync 1 DAGs
[2026-01-03T13:52:55.424+0000] {logging_mixin.py:150} INFO - [2026-01-03T13:52:55.424+0000] {dag.py:3504} INFO - Setting next_dagrun for example_sensor_decorator to None, run_after=None
[2026-01-03T13:52:55.440+0000] {processor.py:179} INFO - Processing /home/vscode/.local/lib/python3.10/site-packages/airflow/example_dags/example_sensor_decorator.py took 0.056 seconds
[2026-01-03T13:53:36.394+0000] {processor.py:157} INFO - Started process (PID=12060) to work on /home/vscode/.local/lib/python3.10/site-packages/airflow/example_dags/example_sensor_decorator.py
[2026-01-03T13:53:36.394+0000] {processor.py:826} INFO - Processing file /home/vscode/.local/lib/python3.10/site-packages/airflow/example_dags/example_sensor_decorator.py for tasks to queue
[2026-01-03T13:53:36.395+0000] {logging_mixin.py:150} INFO - [2026-01-03T13:53:36.395+0000] {dagbag.py:541} INFO - Filling up the DagBag from /home/vscode/.local/lib/python3.10/site-packages/airflow/example_dags/example_sensor_decorator.py
[2026-01-03T13:53:36.401+0000] {processor.py:836} INFO - DAG(s) dict_keys(['example_sensor_decorator']) retrieved from /home/vscode/.local/lib/python3.10/site-packages/airflow/example_dags/example_sensor_decorator.py
[2026-01-03T13:53:36.415+0000] {logging_mixin.py:150} INFO - [2026-01-03T13:53:36.414+0000] {dag.py:2742} INFO - Sync 1 DAGs
[2026-01-03T13:53:36.430+0000] {logging_mixin.py:150} INFO - [2026-01-03T13:53:36.430+0000] {dag.py:3504} INFO - Setting next_dagrun for example_sensor_decorator to None, run_after=None
[2026-01-03T13:53:36.445+0000] {processor.py:179} INFO - Processing /home/vscode/.local/lib/python3.10/site-packages/airflow/example_dags/example_sensor_decorator.py took 0.054 seconds
[2026-01-03T13:54:18.353+0000] {processor.py:157} INFO - Started process (PID=12415) to work on /home/vscode/.local/lib/python3.10/site-packages/airflow/example_dags/example_sensor_decorator.py
[2026-01-03T13:54:18.354+0000] {processor.py:826} INFO - Processing file /home/vscode/.local/lib/python3.10/site-packages/airflow/example_dags/example_sensor_decorator.py for tasks to queue
[2026-01-03T13:54:18.355+0000] {logging_mixin.py:150} INFO - [2026-01-03T13:54:18.355+0000] {dagbag.py:541} INFO - Filling up the DagBag from /home/vscode/.local/lib/python3.10/site-packages/airflow/example_dags/example_sensor_decorator.py
[2026-01-03T13:54:18.360+0000] {processor.py:836} INFO - DAG(s) dict_keys(['example_sensor_decorator']) retrieved from /home/vscode/.local/lib/python3.10/site-packages/airflow/example_dags/example_sensor_decorator.py
[2026-01-03T13:54:18.374+0000] {logging_mixin.py:150} INFO - [2026-01-03T13:54:18.374+0000] {dag.py:2742} INFO - Sync 1 DAGs
[2026-01-03T13:54:18.391+0000] {logging_mixin.py:150} INFO - [2026-01-03T13:54:18.391+0000] {dag.py:3504} INFO - Setting next_dagrun for example_sensor_decorator to None, run_after=None
[2026-01-03T13:54:18.406+0000] {processor.py:179} INFO - Processing /home/vscode/.local/lib/python3.10/site-packages/airflow/example_dags/example_sensor_decorator.py took 0.056 seconds
[2026-01-03T13:55:01.483+0000] {processor.py:157} INFO - Started process (PID=12743) to work on /home/vscode/.local/lib/python3.10/site-packages/airflow/example_dags/example_sensor_decorator.py
[2026-01-03T13:55:01.483+0000] {processor.py:826} INFO - Processing file /home/vscode/.local/lib/python3.10/site-packages/airflow/example_dags/example_sensor_decorator.py for tasks to queue
[2026-01-03T13:55:01.484+0000] {logging_mixin.py:150} INFO - [2026-01-03T13:55:01.484+0000] {dagbag.py:541} INFO - Filling up the DagBag from /home/vscode/.local/lib/python3.10/site-packages/airflow/example_dags/example_sensor_decorator.py
[2026-01-03T13:55:01.489+0000] {processor.py:836} INFO - DAG(s) dict_keys(['example_sensor_decorator']) retrieved from /home/vscode/.local/lib/python3.10/site-packages/airflow/example_dags/example_sensor_decorator.py
[2026-01-03T13:55:01.503+0000] {logging_mixin.py:150} INFO - [2026-01-03T13:55:01.503+0000] {dag.py:2742} INFO - Sync 1 DAGs
[2026-01-03T13:55:01.519+0000] {logging_mixin.py:150} INFO - [2026-01-03T13:55:01.519+0000] {dag.py:3504} INFO - Setting next_dagrun for example_sensor_decorator to None, run_after=None
[2026-01-03T13:55:01.535+0000] {processor.py:179} INFO - Processing /home/vscode/.local/lib/python3.10/site-packages/airflow/example_dags/example_sensor_decorator.py took 0.055 seconds
[2026-01-03T13:55:44.623+0000] {processor.py:157} INFO - Started process (PID=13198) to work on /home/vscode/.local/lib/python3.10/site-packages/airflow/example_dags/example_sensor_decorator.py
[2026-01-03T13:55:44.624+0000] {processor.py:826} INFO - Processing file /home/vscode/.local/lib/python3.10/site-packages/airflow/example_dags/example_sensor_decorator.py for tasks to queue
[2026-01-03T13:55:44.625+0000] {logging_mixin.py:150} INFO - [2026-01-03T13:55:44.625+0000] {dagbag.py:541} INFO - Filling up the DagBag from /home/vscode/.local/lib/python3.10/site-packages/airflow/example_dags/example_sensor_decorator.py
[2026-01-03T13:55:44.630+0000] {processor.py:836} INFO - DAG(s) dict_keys(['example_sensor_decorator']) retrieved from /home/vscode/.local/lib/python3.10/site-packages/airflow/example_dags/example_sensor_decorator.py
[2026-01-03T13:55:44.644+0000] {logging_mixin.py:150} INFO - [2026-01-03T13:55:44.644+0000] {dag.py:2742} INFO - Sync 1 DAGs
[2026-01-03T13:55:44.659+0000] {logging_mixin.py:150} INFO - [2026-01-03T13:55:44.658+0000] {dag.py:3504} INFO - Setting next_dagrun for example_sensor_decorator to None, run_after=None
[2026-01-03T13:55:44.675+0000] {processor.py:179} INFO - Processing /home/vscode/.local/lib/python3.10/site-packages/airflow/example_dags/example_sensor_decorator.py took 0.054 seconds
[2026-01-03T13:56:30.058+0000] {processor.py:157} INFO - Started process (PID=13644) to work on /home/vscode/.local/lib/python3.10/site-packages/airflow/example_dags/example_sensor_decorator.py
[2026-01-03T13:56:30.059+0000] {processor.py:826} INFO - Processing file /home/vscode/.local/lib/python3.10/site-packages/airflow/example_dags/example_sensor_decorator.py for tasks to queue
[2026-01-03T13:56:30.059+0000] {logging_mixin.py:150} INFO - [2026-01-03T13:56:30.059+0000] {dagbag.py:541} INFO - Filling up the DagBag from /home/vscode/.local/lib/python3.10/site-packages/airflow/example_dags/example_sensor_decorator.py
[2026-01-03T13:56:30.065+0000] {processor.py:836} INFO - DAG(s) dict_keys(['example_sensor_decorator']) retrieved from /home/vscode/.local/lib/python3.10/site-packages/airflow/example_dags/example_sensor_decorator.py
[2026-01-03T13:56:30.079+0000] {logging_mixin.py:150} INFO - [2026-01-03T13:56:30.079+0000] {dag.py:2742} INFO - Sync 1 DAGs
[2026-01-03T13:56:30.094+0000] {logging_mixin.py:150} INFO - [2026-01-03T13:56:30.094+0000] {dag.py:3504} INFO - Setting next_dagrun for example_sensor_decorator to None, run_after=None
[2026-01-03T13:56:30.110+0000] {processor.py:179} INFO - Processing /home/vscode/.local/lib/python3.10/site-packages/airflow/example_dags/example_sensor_decorator.py took 0.054 seconds
[2026-01-03T13:57:12.727+0000] {processor.py:157} INFO - Started process (PID=13952) to work on /home/vscode/.local/lib/python3.10/site-packages/airflow/example_dags/example_sensor_decorator.py
[2026-01-03T13:57:12.727+0000] {processor.py:826} INFO - Processing file /home/vscode/.local/lib/python3.10/site-packages/airflow/example_dags/example_sensor_decorator.py for tasks to queue
[2026-01-03T13:57:12.728+0000] {logging_mixin.py:150} INFO - [2026-01-03T13:57:12.728+0000] {dagbag.py:541} INFO - Filling up the DagBag from /home/vscode/.local/lib/python3.10/site-packages/airflow/example_dags/example_sensor_decorator.py
[2026-01-03T13:57:12.733+0000] {processor.py:836} INFO - DAG(s) dict_keys(['example_sensor_decorator']) retrieved from /home/vscode/.local/lib/python3.10/site-packages/airflow/example_dags/example_sensor_decorator.py
[2026-01-03T13:57:12.746+0000] {logging_mixin.py:150} INFO - [2026-01-03T13:57:12.746+0000] {dag.py:2742} INFO - Sync 1 DAGs
[2026-01-03T13:57:12.762+0000] {logging_mixin.py:150} INFO - [2026-01-03T13:57:12.761+0000] {dag.py:3504} INFO - Setting next_dagrun for example_sensor_decorator to None, run_after=None
[2026-01-03T13:57:12.780+0000] {processor.py:179} INFO - Processing /home/vscode/.local/lib/python3.10/site-packages/airflow/example_dags/example_sensor_decorator.py took 0.056 seconds
[2026-01-03T13:57:56.077+0000] {processor.py:157} INFO - Started process (PID=14244) to work on /home/vscode/.local/lib/python3.10/site-packages/airflow/example_dags/example_sensor_decorator.py
[2026-01-03T13:57:56.078+0000] {processor.py:826} INFO - Processing file /home/vscode/.local/lib/python3.10/site-packages/airflow/example_dags/example_sensor_decorator.py for tasks to queue
[2026-01-03T13:57:56.078+0000] {logging_mixin.py:150} INFO - [2026-01-03T13:57:56.078+0000] {dagbag.py:541} INFO - Filling up the DagBag from /home/vscode/.local/lib/python3.10/site-packages/airflow/example_dags/example_sensor_decorator.py
[2026-01-03T13:57:56.083+0000] {processor.py:836} INFO - DAG(s) dict_keys(['example_sensor_decorator']) retrieved from /home/vscode/.local/lib/python3.10/site-packages/airflow/example_dags/example_sensor_decorator.py
[2026-01-03T13:57:56.099+0000] {logging_mixin.py:150} INFO - [2026-01-03T13:57:56.098+0000] {dag.py:2742} INFO - Sync 1 DAGs
[2026-01-03T13:57:56.115+0000] {logging_mixin.py:150} INFO - [2026-01-03T13:57:56.114+0000] {dag.py:3504} INFO - Setting next_dagrun for example_sensor_decorator to None, run_after=None
[2026-01-03T13:57:56.129+0000] {processor.py:179} INFO - Processing /home/vscode/.local/lib/python3.10/site-packages/airflow/example_dags/example_sensor_decorator.py took 0.055 seconds
[2026-01-03T13:58:39.462+0000] {processor.py:157} INFO - Started process (PID=14530) to work on /home/vscode/.local/lib/python3.10/site-packages/airflow/example_dags/example_sensor_decorator.py
[2026-01-03T13:58:39.463+0000] {processor.py:826} INFO - Processing file /home/vscode/.local/lib/python3.10/site-packages/airflow/example_dags/example_sensor_decorator.py for tasks to queue
[2026-01-03T13:58:39.463+0000] {logging_mixin.py:150} INFO - [2026-01-03T13:58:39.463+0000] {dagbag.py:541} INFO - Filling up the DagBag from /home/vscode/.local/lib/python3.10/site-packages/airflow/example_dags/example_sensor_decorator.py
[2026-01-03T13:58:39.468+0000] {processor.py:836} INFO - DAG(s) dict_keys(['example_sensor_decorator']) retrieved from /home/vscode/.local/lib/python3.10/site-packages/airflow/example_dags/example_sensor_decorator.py
[2026-01-03T13:58:39.481+0000] {logging_mixin.py:150} INFO - [2026-01-03T13:58:39.481+0000] {dag.py:2742} INFO - Sync 1 DAGs
[2026-01-03T13:58:39.496+0000] {logging_mixin.py:150} INFO - [2026-01-03T13:58:39.496+0000] {dag.py:3504} INFO - Setting next_dagrun for example_sensor_decorator to None, run_after=None
[2026-01-03T13:58:39.510+0000] {processor.py:179} INFO - Processing /home/vscode/.local/lib/python3.10/site-packages/airflow/example_dags/example_sensor_decorator.py took 0.051 seconds
[2026-01-03T13:59:23.406+0000] {processor.py:157} INFO - Started process (PID=14856) to work on /home/vscode/.local/lib/python3.10/site-packages/airflow/example_dags/example_sensor_decorator.py
[2026-01-03T13:59:23.407+0000] {processor.py:826} INFO - Processing file /home/vscode/.local/lib/python3.10/site-packages/airflow/example_dags/example_sensor_decorator.py for tasks to queue
[2026-01-03T13:59:23.408+0000] {logging_mixin.py:150} INFO - [2026-01-03T13:59:23.407+0000] {dagbag.py:541} INFO - Filling up the DagBag from /home/vscode/.local/lib/python3.10/site-packages/airflow/example_dags/example_sensor_decorator.py
[2026-01-03T13:59:23.413+0000] {processor.py:836} INFO - DAG(s) dict_keys(['example_sensor_decorator']) retrieved from /home/vscode/.local/lib/python3.10/site-packages/airflow/example_dags/example_sensor_decorator.py
[2026-01-03T13:59:23.426+0000] {logging_mixin.py:150} INFO - [2026-01-03T13:59:23.426+0000] {dag.py:2742} INFO - Sync 1 DAGs
[2026-01-03T13:59:23.440+0000] {logging_mixin.py:150} INFO - [2026-01-03T13:59:23.440+0000] {dag.py:3504} INFO - Setting next_dagrun for example_sensor_decorator to None, run_after=None
[2026-01-03T13:59:23.455+0000] {processor.py:179} INFO - Processing /home/vscode/.local/lib/python3.10/site-packages/airflow/example_dags/example_sensor_decorator.py took 0.051 seconds
[2026-01-03T14:00:10.759+0000] {processor.py:157} INFO - Started process (PID=15173) to work on /home/vscode/.local/lib/python3.10/site-packages/airflow/example_dags/example_sensor_decorator.py
[2026-01-03T14:00:10.760+0000] {processor.py:826} INFO - Processing file /home/vscode/.local/lib/python3.10/site-packages/airflow/example_dags/example_sensor_decorator.py for tasks to queue
[2026-01-03T14:00:10.761+0000] {logging_mixin.py:150} INFO - [2026-01-03T14:00:10.760+0000] {dagbag.py:541} INFO - Filling up the DagBag from /home/vscode/.local/lib/python3.10/site-packages/airflow/example_dags/example_sensor_decorator.py
[2026-01-03T14:00:10.765+0000] {processor.py:836} INFO - DAG(s) dict_keys(['example_sensor_decorator']) retrieved from /home/vscode/.local/lib/python3.10/site-packages/airflow/example_dags/example_sensor_decorator.py
[2026-01-03T14:00:10.779+0000] {logging_mixin.py:150} INFO - [2026-01-03T14:00:10.779+0000] {dag.py:2742} INFO - Sync 1 DAGs
[2026-01-03T14:00:10.794+0000] {logging_mixin.py:150} INFO - [2026-01-03T14:00:10.793+0000] {dag.py:3504} INFO - Setting next_dagrun for example_sensor_decorator to None, run_after=None
[2026-01-03T14:00:10.809+0000] {processor.py:179} INFO - Processing /home/vscode/.local/lib/python3.10/site-packages/airflow/example_dags/example_sensor_decorator.py took 0.053 seconds
[2026-01-03T14:00:53.460+0000] {processor.py:157} INFO - Started process (PID=15460) to work on /home/vscode/.local/lib/python3.10/site-packages/airflow/example_dags/example_sensor_decorator.py
[2026-01-03T14:00:53.461+0000] {processor.py:826} INFO - Processing file /home/vscode/.local/lib/python3.10/site-packages/airflow/example_dags/example_sensor_decorator.py for tasks to queue
[2026-01-03T14:00:53.461+0000] {logging_mixin.py:150} INFO - [2026-01-03T14:00:53.461+0000] {dagbag.py:541} INFO - Filling up the DagBag from /home/vscode/.local/lib/python3.10/site-packages/airflow/example_dags/example_sensor_decorator.py
[2026-01-03T14:00:53.466+0000] {processor.py:836} INFO - DAG(s) dict_keys(['example_sensor_decorator']) retrieved from /home/vscode/.local/lib/python3.10/site-packages/airflow/example_dags/example_sensor_decorator.py
[2026-01-03T14:00:53.480+0000] {logging_mixin.py:150} INFO - [2026-01-03T14:00:53.480+0000] {dag.py:2742} INFO - Sync 1 DAGs
[2026-01-03T14:00:53.494+0000] {logging_mixin.py:150} INFO - [2026-01-03T14:00:53.494+0000] {dag.py:3504} INFO - Setting next_dagrun for example_sensor_decorator to None, run_after=None
[2026-01-03T14:00:53.508+0000] {processor.py:179} INFO - Processing /home/vscode/.local/lib/python3.10/site-packages/airflow/example_dags/example_sensor_decorator.py took 0.050 seconds
[2026-01-03T14:01:34.022+0000] {processor.py:157} INFO - Started process (PID=15743) to work on /home/vscode/.local/lib/python3.10/site-packages/airflow/example_dags/example_sensor_decorator.py
[2026-01-03T14:01:34.023+0000] {processor.py:826} INFO - Processing file /home/vscode/.local/lib/python3.10/site-packages/airflow/example_dags/example_sensor_decorator.py for tasks to queue
[2026-01-03T14:01:34.024+0000] {logging_mixin.py:150} INFO - [2026-01-03T14:01:34.024+0000] {dagbag.py:541} INFO - Filling up the DagBag from /home/vscode/.local/lib/python3.10/site-packages/airflow/example_dags/example_sensor_decorator.py
[2026-01-03T14:01:34.029+0000] {processor.py:836} INFO - DAG(s) dict_keys(['example_sensor_decorator']) retrieved from /home/vscode/.local/lib/python3.10/site-packages/airflow/example_dags/example_sensor_decorator.py
[2026-01-03T14:01:34.043+0000] {logging_mixin.py:150} INFO - [2026-01-03T14:01:34.043+0000] {dag.py:2742} INFO - Sync 1 DAGs
[2026-01-03T14:01:34.062+0000] {logging_mixin.py:150} INFO - [2026-01-03T14:01:34.062+0000] {dag.py:3504} INFO - Setting next_dagrun for example_sensor_decorator to None, run_after=None
[2026-01-03T14:01:34.084+0000] {processor.py:179} INFO - Processing /home/vscode/.local/lib/python3.10/site-packages/airflow/example_dags/example_sensor_decorator.py took 0.065 seconds
[2026-01-03T14:02:21.138+0000] {processor.py:157} INFO - Started process (PID=16080) to work on /home/vscode/.local/lib/python3.10/site-packages/airflow/example_dags/example_sensor_decorator.py
[2026-01-03T14:02:21.139+0000] {processor.py:826} INFO - Processing file /home/vscode/.local/lib/python3.10/site-packages/airflow/example_dags/example_sensor_decorator.py for tasks to queue
[2026-01-03T14:02:21.139+0000] {logging_mixin.py:150} INFO - [2026-01-03T14:02:21.139+0000] {dagbag.py:541} INFO - Filling up the DagBag from /home/vscode/.local/lib/python3.10/site-packages/airflow/example_dags/example_sensor_decorator.py
[2026-01-03T14:02:21.144+0000] {processor.py:836} INFO - DAG(s) dict_keys(['example_sensor_decorator']) retrieved from /home/vscode/.local/lib/python3.10/site-packages/airflow/example_dags/example_sensor_decorator.py
[2026-01-03T14:02:21.158+0000] {logging_mixin.py:150} INFO - [2026-01-03T14:02:21.158+0000] {dag.py:2742} INFO - Sync 1 DAGs
[2026-01-03T14:02:21.173+0000] {logging_mixin.py:150} INFO - [2026-01-03T14:02:21.173+0000] {dag.py:3504} INFO - Setting next_dagrun for example_sensor_decorator to None, run_after=None
[2026-01-03T14:02:21.187+0000] {processor.py:179} INFO - Processing /home/vscode/.local/lib/python3.10/site-packages/airflow/example_dags/example_sensor_decorator.py took 0.052 seconds
[2026-01-03T14:03:02.959+0000] {processor.py:157} INFO - Started process (PID=16555) to work on /home/vscode/.local/lib/python3.10/site-packages/airflow/example_dags/example_sensor_decorator.py
[2026-01-03T14:03:02.966+0000] {processor.py:826} INFO - Processing file /home/vscode/.local/lib/python3.10/site-packages/airflow/example_dags/example_sensor_decorator.py for tasks to queue
[2026-01-03T14:03:02.967+0000] {logging_mixin.py:150} INFO - [2026-01-03T14:03:02.967+0000] {dagbag.py:541} INFO - Filling up the DagBag from /home/vscode/.local/lib/python3.10/site-packages/airflow/example_dags/example_sensor_decorator.py
[2026-01-03T14:03:02.986+0000] {processor.py:836} INFO - DAG(s) dict_keys(['example_sensor_decorator']) retrieved from /home/vscode/.local/lib/python3.10/site-packages/airflow/example_dags/example_sensor_decorator.py
[2026-01-03T14:03:03.047+0000] {logging_mixin.py:150} INFO - [2026-01-03T14:03:03.041+0000] {dag.py:2742} INFO - Sync 1 DAGs
[2026-01-03T14:03:03.158+0000] {logging_mixin.py:150} INFO - [2026-01-03T14:03:03.158+0000] {dag.py:3504} INFO - Setting next_dagrun for example_sensor_decorator to None, run_after=None
[2026-01-03T14:03:03.238+0000] {processor.py:179} INFO - Processing /home/vscode/.local/lib/python3.10/site-packages/airflow/example_dags/example_sensor_decorator.py took 0.290 seconds
[2026-01-03T14:03:44.068+0000] {processor.py:157} INFO - Started process (PID=17084) to work on /home/vscode/.local/lib/python3.10/site-packages/airflow/example_dags/example_sensor_decorator.py
[2026-01-03T14:03:44.069+0000] {processor.py:826} INFO - Processing file /home/vscode/.local/lib/python3.10/site-packages/airflow/example_dags/example_sensor_decorator.py for tasks to queue
[2026-01-03T14:03:44.070+0000] {logging_mixin.py:150} INFO - [2026-01-03T14:03:44.069+0000] {dagbag.py:541} INFO - Filling up the DagBag from /home/vscode/.local/lib/python3.10/site-packages/airflow/example_dags/example_sensor_decorator.py
[2026-01-03T14:03:44.075+0000] {processor.py:836} INFO - DAG(s) dict_keys(['example_sensor_decorator']) retrieved from /home/vscode/.local/lib/python3.10/site-packages/airflow/example_dags/example_sensor_decorator.py
[2026-01-03T14:03:44.088+0000] {logging_mixin.py:150} INFO - [2026-01-03T14:03:44.088+0000] {dag.py:2742} INFO - Sync 1 DAGs
[2026-01-03T14:03:44.103+0000] {logging_mixin.py:150} INFO - [2026-01-03T14:03:44.102+0000] {dag.py:3504} INFO - Setting next_dagrun for example_sensor_decorator to None, run_after=None
[2026-01-03T14:03:44.117+0000] {processor.py:179} INFO - Processing /home/vscode/.local/lib/python3.10/site-packages/airflow/example_dags/example_sensor_decorator.py took 0.052 seconds
