[2026-01-03T13:49:22.118+0000] {processor.py:157} INFO - Started process (PID=10193) to work on /home/vscode/.local/lib/python3.10/site-packages/airflow/example_dags/example_dynamic_task_mapping_with_no_taskflow_operators.py
[2026-01-03T13:49:22.119+0000] {processor.py:826} INFO - Processing file /home/vscode/.local/lib/python3.10/site-packages/airflow/example_dags/example_dynamic_task_mapping_with_no_taskflow_operators.py for tasks to queue
[2026-01-03T13:49:22.120+0000] {logging_mixin.py:150} INFO - [2026-01-03T13:49:22.119+0000] {dagbag.py:541} INFO - Filling up the DagBag from /home/vscode/.local/lib/python3.10/site-packages/airflow/example_dags/example_dynamic_task_mapping_with_no_taskflow_operators.py
[2026-01-03T13:49:22.126+0000] {processor.py:836} INFO - DAG(s) dict_keys(['example_dynamic_task_mapping_with_no_taskflow_operators']) retrieved from /home/vscode/.local/lib/python3.10/site-packages/airflow/example_dags/example_dynamic_task_mapping_with_no_taskflow_operators.py
[2026-01-03T13:49:22.197+0000] {logging_mixin.py:150} INFO - [2026-01-03T13:49:22.197+0000] {manager.py:504} INFO - Created Permission View: can delete on DAG:example_dynamic_task_mapping_with_no_taskflow_operators
[2026-01-03T13:49:22.205+0000] {logging_mixin.py:150} INFO - [2026-01-03T13:49:22.205+0000] {manager.py:504} INFO - Created Permission View: can read on DAG:example_dynamic_task_mapping_with_no_taskflow_operators
[2026-01-03T13:49:22.211+0000] {logging_mixin.py:150} INFO - [2026-01-03T13:49:22.211+0000] {manager.py:504} INFO - Created Permission View: can edit on DAG:example_dynamic_task_mapping_with_no_taskflow_operators
[2026-01-03T13:49:22.219+0000] {logging_mixin.py:150} INFO - [2026-01-03T13:49:22.218+0000] {dag.py:2742} INFO - Sync 1 DAGs
[2026-01-03T13:49:22.225+0000] {logging_mixin.py:150} INFO - [2026-01-03T13:49:22.225+0000] {dag.py:2763} INFO - Creating ORM DAG for example_dynamic_task_mapping_with_no_taskflow_operators
[2026-01-03T13:49:22.232+0000] {logging_mixin.py:150} INFO - [2026-01-03T13:49:22.232+0000] {dag.py:3504} INFO - Setting next_dagrun for example_dynamic_task_mapping_with_no_taskflow_operators to 2026-01-02T13:49:22.232591+00:00, run_after=2026-01-03T13:49:22.232591+00:00
[2026-01-03T13:49:22.250+0000] {processor.py:179} INFO - Processing /home/vscode/.local/lib/python3.10/site-packages/airflow/example_dags/example_dynamic_task_mapping_with_no_taskflow_operators.py took 0.134 seconds
[2026-01-03T13:50:10.837+0000] {processor.py:157} INFO - Started process (PID=10550) to work on /home/vscode/.local/lib/python3.10/site-packages/airflow/example_dags/example_dynamic_task_mapping_with_no_taskflow_operators.py
[2026-01-03T13:50:10.838+0000] {processor.py:826} INFO - Processing file /home/vscode/.local/lib/python3.10/site-packages/airflow/example_dags/example_dynamic_task_mapping_with_no_taskflow_operators.py for tasks to queue
[2026-01-03T13:50:10.839+0000] {logging_mixin.py:150} INFO - [2026-01-03T13:50:10.839+0000] {dagbag.py:541} INFO - Filling up the DagBag from /home/vscode/.local/lib/python3.10/site-packages/airflow/example_dags/example_dynamic_task_mapping_with_no_taskflow_operators.py
[2026-01-03T13:50:10.845+0000] {processor.py:836} INFO - DAG(s) dict_keys(['example_dynamic_task_mapping_with_no_taskflow_operators']) retrieved from /home/vscode/.local/lib/python3.10/site-packages/airflow/example_dags/example_dynamic_task_mapping_with_no_taskflow_operators.py
[2026-01-03T13:50:10.858+0000] {logging_mixin.py:150} INFO - [2026-01-03T13:50:10.858+0000] {dag.py:2742} INFO - Sync 1 DAGs
[2026-01-03T13:50:10.874+0000] {logging_mixin.py:150} INFO - [2026-01-03T13:50:10.874+0000] {dag.py:3504} INFO - Setting next_dagrun for example_dynamic_task_mapping_with_no_taskflow_operators to 2026-01-02T13:50:10.874019+00:00, run_after=2026-01-03T13:50:10.874019+00:00
[2026-01-03T13:50:10.889+0000] {processor.py:179} INFO - Processing /home/vscode/.local/lib/python3.10/site-packages/airflow/example_dags/example_dynamic_task_mapping_with_no_taskflow_operators.py took 0.054 seconds
[2026-01-03T13:50:53.695+0000] {processor.py:157} INFO - Started process (PID=10878) to work on /home/vscode/.local/lib/python3.10/site-packages/airflow/example_dags/example_dynamic_task_mapping_with_no_taskflow_operators.py
[2026-01-03T13:50:53.696+0000] {processor.py:826} INFO - Processing file /home/vscode/.local/lib/python3.10/site-packages/airflow/example_dags/example_dynamic_task_mapping_with_no_taskflow_operators.py for tasks to queue
[2026-01-03T13:50:53.697+0000] {logging_mixin.py:150} INFO - [2026-01-03T13:50:53.697+0000] {dagbag.py:541} INFO - Filling up the DagBag from /home/vscode/.local/lib/python3.10/site-packages/airflow/example_dags/example_dynamic_task_mapping_with_no_taskflow_operators.py
[2026-01-03T13:50:53.703+0000] {processor.py:836} INFO - DAG(s) dict_keys(['example_dynamic_task_mapping_with_no_taskflow_operators']) retrieved from /home/vscode/.local/lib/python3.10/site-packages/airflow/example_dags/example_dynamic_task_mapping_with_no_taskflow_operators.py
[2026-01-03T13:50:53.717+0000] {logging_mixin.py:150} INFO - [2026-01-03T13:50:53.716+0000] {dag.py:2742} INFO - Sync 1 DAGs
[2026-01-03T13:50:53.733+0000] {logging_mixin.py:150} INFO - [2026-01-03T13:50:53.733+0000] {dag.py:3504} INFO - Setting next_dagrun for example_dynamic_task_mapping_with_no_taskflow_operators to 2026-01-02T13:50:53.732797+00:00, run_after=2026-01-03T13:50:53.732797+00:00
[2026-01-03T13:50:53.750+0000] {processor.py:179} INFO - Processing /home/vscode/.local/lib/python3.10/site-packages/airflow/example_dags/example_dynamic_task_mapping_with_no_taskflow_operators.py took 0.057 seconds
[2026-01-03T13:51:38.570+0000] {processor.py:157} INFO - Started process (PID=11184) to work on /home/vscode/.local/lib/python3.10/site-packages/airflow/example_dags/example_dynamic_task_mapping_with_no_taskflow_operators.py
[2026-01-03T13:51:38.570+0000] {processor.py:826} INFO - Processing file /home/vscode/.local/lib/python3.10/site-packages/airflow/example_dags/example_dynamic_task_mapping_with_no_taskflow_operators.py for tasks to queue
[2026-01-03T13:51:38.571+0000] {logging_mixin.py:150} INFO - [2026-01-03T13:51:38.571+0000] {dagbag.py:541} INFO - Filling up the DagBag from /home/vscode/.local/lib/python3.10/site-packages/airflow/example_dags/example_dynamic_task_mapping_with_no_taskflow_operators.py
[2026-01-03T13:51:38.580+0000] {processor.py:836} INFO - DAG(s) dict_keys(['example_dynamic_task_mapping_with_no_taskflow_operators']) retrieved from /home/vscode/.local/lib/python3.10/site-packages/airflow/example_dags/example_dynamic_task_mapping_with_no_taskflow_operators.py
[2026-01-03T13:51:38.597+0000] {logging_mixin.py:150} INFO - [2026-01-03T13:51:38.597+0000] {dag.py:2742} INFO - Sync 1 DAGs
[2026-01-03T13:51:38.617+0000] {logging_mixin.py:150} INFO - [2026-01-03T13:51:38.617+0000] {dag.py:3504} INFO - Setting next_dagrun for example_dynamic_task_mapping_with_no_taskflow_operators to 2026-01-02T13:51:38.617496+00:00, run_after=2026-01-03T13:51:38.617496+00:00
[2026-01-03T13:51:38.633+0000] {processor.py:179} INFO - Processing /home/vscode/.local/lib/python3.10/site-packages/airflow/example_dags/example_dynamic_task_mapping_with_no_taskflow_operators.py took 0.067 seconds
[2026-01-03T13:52:22.262+0000] {processor.py:157} INFO - Started process (PID=11517) to work on /home/vscode/.local/lib/python3.10/site-packages/airflow/example_dags/example_dynamic_task_mapping_with_no_taskflow_operators.py
[2026-01-03T13:52:22.263+0000] {processor.py:826} INFO - Processing file /home/vscode/.local/lib/python3.10/site-packages/airflow/example_dags/example_dynamic_task_mapping_with_no_taskflow_operators.py for tasks to queue
[2026-01-03T13:52:22.263+0000] {logging_mixin.py:150} INFO - [2026-01-03T13:52:22.263+0000] {dagbag.py:541} INFO - Filling up the DagBag from /home/vscode/.local/lib/python3.10/site-packages/airflow/example_dags/example_dynamic_task_mapping_with_no_taskflow_operators.py
[2026-01-03T13:52:22.270+0000] {processor.py:836} INFO - DAG(s) dict_keys(['example_dynamic_task_mapping_with_no_taskflow_operators']) retrieved from /home/vscode/.local/lib/python3.10/site-packages/airflow/example_dags/example_dynamic_task_mapping_with_no_taskflow_operators.py
[2026-01-03T13:52:22.284+0000] {logging_mixin.py:150} INFO - [2026-01-03T13:52:22.283+0000] {dag.py:2742} INFO - Sync 1 DAGs
[2026-01-03T13:52:22.300+0000] {logging_mixin.py:150} INFO - [2026-01-03T13:52:22.300+0000] {dag.py:3504} INFO - Setting next_dagrun for example_dynamic_task_mapping_with_no_taskflow_operators to 2026-01-02T13:52:22.300022+00:00, run_after=2026-01-03T13:52:22.300022+00:00
[2026-01-03T13:52:22.318+0000] {processor.py:179} INFO - Processing /home/vscode/.local/lib/python3.10/site-packages/airflow/example_dags/example_dynamic_task_mapping_with_no_taskflow_operators.py took 0.058 seconds
[2026-01-03T13:53:04.796+0000] {processor.py:157} INFO - Started process (PID=11819) to work on /home/vscode/.local/lib/python3.10/site-packages/airflow/example_dags/example_dynamic_task_mapping_with_no_taskflow_operators.py
[2026-01-03T13:53:04.797+0000] {processor.py:826} INFO - Processing file /home/vscode/.local/lib/python3.10/site-packages/airflow/example_dags/example_dynamic_task_mapping_with_no_taskflow_operators.py for tasks to queue
[2026-01-03T13:53:04.798+0000] {logging_mixin.py:150} INFO - [2026-01-03T13:53:04.798+0000] {dagbag.py:541} INFO - Filling up the DagBag from /home/vscode/.local/lib/python3.10/site-packages/airflow/example_dags/example_dynamic_task_mapping_with_no_taskflow_operators.py
[2026-01-03T13:53:04.805+0000] {processor.py:836} INFO - DAG(s) dict_keys(['example_dynamic_task_mapping_with_no_taskflow_operators']) retrieved from /home/vscode/.local/lib/python3.10/site-packages/airflow/example_dags/example_dynamic_task_mapping_with_no_taskflow_operators.py
[2026-01-03T13:53:04.818+0000] {logging_mixin.py:150} INFO - [2026-01-03T13:53:04.818+0000] {dag.py:2742} INFO - Sync 1 DAGs
[2026-01-03T13:53:04.834+0000] {logging_mixin.py:150} INFO - [2026-01-03T13:53:04.834+0000] {dag.py:3504} INFO - Setting next_dagrun for example_dynamic_task_mapping_with_no_taskflow_operators to 2026-01-02T13:53:04.834163+00:00, run_after=2026-01-03T13:53:04.834163+00:00
[2026-01-03T13:53:04.851+0000] {processor.py:179} INFO - Processing /home/vscode/.local/lib/python3.10/site-packages/airflow/example_dags/example_dynamic_task_mapping_with_no_taskflow_operators.py took 0.057 seconds
[2026-01-03T13:53:47.269+0000] {processor.py:157} INFO - Started process (PID=12175) to work on /home/vscode/.local/lib/python3.10/site-packages/airflow/example_dags/example_dynamic_task_mapping_with_no_taskflow_operators.py
[2026-01-03T13:53:47.270+0000] {processor.py:826} INFO - Processing file /home/vscode/.local/lib/python3.10/site-packages/airflow/example_dags/example_dynamic_task_mapping_with_no_taskflow_operators.py for tasks to queue
[2026-01-03T13:53:47.271+0000] {logging_mixin.py:150} INFO - [2026-01-03T13:53:47.271+0000] {dagbag.py:541} INFO - Filling up the DagBag from /home/vscode/.local/lib/python3.10/site-packages/airflow/example_dags/example_dynamic_task_mapping_with_no_taskflow_operators.py
[2026-01-03T13:53:47.282+0000] {processor.py:836} INFO - DAG(s) dict_keys(['example_dynamic_task_mapping_with_no_taskflow_operators']) retrieved from /home/vscode/.local/lib/python3.10/site-packages/airflow/example_dags/example_dynamic_task_mapping_with_no_taskflow_operators.py
[2026-01-03T13:53:47.294+0000] {logging_mixin.py:150} INFO - [2026-01-03T13:53:47.294+0000] {dag.py:2742} INFO - Sync 1 DAGs
[2026-01-03T13:53:47.309+0000] {logging_mixin.py:150} INFO - [2026-01-03T13:53:47.309+0000] {dag.py:3504} INFO - Setting next_dagrun for example_dynamic_task_mapping_with_no_taskflow_operators to 2026-01-02T13:53:47.309303+00:00, run_after=2026-01-03T13:53:47.309303+00:00
[2026-01-03T13:53:47.325+0000] {processor.py:179} INFO - Processing /home/vscode/.local/lib/python3.10/site-packages/airflow/example_dags/example_dynamic_task_mapping_with_no_taskflow_operators.py took 0.059 seconds
[2026-01-03T13:54:29.655+0000] {processor.py:157} INFO - Started process (PID=12501) to work on /home/vscode/.local/lib/python3.10/site-packages/airflow/example_dags/example_dynamic_task_mapping_with_no_taskflow_operators.py
[2026-01-03T13:54:29.656+0000] {processor.py:826} INFO - Processing file /home/vscode/.local/lib/python3.10/site-packages/airflow/example_dags/example_dynamic_task_mapping_with_no_taskflow_operators.py for tasks to queue
[2026-01-03T13:54:29.657+0000] {logging_mixin.py:150} INFO - [2026-01-03T13:54:29.656+0000] {dagbag.py:541} INFO - Filling up the DagBag from /home/vscode/.local/lib/python3.10/site-packages/airflow/example_dags/example_dynamic_task_mapping_with_no_taskflow_operators.py
[2026-01-03T13:54:29.663+0000] {processor.py:836} INFO - DAG(s) dict_keys(['example_dynamic_task_mapping_with_no_taskflow_operators']) retrieved from /home/vscode/.local/lib/python3.10/site-packages/airflow/example_dags/example_dynamic_task_mapping_with_no_taskflow_operators.py
[2026-01-03T13:54:29.676+0000] {logging_mixin.py:150} INFO - [2026-01-03T13:54:29.676+0000] {dag.py:2742} INFO - Sync 1 DAGs
[2026-01-03T13:54:29.696+0000] {logging_mixin.py:150} INFO - [2026-01-03T13:54:29.695+0000] {dag.py:3504} INFO - Setting next_dagrun for example_dynamic_task_mapping_with_no_taskflow_operators to 2026-01-02T13:54:29.695621+00:00, run_after=2026-01-03T13:54:29.695621+00:00
[2026-01-03T13:54:29.718+0000] {processor.py:179} INFO - Processing /home/vscode/.local/lib/python3.10/site-packages/airflow/example_dags/example_dynamic_task_mapping_with_no_taskflow_operators.py took 0.065 seconds
[2026-01-03T13:55:15.766+0000] {processor.py:157} INFO - Started process (PID=12858) to work on /home/vscode/.local/lib/python3.10/site-packages/airflow/example_dags/example_dynamic_task_mapping_with_no_taskflow_operators.py
[2026-01-03T13:55:15.767+0000] {processor.py:826} INFO - Processing file /home/vscode/.local/lib/python3.10/site-packages/airflow/example_dags/example_dynamic_task_mapping_with_no_taskflow_operators.py for tasks to queue
[2026-01-03T13:55:15.768+0000] {logging_mixin.py:150} INFO - [2026-01-03T13:55:15.767+0000] {dagbag.py:541} INFO - Filling up the DagBag from /home/vscode/.local/lib/python3.10/site-packages/airflow/example_dags/example_dynamic_task_mapping_with_no_taskflow_operators.py
[2026-01-03T13:55:15.774+0000] {processor.py:836} INFO - DAG(s) dict_keys(['example_dynamic_task_mapping_with_no_taskflow_operators']) retrieved from /home/vscode/.local/lib/python3.10/site-packages/airflow/example_dags/example_dynamic_task_mapping_with_no_taskflow_operators.py
[2026-01-03T13:55:15.786+0000] {logging_mixin.py:150} INFO - [2026-01-03T13:55:15.786+0000] {dag.py:2742} INFO - Sync 1 DAGs
[2026-01-03T13:55:15.802+0000] {logging_mixin.py:150} INFO - [2026-01-03T13:55:15.801+0000] {dag.py:3504} INFO - Setting next_dagrun for example_dynamic_task_mapping_with_no_taskflow_operators to 2026-01-02T13:55:15.801768+00:00, run_after=2026-01-03T13:55:15.801768+00:00
[2026-01-03T13:55:15.817+0000] {processor.py:179} INFO - Processing /home/vscode/.local/lib/python3.10/site-packages/airflow/example_dags/example_dynamic_task_mapping_with_no_taskflow_operators.py took 0.053 seconds
[2026-01-03T13:55:59.264+0000] {processor.py:157} INFO - Started process (PID=13338) to work on /home/vscode/.local/lib/python3.10/site-packages/airflow/example_dags/example_dynamic_task_mapping_with_no_taskflow_operators.py
[2026-01-03T13:55:59.265+0000] {processor.py:826} INFO - Processing file /home/vscode/.local/lib/python3.10/site-packages/airflow/example_dags/example_dynamic_task_mapping_with_no_taskflow_operators.py for tasks to queue
[2026-01-03T13:55:59.265+0000] {logging_mixin.py:150} INFO - [2026-01-03T13:55:59.265+0000] {dagbag.py:541} INFO - Filling up the DagBag from /home/vscode/.local/lib/python3.10/site-packages/airflow/example_dags/example_dynamic_task_mapping_with_no_taskflow_operators.py
[2026-01-03T13:55:59.272+0000] {processor.py:836} INFO - DAG(s) dict_keys(['example_dynamic_task_mapping_with_no_taskflow_operators']) retrieved from /home/vscode/.local/lib/python3.10/site-packages/airflow/example_dags/example_dynamic_task_mapping_with_no_taskflow_operators.py
[2026-01-03T13:55:59.284+0000] {logging_mixin.py:150} INFO - [2026-01-03T13:55:59.284+0000] {dag.py:2742} INFO - Sync 1 DAGs
[2026-01-03T13:55:59.299+0000] {logging_mixin.py:150} INFO - [2026-01-03T13:55:59.299+0000] {dag.py:3504} INFO - Setting next_dagrun for example_dynamic_task_mapping_with_no_taskflow_operators to 2026-01-02T13:55:59.299094+00:00, run_after=2026-01-03T13:55:59.299094+00:00
[2026-01-03T13:55:59.314+0000] {processor.py:179} INFO - Processing /home/vscode/.local/lib/python3.10/site-packages/airflow/example_dags/example_dynamic_task_mapping_with_no_taskflow_operators.py took 0.053 seconds
[2026-01-03T13:56:41.907+0000] {processor.py:157} INFO - Started process (PID=13732) to work on /home/vscode/.local/lib/python3.10/site-packages/airflow/example_dags/example_dynamic_task_mapping_with_no_taskflow_operators.py
[2026-01-03T13:56:41.907+0000] {processor.py:826} INFO - Processing file /home/vscode/.local/lib/python3.10/site-packages/airflow/example_dags/example_dynamic_task_mapping_with_no_taskflow_operators.py for tasks to queue
[2026-01-03T13:56:41.908+0000] {logging_mixin.py:150} INFO - [2026-01-03T13:56:41.908+0000] {dagbag.py:541} INFO - Filling up the DagBag from /home/vscode/.local/lib/python3.10/site-packages/airflow/example_dags/example_dynamic_task_mapping_with_no_taskflow_operators.py
[2026-01-03T13:56:41.914+0000] {processor.py:836} INFO - DAG(s) dict_keys(['example_dynamic_task_mapping_with_no_taskflow_operators']) retrieved from /home/vscode/.local/lib/python3.10/site-packages/airflow/example_dags/example_dynamic_task_mapping_with_no_taskflow_operators.py
[2026-01-03T13:56:41.927+0000] {logging_mixin.py:150} INFO - [2026-01-03T13:56:41.927+0000] {dag.py:2742} INFO - Sync 1 DAGs
[2026-01-03T13:56:41.941+0000] {logging_mixin.py:150} INFO - [2026-01-03T13:56:41.941+0000] {dag.py:3504} INFO - Setting next_dagrun for example_dynamic_task_mapping_with_no_taskflow_operators to 2026-01-02T13:56:41.941627+00:00, run_after=2026-01-03T13:56:41.941627+00:00
[2026-01-03T13:56:41.957+0000] {processor.py:179} INFO - Processing /home/vscode/.local/lib/python3.10/site-packages/airflow/example_dags/example_dynamic_task_mapping_with_no_taskflow_operators.py took 0.053 seconds
[2026-01-03T13:57:27.623+0000] {processor.py:157} INFO - Started process (PID=14052) to work on /home/vscode/.local/lib/python3.10/site-packages/airflow/example_dags/example_dynamic_task_mapping_with_no_taskflow_operators.py
[2026-01-03T13:57:27.624+0000] {processor.py:826} INFO - Processing file /home/vscode/.local/lib/python3.10/site-packages/airflow/example_dags/example_dynamic_task_mapping_with_no_taskflow_operators.py for tasks to queue
[2026-01-03T13:57:27.625+0000] {logging_mixin.py:150} INFO - [2026-01-03T13:57:27.625+0000] {dagbag.py:541} INFO - Filling up the DagBag from /home/vscode/.local/lib/python3.10/site-packages/airflow/example_dags/example_dynamic_task_mapping_with_no_taskflow_operators.py
[2026-01-03T13:57:27.631+0000] {processor.py:836} INFO - DAG(s) dict_keys(['example_dynamic_task_mapping_with_no_taskflow_operators']) retrieved from /home/vscode/.local/lib/python3.10/site-packages/airflow/example_dags/example_dynamic_task_mapping_with_no_taskflow_operators.py
[2026-01-03T13:57:27.643+0000] {logging_mixin.py:150} INFO - [2026-01-03T13:57:27.643+0000] {dag.py:2742} INFO - Sync 1 DAGs
[2026-01-03T13:57:27.658+0000] {logging_mixin.py:150} INFO - [2026-01-03T13:57:27.658+0000] {dag.py:3504} INFO - Setting next_dagrun for example_dynamic_task_mapping_with_no_taskflow_operators to 2026-01-02T13:57:27.658181+00:00, run_after=2026-01-03T13:57:27.658181+00:00
[2026-01-03T13:57:27.674+0000] {processor.py:179} INFO - Processing /home/vscode/.local/lib/python3.10/site-packages/airflow/example_dags/example_dynamic_task_mapping_with_no_taskflow_operators.py took 0.053 seconds
[2026-01-03T13:58:08.724+0000] {processor.py:157} INFO - Started process (PID=14330) to work on /home/vscode/.local/lib/python3.10/site-packages/airflow/example_dags/example_dynamic_task_mapping_with_no_taskflow_operators.py
[2026-01-03T13:58:08.724+0000] {processor.py:826} INFO - Processing file /home/vscode/.local/lib/python3.10/site-packages/airflow/example_dags/example_dynamic_task_mapping_with_no_taskflow_operators.py for tasks to queue
[2026-01-03T13:58:08.725+0000] {logging_mixin.py:150} INFO - [2026-01-03T13:58:08.725+0000] {dagbag.py:541} INFO - Filling up the DagBag from /home/vscode/.local/lib/python3.10/site-packages/airflow/example_dags/example_dynamic_task_mapping_with_no_taskflow_operators.py
[2026-01-03T13:58:08.732+0000] {processor.py:836} INFO - DAG(s) dict_keys(['example_dynamic_task_mapping_with_no_taskflow_operators']) retrieved from /home/vscode/.local/lib/python3.10/site-packages/airflow/example_dags/example_dynamic_task_mapping_with_no_taskflow_operators.py
[2026-01-03T13:58:08.744+0000] {logging_mixin.py:150} INFO - [2026-01-03T13:58:08.744+0000] {dag.py:2742} INFO - Sync 1 DAGs
[2026-01-03T13:58:08.759+0000] {logging_mixin.py:150} INFO - [2026-01-03T13:58:08.758+0000] {dag.py:3504} INFO - Setting next_dagrun for example_dynamic_task_mapping_with_no_taskflow_operators to 2026-01-02T13:58:08.758744+00:00, run_after=2026-01-03T13:58:08.758744+00:00
[2026-01-03T13:58:08.774+0000] {processor.py:179} INFO - Processing /home/vscode/.local/lib/python3.10/site-packages/airflow/example_dags/example_dynamic_task_mapping_with_no_taskflow_operators.py took 0.053 seconds
[2026-01-03T13:58:49.168+0000] {processor.py:157} INFO - Started process (PID=14629) to work on /home/vscode/.local/lib/python3.10/site-packages/airflow/example_dags/example_dynamic_task_mapping_with_no_taskflow_operators.py
[2026-01-03T13:58:49.169+0000] {processor.py:826} INFO - Processing file /home/vscode/.local/lib/python3.10/site-packages/airflow/example_dags/example_dynamic_task_mapping_with_no_taskflow_operators.py for tasks to queue
[2026-01-03T13:58:49.170+0000] {logging_mixin.py:150} INFO - [2026-01-03T13:58:49.169+0000] {dagbag.py:541} INFO - Filling up the DagBag from /home/vscode/.local/lib/python3.10/site-packages/airflow/example_dags/example_dynamic_task_mapping_with_no_taskflow_operators.py
[2026-01-03T13:58:49.176+0000] {processor.py:836} INFO - DAG(s) dict_keys(['example_dynamic_task_mapping_with_no_taskflow_operators']) retrieved from /home/vscode/.local/lib/python3.10/site-packages/airflow/example_dags/example_dynamic_task_mapping_with_no_taskflow_operators.py
[2026-01-03T13:58:49.188+0000] {logging_mixin.py:150} INFO - [2026-01-03T13:58:49.188+0000] {dag.py:2742} INFO - Sync 1 DAGs
[2026-01-03T13:58:49.203+0000] {logging_mixin.py:150} INFO - [2026-01-03T13:58:49.203+0000] {dag.py:3504} INFO - Setting next_dagrun for example_dynamic_task_mapping_with_no_taskflow_operators to 2026-01-02T13:58:49.203072+00:00, run_after=2026-01-03T13:58:49.203072+00:00
[2026-01-03T13:58:49.217+0000] {processor.py:179} INFO - Processing /home/vscode/.local/lib/python3.10/site-packages/airflow/example_dags/example_dynamic_task_mapping_with_no_taskflow_operators.py took 0.052 seconds
[2026-01-03T13:59:41.677+0000] {processor.py:157} INFO - Started process (PID=14982) to work on /home/vscode/.local/lib/python3.10/site-packages/airflow/example_dags/example_dynamic_task_mapping_with_no_taskflow_operators.py
[2026-01-03T13:59:41.678+0000] {processor.py:826} INFO - Processing file /home/vscode/.local/lib/python3.10/site-packages/airflow/example_dags/example_dynamic_task_mapping_with_no_taskflow_operators.py for tasks to queue
[2026-01-03T13:59:41.679+0000] {logging_mixin.py:150} INFO - [2026-01-03T13:59:41.678+0000] {dagbag.py:541} INFO - Filling up the DagBag from /home/vscode/.local/lib/python3.10/site-packages/airflow/example_dags/example_dynamic_task_mapping_with_no_taskflow_operators.py
[2026-01-03T13:59:41.685+0000] {processor.py:836} INFO - DAG(s) dict_keys(['example_dynamic_task_mapping_with_no_taskflow_operators']) retrieved from /home/vscode/.local/lib/python3.10/site-packages/airflow/example_dags/example_dynamic_task_mapping_with_no_taskflow_operators.py
[2026-01-03T13:59:41.697+0000] {logging_mixin.py:150} INFO - [2026-01-03T13:59:41.696+0000] {dag.py:2742} INFO - Sync 1 DAGs
[2026-01-03T13:59:41.711+0000] {logging_mixin.py:150} INFO - [2026-01-03T13:59:41.711+0000] {dag.py:3504} INFO - Setting next_dagrun for example_dynamic_task_mapping_with_no_taskflow_operators to 2026-01-02T13:59:41.711282+00:00, run_after=2026-01-03T13:59:41.711282+00:00
[2026-01-03T13:59:41.726+0000] {processor.py:179} INFO - Processing /home/vscode/.local/lib/python3.10/site-packages/airflow/example_dags/example_dynamic_task_mapping_with_no_taskflow_operators.py took 0.051 seconds
[2026-01-03T14:00:26.574+0000] {processor.py:157} INFO - Started process (PID=15284) to work on /home/vscode/.local/lib/python3.10/site-packages/airflow/example_dags/example_dynamic_task_mapping_with_no_taskflow_operators.py
[2026-01-03T14:00:26.575+0000] {processor.py:826} INFO - Processing file /home/vscode/.local/lib/python3.10/site-packages/airflow/example_dags/example_dynamic_task_mapping_with_no_taskflow_operators.py for tasks to queue
[2026-01-03T14:00:26.576+0000] {logging_mixin.py:150} INFO - [2026-01-03T14:00:26.575+0000] {dagbag.py:541} INFO - Filling up the DagBag from /home/vscode/.local/lib/python3.10/site-packages/airflow/example_dags/example_dynamic_task_mapping_with_no_taskflow_operators.py
[2026-01-03T14:00:26.582+0000] {processor.py:836} INFO - DAG(s) dict_keys(['example_dynamic_task_mapping_with_no_taskflow_operators']) retrieved from /home/vscode/.local/lib/python3.10/site-packages/airflow/example_dags/example_dynamic_task_mapping_with_no_taskflow_operators.py
[2026-01-03T14:00:26.594+0000] {logging_mixin.py:150} INFO - [2026-01-03T14:00:26.593+0000] {dag.py:2742} INFO - Sync 1 DAGs
[2026-01-03T14:00:26.608+0000] {logging_mixin.py:150} INFO - [2026-01-03T14:00:26.608+0000] {dag.py:3504} INFO - Setting next_dagrun for example_dynamic_task_mapping_with_no_taskflow_operators to 2026-01-02T14:00:26.608374+00:00, run_after=2026-01-03T14:00:26.608374+00:00
[2026-01-03T14:00:26.623+0000] {processor.py:179} INFO - Processing /home/vscode/.local/lib/python3.10/site-packages/airflow/example_dags/example_dynamic_task_mapping_with_no_taskflow_operators.py took 0.052 seconds
[2026-01-03T14:01:06.641+0000] {processor.py:157} INFO - Started process (PID=15554) to work on /home/vscode/.local/lib/python3.10/site-packages/airflow/example_dags/example_dynamic_task_mapping_with_no_taskflow_operators.py
[2026-01-03T14:01:06.642+0000] {processor.py:826} INFO - Processing file /home/vscode/.local/lib/python3.10/site-packages/airflow/example_dags/example_dynamic_task_mapping_with_no_taskflow_operators.py for tasks to queue
[2026-01-03T14:01:06.643+0000] {logging_mixin.py:150} INFO - [2026-01-03T14:01:06.643+0000] {dagbag.py:541} INFO - Filling up the DagBag from /home/vscode/.local/lib/python3.10/site-packages/airflow/example_dags/example_dynamic_task_mapping_with_no_taskflow_operators.py
[2026-01-03T14:01:06.649+0000] {processor.py:836} INFO - DAG(s) dict_keys(['example_dynamic_task_mapping_with_no_taskflow_operators']) retrieved from /home/vscode/.local/lib/python3.10/site-packages/airflow/example_dags/example_dynamic_task_mapping_with_no_taskflow_operators.py
[2026-01-03T14:01:06.662+0000] {logging_mixin.py:150} INFO - [2026-01-03T14:01:06.661+0000] {dag.py:2742} INFO - Sync 1 DAGs
[2026-01-03T14:01:06.676+0000] {logging_mixin.py:150} INFO - [2026-01-03T14:01:06.676+0000] {dag.py:3504} INFO - Setting next_dagrun for example_dynamic_task_mapping_with_no_taskflow_operators to 2026-01-02T14:01:06.676268+00:00, run_after=2026-01-03T14:01:06.676268+00:00
[2026-01-03T14:01:06.691+0000] {processor.py:179} INFO - Processing /home/vscode/.local/lib/python3.10/site-packages/airflow/example_dags/example_dynamic_task_mapping_with_no_taskflow_operators.py took 0.052 seconds
[2026-01-03T14:01:50.870+0000] {processor.py:157} INFO - Started process (PID=15877) to work on /home/vscode/.local/lib/python3.10/site-packages/airflow/example_dags/example_dynamic_task_mapping_with_no_taskflow_operators.py
[2026-01-03T14:01:50.871+0000] {processor.py:826} INFO - Processing file /home/vscode/.local/lib/python3.10/site-packages/airflow/example_dags/example_dynamic_task_mapping_with_no_taskflow_operators.py for tasks to queue
[2026-01-03T14:01:50.871+0000] {logging_mixin.py:150} INFO - [2026-01-03T14:01:50.871+0000] {dagbag.py:541} INFO - Filling up the DagBag from /home/vscode/.local/lib/python3.10/site-packages/airflow/example_dags/example_dynamic_task_mapping_with_no_taskflow_operators.py
[2026-01-03T14:01:50.877+0000] {processor.py:836} INFO - DAG(s) dict_keys(['example_dynamic_task_mapping_with_no_taskflow_operators']) retrieved from /home/vscode/.local/lib/python3.10/site-packages/airflow/example_dags/example_dynamic_task_mapping_with_no_taskflow_operators.py
[2026-01-03T14:01:50.889+0000] {logging_mixin.py:150} INFO - [2026-01-03T14:01:50.889+0000] {dag.py:2742} INFO - Sync 1 DAGs
[2026-01-03T14:01:50.904+0000] {logging_mixin.py:150} INFO - [2026-01-03T14:01:50.904+0000] {dag.py:3504} INFO - Setting next_dagrun for example_dynamic_task_mapping_with_no_taskflow_operators to 2026-01-02T14:01:50.903986+00:00, run_after=2026-01-03T14:01:50.903986+00:00
[2026-01-03T14:01:50.919+0000] {processor.py:179} INFO - Processing /home/vscode/.local/lib/python3.10/site-packages/airflow/example_dags/example_dynamic_task_mapping_with_no_taskflow_operators.py took 0.051 seconds
[2026-01-03T14:02:37.508+0000] {processor.py:157} INFO - Started process (PID=16222) to work on /home/vscode/.local/lib/python3.10/site-packages/airflow/example_dags/example_dynamic_task_mapping_with_no_taskflow_operators.py
[2026-01-03T14:02:37.509+0000] {processor.py:826} INFO - Processing file /home/vscode/.local/lib/python3.10/site-packages/airflow/example_dags/example_dynamic_task_mapping_with_no_taskflow_operators.py for tasks to queue
[2026-01-03T14:02:37.509+0000] {logging_mixin.py:150} INFO - [2026-01-03T14:02:37.509+0000] {dagbag.py:541} INFO - Filling up the DagBag from /home/vscode/.local/lib/python3.10/site-packages/airflow/example_dags/example_dynamic_task_mapping_with_no_taskflow_operators.py
[2026-01-03T14:02:37.516+0000] {processor.py:836} INFO - DAG(s) dict_keys(['example_dynamic_task_mapping_with_no_taskflow_operators']) retrieved from /home/vscode/.local/lib/python3.10/site-packages/airflow/example_dags/example_dynamic_task_mapping_with_no_taskflow_operators.py
[2026-01-03T14:02:37.528+0000] {logging_mixin.py:150} INFO - [2026-01-03T14:02:37.528+0000] {dag.py:2742} INFO - Sync 1 DAGs
[2026-01-03T14:02:37.542+0000] {logging_mixin.py:150} INFO - [2026-01-03T14:02:37.542+0000] {dag.py:3504} INFO - Setting next_dagrun for example_dynamic_task_mapping_with_no_taskflow_operators to 2026-01-02T14:02:37.542370+00:00, run_after=2026-01-03T14:02:37.542370+00:00
[2026-01-03T14:02:37.558+0000] {processor.py:179} INFO - Processing /home/vscode/.local/lib/python3.10/site-packages/airflow/example_dags/example_dynamic_task_mapping_with_no_taskflow_operators.py took 0.053 seconds
[2026-01-03T14:03:29.858+0000] {processor.py:157} INFO - Started process (PID=16909) to work on /home/vscode/.local/lib/python3.10/site-packages/airflow/example_dags/example_dynamic_task_mapping_with_no_taskflow_operators.py
[2026-01-03T14:03:29.858+0000] {processor.py:826} INFO - Processing file /home/vscode/.local/lib/python3.10/site-packages/airflow/example_dags/example_dynamic_task_mapping_with_no_taskflow_operators.py for tasks to queue
[2026-01-03T14:03:29.859+0000] {logging_mixin.py:150} INFO - [2026-01-03T14:03:29.859+0000] {dagbag.py:541} INFO - Filling up the DagBag from /home/vscode/.local/lib/python3.10/site-packages/airflow/example_dags/example_dynamic_task_mapping_with_no_taskflow_operators.py
[2026-01-03T14:03:29.866+0000] {processor.py:836} INFO - DAG(s) dict_keys(['example_dynamic_task_mapping_with_no_taskflow_operators']) retrieved from /home/vscode/.local/lib/python3.10/site-packages/airflow/example_dags/example_dynamic_task_mapping_with_no_taskflow_operators.py
[2026-01-03T14:03:29.878+0000] {logging_mixin.py:150} INFO - [2026-01-03T14:03:29.878+0000] {dag.py:2742} INFO - Sync 1 DAGs
[2026-01-03T14:03:29.892+0000] {logging_mixin.py:150} INFO - [2026-01-03T14:03:29.892+0000] {dag.py:3504} INFO - Setting next_dagrun for example_dynamic_task_mapping_with_no_taskflow_operators to 2026-01-02T14:03:29.892404+00:00, run_after=2026-01-03T14:03:29.892404+00:00
[2026-01-03T14:03:29.907+0000] {processor.py:179} INFO - Processing /home/vscode/.local/lib/python3.10/site-packages/airflow/example_dags/example_dynamic_task_mapping_with_no_taskflow_operators.py took 0.052 seconds
[2026-01-03T14:04:16.093+0000] {processor.py:157} INFO - Started process (PID=17469) to work on /home/vscode/.local/lib/python3.10/site-packages/airflow/example_dags/example_dynamic_task_mapping_with_no_taskflow_operators.py
[2026-01-03T14:04:16.094+0000] {processor.py:826} INFO - Processing file /home/vscode/.local/lib/python3.10/site-packages/airflow/example_dags/example_dynamic_task_mapping_with_no_taskflow_operators.py for tasks to queue
[2026-01-03T14:04:16.095+0000] {logging_mixin.py:150} INFO - [2026-01-03T14:04:16.095+0000] {dagbag.py:541} INFO - Filling up the DagBag from /home/vscode/.local/lib/python3.10/site-packages/airflow/example_dags/example_dynamic_task_mapping_with_no_taskflow_operators.py
[2026-01-03T14:04:16.101+0000] {processor.py:836} INFO - DAG(s) dict_keys(['example_dynamic_task_mapping_with_no_taskflow_operators']) retrieved from /home/vscode/.local/lib/python3.10/site-packages/airflow/example_dags/example_dynamic_task_mapping_with_no_taskflow_operators.py
[2026-01-03T14:04:16.113+0000] {logging_mixin.py:150} INFO - [2026-01-03T14:04:16.113+0000] {dag.py:2742} INFO - Sync 1 DAGs
[2026-01-03T14:04:16.128+0000] {logging_mixin.py:150} INFO - [2026-01-03T14:04:16.128+0000] {dag.py:3504} INFO - Setting next_dagrun for example_dynamic_task_mapping_with_no_taskflow_operators to 2026-01-02T14:04:16.128253+00:00, run_after=2026-01-03T14:04:16.128253+00:00
[2026-01-03T14:04:16.143+0000] {processor.py:179} INFO - Processing /home/vscode/.local/lib/python3.10/site-packages/airflow/example_dags/example_dynamic_task_mapping_with_no_taskflow_operators.py took 0.052 seconds
