[2026-01-03T13:49:20.885+0000] {processor.py:157} INFO - Started process (PID=10190) to work on /home/vscode/.local/lib/python3.10/site-packages/airflow/example_dags/example_dag_decorator.py
[2026-01-03T13:49:20.886+0000] {processor.py:826} INFO - Processing file /home/vscode/.local/lib/python3.10/site-packages/airflow/example_dags/example_dag_decorator.py for tasks to queue
[2026-01-03T13:49:20.886+0000] {logging_mixin.py:150} INFO - [2026-01-03T13:49:20.886+0000] {dagbag.py:541} INFO - Filling up the DagBag from /home/vscode/.local/lib/python3.10/site-packages/airflow/example_dags/example_dag_decorator.py
[2026-01-03T13:49:20.898+0000] {processor.py:836} INFO - DAG(s) dict_keys(['example_dag_decorator']) retrieved from /home/vscode/.local/lib/python3.10/site-packages/airflow/example_dags/example_dag_decorator.py
[2026-01-03T13:49:20.973+0000] {logging_mixin.py:150} INFO - [2026-01-03T13:49:20.973+0000] {manager.py:504} INFO - Created Permission View: can delete on DAG:example_dag_decorator
[2026-01-03T13:49:20.982+0000] {logging_mixin.py:150} INFO - [2026-01-03T13:49:20.981+0000] {manager.py:504} INFO - Created Permission View: can read on DAG:example_dag_decorator
[2026-01-03T13:49:20.988+0000] {logging_mixin.py:150} INFO - [2026-01-03T13:49:20.987+0000] {manager.py:504} INFO - Created Permission View: can edit on DAG:example_dag_decorator
[2026-01-03T13:49:20.996+0000] {logging_mixin.py:150} INFO - [2026-01-03T13:49:20.995+0000] {dag.py:2742} INFO - Sync 1 DAGs
[2026-01-03T13:49:21.002+0000] {logging_mixin.py:150} INFO - [2026-01-03T13:49:21.002+0000] {dag.py:2763} INFO - Creating ORM DAG for example_dag_decorator
[2026-01-03T13:49:21.008+0000] {logging_mixin.py:150} INFO - [2026-01-03T13:49:21.008+0000] {dag.py:3504} INFO - Setting next_dagrun for example_dag_decorator to None, run_after=None
[2026-01-03T13:49:21.024+0000] {processor.py:179} INFO - Processing /home/vscode/.local/lib/python3.10/site-packages/airflow/example_dags/example_dag_decorator.py took 0.142 seconds
[2026-01-03T13:50:06.200+0000] {processor.py:157} INFO - Started process (PID=10523) to work on /home/vscode/.local/lib/python3.10/site-packages/airflow/example_dags/example_dag_decorator.py
[2026-01-03T13:50:06.201+0000] {processor.py:826} INFO - Processing file /home/vscode/.local/lib/python3.10/site-packages/airflow/example_dags/example_dag_decorator.py for tasks to queue
[2026-01-03T13:50:06.202+0000] {logging_mixin.py:150} INFO - [2026-01-03T13:50:06.201+0000] {dagbag.py:541} INFO - Filling up the DagBag from /home/vscode/.local/lib/python3.10/site-packages/airflow/example_dags/example_dag_decorator.py
[2026-01-03T13:50:06.212+0000] {processor.py:836} INFO - DAG(s) dict_keys(['example_dag_decorator']) retrieved from /home/vscode/.local/lib/python3.10/site-packages/airflow/example_dags/example_dag_decorator.py
[2026-01-03T13:50:06.285+0000] {logging_mixin.py:150} INFO - [2026-01-03T13:50:06.285+0000] {dag.py:2742} INFO - Sync 1 DAGs
[2026-01-03T13:50:06.298+0000] {logging_mixin.py:150} INFO - [2026-01-03T13:50:06.298+0000] {dag.py:3504} INFO - Setting next_dagrun for example_dag_decorator to None, run_after=None
[2026-01-03T13:50:06.314+0000] {processor.py:179} INFO - Processing /home/vscode/.local/lib/python3.10/site-packages/airflow/example_dags/example_dag_decorator.py took 0.116 seconds
[2026-01-03T13:50:49.688+0000] {processor.py:157} INFO - Started process (PID=10846) to work on /home/vscode/.local/lib/python3.10/site-packages/airflow/example_dags/example_dag_decorator.py
[2026-01-03T13:50:49.689+0000] {processor.py:826} INFO - Processing file /home/vscode/.local/lib/python3.10/site-packages/airflow/example_dags/example_dag_decorator.py for tasks to queue
[2026-01-03T13:50:49.690+0000] {logging_mixin.py:150} INFO - [2026-01-03T13:50:49.690+0000] {dagbag.py:541} INFO - Filling up the DagBag from /home/vscode/.local/lib/python3.10/site-packages/airflow/example_dags/example_dag_decorator.py
[2026-01-03T13:50:49.700+0000] {processor.py:836} INFO - DAG(s) dict_keys(['example_dag_decorator']) retrieved from /home/vscode/.local/lib/python3.10/site-packages/airflow/example_dags/example_dag_decorator.py
[2026-01-03T13:50:49.791+0000] {logging_mixin.py:150} INFO - [2026-01-03T13:50:49.791+0000] {dag.py:2742} INFO - Sync 1 DAGs
[2026-01-03T13:50:49.806+0000] {logging_mixin.py:150} INFO - [2026-01-03T13:50:49.806+0000] {dag.py:3504} INFO - Setting next_dagrun for example_dag_decorator to None, run_after=None
[2026-01-03T13:50:49.822+0000] {processor.py:179} INFO - Processing /home/vscode/.local/lib/python3.10/site-packages/airflow/example_dags/example_dag_decorator.py took 0.136 seconds
[2026-01-03T13:51:37.336+0000] {processor.py:157} INFO - Started process (PID=11181) to work on /home/vscode/.local/lib/python3.10/site-packages/airflow/example_dags/example_dag_decorator.py
[2026-01-03T13:51:37.337+0000] {processor.py:826} INFO - Processing file /home/vscode/.local/lib/python3.10/site-packages/airflow/example_dags/example_dag_decorator.py for tasks to queue
[2026-01-03T13:51:37.338+0000] {logging_mixin.py:150} INFO - [2026-01-03T13:51:37.338+0000] {dagbag.py:541} INFO - Filling up the DagBag from /home/vscode/.local/lib/python3.10/site-packages/airflow/example_dags/example_dag_decorator.py
[2026-01-03T13:51:37.348+0000] {processor.py:836} INFO - DAG(s) dict_keys(['example_dag_decorator']) retrieved from /home/vscode/.local/lib/python3.10/site-packages/airflow/example_dags/example_dag_decorator.py
[2026-01-03T13:51:37.422+0000] {logging_mixin.py:150} INFO - [2026-01-03T13:51:37.422+0000] {dag.py:2742} INFO - Sync 1 DAGs
[2026-01-03T13:51:37.435+0000] {logging_mixin.py:150} INFO - [2026-01-03T13:51:37.435+0000] {dag.py:3504} INFO - Setting next_dagrun for example_dag_decorator to None, run_after=None
[2026-01-03T13:51:37.451+0000] {processor.py:179} INFO - Processing /home/vscode/.local/lib/python3.10/site-packages/airflow/example_dags/example_dag_decorator.py took 0.118 seconds
[2026-01-03T13:52:21.029+0000] {processor.py:157} INFO - Started process (PID=11503) to work on /home/vscode/.local/lib/python3.10/site-packages/airflow/example_dags/example_dag_decorator.py
[2026-01-03T13:52:21.029+0000] {processor.py:826} INFO - Processing file /home/vscode/.local/lib/python3.10/site-packages/airflow/example_dags/example_dag_decorator.py for tasks to queue
[2026-01-03T13:52:21.030+0000] {logging_mixin.py:150} INFO - [2026-01-03T13:52:21.030+0000] {dagbag.py:541} INFO - Filling up the DagBag from /home/vscode/.local/lib/python3.10/site-packages/airflow/example_dags/example_dag_decorator.py
[2026-01-03T13:52:21.041+0000] {processor.py:836} INFO - DAG(s) dict_keys(['example_dag_decorator']) retrieved from /home/vscode/.local/lib/python3.10/site-packages/airflow/example_dags/example_dag_decorator.py
[2026-01-03T13:52:21.120+0000] {logging_mixin.py:150} INFO - [2026-01-03T13:52:21.120+0000] {dag.py:2742} INFO - Sync 1 DAGs
[2026-01-03T13:52:21.134+0000] {logging_mixin.py:150} INFO - [2026-01-03T13:52:21.134+0000] {dag.py:3504} INFO - Setting next_dagrun for example_dag_decorator to None, run_after=None
[2026-01-03T13:52:21.151+0000] {processor.py:179} INFO - Processing /home/vscode/.local/lib/python3.10/site-packages/airflow/example_dags/example_dag_decorator.py took 0.125 seconds
[2026-01-03T13:53:03.563+0000] {processor.py:157} INFO - Started process (PID=11810) to work on /home/vscode/.local/lib/python3.10/site-packages/airflow/example_dags/example_dag_decorator.py
[2026-01-03T13:53:03.564+0000] {processor.py:826} INFO - Processing file /home/vscode/.local/lib/python3.10/site-packages/airflow/example_dags/example_dag_decorator.py for tasks to queue
[2026-01-03T13:53:03.565+0000] {logging_mixin.py:150} INFO - [2026-01-03T13:53:03.565+0000] {dagbag.py:541} INFO - Filling up the DagBag from /home/vscode/.local/lib/python3.10/site-packages/airflow/example_dags/example_dag_decorator.py
[2026-01-03T13:53:03.575+0000] {processor.py:836} INFO - DAG(s) dict_keys(['example_dag_decorator']) retrieved from /home/vscode/.local/lib/python3.10/site-packages/airflow/example_dags/example_dag_decorator.py
[2026-01-03T13:53:03.650+0000] {logging_mixin.py:150} INFO - [2026-01-03T13:53:03.650+0000] {dag.py:2742} INFO - Sync 1 DAGs
[2026-01-03T13:53:03.665+0000] {logging_mixin.py:150} INFO - [2026-01-03T13:53:03.665+0000] {dag.py:3504} INFO - Setting next_dagrun for example_dag_decorator to None, run_after=None
[2026-01-03T13:53:03.681+0000] {processor.py:179} INFO - Processing /home/vscode/.local/lib/python3.10/site-packages/airflow/example_dags/example_dag_decorator.py took 0.120 seconds
[2026-01-03T13:53:46.626+0000] {processor.py:157} INFO - Started process (PID=12167) to work on /home/vscode/.local/lib/python3.10/site-packages/airflow/example_dags/example_dag_decorator.py
[2026-01-03T13:53:46.626+0000] {processor.py:826} INFO - Processing file /home/vscode/.local/lib/python3.10/site-packages/airflow/example_dags/example_dag_decorator.py for tasks to queue
[2026-01-03T13:53:46.627+0000] {logging_mixin.py:150} INFO - [2026-01-03T13:53:46.627+0000] {dagbag.py:541} INFO - Filling up the DagBag from /home/vscode/.local/lib/python3.10/site-packages/airflow/example_dags/example_dag_decorator.py
[2026-01-03T13:53:46.637+0000] {processor.py:836} INFO - DAG(s) dict_keys(['example_dag_decorator']) retrieved from /home/vscode/.local/lib/python3.10/site-packages/airflow/example_dags/example_dag_decorator.py
[2026-01-03T13:53:46.711+0000] {logging_mixin.py:150} INFO - [2026-01-03T13:53:46.710+0000] {dag.py:2742} INFO - Sync 1 DAGs
[2026-01-03T13:53:46.725+0000] {logging_mixin.py:150} INFO - [2026-01-03T13:53:46.725+0000] {dag.py:3504} INFO - Setting next_dagrun for example_dag_decorator to None, run_after=None
[2026-01-03T13:53:46.747+0000] {processor.py:179} INFO - Processing /home/vscode/.local/lib/python3.10/site-packages/airflow/example_dags/example_dag_decorator.py took 0.124 seconds
[2026-01-03T13:54:28.416+0000] {processor.py:157} INFO - Started process (PID=12493) to work on /home/vscode/.local/lib/python3.10/site-packages/airflow/example_dags/example_dag_decorator.py
[2026-01-03T13:54:28.417+0000] {processor.py:826} INFO - Processing file /home/vscode/.local/lib/python3.10/site-packages/airflow/example_dags/example_dag_decorator.py for tasks to queue
[2026-01-03T13:54:28.418+0000] {logging_mixin.py:150} INFO - [2026-01-03T13:54:28.417+0000] {dagbag.py:541} INFO - Filling up the DagBag from /home/vscode/.local/lib/python3.10/site-packages/airflow/example_dags/example_dag_decorator.py
[2026-01-03T13:54:28.431+0000] {processor.py:836} INFO - DAG(s) dict_keys(['example_dag_decorator']) retrieved from /home/vscode/.local/lib/python3.10/site-packages/airflow/example_dags/example_dag_decorator.py
[2026-01-03T13:54:28.508+0000] {logging_mixin.py:150} INFO - [2026-01-03T13:54:28.507+0000] {dag.py:2742} INFO - Sync 1 DAGs
[2026-01-03T13:54:28.520+0000] {logging_mixin.py:150} INFO - [2026-01-03T13:54:28.520+0000] {dag.py:3504} INFO - Setting next_dagrun for example_dag_decorator to None, run_after=None
[2026-01-03T13:54:28.536+0000] {processor.py:179} INFO - Processing /home/vscode/.local/lib/python3.10/site-packages/airflow/example_dags/example_dag_decorator.py took 0.124 seconds
[2026-01-03T13:55:08.888+0000] {processor.py:157} INFO - Started process (PID=12810) to work on /home/vscode/.local/lib/python3.10/site-packages/airflow/example_dags/example_dag_decorator.py
[2026-01-03T13:55:08.889+0000] {processor.py:826} INFO - Processing file /home/vscode/.local/lib/python3.10/site-packages/airflow/example_dags/example_dag_decorator.py for tasks to queue
[2026-01-03T13:55:08.889+0000] {logging_mixin.py:150} INFO - [2026-01-03T13:55:08.889+0000] {dagbag.py:541} INFO - Filling up the DagBag from /home/vscode/.local/lib/python3.10/site-packages/airflow/example_dags/example_dag_decorator.py
[2026-01-03T13:55:08.899+0000] {processor.py:836} INFO - DAG(s) dict_keys(['example_dag_decorator']) retrieved from /home/vscode/.local/lib/python3.10/site-packages/airflow/example_dags/example_dag_decorator.py
[2026-01-03T13:55:08.974+0000] {logging_mixin.py:150} INFO - [2026-01-03T13:55:08.974+0000] {dag.py:2742} INFO - Sync 1 DAGs
[2026-01-03T13:55:08.988+0000] {logging_mixin.py:150} INFO - [2026-01-03T13:55:08.988+0000] {dag.py:3504} INFO - Setting next_dagrun for example_dag_decorator to None, run_after=None
[2026-01-03T13:55:09.004+0000] {processor.py:179} INFO - Processing /home/vscode/.local/lib/python3.10/site-packages/airflow/example_dags/example_dag_decorator.py took 0.119 seconds
[2026-01-03T13:55:58.032+0000] {processor.py:157} INFO - Started process (PID=13313) to work on /home/vscode/.local/lib/python3.10/site-packages/airflow/example_dags/example_dag_decorator.py
[2026-01-03T13:55:58.033+0000] {processor.py:826} INFO - Processing file /home/vscode/.local/lib/python3.10/site-packages/airflow/example_dags/example_dag_decorator.py for tasks to queue
[2026-01-03T13:55:58.034+0000] {logging_mixin.py:150} INFO - [2026-01-03T13:55:58.033+0000] {dagbag.py:541} INFO - Filling up the DagBag from /home/vscode/.local/lib/python3.10/site-packages/airflow/example_dags/example_dag_decorator.py
[2026-01-03T13:55:58.044+0000] {processor.py:836} INFO - DAG(s) dict_keys(['example_dag_decorator']) retrieved from /home/vscode/.local/lib/python3.10/site-packages/airflow/example_dags/example_dag_decorator.py
[2026-01-03T13:55:58.117+0000] {logging_mixin.py:150} INFO - [2026-01-03T13:55:58.117+0000] {dag.py:2742} INFO - Sync 1 DAGs
[2026-01-03T13:55:58.130+0000] {logging_mixin.py:150} INFO - [2026-01-03T13:55:58.130+0000] {dag.py:3504} INFO - Setting next_dagrun for example_dag_decorator to None, run_after=None
[2026-01-03T13:55:58.146+0000] {processor.py:179} INFO - Processing /home/vscode/.local/lib/python3.10/site-packages/airflow/example_dags/example_dag_decorator.py took 0.116 seconds
[2026-01-03T13:56:41.304+0000] {processor.py:157} INFO - Started process (PID=13725) to work on /home/vscode/.local/lib/python3.10/site-packages/airflow/example_dags/example_dag_decorator.py
[2026-01-03T13:56:41.304+0000] {processor.py:826} INFO - Processing file /home/vscode/.local/lib/python3.10/site-packages/airflow/example_dags/example_dag_decorator.py for tasks to queue
[2026-01-03T13:56:41.305+0000] {logging_mixin.py:150} INFO - [2026-01-03T13:56:41.305+0000] {dagbag.py:541} INFO - Filling up the DagBag from /home/vscode/.local/lib/python3.10/site-packages/airflow/example_dags/example_dag_decorator.py
[2026-01-03T13:56:41.315+0000] {processor.py:836} INFO - DAG(s) dict_keys(['example_dag_decorator']) retrieved from /home/vscode/.local/lib/python3.10/site-packages/airflow/example_dags/example_dag_decorator.py
[2026-01-03T13:56:41.390+0000] {logging_mixin.py:150} INFO - [2026-01-03T13:56:41.390+0000] {dag.py:2742} INFO - Sync 1 DAGs
[2026-01-03T13:56:41.403+0000] {logging_mixin.py:150} INFO - [2026-01-03T13:56:41.402+0000] {dag.py:3504} INFO - Setting next_dagrun for example_dag_decorator to None, run_after=None
[2026-01-03T13:56:41.418+0000] {processor.py:179} INFO - Processing /home/vscode/.local/lib/python3.10/site-packages/airflow/example_dags/example_dag_decorator.py took 0.117 seconds
[2026-01-03T13:57:26.383+0000] {processor.py:157} INFO - Started process (PID=14044) to work on /home/vscode/.local/lib/python3.10/site-packages/airflow/example_dags/example_dag_decorator.py
[2026-01-03T13:57:26.384+0000] {processor.py:826} INFO - Processing file /home/vscode/.local/lib/python3.10/site-packages/airflow/example_dags/example_dag_decorator.py for tasks to queue
[2026-01-03T13:57:26.385+0000] {logging_mixin.py:150} INFO - [2026-01-03T13:57:26.384+0000] {dagbag.py:541} INFO - Filling up the DagBag from /home/vscode/.local/lib/python3.10/site-packages/airflow/example_dags/example_dag_decorator.py
[2026-01-03T13:57:26.394+0000] {processor.py:836} INFO - DAG(s) dict_keys(['example_dag_decorator']) retrieved from /home/vscode/.local/lib/python3.10/site-packages/airflow/example_dags/example_dag_decorator.py
[2026-01-03T13:57:26.485+0000] {logging_mixin.py:150} INFO - [2026-01-03T13:57:26.484+0000] {dag.py:2742} INFO - Sync 1 DAGs
[2026-01-03T13:57:26.497+0000] {logging_mixin.py:150} INFO - [2026-01-03T13:57:26.497+0000] {dag.py:3504} INFO - Setting next_dagrun for example_dag_decorator to None, run_after=None
[2026-01-03T13:57:26.511+0000] {processor.py:179} INFO - Processing /home/vscode/.local/lib/python3.10/site-packages/airflow/example_dags/example_dag_decorator.py took 0.130 seconds
[2026-01-03T13:58:07.492+0000] {processor.py:157} INFO - Started process (PID=14322) to work on /home/vscode/.local/lib/python3.10/site-packages/airflow/example_dags/example_dag_decorator.py
[2026-01-03T13:58:07.493+0000] {processor.py:826} INFO - Processing file /home/vscode/.local/lib/python3.10/site-packages/airflow/example_dags/example_dag_decorator.py for tasks to queue
[2026-01-03T13:58:07.494+0000] {logging_mixin.py:150} INFO - [2026-01-03T13:58:07.493+0000] {dagbag.py:541} INFO - Filling up the DagBag from /home/vscode/.local/lib/python3.10/site-packages/airflow/example_dags/example_dag_decorator.py
[2026-01-03T13:58:07.503+0000] {processor.py:836} INFO - DAG(s) dict_keys(['example_dag_decorator']) retrieved from /home/vscode/.local/lib/python3.10/site-packages/airflow/example_dags/example_dag_decorator.py
[2026-01-03T13:58:07.576+0000] {logging_mixin.py:150} INFO - [2026-01-03T13:58:07.576+0000] {dag.py:2742} INFO - Sync 1 DAGs
[2026-01-03T13:58:07.588+0000] {logging_mixin.py:150} INFO - [2026-01-03T13:58:07.588+0000] {dag.py:3504} INFO - Setting next_dagrun for example_dag_decorator to None, run_after=None
[2026-01-03T13:58:07.604+0000] {processor.py:179} INFO - Processing /home/vscode/.local/lib/python3.10/site-packages/airflow/example_dags/example_dag_decorator.py took 0.114 seconds
[2026-01-03T13:58:48.595+0000] {processor.py:157} INFO - Started process (PID=14628) to work on /home/vscode/.local/lib/python3.10/site-packages/airflow/example_dags/example_dag_decorator.py
[2026-01-03T13:58:48.596+0000] {processor.py:826} INFO - Processing file /home/vscode/.local/lib/python3.10/site-packages/airflow/example_dags/example_dag_decorator.py for tasks to queue
[2026-01-03T13:58:48.596+0000] {logging_mixin.py:150} INFO - [2026-01-03T13:58:48.596+0000] {dagbag.py:541} INFO - Filling up the DagBag from /home/vscode/.local/lib/python3.10/site-packages/airflow/example_dags/example_dag_decorator.py
[2026-01-03T13:58:48.606+0000] {processor.py:836} INFO - DAG(s) dict_keys(['example_dag_decorator']) retrieved from /home/vscode/.local/lib/python3.10/site-packages/airflow/example_dags/example_dag_decorator.py
[2026-01-03T13:58:48.678+0000] {logging_mixin.py:150} INFO - [2026-01-03T13:58:48.677+0000] {dag.py:2742} INFO - Sync 1 DAGs
[2026-01-03T13:58:48.690+0000] {logging_mixin.py:150} INFO - [2026-01-03T13:58:48.690+0000] {dag.py:3504} INFO - Setting next_dagrun for example_dag_decorator to None, run_after=None
[2026-01-03T13:58:48.705+0000] {processor.py:179} INFO - Processing /home/vscode/.local/lib/python3.10/site-packages/airflow/example_dags/example_dag_decorator.py took 0.113 seconds
[2026-01-03T13:59:41.070+0000] {processor.py:157} INFO - Started process (PID=14980) to work on /home/vscode/.local/lib/python3.10/site-packages/airflow/example_dags/example_dag_decorator.py
[2026-01-03T13:59:41.070+0000] {processor.py:826} INFO - Processing file /home/vscode/.local/lib/python3.10/site-packages/airflow/example_dags/example_dag_decorator.py for tasks to queue
[2026-01-03T13:59:41.071+0000] {logging_mixin.py:150} INFO - [2026-01-03T13:59:41.071+0000] {dagbag.py:541} INFO - Filling up the DagBag from /home/vscode/.local/lib/python3.10/site-packages/airflow/example_dags/example_dag_decorator.py
[2026-01-03T13:59:41.081+0000] {processor.py:836} INFO - DAG(s) dict_keys(['example_dag_decorator']) retrieved from /home/vscode/.local/lib/python3.10/site-packages/airflow/example_dags/example_dag_decorator.py
[2026-01-03T13:59:41.153+0000] {logging_mixin.py:150} INFO - [2026-01-03T13:59:41.153+0000] {dag.py:2742} INFO - Sync 1 DAGs
[2026-01-03T13:59:41.166+0000] {logging_mixin.py:150} INFO - [2026-01-03T13:59:41.166+0000] {dag.py:3504} INFO - Setting next_dagrun for example_dag_decorator to None, run_after=None
[2026-01-03T13:59:41.181+0000] {processor.py:179} INFO - Processing /home/vscode/.local/lib/python3.10/site-packages/airflow/example_dags/example_dag_decorator.py took 0.114 seconds
[2026-01-03T14:00:25.343+0000] {processor.py:157} INFO - Started process (PID=15276) to work on /home/vscode/.local/lib/python3.10/site-packages/airflow/example_dags/example_dag_decorator.py
[2026-01-03T14:00:25.343+0000] {processor.py:826} INFO - Processing file /home/vscode/.local/lib/python3.10/site-packages/airflow/example_dags/example_dag_decorator.py for tasks to queue
[2026-01-03T14:00:25.344+0000] {logging_mixin.py:150} INFO - [2026-01-03T14:00:25.344+0000] {dagbag.py:541} INFO - Filling up the DagBag from /home/vscode/.local/lib/python3.10/site-packages/airflow/example_dags/example_dag_decorator.py
[2026-01-03T14:00:25.354+0000] {processor.py:836} INFO - DAG(s) dict_keys(['example_dag_decorator']) retrieved from /home/vscode/.local/lib/python3.10/site-packages/airflow/example_dags/example_dag_decorator.py
[2026-01-03T14:00:25.438+0000] {logging_mixin.py:150} INFO - [2026-01-03T14:00:25.438+0000] {dag.py:2742} INFO - Sync 1 DAGs
[2026-01-03T14:00:25.454+0000] {logging_mixin.py:150} INFO - [2026-01-03T14:00:25.454+0000] {dag.py:3504} INFO - Setting next_dagrun for example_dag_decorator to None, run_after=None
[2026-01-03T14:00:25.468+0000] {processor.py:179} INFO - Processing /home/vscode/.local/lib/python3.10/site-packages/airflow/example_dags/example_dag_decorator.py took 0.128 seconds
[2026-01-03T14:01:05.408+0000] {processor.py:157} INFO - Started process (PID=15546) to work on /home/vscode/.local/lib/python3.10/site-packages/airflow/example_dags/example_dag_decorator.py
[2026-01-03T14:01:05.409+0000] {processor.py:826} INFO - Processing file /home/vscode/.local/lib/python3.10/site-packages/airflow/example_dags/example_dag_decorator.py for tasks to queue
[2026-01-03T14:01:05.409+0000] {logging_mixin.py:150} INFO - [2026-01-03T14:01:05.409+0000] {dagbag.py:541} INFO - Filling up the DagBag from /home/vscode/.local/lib/python3.10/site-packages/airflow/example_dags/example_dag_decorator.py
[2026-01-03T14:01:05.421+0000] {processor.py:836} INFO - DAG(s) dict_keys(['example_dag_decorator']) retrieved from /home/vscode/.local/lib/python3.10/site-packages/airflow/example_dags/example_dag_decorator.py
[2026-01-03T14:01:05.494+0000] {logging_mixin.py:150} INFO - [2026-01-03T14:01:05.494+0000] {dag.py:2742} INFO - Sync 1 DAGs
[2026-01-03T14:01:05.509+0000] {logging_mixin.py:150} INFO - [2026-01-03T14:01:05.509+0000] {dag.py:3504} INFO - Setting next_dagrun for example_dag_decorator to None, run_after=None
[2026-01-03T14:01:05.524+0000] {processor.py:179} INFO - Processing /home/vscode/.local/lib/python3.10/site-packages/airflow/example_dags/example_dag_decorator.py took 0.118 seconds
[2026-01-03T14:01:49.976+0000] {processor.py:157} INFO - Started process (PID=15869) to work on /home/vscode/.local/lib/python3.10/site-packages/airflow/example_dags/example_dag_decorator.py
[2026-01-03T14:01:49.977+0000] {processor.py:826} INFO - Processing file /home/vscode/.local/lib/python3.10/site-packages/airflow/example_dags/example_dag_decorator.py for tasks to queue
[2026-01-03T14:01:49.978+0000] {logging_mixin.py:150} INFO - [2026-01-03T14:01:49.977+0000] {dagbag.py:541} INFO - Filling up the DagBag from /home/vscode/.local/lib/python3.10/site-packages/airflow/example_dags/example_dag_decorator.py
[2026-01-03T14:01:49.987+0000] {processor.py:836} INFO - DAG(s) dict_keys(['example_dag_decorator']) retrieved from /home/vscode/.local/lib/python3.10/site-packages/airflow/example_dags/example_dag_decorator.py
[2026-01-03T14:01:50.060+0000] {logging_mixin.py:150} INFO - [2026-01-03T14:01:50.060+0000] {dag.py:2742} INFO - Sync 1 DAGs
[2026-01-03T14:01:50.074+0000] {logging_mixin.py:150} INFO - [2026-01-03T14:01:50.073+0000] {dag.py:3504} INFO - Setting next_dagrun for example_dag_decorator to None, run_after=None
[2026-01-03T14:01:50.089+0000] {processor.py:179} INFO - Processing /home/vscode/.local/lib/python3.10/site-packages/airflow/example_dags/example_dag_decorator.py took 0.115 seconds
[2026-01-03T14:02:36.274+0000] {processor.py:157} INFO - Started process (PID=16219) to work on /home/vscode/.local/lib/python3.10/site-packages/airflow/example_dags/example_dag_decorator.py
[2026-01-03T14:02:36.275+0000] {processor.py:826} INFO - Processing file /home/vscode/.local/lib/python3.10/site-packages/airflow/example_dags/example_dag_decorator.py for tasks to queue
[2026-01-03T14:02:36.275+0000] {logging_mixin.py:150} INFO - [2026-01-03T14:02:36.275+0000] {dagbag.py:541} INFO - Filling up the DagBag from /home/vscode/.local/lib/python3.10/site-packages/airflow/example_dags/example_dag_decorator.py
[2026-01-03T14:02:36.285+0000] {processor.py:836} INFO - DAG(s) dict_keys(['example_dag_decorator']) retrieved from /home/vscode/.local/lib/python3.10/site-packages/airflow/example_dags/example_dag_decorator.py
[2026-01-03T14:02:36.361+0000] {logging_mixin.py:150} INFO - [2026-01-03T14:02:36.361+0000] {dag.py:2742} INFO - Sync 1 DAGs
[2026-01-03T14:02:36.373+0000] {logging_mixin.py:150} INFO - [2026-01-03T14:02:36.373+0000] {dag.py:3504} INFO - Setting next_dagrun for example_dag_decorator to None, run_after=None
[2026-01-03T14:02:36.389+0000] {processor.py:179} INFO - Processing /home/vscode/.local/lib/python3.10/site-packages/airflow/example_dags/example_dag_decorator.py took 0.118 seconds
[2026-01-03T14:03:28.626+0000] {processor.py:157} INFO - Started process (PID=16886) to work on /home/vscode/.local/lib/python3.10/site-packages/airflow/example_dags/example_dag_decorator.py
[2026-01-03T14:03:28.626+0000] {processor.py:826} INFO - Processing file /home/vscode/.local/lib/python3.10/site-packages/airflow/example_dags/example_dag_decorator.py for tasks to queue
[2026-01-03T14:03:28.627+0000] {logging_mixin.py:150} INFO - [2026-01-03T14:03:28.627+0000] {dagbag.py:541} INFO - Filling up the DagBag from /home/vscode/.local/lib/python3.10/site-packages/airflow/example_dags/example_dag_decorator.py
[2026-01-03T14:03:28.637+0000] {processor.py:836} INFO - DAG(s) dict_keys(['example_dag_decorator']) retrieved from /home/vscode/.local/lib/python3.10/site-packages/airflow/example_dags/example_dag_decorator.py
[2026-01-03T14:03:28.709+0000] {logging_mixin.py:150} INFO - [2026-01-03T14:03:28.709+0000] {dag.py:2742} INFO - Sync 1 DAGs
[2026-01-03T14:03:28.722+0000] {logging_mixin.py:150} INFO - [2026-01-03T14:03:28.721+0000] {dag.py:3504} INFO - Setting next_dagrun for example_dag_decorator to None, run_after=None
[2026-01-03T14:03:28.736+0000] {processor.py:179} INFO - Processing /home/vscode/.local/lib/python3.10/site-packages/airflow/example_dags/example_dag_decorator.py took 0.113 seconds
[2026-01-03T14:04:14.900+0000] {processor.py:157} INFO - Started process (PID=17449) to work on /home/vscode/.local/lib/python3.10/site-packages/airflow/example_dags/example_dag_decorator.py
[2026-01-03T14:04:14.901+0000] {processor.py:826} INFO - Processing file /home/vscode/.local/lib/python3.10/site-packages/airflow/example_dags/example_dag_decorator.py for tasks to queue
[2026-01-03T14:04:14.902+0000] {logging_mixin.py:150} INFO - [2026-01-03T14:04:14.901+0000] {dagbag.py:541} INFO - Filling up the DagBag from /home/vscode/.local/lib/python3.10/site-packages/airflow/example_dags/example_dag_decorator.py
[2026-01-03T14:04:14.912+0000] {processor.py:836} INFO - DAG(s) dict_keys(['example_dag_decorator']) retrieved from /home/vscode/.local/lib/python3.10/site-packages/airflow/example_dags/example_dag_decorator.py
[2026-01-03T14:04:15.006+0000] {logging_mixin.py:150} INFO - [2026-01-03T14:04:15.006+0000] {dag.py:2742} INFO - Sync 1 DAGs
[2026-01-03T14:04:15.023+0000] {logging_mixin.py:150} INFO - [2026-01-03T14:04:15.022+0000] {dag.py:3504} INFO - Setting next_dagrun for example_dag_decorator to None, run_after=None
[2026-01-03T14:04:15.040+0000] {processor.py:179} INFO - Processing /home/vscode/.local/lib/python3.10/site-packages/airflow/example_dags/example_dag_decorator.py took 0.143 seconds
