[2026-01-03T13:49:01.378+0000] {processor.py:157} INFO - Started process (PID=10027) to work on /home/vscode/.local/lib/python3.10/site-packages/airflow/example_dags/example_task_group.py
[2026-01-03T13:49:01.378+0000] {processor.py:826} INFO - Processing file /home/vscode/.local/lib/python3.10/site-packages/airflow/example_dags/example_task_group.py for tasks to queue
[2026-01-03T13:49:01.379+0000] {logging_mixin.py:150} INFO - [2026-01-03T13:49:01.379+0000] {dagbag.py:541} INFO - Filling up the DagBag from /home/vscode/.local/lib/python3.10/site-packages/airflow/example_dags/example_task_group.py
[2026-01-03T13:49:01.386+0000] {processor.py:836} INFO - DAG(s) dict_keys(['example_task_group']) retrieved from /home/vscode/.local/lib/python3.10/site-packages/airflow/example_dags/example_task_group.py
[2026-01-03T13:49:01.490+0000] {logging_mixin.py:150} INFO - [2026-01-03T13:49:01.489+0000] {manager.py:504} INFO - Created Permission View: can delete on DAG:example_task_group
[2026-01-03T13:49:01.498+0000] {logging_mixin.py:150} INFO - [2026-01-03T13:49:01.497+0000] {manager.py:504} INFO - Created Permission View: can read on DAG:example_task_group
[2026-01-03T13:49:01.504+0000] {logging_mixin.py:150} INFO - [2026-01-03T13:49:01.504+0000] {manager.py:504} INFO - Created Permission View: can edit on DAG:example_task_group
[2026-01-03T13:49:01.512+0000] {logging_mixin.py:150} INFO - [2026-01-03T13:49:01.512+0000] {dag.py:2742} INFO - Sync 1 DAGs
[2026-01-03T13:49:01.518+0000] {logging_mixin.py:150} INFO - [2026-01-03T13:49:01.518+0000] {dag.py:2763} INFO - Creating ORM DAG for example_task_group
[2026-01-03T13:49:01.525+0000] {logging_mixin.py:150} INFO - [2026-01-03T13:49:01.524+0000] {dag.py:3504} INFO - Setting next_dagrun for example_task_group to 2026-01-02T13:49:01.524753+00:00, run_after=2026-01-03T13:49:01.524753+00:00
[2026-01-03T13:49:01.539+0000] {processor.py:179} INFO - Processing /home/vscode/.local/lib/python3.10/site-packages/airflow/example_dags/example_task_group.py took 0.164 seconds
[2026-01-03T13:49:47.923+0000] {processor.py:157} INFO - Started process (PID=10381) to work on /home/vscode/.local/lib/python3.10/site-packages/airflow/example_dags/example_task_group.py
[2026-01-03T13:49:47.924+0000] {processor.py:826} INFO - Processing file /home/vscode/.local/lib/python3.10/site-packages/airflow/example_dags/example_task_group.py for tasks to queue
[2026-01-03T13:49:47.925+0000] {logging_mixin.py:150} INFO - [2026-01-03T13:49:47.925+0000] {dagbag.py:541} INFO - Filling up the DagBag from /home/vscode/.local/lib/python3.10/site-packages/airflow/example_dags/example_task_group.py
[2026-01-03T13:49:47.932+0000] {processor.py:836} INFO - DAG(s) dict_keys(['example_task_group']) retrieved from /home/vscode/.local/lib/python3.10/site-packages/airflow/example_dags/example_task_group.py
[2026-01-03T13:49:47.945+0000] {logging_mixin.py:150} INFO - [2026-01-03T13:49:47.945+0000] {dag.py:2742} INFO - Sync 1 DAGs
[2026-01-03T13:49:47.961+0000] {logging_mixin.py:150} INFO - [2026-01-03T13:49:47.960+0000] {dag.py:3504} INFO - Setting next_dagrun for example_task_group to 2026-01-02T13:49:47.960766+00:00, run_after=2026-01-03T13:49:47.960766+00:00
[2026-01-03T13:49:47.976+0000] {processor.py:179} INFO - Processing /home/vscode/.local/lib/python3.10/site-packages/airflow/example_dags/example_task_group.py took 0.055 seconds
[2026-01-03T13:50:31.991+0000] {processor.py:157} INFO - Started process (PID=10727) to work on /home/vscode/.local/lib/python3.10/site-packages/airflow/example_dags/example_task_group.py
[2026-01-03T13:50:31.992+0000] {processor.py:826} INFO - Processing file /home/vscode/.local/lib/python3.10/site-packages/airflow/example_dags/example_task_group.py for tasks to queue
[2026-01-03T13:50:31.992+0000] {logging_mixin.py:150} INFO - [2026-01-03T13:50:31.992+0000] {dagbag.py:541} INFO - Filling up the DagBag from /home/vscode/.local/lib/python3.10/site-packages/airflow/example_dags/example_task_group.py
[2026-01-03T13:50:31.999+0000] {processor.py:836} INFO - DAG(s) dict_keys(['example_task_group']) retrieved from /home/vscode/.local/lib/python3.10/site-packages/airflow/example_dags/example_task_group.py
[2026-01-03T13:50:32.013+0000] {logging_mixin.py:150} INFO - [2026-01-03T13:50:32.013+0000] {dag.py:2742} INFO - Sync 1 DAGs
[2026-01-03T13:50:32.028+0000] {logging_mixin.py:150} INFO - [2026-01-03T13:50:32.028+0000] {dag.py:3504} INFO - Setting next_dagrun for example_task_group to 2026-01-02T13:50:32.028107+00:00, run_after=2026-01-03T13:50:32.028107+00:00
[2026-01-03T13:50:32.044+0000] {processor.py:179} INFO - Processing /home/vscode/.local/lib/python3.10/site-packages/airflow/example_dags/example_task_group.py took 0.056 seconds
[2026-01-03T13:51:15.276+0000] {processor.py:157} INFO - Started process (PID=11023) to work on /home/vscode/.local/lib/python3.10/site-packages/airflow/example_dags/example_task_group.py
[2026-01-03T13:51:15.277+0000] {processor.py:826} INFO - Processing file /home/vscode/.local/lib/python3.10/site-packages/airflow/example_dags/example_task_group.py for tasks to queue
[2026-01-03T13:51:15.278+0000] {logging_mixin.py:150} INFO - [2026-01-03T13:51:15.278+0000] {dagbag.py:541} INFO - Filling up the DagBag from /home/vscode/.local/lib/python3.10/site-packages/airflow/example_dags/example_task_group.py
[2026-01-03T13:51:15.285+0000] {processor.py:836} INFO - DAG(s) dict_keys(['example_task_group']) retrieved from /home/vscode/.local/lib/python3.10/site-packages/airflow/example_dags/example_task_group.py
[2026-01-03T13:51:15.299+0000] {logging_mixin.py:150} INFO - [2026-01-03T13:51:15.299+0000] {dag.py:2742} INFO - Sync 1 DAGs
[2026-01-03T13:51:15.314+0000] {logging_mixin.py:150} INFO - [2026-01-03T13:51:15.314+0000] {dag.py:3504} INFO - Setting next_dagrun for example_task_group to 2026-01-02T13:51:15.314169+00:00, run_after=2026-01-03T13:51:15.314169+00:00
[2026-01-03T13:51:15.329+0000] {processor.py:179} INFO - Processing /home/vscode/.local/lib/python3.10/site-packages/airflow/example_dags/example_task_group.py took 0.056 seconds
[2026-01-03T13:51:58.715+0000] {processor.py:157} INFO - Started process (PID=11346) to work on /home/vscode/.local/lib/python3.10/site-packages/airflow/example_dags/example_task_group.py
[2026-01-03T13:51:58.716+0000] {processor.py:826} INFO - Processing file /home/vscode/.local/lib/python3.10/site-packages/airflow/example_dags/example_task_group.py for tasks to queue
[2026-01-03T13:51:58.716+0000] {logging_mixin.py:150} INFO - [2026-01-03T13:51:58.716+0000] {dagbag.py:541} INFO - Filling up the DagBag from /home/vscode/.local/lib/python3.10/site-packages/airflow/example_dags/example_task_group.py
[2026-01-03T13:51:58.723+0000] {processor.py:836} INFO - DAG(s) dict_keys(['example_task_group']) retrieved from /home/vscode/.local/lib/python3.10/site-packages/airflow/example_dags/example_task_group.py
[2026-01-03T13:51:58.737+0000] {logging_mixin.py:150} INFO - [2026-01-03T13:51:58.737+0000] {dag.py:2742} INFO - Sync 1 DAGs
[2026-01-03T13:51:58.754+0000] {logging_mixin.py:150} INFO - [2026-01-03T13:51:58.753+0000] {dag.py:3504} INFO - Setting next_dagrun for example_task_group to 2026-01-02T13:51:58.753684+00:00, run_after=2026-01-03T13:51:58.753684+00:00
[2026-01-03T13:51:58.769+0000] {processor.py:179} INFO - Processing /home/vscode/.local/lib/python3.10/site-packages/airflow/example_dags/example_task_group.py took 0.057 seconds
[2026-01-03T13:52:40.552+0000] {processor.py:157} INFO - Started process (PID=11638) to work on /home/vscode/.local/lib/python3.10/site-packages/airflow/example_dags/example_task_group.py
[2026-01-03T13:52:40.553+0000] {processor.py:826} INFO - Processing file /home/vscode/.local/lib/python3.10/site-packages/airflow/example_dags/example_task_group.py for tasks to queue
[2026-01-03T13:52:40.554+0000] {logging_mixin.py:150} INFO - [2026-01-03T13:52:40.554+0000] {dagbag.py:541} INFO - Filling up the DagBag from /home/vscode/.local/lib/python3.10/site-packages/airflow/example_dags/example_task_group.py
[2026-01-03T13:52:40.562+0000] {processor.py:836} INFO - DAG(s) dict_keys(['example_task_group']) retrieved from /home/vscode/.local/lib/python3.10/site-packages/airflow/example_dags/example_task_group.py
[2026-01-03T13:52:40.578+0000] {logging_mixin.py:150} INFO - [2026-01-03T13:52:40.577+0000] {dag.py:2742} INFO - Sync 1 DAGs
[2026-01-03T13:52:40.595+0000] {logging_mixin.py:150} INFO - [2026-01-03T13:52:40.595+0000] {dag.py:3504} INFO - Setting next_dagrun for example_task_group to 2026-01-02T13:52:40.594889+00:00, run_after=2026-01-03T13:52:40.594889+00:00
[2026-01-03T13:52:40.612+0000] {processor.py:179} INFO - Processing /home/vscode/.local/lib/python3.10/site-packages/airflow/example_dags/example_task_group.py took 0.062 seconds
[2026-01-03T13:53:23.973+0000] {processor.py:157} INFO - Started process (PID=11965) to work on /home/vscode/.local/lib/python3.10/site-packages/airflow/example_dags/example_task_group.py
[2026-01-03T13:53:23.974+0000] {processor.py:826} INFO - Processing file /home/vscode/.local/lib/python3.10/site-packages/airflow/example_dags/example_task_group.py for tasks to queue
[2026-01-03T13:53:23.974+0000] {logging_mixin.py:150} INFO - [2026-01-03T13:53:23.974+0000] {dagbag.py:541} INFO - Filling up the DagBag from /home/vscode/.local/lib/python3.10/site-packages/airflow/example_dags/example_task_group.py
[2026-01-03T13:53:23.981+0000] {processor.py:836} INFO - DAG(s) dict_keys(['example_task_group']) retrieved from /home/vscode/.local/lib/python3.10/site-packages/airflow/example_dags/example_task_group.py
[2026-01-03T13:53:23.995+0000] {logging_mixin.py:150} INFO - [2026-01-03T13:53:23.995+0000] {dag.py:2742} INFO - Sync 1 DAGs
[2026-01-03T13:53:24.010+0000] {logging_mixin.py:150} INFO - [2026-01-03T13:53:24.010+0000] {dag.py:3504} INFO - Setting next_dagrun for example_task_group to 2026-01-02T13:53:24.010542+00:00, run_after=2026-01-03T13:53:24.010542+00:00
[2026-01-03T13:53:24.027+0000] {processor.py:179} INFO - Processing /home/vscode/.local/lib/python3.10/site-packages/airflow/example_dags/example_task_group.py took 0.056 seconds
[2026-01-03T13:54:06.129+0000] {processor.py:157} INFO - Started process (PID=12318) to work on /home/vscode/.local/lib/python3.10/site-packages/airflow/example_dags/example_task_group.py
[2026-01-03T13:54:06.129+0000] {processor.py:826} INFO - Processing file /home/vscode/.local/lib/python3.10/site-packages/airflow/example_dags/example_task_group.py for tasks to queue
[2026-01-03T13:54:06.130+0000] {logging_mixin.py:150} INFO - [2026-01-03T13:54:06.130+0000] {dagbag.py:541} INFO - Filling up the DagBag from /home/vscode/.local/lib/python3.10/site-packages/airflow/example_dags/example_task_group.py
[2026-01-03T13:54:06.137+0000] {processor.py:836} INFO - DAG(s) dict_keys(['example_task_group']) retrieved from /home/vscode/.local/lib/python3.10/site-packages/airflow/example_dags/example_task_group.py
[2026-01-03T13:54:06.151+0000] {logging_mixin.py:150} INFO - [2026-01-03T13:54:06.151+0000] {dag.py:2742} INFO - Sync 1 DAGs
[2026-01-03T13:54:06.166+0000] {logging_mixin.py:150} INFO - [2026-01-03T13:54:06.166+0000] {dag.py:3504} INFO - Setting next_dagrun for example_task_group to 2026-01-02T13:54:06.166462+00:00, run_after=2026-01-03T13:54:06.166462+00:00
[2026-01-03T13:54:06.182+0000] {processor.py:179} INFO - Processing /home/vscode/.local/lib/python3.10/site-packages/airflow/example_dags/example_task_group.py took 0.056 seconds
[2026-01-03T13:54:48.408+0000] {processor.py:157} INFO - Started process (PID=12647) to work on /home/vscode/.local/lib/python3.10/site-packages/airflow/example_dags/example_task_group.py
[2026-01-03T13:54:48.409+0000] {processor.py:826} INFO - Processing file /home/vscode/.local/lib/python3.10/site-packages/airflow/example_dags/example_task_group.py for tasks to queue
[2026-01-03T13:54:48.410+0000] {logging_mixin.py:150} INFO - [2026-01-03T13:54:48.410+0000] {dagbag.py:541} INFO - Filling up the DagBag from /home/vscode/.local/lib/python3.10/site-packages/airflow/example_dags/example_task_group.py
[2026-01-03T13:54:48.419+0000] {processor.py:836} INFO - DAG(s) dict_keys(['example_task_group']) retrieved from /home/vscode/.local/lib/python3.10/site-packages/airflow/example_dags/example_task_group.py
[2026-01-03T13:54:48.440+0000] {logging_mixin.py:150} INFO - [2026-01-03T13:54:48.440+0000] {dag.py:2742} INFO - Sync 1 DAGs
[2026-01-03T13:54:48.462+0000] {logging_mixin.py:150} INFO - [2026-01-03T13:54:48.462+0000] {dag.py:3504} INFO - Setting next_dagrun for example_task_group to 2026-01-02T13:54:48.462347+00:00, run_after=2026-01-03T13:54:48.462347+00:00
[2026-01-03T13:54:48.479+0000] {processor.py:179} INFO - Processing /home/vscode/.local/lib/python3.10/site-packages/airflow/example_dags/example_task_group.py took 0.074 seconds
[2026-01-03T13:55:29.256+0000] {processor.py:157} INFO - Started process (PID=12961) to work on /home/vscode/.local/lib/python3.10/site-packages/airflow/example_dags/example_task_group.py
[2026-01-03T13:55:29.257+0000] {processor.py:826} INFO - Processing file /home/vscode/.local/lib/python3.10/site-packages/airflow/example_dags/example_task_group.py for tasks to queue
[2026-01-03T13:55:29.258+0000] {logging_mixin.py:150} INFO - [2026-01-03T13:55:29.257+0000] {dagbag.py:541} INFO - Filling up the DagBag from /home/vscode/.local/lib/python3.10/site-packages/airflow/example_dags/example_task_group.py
[2026-01-03T13:55:29.265+0000] {processor.py:836} INFO - DAG(s) dict_keys(['example_task_group']) retrieved from /home/vscode/.local/lib/python3.10/site-packages/airflow/example_dags/example_task_group.py
[2026-01-03T13:55:29.279+0000] {logging_mixin.py:150} INFO - [2026-01-03T13:55:29.279+0000] {dag.py:2742} INFO - Sync 1 DAGs
[2026-01-03T13:55:29.294+0000] {logging_mixin.py:150} INFO - [2026-01-03T13:55:29.294+0000] {dag.py:3504} INFO - Setting next_dagrun for example_task_group to 2026-01-02T13:55:29.294458+00:00, run_after=2026-01-03T13:55:29.294458+00:00
[2026-01-03T13:55:29.310+0000] {processor.py:179} INFO - Processing /home/vscode/.local/lib/python3.10/site-packages/airflow/example_dags/example_task_group.py took 0.056 seconds
[2026-01-03T13:56:12.207+0000] {processor.py:157} INFO - Started process (PID=13497) to work on /home/vscode/.local/lib/python3.10/site-packages/airflow/example_dags/example_task_group.py
[2026-01-03T13:56:12.208+0000] {processor.py:826} INFO - Processing file /home/vscode/.local/lib/python3.10/site-packages/airflow/example_dags/example_task_group.py for tasks to queue
[2026-01-03T13:56:12.209+0000] {logging_mixin.py:150} INFO - [2026-01-03T13:56:12.208+0000] {dagbag.py:541} INFO - Filling up the DagBag from /home/vscode/.local/lib/python3.10/site-packages/airflow/example_dags/example_task_group.py
[2026-01-03T13:56:12.216+0000] {processor.py:836} INFO - DAG(s) dict_keys(['example_task_group']) retrieved from /home/vscode/.local/lib/python3.10/site-packages/airflow/example_dags/example_task_group.py
[2026-01-03T13:56:12.229+0000] {logging_mixin.py:150} INFO - [2026-01-03T13:56:12.229+0000] {dag.py:2742} INFO - Sync 1 DAGs
[2026-01-03T13:56:12.245+0000] {logging_mixin.py:150} INFO - [2026-01-03T13:56:12.245+0000] {dag.py:3504} INFO - Setting next_dagrun for example_task_group to 2026-01-02T13:56:12.245078+00:00, run_after=2026-01-03T13:56:12.245078+00:00
[2026-01-03T13:56:12.261+0000] {processor.py:179} INFO - Processing /home/vscode/.local/lib/python3.10/site-packages/airflow/example_dags/example_task_group.py took 0.056 seconds
[2026-01-03T13:56:55.574+0000] {processor.py:157} INFO - Started process (PID=13835) to work on /home/vscode/.local/lib/python3.10/site-packages/airflow/example_dags/example_task_group.py
[2026-01-03T13:56:55.575+0000] {processor.py:826} INFO - Processing file /home/vscode/.local/lib/python3.10/site-packages/airflow/example_dags/example_task_group.py for tasks to queue
[2026-01-03T13:56:55.576+0000] {logging_mixin.py:150} INFO - [2026-01-03T13:56:55.575+0000] {dagbag.py:541} INFO - Filling up the DagBag from /home/vscode/.local/lib/python3.10/site-packages/airflow/example_dags/example_task_group.py
[2026-01-03T13:56:55.582+0000] {processor.py:836} INFO - DAG(s) dict_keys(['example_task_group']) retrieved from /home/vscode/.local/lib/python3.10/site-packages/airflow/example_dags/example_task_group.py
[2026-01-03T13:56:55.596+0000] {logging_mixin.py:150} INFO - [2026-01-03T13:56:55.596+0000] {dag.py:2742} INFO - Sync 1 DAGs
[2026-01-03T13:56:55.610+0000] {logging_mixin.py:150} INFO - [2026-01-03T13:56:55.610+0000] {dag.py:3504} INFO - Setting next_dagrun for example_task_group to 2026-01-02T13:56:55.610235+00:00, run_after=2026-01-03T13:56:55.610235+00:00
[2026-01-03T13:56:55.626+0000] {processor.py:179} INFO - Processing /home/vscode/.local/lib/python3.10/site-packages/airflow/example_dags/example_task_group.py took 0.054 seconds
[2026-01-03T13:57:42.107+0000] {processor.py:157} INFO - Started process (PID=14150) to work on /home/vscode/.local/lib/python3.10/site-packages/airflow/example_dags/example_task_group.py
[2026-01-03T13:57:42.107+0000] {processor.py:826} INFO - Processing file /home/vscode/.local/lib/python3.10/site-packages/airflow/example_dags/example_task_group.py for tasks to queue
[2026-01-03T13:57:42.108+0000] {logging_mixin.py:150} INFO - [2026-01-03T13:57:42.108+0000] {dagbag.py:541} INFO - Filling up the DagBag from /home/vscode/.local/lib/python3.10/site-packages/airflow/example_dags/example_task_group.py
[2026-01-03T13:57:42.115+0000] {processor.py:836} INFO - DAG(s) dict_keys(['example_task_group']) retrieved from /home/vscode/.local/lib/python3.10/site-packages/airflow/example_dags/example_task_group.py
[2026-01-03T13:57:42.129+0000] {logging_mixin.py:150} INFO - [2026-01-03T13:57:42.129+0000] {dag.py:2742} INFO - Sync 1 DAGs
[2026-01-03T13:57:42.144+0000] {logging_mixin.py:150} INFO - [2026-01-03T13:57:42.144+0000] {dag.py:3504} INFO - Setting next_dagrun for example_task_group to 2026-01-02T13:57:42.144155+00:00, run_after=2026-01-03T13:57:42.144155+00:00
[2026-01-03T13:57:42.159+0000] {processor.py:179} INFO - Processing /home/vscode/.local/lib/python3.10/site-packages/airflow/example_dags/example_task_group.py took 0.055 seconds
[2026-01-03T13:58:22.617+0000] {processor.py:157} INFO - Started process (PID=14418) to work on /home/vscode/.local/lib/python3.10/site-packages/airflow/example_dags/example_task_group.py
[2026-01-03T13:58:22.618+0000] {processor.py:826} INFO - Processing file /home/vscode/.local/lib/python3.10/site-packages/airflow/example_dags/example_task_group.py for tasks to queue
[2026-01-03T13:58:22.619+0000] {logging_mixin.py:150} INFO - [2026-01-03T13:58:22.619+0000] {dagbag.py:541} INFO - Filling up the DagBag from /home/vscode/.local/lib/python3.10/site-packages/airflow/example_dags/example_task_group.py
[2026-01-03T13:58:22.625+0000] {processor.py:836} INFO - DAG(s) dict_keys(['example_task_group']) retrieved from /home/vscode/.local/lib/python3.10/site-packages/airflow/example_dags/example_task_group.py
[2026-01-03T13:58:22.639+0000] {logging_mixin.py:150} INFO - [2026-01-03T13:58:22.639+0000] {dag.py:2742} INFO - Sync 1 DAGs
[2026-01-03T13:58:22.653+0000] {logging_mixin.py:150} INFO - [2026-01-03T13:58:22.653+0000] {dag.py:3504} INFO - Setting next_dagrun for example_task_group to 2026-01-02T13:58:22.653506+00:00, run_after=2026-01-03T13:58:22.653506+00:00
[2026-01-03T13:58:22.670+0000] {processor.py:179} INFO - Processing /home/vscode/.local/lib/python3.10/site-packages/airflow/example_dags/example_task_group.py took 0.056 seconds
[2026-01-03T13:59:04.287+0000] {processor.py:157} INFO - Started process (PID=14733) to work on /home/vscode/.local/lib/python3.10/site-packages/airflow/example_dags/example_task_group.py
[2026-01-03T13:59:04.288+0000] {processor.py:826} INFO - Processing file /home/vscode/.local/lib/python3.10/site-packages/airflow/example_dags/example_task_group.py for tasks to queue
[2026-01-03T13:59:04.288+0000] {logging_mixin.py:150} INFO - [2026-01-03T13:59:04.288+0000] {dagbag.py:541} INFO - Filling up the DagBag from /home/vscode/.local/lib/python3.10/site-packages/airflow/example_dags/example_task_group.py
[2026-01-03T13:59:04.295+0000] {processor.py:836} INFO - DAG(s) dict_keys(['example_task_group']) retrieved from /home/vscode/.local/lib/python3.10/site-packages/airflow/example_dags/example_task_group.py
[2026-01-03T13:59:04.309+0000] {logging_mixin.py:150} INFO - [2026-01-03T13:59:04.309+0000] {dag.py:2742} INFO - Sync 1 DAGs
[2026-01-03T13:59:04.323+0000] {logging_mixin.py:150} INFO - [2026-01-03T13:59:04.323+0000] {dag.py:3504} INFO - Setting next_dagrun for example_task_group to 2026-01-02T13:59:04.323546+00:00, run_after=2026-01-03T13:59:04.323546+00:00
[2026-01-03T13:59:04.338+0000] {processor.py:179} INFO - Processing /home/vscode/.local/lib/python3.10/site-packages/airflow/example_dags/example_task_group.py took 0.054 seconds
[2026-01-03T13:59:50.813+0000] {processor.py:157} INFO - Started process (PID=15037) to work on /home/vscode/.local/lib/python3.10/site-packages/airflow/example_dags/example_task_group.py
[2026-01-03T13:59:50.814+0000] {processor.py:826} INFO - Processing file /home/vscode/.local/lib/python3.10/site-packages/airflow/example_dags/example_task_group.py for tasks to queue
[2026-01-03T13:59:50.815+0000] {logging_mixin.py:150} INFO - [2026-01-03T13:59:50.814+0000] {dagbag.py:541} INFO - Filling up the DagBag from /home/vscode/.local/lib/python3.10/site-packages/airflow/example_dags/example_task_group.py
[2026-01-03T13:59:50.823+0000] {processor.py:836} INFO - DAG(s) dict_keys(['example_task_group']) retrieved from /home/vscode/.local/lib/python3.10/site-packages/airflow/example_dags/example_task_group.py
[2026-01-03T13:59:50.842+0000] {logging_mixin.py:150} INFO - [2026-01-03T13:59:50.842+0000] {dag.py:2742} INFO - Sync 1 DAGs
[2026-01-03T13:59:50.862+0000] {logging_mixin.py:150} INFO - [2026-01-03T13:59:50.862+0000] {dag.py:3504} INFO - Setting next_dagrun for example_task_group to 2026-01-02T13:59:50.862209+00:00, run_after=2026-01-03T13:59:50.862209+00:00
[2026-01-03T13:59:50.877+0000] {processor.py:179} INFO - Processing /home/vscode/.local/lib/python3.10/site-packages/airflow/example_dags/example_task_group.py took 0.067 seconds
[2026-01-03T14:00:34.344+0000] {processor.py:157} INFO - Started process (PID=15331) to work on /home/vscode/.local/lib/python3.10/site-packages/airflow/example_dags/example_task_group.py
[2026-01-03T14:00:34.345+0000] {processor.py:826} INFO - Processing file /home/vscode/.local/lib/python3.10/site-packages/airflow/example_dags/example_task_group.py for tasks to queue
[2026-01-03T14:00:34.346+0000] {logging_mixin.py:150} INFO - [2026-01-03T14:00:34.345+0000] {dagbag.py:541} INFO - Filling up the DagBag from /home/vscode/.local/lib/python3.10/site-packages/airflow/example_dags/example_task_group.py
[2026-01-03T14:00:34.352+0000] {processor.py:836} INFO - DAG(s) dict_keys(['example_task_group']) retrieved from /home/vscode/.local/lib/python3.10/site-packages/airflow/example_dags/example_task_group.py
[2026-01-03T14:00:34.365+0000] {logging_mixin.py:150} INFO - [2026-01-03T14:00:34.365+0000] {dag.py:2742} INFO - Sync 1 DAGs
[2026-01-03T14:00:34.380+0000] {logging_mixin.py:150} INFO - [2026-01-03T14:00:34.380+0000] {dag.py:3504} INFO - Setting next_dagrun for example_task_group to 2026-01-02T14:00:34.380509+00:00, run_after=2026-01-03T14:00:34.380509+00:00
[2026-01-03T14:00:34.395+0000] {processor.py:179} INFO - Processing /home/vscode/.local/lib/python3.10/site-packages/airflow/example_dags/example_task_group.py took 0.054 seconds
[2026-01-03T14:01:13.726+0000] {processor.py:157} INFO - Started process (PID=15592) to work on /home/vscode/.local/lib/python3.10/site-packages/airflow/example_dags/example_task_group.py
[2026-01-03T14:01:13.727+0000] {processor.py:826} INFO - Processing file /home/vscode/.local/lib/python3.10/site-packages/airflow/example_dags/example_task_group.py for tasks to queue
[2026-01-03T14:01:13.728+0000] {logging_mixin.py:150} INFO - [2026-01-03T14:01:13.727+0000] {dagbag.py:541} INFO - Filling up the DagBag from /home/vscode/.local/lib/python3.10/site-packages/airflow/example_dags/example_task_group.py
[2026-01-03T14:01:13.734+0000] {processor.py:836} INFO - DAG(s) dict_keys(['example_task_group']) retrieved from /home/vscode/.local/lib/python3.10/site-packages/airflow/example_dags/example_task_group.py
[2026-01-03T14:01:13.748+0000] {logging_mixin.py:150} INFO - [2026-01-03T14:01:13.748+0000] {dag.py:2742} INFO - Sync 1 DAGs
[2026-01-03T14:01:13.763+0000] {logging_mixin.py:150} INFO - [2026-01-03T14:01:13.762+0000] {dag.py:3504} INFO - Setting next_dagrun for example_task_group to 2026-01-02T14:01:13.762676+00:00, run_after=2026-01-03T14:01:13.762676+00:00
[2026-01-03T14:01:13.777+0000] {processor.py:179} INFO - Processing /home/vscode/.local/lib/python3.10/site-packages/airflow/example_dags/example_task_group.py took 0.053 seconds
[2026-01-03T14:01:56.352+0000] {processor.py:157} INFO - Started process (PID=15916) to work on /home/vscode/.local/lib/python3.10/site-packages/airflow/example_dags/example_task_group.py
[2026-01-03T14:01:56.353+0000] {processor.py:826} INFO - Processing file /home/vscode/.local/lib/python3.10/site-packages/airflow/example_dags/example_task_group.py for tasks to queue
[2026-01-03T14:01:56.353+0000] {logging_mixin.py:150} INFO - [2026-01-03T14:01:56.353+0000] {dagbag.py:541} INFO - Filling up the DagBag from /home/vscode/.local/lib/python3.10/site-packages/airflow/example_dags/example_task_group.py
[2026-01-03T14:01:56.360+0000] {processor.py:836} INFO - DAG(s) dict_keys(['example_task_group']) retrieved from /home/vscode/.local/lib/python3.10/site-packages/airflow/example_dags/example_task_group.py
[2026-01-03T14:01:56.373+0000] {logging_mixin.py:150} INFO - [2026-01-03T14:01:56.373+0000] {dag.py:2742} INFO - Sync 1 DAGs
[2026-01-03T14:01:56.389+0000] {logging_mixin.py:150} INFO - [2026-01-03T14:01:56.389+0000] {dag.py:3504} INFO - Setting next_dagrun for example_task_group to 2026-01-02T14:01:56.389290+00:00, run_after=2026-01-03T14:01:56.389290+00:00
[2026-01-03T14:01:56.404+0000] {processor.py:179} INFO - Processing /home/vscode/.local/lib/python3.10/site-packages/airflow/example_dags/example_task_group.py took 0.055 seconds
[2026-01-03T14:02:41.237+0000] {processor.py:157} INFO - Started process (PID=16271) to work on /home/vscode/.local/lib/python3.10/site-packages/airflow/example_dags/example_task_group.py
[2026-01-03T14:02:41.238+0000] {processor.py:826} INFO - Processing file /home/vscode/.local/lib/python3.10/site-packages/airflow/example_dags/example_task_group.py for tasks to queue
[2026-01-03T14:02:41.239+0000] {logging_mixin.py:150} INFO - [2026-01-03T14:02:41.239+0000] {dagbag.py:541} INFO - Filling up the DagBag from /home/vscode/.local/lib/python3.10/site-packages/airflow/example_dags/example_task_group.py
[2026-01-03T14:02:41.248+0000] {processor.py:836} INFO - DAG(s) dict_keys(['example_task_group']) retrieved from /home/vscode/.local/lib/python3.10/site-packages/airflow/example_dags/example_task_group.py
[2026-01-03T14:02:41.266+0000] {logging_mixin.py:150} INFO - [2026-01-03T14:02:41.266+0000] {dag.py:2742} INFO - Sync 1 DAGs
[2026-01-03T14:02:41.281+0000] {logging_mixin.py:150} INFO - [2026-01-03T14:02:41.280+0000] {dag.py:3504} INFO - Setting next_dagrun for example_task_group to 2026-01-02T14:02:41.280658+00:00, run_after=2026-01-03T14:02:41.280658+00:00
[2026-01-03T14:02:41.296+0000] {processor.py:179} INFO - Processing /home/vscode/.local/lib/python3.10/site-packages/airflow/example_dags/example_task_group.py took 0.061 seconds
[2026-01-03T14:03:20.700+0000] {processor.py:157} INFO - Started process (PID=16807) to work on /home/vscode/.local/lib/python3.10/site-packages/airflow/example_dags/example_task_group.py
[2026-01-03T14:03:20.701+0000] {processor.py:826} INFO - Processing file /home/vscode/.local/lib/python3.10/site-packages/airflow/example_dags/example_task_group.py for tasks to queue
[2026-01-03T14:03:20.702+0000] {logging_mixin.py:150} INFO - [2026-01-03T14:03:20.702+0000] {dagbag.py:541} INFO - Filling up the DagBag from /home/vscode/.local/lib/python3.10/site-packages/airflow/example_dags/example_task_group.py
[2026-01-03T14:03:20.736+0000] {processor.py:836} INFO - DAG(s) dict_keys(['example_task_group']) retrieved from /home/vscode/.local/lib/python3.10/site-packages/airflow/example_dags/example_task_group.py
[2026-01-03T14:03:20.872+0000] {logging_mixin.py:150} INFO - [2026-01-03T14:03:20.872+0000] {dag.py:2742} INFO - Sync 1 DAGs
[2026-01-03T14:03:20.917+0000] {logging_mixin.py:150} INFO - [2026-01-03T14:03:20.917+0000] {dag.py:3504} INFO - Setting next_dagrun for example_task_group to 2026-01-02T14:03:20.916905+00:00, run_after=2026-01-03T14:03:20.916905+00:00
[2026-01-03T14:03:20.997+0000] {processor.py:179} INFO - Processing /home/vscode/.local/lib/python3.10/site-packages/airflow/example_dags/example_task_group.py took 0.302 seconds
[2026-01-03T14:04:07.093+0000] {processor.py:157} INFO - Started process (PID=17350) to work on /home/vscode/.local/lib/python3.10/site-packages/airflow/example_dags/example_task_group.py
[2026-01-03T14:04:07.094+0000] {processor.py:826} INFO - Processing file /home/vscode/.local/lib/python3.10/site-packages/airflow/example_dags/example_task_group.py for tasks to queue
[2026-01-03T14:04:07.094+0000] {logging_mixin.py:150} INFO - [2026-01-03T14:04:07.094+0000] {dagbag.py:541} INFO - Filling up the DagBag from /home/vscode/.local/lib/python3.10/site-packages/airflow/example_dags/example_task_group.py
[2026-01-03T14:04:07.101+0000] {processor.py:836} INFO - DAG(s) dict_keys(['example_task_group']) retrieved from /home/vscode/.local/lib/python3.10/site-packages/airflow/example_dags/example_task_group.py
[2026-01-03T14:04:07.114+0000] {logging_mixin.py:150} INFO - [2026-01-03T14:04:07.114+0000] {dag.py:2742} INFO - Sync 1 DAGs
[2026-01-03T14:04:07.132+0000] {logging_mixin.py:150} INFO - [2026-01-03T14:04:07.132+0000] {dag.py:3504} INFO - Setting next_dagrun for example_task_group to 2026-01-02T14:04:07.131959+00:00, run_after=2026-01-03T14:04:07.131959+00:00
[2026-01-03T14:04:07.147+0000] {processor.py:179} INFO - Processing /home/vscode/.local/lib/python3.10/site-packages/airflow/example_dags/example_task_group.py took 0.056 seconds
