[2026-01-03T13:49:15.647+0000] {processor.py:157} INFO - Started process (PID=10150) to work on /home/vscode/.local/lib/python3.10/site-packages/airflow/example_dags/example_latest_only_with_trigger.py
[2026-01-03T13:49:15.648+0000] {processor.py:826} INFO - Processing file /home/vscode/.local/lib/python3.10/site-packages/airflow/example_dags/example_latest_only_with_trigger.py for tasks to queue
[2026-01-03T13:49:15.649+0000] {logging_mixin.py:150} INFO - [2026-01-03T13:49:15.648+0000] {dagbag.py:541} INFO - Filling up the DagBag from /home/vscode/.local/lib/python3.10/site-packages/airflow/example_dags/example_latest_only_with_trigger.py
[2026-01-03T13:49:15.655+0000] {processor.py:836} INFO - DAG(s) dict_keys(['latest_only_with_trigger']) retrieved from /home/vscode/.local/lib/python3.10/site-packages/airflow/example_dags/example_latest_only_with_trigger.py
[2026-01-03T13:49:15.729+0000] {logging_mixin.py:150} INFO - [2026-01-03T13:49:15.729+0000] {manager.py:504} INFO - Created Permission View: can delete on DAG:latest_only_with_trigger
[2026-01-03T13:49:15.737+0000] {logging_mixin.py:150} INFO - [2026-01-03T13:49:15.737+0000] {manager.py:504} INFO - Created Permission View: can read on DAG:latest_only_with_trigger
[2026-01-03T13:49:15.743+0000] {logging_mixin.py:150} INFO - [2026-01-03T13:49:15.743+0000] {manager.py:504} INFO - Created Permission View: can edit on DAG:latest_only_with_trigger
[2026-01-03T13:49:15.751+0000] {logging_mixin.py:150} INFO - [2026-01-03T13:49:15.750+0000] {dag.py:2742} INFO - Sync 1 DAGs
[2026-01-03T13:49:15.757+0000] {logging_mixin.py:150} INFO - [2026-01-03T13:49:15.757+0000] {dag.py:2763} INFO - Creating ORM DAG for latest_only_with_trigger
[2026-01-03T13:49:15.764+0000] {logging_mixin.py:150} INFO - [2026-01-03T13:49:15.764+0000] {dag.py:3504} INFO - Setting next_dagrun for latest_only_with_trigger to 2026-01-03T09:49:15.764131+00:00, run_after=2026-01-03T13:49:15.764131+00:00
[2026-01-03T13:49:15.781+0000] {processor.py:179} INFO - Processing /home/vscode/.local/lib/python3.10/site-packages/airflow/example_dags/example_latest_only_with_trigger.py took 0.136 seconds
[2026-01-03T13:50:01.106+0000] {processor.py:157} INFO - Started process (PID=10490) to work on /home/vscode/.local/lib/python3.10/site-packages/airflow/example_dags/example_latest_only_with_trigger.py
[2026-01-03T13:50:01.107+0000] {processor.py:826} INFO - Processing file /home/vscode/.local/lib/python3.10/site-packages/airflow/example_dags/example_latest_only_with_trigger.py for tasks to queue
[2026-01-03T13:50:01.108+0000] {logging_mixin.py:150} INFO - [2026-01-03T13:50:01.108+0000] {dagbag.py:541} INFO - Filling up the DagBag from /home/vscode/.local/lib/python3.10/site-packages/airflow/example_dags/example_latest_only_with_trigger.py
[2026-01-03T13:50:01.117+0000] {processor.py:836} INFO - DAG(s) dict_keys(['latest_only_with_trigger']) retrieved from /home/vscode/.local/lib/python3.10/site-packages/airflow/example_dags/example_latest_only_with_trigger.py
[2026-01-03T13:50:01.139+0000] {logging_mixin.py:150} INFO - [2026-01-03T13:50:01.138+0000] {dag.py:2742} INFO - Sync 1 DAGs
[2026-01-03T13:50:01.154+0000] {logging_mixin.py:150} INFO - [2026-01-03T13:50:01.154+0000] {dag.py:3504} INFO - Setting next_dagrun for latest_only_with_trigger to 2026-01-03T09:50:01.154265+00:00, run_after=2026-01-03T13:50:01.154265+00:00
[2026-01-03T13:50:01.170+0000] {processor.py:179} INFO - Processing /home/vscode/.local/lib/python3.10/site-packages/airflow/example_dags/example_latest_only_with_trigger.py took 0.067 seconds
[2026-01-03T13:50:45.004+0000] {processor.py:157} INFO - Started process (PID=10818) to work on /home/vscode/.local/lib/python3.10/site-packages/airflow/example_dags/example_latest_only_with_trigger.py
[2026-01-03T13:50:45.005+0000] {processor.py:826} INFO - Processing file /home/vscode/.local/lib/python3.10/site-packages/airflow/example_dags/example_latest_only_with_trigger.py for tasks to queue
[2026-01-03T13:50:45.006+0000] {logging_mixin.py:150} INFO - [2026-01-03T13:50:45.006+0000] {dagbag.py:541} INFO - Filling up the DagBag from /home/vscode/.local/lib/python3.10/site-packages/airflow/example_dags/example_latest_only_with_trigger.py
[2026-01-03T13:50:45.012+0000] {processor.py:836} INFO - DAG(s) dict_keys(['latest_only_with_trigger']) retrieved from /home/vscode/.local/lib/python3.10/site-packages/airflow/example_dags/example_latest_only_with_trigger.py
[2026-01-03T13:50:45.025+0000] {logging_mixin.py:150} INFO - [2026-01-03T13:50:45.025+0000] {dag.py:2742} INFO - Sync 1 DAGs
[2026-01-03T13:50:45.041+0000] {logging_mixin.py:150} INFO - [2026-01-03T13:50:45.041+0000] {dag.py:3504} INFO - Setting next_dagrun for latest_only_with_trigger to 2026-01-03T09:50:45.041551+00:00, run_after=2026-01-03T13:50:45.041551+00:00
[2026-01-03T13:50:45.058+0000] {processor.py:179} INFO - Processing /home/vscode/.local/lib/python3.10/site-packages/airflow/example_dags/example_latest_only_with_trigger.py took 0.056 seconds
[2026-01-03T13:51:29.623+0000] {processor.py:157} INFO - Started process (PID=11119) to work on /home/vscode/.local/lib/python3.10/site-packages/airflow/example_dags/example_latest_only_with_trigger.py
[2026-01-03T13:51:29.624+0000] {processor.py:826} INFO - Processing file /home/vscode/.local/lib/python3.10/site-packages/airflow/example_dags/example_latest_only_with_trigger.py for tasks to queue
[2026-01-03T13:51:29.625+0000] {logging_mixin.py:150} INFO - [2026-01-03T13:51:29.624+0000] {dagbag.py:541} INFO - Filling up the DagBag from /home/vscode/.local/lib/python3.10/site-packages/airflow/example_dags/example_latest_only_with_trigger.py
[2026-01-03T13:51:29.630+0000] {processor.py:836} INFO - DAG(s) dict_keys(['latest_only_with_trigger']) retrieved from /home/vscode/.local/lib/python3.10/site-packages/airflow/example_dags/example_latest_only_with_trigger.py
[2026-01-03T13:51:29.648+0000] {logging_mixin.py:150} INFO - [2026-01-03T13:51:29.648+0000] {dag.py:2742} INFO - Sync 1 DAGs
[2026-01-03T13:51:29.670+0000] {logging_mixin.py:150} INFO - [2026-01-03T13:51:29.669+0000] {dag.py:3504} INFO - Setting next_dagrun for latest_only_with_trigger to 2026-01-03T09:51:29.669752+00:00, run_after=2026-01-03T13:51:29.669752+00:00
[2026-01-03T13:51:29.686+0000] {processor.py:179} INFO - Processing /home/vscode/.local/lib/python3.10/site-packages/airflow/example_dags/example_latest_only_with_trigger.py took 0.065 seconds
[2026-01-03T13:52:13.032+0000] {processor.py:157} INFO - Started process (PID=11451) to work on /home/vscode/.local/lib/python3.10/site-packages/airflow/example_dags/example_latest_only_with_trigger.py
[2026-01-03T13:52:13.033+0000] {processor.py:826} INFO - Processing file /home/vscode/.local/lib/python3.10/site-packages/airflow/example_dags/example_latest_only_with_trigger.py for tasks to queue
[2026-01-03T13:52:13.034+0000] {logging_mixin.py:150} INFO - [2026-01-03T13:52:13.034+0000] {dagbag.py:541} INFO - Filling up the DagBag from /home/vscode/.local/lib/python3.10/site-packages/airflow/example_dags/example_latest_only_with_trigger.py
[2026-01-03T13:52:13.041+0000] {processor.py:836} INFO - DAG(s) dict_keys(['latest_only_with_trigger']) retrieved from /home/vscode/.local/lib/python3.10/site-packages/airflow/example_dags/example_latest_only_with_trigger.py
[2026-01-03T13:52:13.056+0000] {logging_mixin.py:150} INFO - [2026-01-03T13:52:13.056+0000] {dag.py:2742} INFO - Sync 1 DAGs
[2026-01-03T13:52:13.072+0000] {logging_mixin.py:150} INFO - [2026-01-03T13:52:13.072+0000] {dag.py:3504} INFO - Setting next_dagrun for latest_only_with_trigger to 2026-01-03T09:52:13.071946+00:00, run_after=2026-01-03T13:52:13.071946+00:00
[2026-01-03T13:52:13.094+0000] {processor.py:179} INFO - Processing /home/vscode/.local/lib/python3.10/site-packages/airflow/example_dags/example_latest_only_with_trigger.py took 0.064 seconds
[2026-01-03T13:52:57.120+0000] {processor.py:157} INFO - Started process (PID=11756) to work on /home/vscode/.local/lib/python3.10/site-packages/airflow/example_dags/example_latest_only_with_trigger.py
[2026-01-03T13:52:57.121+0000] {processor.py:826} INFO - Processing file /home/vscode/.local/lib/python3.10/site-packages/airflow/example_dags/example_latest_only_with_trigger.py for tasks to queue
[2026-01-03T13:52:57.122+0000] {logging_mixin.py:150} INFO - [2026-01-03T13:52:57.121+0000] {dagbag.py:541} INFO - Filling up the DagBag from /home/vscode/.local/lib/python3.10/site-packages/airflow/example_dags/example_latest_only_with_trigger.py
[2026-01-03T13:52:57.127+0000] {processor.py:836} INFO - DAG(s) dict_keys(['latest_only_with_trigger']) retrieved from /home/vscode/.local/lib/python3.10/site-packages/airflow/example_dags/example_latest_only_with_trigger.py
[2026-01-03T13:52:57.141+0000] {logging_mixin.py:150} INFO - [2026-01-03T13:52:57.141+0000] {dag.py:2742} INFO - Sync 1 DAGs
[2026-01-03T13:52:57.158+0000] {logging_mixin.py:150} INFO - [2026-01-03T13:52:57.158+0000] {dag.py:3504} INFO - Setting next_dagrun for latest_only_with_trigger to 2026-01-03T09:52:57.157087+00:00, run_after=2026-01-03T13:52:57.157087+00:00
[2026-01-03T13:52:57.181+0000] {processor.py:179} INFO - Processing /home/vscode/.local/lib/python3.10/site-packages/airflow/example_dags/example_latest_only_with_trigger.py took 0.064 seconds
[2026-01-03T13:53:43.270+0000] {processor.py:157} INFO - Started process (PID=12120) to work on /home/vscode/.local/lib/python3.10/site-packages/airflow/example_dags/example_latest_only_with_trigger.py
[2026-01-03T13:53:43.271+0000] {processor.py:826} INFO - Processing file /home/vscode/.local/lib/python3.10/site-packages/airflow/example_dags/example_latest_only_with_trigger.py for tasks to queue
[2026-01-03T13:53:43.272+0000] {logging_mixin.py:150} INFO - [2026-01-03T13:53:43.271+0000] {dagbag.py:541} INFO - Filling up the DagBag from /home/vscode/.local/lib/python3.10/site-packages/airflow/example_dags/example_latest_only_with_trigger.py
[2026-01-03T13:53:43.278+0000] {processor.py:836} INFO - DAG(s) dict_keys(['latest_only_with_trigger']) retrieved from /home/vscode/.local/lib/python3.10/site-packages/airflow/example_dags/example_latest_only_with_trigger.py
[2026-01-03T13:53:43.291+0000] {logging_mixin.py:150} INFO - [2026-01-03T13:53:43.291+0000] {dag.py:2742} INFO - Sync 1 DAGs
[2026-01-03T13:53:43.306+0000] {logging_mixin.py:150} INFO - [2026-01-03T13:53:43.306+0000] {dag.py:3504} INFO - Setting next_dagrun for latest_only_with_trigger to 2026-01-03T09:53:43.306342+00:00, run_after=2026-01-03T13:53:43.306342+00:00
[2026-01-03T13:53:43.322+0000] {processor.py:179} INFO - Processing /home/vscode/.local/lib/python3.10/site-packages/airflow/example_dags/example_latest_only_with_trigger.py took 0.055 seconds
[2026-01-03T13:54:23.272+0000] {processor.py:157} INFO - Started process (PID=12454) to work on /home/vscode/.local/lib/python3.10/site-packages/airflow/example_dags/example_latest_only_with_trigger.py
[2026-01-03T13:54:23.273+0000] {processor.py:826} INFO - Processing file /home/vscode/.local/lib/python3.10/site-packages/airflow/example_dags/example_latest_only_with_trigger.py for tasks to queue
[2026-01-03T13:54:23.273+0000] {logging_mixin.py:150} INFO - [2026-01-03T13:54:23.273+0000] {dagbag.py:541} INFO - Filling up the DagBag from /home/vscode/.local/lib/python3.10/site-packages/airflow/example_dags/example_latest_only_with_trigger.py
[2026-01-03T13:54:23.279+0000] {processor.py:836} INFO - DAG(s) dict_keys(['latest_only_with_trigger']) retrieved from /home/vscode/.local/lib/python3.10/site-packages/airflow/example_dags/example_latest_only_with_trigger.py
[2026-01-03T13:54:23.294+0000] {logging_mixin.py:150} INFO - [2026-01-03T13:54:23.294+0000] {dag.py:2742} INFO - Sync 1 DAGs
[2026-01-03T13:54:23.310+0000] {logging_mixin.py:150} INFO - [2026-01-03T13:54:23.310+0000] {dag.py:3504} INFO - Setting next_dagrun for latest_only_with_trigger to 2026-01-03T09:54:23.309911+00:00, run_after=2026-01-03T13:54:23.309911+00:00
[2026-01-03T13:54:23.326+0000] {processor.py:179} INFO - Processing /home/vscode/.local/lib/python3.10/site-packages/airflow/example_dags/example_latest_only_with_trigger.py took 0.056 seconds
[2026-01-03T13:55:03.544+0000] {processor.py:157} INFO - Started process (PID=12767) to work on /home/vscode/.local/lib/python3.10/site-packages/airflow/example_dags/example_latest_only_with_trigger.py
[2026-01-03T13:55:03.547+0000] {processor.py:826} INFO - Processing file /home/vscode/.local/lib/python3.10/site-packages/airflow/example_dags/example_latest_only_with_trigger.py for tasks to queue
[2026-01-03T13:55:03.548+0000] {logging_mixin.py:150} INFO - [2026-01-03T13:55:03.548+0000] {dagbag.py:541} INFO - Filling up the DagBag from /home/vscode/.local/lib/python3.10/site-packages/airflow/example_dags/example_latest_only_with_trigger.py
[2026-01-03T13:55:03.560+0000] {processor.py:836} INFO - DAG(s) dict_keys(['latest_only_with_trigger']) retrieved from /home/vscode/.local/lib/python3.10/site-packages/airflow/example_dags/example_latest_only_with_trigger.py
[2026-01-03T13:55:03.574+0000] {logging_mixin.py:150} INFO - [2026-01-03T13:55:03.574+0000] {dag.py:2742} INFO - Sync 1 DAGs
[2026-01-03T13:55:03.589+0000] {logging_mixin.py:150} INFO - [2026-01-03T13:55:03.589+0000] {dag.py:3504} INFO - Setting next_dagrun for latest_only_with_trigger to 2026-01-03T09:55:03.589407+00:00, run_after=2026-01-03T13:55:03.589407+00:00
[2026-01-03T13:55:03.607+0000] {processor.py:179} INFO - Processing /home/vscode/.local/lib/python3.10/site-packages/airflow/example_dags/example_latest_only_with_trigger.py took 0.066 seconds
[2026-01-03T13:55:46.622+0000] {processor.py:157} INFO - Started process (PID=13217) to work on /home/vscode/.local/lib/python3.10/site-packages/airflow/example_dags/example_latest_only_with_trigger.py
[2026-01-03T13:55:46.623+0000] {processor.py:826} INFO - Processing file /home/vscode/.local/lib/python3.10/site-packages/airflow/example_dags/example_latest_only_with_trigger.py for tasks to queue
[2026-01-03T13:55:46.624+0000] {logging_mixin.py:150} INFO - [2026-01-03T13:55:46.624+0000] {dagbag.py:541} INFO - Filling up the DagBag from /home/vscode/.local/lib/python3.10/site-packages/airflow/example_dags/example_latest_only_with_trigger.py
[2026-01-03T13:55:46.629+0000] {processor.py:836} INFO - DAG(s) dict_keys(['latest_only_with_trigger']) retrieved from /home/vscode/.local/lib/python3.10/site-packages/airflow/example_dags/example_latest_only_with_trigger.py
[2026-01-03T13:55:46.643+0000] {logging_mixin.py:150} INFO - [2026-01-03T13:55:46.643+0000] {dag.py:2742} INFO - Sync 1 DAGs
[2026-01-03T13:55:46.659+0000] {logging_mixin.py:150} INFO - [2026-01-03T13:55:46.659+0000] {dag.py:3504} INFO - Setting next_dagrun for latest_only_with_trigger to 2026-01-03T09:55:46.658897+00:00, run_after=2026-01-03T13:55:46.658897+00:00
[2026-01-03T13:55:46.675+0000] {processor.py:179} INFO - Processing /home/vscode/.local/lib/python3.10/site-packages/airflow/example_dags/example_latest_only_with_trigger.py took 0.055 seconds
[2026-01-03T13:56:31.625+0000] {processor.py:157} INFO - Started process (PID=13653) to work on /home/vscode/.local/lib/python3.10/site-packages/airflow/example_dags/example_latest_only_with_trigger.py
[2026-01-03T13:56:31.626+0000] {processor.py:826} INFO - Processing file /home/vscode/.local/lib/python3.10/site-packages/airflow/example_dags/example_latest_only_with_trigger.py for tasks to queue
[2026-01-03T13:56:31.626+0000] {logging_mixin.py:150} INFO - [2026-01-03T13:56:31.626+0000] {dagbag.py:541} INFO - Filling up the DagBag from /home/vscode/.local/lib/python3.10/site-packages/airflow/example_dags/example_latest_only_with_trigger.py
[2026-01-03T13:56:31.632+0000] {processor.py:836} INFO - DAG(s) dict_keys(['latest_only_with_trigger']) retrieved from /home/vscode/.local/lib/python3.10/site-packages/airflow/example_dags/example_latest_only_with_trigger.py
[2026-01-03T13:56:31.651+0000] {logging_mixin.py:150} INFO - [2026-01-03T13:56:31.651+0000] {dag.py:2742} INFO - Sync 1 DAGs
[2026-01-03T13:56:31.667+0000] {logging_mixin.py:150} INFO - [2026-01-03T13:56:31.667+0000] {dag.py:3504} INFO - Setting next_dagrun for latest_only_with_trigger to 2026-01-03T09:56:31.666860+00:00, run_after=2026-01-03T13:56:31.666860+00:00
[2026-01-03T13:56:31.684+0000] {processor.py:179} INFO - Processing /home/vscode/.local/lib/python3.10/site-packages/airflow/example_dags/example_latest_only_with_trigger.py took 0.061 seconds
[2026-01-03T13:57:14.997+0000] {processor.py:157} INFO - Started process (PID=13973) to work on /home/vscode/.local/lib/python3.10/site-packages/airflow/example_dags/example_latest_only_with_trigger.py
[2026-01-03T13:57:14.997+0000] {processor.py:826} INFO - Processing file /home/vscode/.local/lib/python3.10/site-packages/airflow/example_dags/example_latest_only_with_trigger.py for tasks to queue
[2026-01-03T13:57:14.998+0000] {logging_mixin.py:150} INFO - [2026-01-03T13:57:14.998+0000] {dagbag.py:541} INFO - Filling up the DagBag from /home/vscode/.local/lib/python3.10/site-packages/airflow/example_dags/example_latest_only_with_trigger.py
[2026-01-03T13:57:15.003+0000] {processor.py:836} INFO - DAG(s) dict_keys(['latest_only_with_trigger']) retrieved from /home/vscode/.local/lib/python3.10/site-packages/airflow/example_dags/example_latest_only_with_trigger.py
[2026-01-03T13:57:15.017+0000] {logging_mixin.py:150} INFO - [2026-01-03T13:57:15.017+0000] {dag.py:2742} INFO - Sync 1 DAGs
[2026-01-03T13:57:15.033+0000] {logging_mixin.py:150} INFO - [2026-01-03T13:57:15.032+0000] {dag.py:3504} INFO - Setting next_dagrun for latest_only_with_trigger to 2026-01-03T09:57:15.032711+00:00, run_after=2026-01-03T13:57:15.032711+00:00
[2026-01-03T13:57:15.048+0000] {processor.py:179} INFO - Processing /home/vscode/.local/lib/python3.10/site-packages/airflow/example_dags/example_latest_only_with_trigger.py took 0.054 seconds
[2026-01-03T13:57:58.340+0000] {processor.py:157} INFO - Started process (PID=14261) to work on /home/vscode/.local/lib/python3.10/site-packages/airflow/example_dags/example_latest_only_with_trigger.py
[2026-01-03T13:57:58.341+0000] {processor.py:826} INFO - Processing file /home/vscode/.local/lib/python3.10/site-packages/airflow/example_dags/example_latest_only_with_trigger.py for tasks to queue
[2026-01-03T13:57:58.341+0000] {logging_mixin.py:150} INFO - [2026-01-03T13:57:58.341+0000] {dagbag.py:541} INFO - Filling up the DagBag from /home/vscode/.local/lib/python3.10/site-packages/airflow/example_dags/example_latest_only_with_trigger.py
[2026-01-03T13:57:58.347+0000] {processor.py:836} INFO - DAG(s) dict_keys(['latest_only_with_trigger']) retrieved from /home/vscode/.local/lib/python3.10/site-packages/airflow/example_dags/example_latest_only_with_trigger.py
[2026-01-03T13:57:58.360+0000] {logging_mixin.py:150} INFO - [2026-01-03T13:57:58.360+0000] {dag.py:2742} INFO - Sync 1 DAGs
[2026-01-03T13:57:58.374+0000] {logging_mixin.py:150} INFO - [2026-01-03T13:57:58.374+0000] {dag.py:3504} INFO - Setting next_dagrun for latest_only_with_trigger to 2026-01-03T09:57:58.374539+00:00, run_after=2026-01-03T13:57:58.374539+00:00
[2026-01-03T13:57:58.390+0000] {processor.py:179} INFO - Processing /home/vscode/.local/lib/python3.10/site-packages/airflow/example_dags/example_latest_only_with_trigger.py took 0.053 seconds
[2026-01-03T13:58:44.757+0000] {processor.py:157} INFO - Started process (PID=14572) to work on /home/vscode/.local/lib/python3.10/site-packages/airflow/example_dags/example_latest_only_with_trigger.py
[2026-01-03T13:58:44.758+0000] {processor.py:826} INFO - Processing file /home/vscode/.local/lib/python3.10/site-packages/airflow/example_dags/example_latest_only_with_trigger.py for tasks to queue
[2026-01-03T13:58:44.759+0000] {logging_mixin.py:150} INFO - [2026-01-03T13:58:44.758+0000] {dagbag.py:541} INFO - Filling up the DagBag from /home/vscode/.local/lib/python3.10/site-packages/airflow/example_dags/example_latest_only_with_trigger.py
[2026-01-03T13:58:44.764+0000] {processor.py:836} INFO - DAG(s) dict_keys(['latest_only_with_trigger']) retrieved from /home/vscode/.local/lib/python3.10/site-packages/airflow/example_dags/example_latest_only_with_trigger.py
[2026-01-03T13:58:44.777+0000] {logging_mixin.py:150} INFO - [2026-01-03T13:58:44.777+0000] {dag.py:2742} INFO - Sync 1 DAGs
[2026-01-03T13:58:44.792+0000] {logging_mixin.py:150} INFO - [2026-01-03T13:58:44.792+0000] {dag.py:3504} INFO - Setting next_dagrun for latest_only_with_trigger to 2026-01-03T09:58:44.792105+00:00, run_after=2026-01-03T13:58:44.792105+00:00
[2026-01-03T13:58:44.807+0000] {processor.py:179} INFO - Processing /home/vscode/.local/lib/python3.10/site-packages/airflow/example_dags/example_latest_only_with_trigger.py took 0.052 seconds
[2026-01-03T13:59:25.677+0000] {processor.py:157} INFO - Started process (PID=14878) to work on /home/vscode/.local/lib/python3.10/site-packages/airflow/example_dags/example_latest_only_with_trigger.py
[2026-01-03T13:59:25.678+0000] {processor.py:826} INFO - Processing file /home/vscode/.local/lib/python3.10/site-packages/airflow/example_dags/example_latest_only_with_trigger.py for tasks to queue
[2026-01-03T13:59:25.679+0000] {logging_mixin.py:150} INFO - [2026-01-03T13:59:25.678+0000] {dagbag.py:541} INFO - Filling up the DagBag from /home/vscode/.local/lib/python3.10/site-packages/airflow/example_dags/example_latest_only_with_trigger.py
[2026-01-03T13:59:25.684+0000] {processor.py:836} INFO - DAG(s) dict_keys(['latest_only_with_trigger']) retrieved from /home/vscode/.local/lib/python3.10/site-packages/airflow/example_dags/example_latest_only_with_trigger.py
[2026-01-03T13:59:25.697+0000] {logging_mixin.py:150} INFO - [2026-01-03T13:59:25.697+0000] {dag.py:2742} INFO - Sync 1 DAGs
[2026-01-03T13:59:25.712+0000] {logging_mixin.py:150} INFO - [2026-01-03T13:59:25.712+0000] {dag.py:3504} INFO - Setting next_dagrun for latest_only_with_trigger to 2026-01-03T09:59:25.712489+00:00, run_after=2026-01-03T13:59:25.712489+00:00
[2026-01-03T13:59:25.728+0000] {processor.py:179} INFO - Processing /home/vscode/.local/lib/python3.10/site-packages/airflow/example_dags/example_latest_only_with_trigger.py took 0.054 seconds
[2026-01-03T14:00:12.496+0000] {processor.py:157} INFO - Started process (PID=15183) to work on /home/vscode/.local/lib/python3.10/site-packages/airflow/example_dags/example_latest_only_with_trigger.py
[2026-01-03T14:00:12.497+0000] {processor.py:826} INFO - Processing file /home/vscode/.local/lib/python3.10/site-packages/airflow/example_dags/example_latest_only_with_trigger.py for tasks to queue
[2026-01-03T14:00:12.498+0000] {logging_mixin.py:150} INFO - [2026-01-03T14:00:12.497+0000] {dagbag.py:541} INFO - Filling up the DagBag from /home/vscode/.local/lib/python3.10/site-packages/airflow/example_dags/example_latest_only_with_trigger.py
[2026-01-03T14:00:12.503+0000] {processor.py:836} INFO - DAG(s) dict_keys(['latest_only_with_trigger']) retrieved from /home/vscode/.local/lib/python3.10/site-packages/airflow/example_dags/example_latest_only_with_trigger.py
[2026-01-03T14:00:12.516+0000] {logging_mixin.py:150} INFO - [2026-01-03T14:00:12.515+0000] {dag.py:2742} INFO - Sync 1 DAGs
[2026-01-03T14:00:12.530+0000] {logging_mixin.py:150} INFO - [2026-01-03T14:00:12.530+0000] {dag.py:3504} INFO - Setting next_dagrun for latest_only_with_trigger to 2026-01-03T10:00:12.530176+00:00, run_after=2026-01-03T14:00:12.530176+00:00
[2026-01-03T14:00:12.545+0000] {processor.py:179} INFO - Processing /home/vscode/.local/lib/python3.10/site-packages/airflow/example_dags/example_latest_only_with_trigger.py took 0.051 seconds
[2026-01-03T14:00:54.740+0000] {processor.py:157} INFO - Started process (PID=15469) to work on /home/vscode/.local/lib/python3.10/site-packages/airflow/example_dags/example_latest_only_with_trigger.py
[2026-01-03T14:00:54.741+0000] {processor.py:826} INFO - Processing file /home/vscode/.local/lib/python3.10/site-packages/airflow/example_dags/example_latest_only_with_trigger.py for tasks to queue
[2026-01-03T14:00:54.741+0000] {logging_mixin.py:150} INFO - [2026-01-03T14:00:54.741+0000] {dagbag.py:541} INFO - Filling up the DagBag from /home/vscode/.local/lib/python3.10/site-packages/airflow/example_dags/example_latest_only_with_trigger.py
[2026-01-03T14:00:54.747+0000] {processor.py:836} INFO - DAG(s) dict_keys(['latest_only_with_trigger']) retrieved from /home/vscode/.local/lib/python3.10/site-packages/airflow/example_dags/example_latest_only_with_trigger.py
[2026-01-03T14:00:54.760+0000] {logging_mixin.py:150} INFO - [2026-01-03T14:00:54.760+0000] {dag.py:2742} INFO - Sync 1 DAGs
[2026-01-03T14:00:54.774+0000] {logging_mixin.py:150} INFO - [2026-01-03T14:00:54.774+0000] {dag.py:3504} INFO - Setting next_dagrun for latest_only_with_trigger to 2026-01-03T10:00:54.774405+00:00, run_after=2026-01-03T14:00:54.774405+00:00
[2026-01-03T14:00:54.790+0000] {processor.py:179} INFO - Processing /home/vscode/.local/lib/python3.10/site-packages/airflow/example_dags/example_latest_only_with_trigger.py took 0.053 seconds
[2026-01-03T14:01:45.075+0000] {processor.py:157} INFO - Started process (PID=15830) to work on /home/vscode/.local/lib/python3.10/site-packages/airflow/example_dags/example_latest_only_with_trigger.py
[2026-01-03T14:01:45.076+0000] {processor.py:826} INFO - Processing file /home/vscode/.local/lib/python3.10/site-packages/airflow/example_dags/example_latest_only_with_trigger.py for tasks to queue
[2026-01-03T14:01:45.076+0000] {logging_mixin.py:150} INFO - [2026-01-03T14:01:45.076+0000] {dagbag.py:541} INFO - Filling up the DagBag from /home/vscode/.local/lib/python3.10/site-packages/airflow/example_dags/example_latest_only_with_trigger.py
[2026-01-03T14:01:45.082+0000] {processor.py:836} INFO - DAG(s) dict_keys(['latest_only_with_trigger']) retrieved from /home/vscode/.local/lib/python3.10/site-packages/airflow/example_dags/example_latest_only_with_trigger.py
[2026-01-03T14:01:45.096+0000] {logging_mixin.py:150} INFO - [2026-01-03T14:01:45.096+0000] {dag.py:2742} INFO - Sync 1 DAGs
[2026-01-03T14:01:45.111+0000] {logging_mixin.py:150} INFO - [2026-01-03T14:01:45.111+0000] {dag.py:3504} INFO - Setting next_dagrun for latest_only_with_trigger to 2026-01-03T10:01:45.111403+00:00, run_after=2026-01-03T14:01:45.111403+00:00
[2026-01-03T14:01:45.127+0000] {processor.py:179} INFO - Processing /home/vscode/.local/lib/python3.10/site-packages/airflow/example_dags/example_latest_only_with_trigger.py took 0.055 seconds
[2026-01-03T14:02:33.238+0000] {processor.py:157} INFO - Started process (PID=16172) to work on /home/vscode/.local/lib/python3.10/site-packages/airflow/example_dags/example_latest_only_with_trigger.py
[2026-01-03T14:02:33.239+0000] {processor.py:826} INFO - Processing file /home/vscode/.local/lib/python3.10/site-packages/airflow/example_dags/example_latest_only_with_trigger.py for tasks to queue
[2026-01-03T14:02:33.240+0000] {logging_mixin.py:150} INFO - [2026-01-03T14:02:33.239+0000] {dagbag.py:541} INFO - Filling up the DagBag from /home/vscode/.local/lib/python3.10/site-packages/airflow/example_dags/example_latest_only_with_trigger.py
[2026-01-03T14:02:33.248+0000] {processor.py:836} INFO - DAG(s) dict_keys(['latest_only_with_trigger']) retrieved from /home/vscode/.local/lib/python3.10/site-packages/airflow/example_dags/example_latest_only_with_trigger.py
[2026-01-03T14:02:33.266+0000] {logging_mixin.py:150} INFO - [2026-01-03T14:02:33.265+0000] {dag.py:2742} INFO - Sync 1 DAGs
[2026-01-03T14:02:33.298+0000] {logging_mixin.py:150} INFO - [2026-01-03T14:02:33.297+0000] {dag.py:3504} INFO - Setting next_dagrun for latest_only_with_trigger to 2026-01-03T10:02:33.297683+00:00, run_after=2026-01-03T14:02:33.297683+00:00
[2026-01-03T14:02:33.400+0000] {processor.py:179} INFO - Processing /home/vscode/.local/lib/python3.10/site-packages/airflow/example_dags/example_latest_only_with_trigger.py took 0.166 seconds
[2026-01-03T14:03:12.065+0000] {processor.py:157} INFO - Started process (PID=16676) to work on /home/vscode/.local/lib/python3.10/site-packages/airflow/example_dags/example_latest_only_with_trigger.py
[2026-01-03T14:03:12.066+0000] {processor.py:826} INFO - Processing file /home/vscode/.local/lib/python3.10/site-packages/airflow/example_dags/example_latest_only_with_trigger.py for tasks to queue
[2026-01-03T14:03:12.068+0000] {logging_mixin.py:150} INFO - [2026-01-03T14:03:12.066+0000] {dagbag.py:541} INFO - Filling up the DagBag from /home/vscode/.local/lib/python3.10/site-packages/airflow/example_dags/example_latest_only_with_trigger.py
[2026-01-03T14:03:12.075+0000] {processor.py:836} INFO - DAG(s) dict_keys(['latest_only_with_trigger']) retrieved from /home/vscode/.local/lib/python3.10/site-packages/airflow/example_dags/example_latest_only_with_trigger.py
[2026-01-03T14:03:12.093+0000] {logging_mixin.py:150} INFO - [2026-01-03T14:03:12.093+0000] {dag.py:2742} INFO - Sync 1 DAGs
[2026-01-03T14:03:12.116+0000] {logging_mixin.py:150} INFO - [2026-01-03T14:03:12.116+0000] {dag.py:3504} INFO - Setting next_dagrun for latest_only_with_trigger to 2026-01-03T10:03:12.116383+00:00, run_after=2026-01-03T14:03:12.116383+00:00
[2026-01-03T14:03:12.137+0000] {processor.py:179} INFO - Processing /home/vscode/.local/lib/python3.10/site-packages/airflow/example_dags/example_latest_only_with_trigger.py took 0.076 seconds
[2026-01-03T14:03:58.093+0000] {processor.py:157} INFO - Started process (PID=17290) to work on /home/vscode/.local/lib/python3.10/site-packages/airflow/example_dags/example_latest_only_with_trigger.py
[2026-01-03T14:03:58.094+0000] {processor.py:826} INFO - Processing file /home/vscode/.local/lib/python3.10/site-packages/airflow/example_dags/example_latest_only_with_trigger.py for tasks to queue
[2026-01-03T14:03:58.094+0000] {logging_mixin.py:150} INFO - [2026-01-03T14:03:58.094+0000] {dagbag.py:541} INFO - Filling up the DagBag from /home/vscode/.local/lib/python3.10/site-packages/airflow/example_dags/example_latest_only_with_trigger.py
[2026-01-03T14:03:58.100+0000] {processor.py:836} INFO - DAG(s) dict_keys(['latest_only_with_trigger']) retrieved from /home/vscode/.local/lib/python3.10/site-packages/airflow/example_dags/example_latest_only_with_trigger.py
[2026-01-03T14:03:58.113+0000] {logging_mixin.py:150} INFO - [2026-01-03T14:03:58.112+0000] {dag.py:2742} INFO - Sync 1 DAGs
[2026-01-03T14:03:58.136+0000] {logging_mixin.py:150} INFO - [2026-01-03T14:03:58.135+0000] {dag.py:3504} INFO - Setting next_dagrun for latest_only_with_trigger to 2026-01-03T10:03:58.135591+00:00, run_after=2026-01-03T14:03:58.135591+00:00
[2026-01-03T14:03:58.154+0000] {processor.py:179} INFO - Processing /home/vscode/.local/lib/python3.10/site-packages/airflow/example_dags/example_latest_only_with_trigger.py took 0.064 seconds
