[2026-01-03T13:49:31.365+0000] {processor.py:157} INFO - Started process (PID=10264) to work on /home/vscode/.local/lib/python3.10/site-packages/airflow/example_dags/example_branch_datetime_operator.py
[2026-01-03T13:49:31.366+0000] {processor.py:826} INFO - Processing file /home/vscode/.local/lib/python3.10/site-packages/airflow/example_dags/example_branch_datetime_operator.py for tasks to queue
[2026-01-03T13:49:31.367+0000] {logging_mixin.py:150} INFO - [2026-01-03T13:49:31.367+0000] {dagbag.py:541} INFO - Filling up the DagBag from /home/vscode/.local/lib/python3.10/site-packages/airflow/example_dags/example_branch_datetime_operator.py
[2026-01-03T13:49:31.375+0000] {processor.py:836} INFO - DAG(s) dict_keys(['example_branch_datetime_operator_2', 'example_branch_datetime_operator', 'example_branch_datetime_operator_3']) retrieved from /home/vscode/.local/lib/python3.10/site-packages/airflow/example_dags/example_branch_datetime_operator.py
[2026-01-03T13:49:31.452+0000] {logging_mixin.py:150} INFO - [2026-01-03T13:49:31.451+0000] {manager.py:504} INFO - Created Permission View: can delete on DAG:example_branch_datetime_operator_2
[2026-01-03T13:49:31.460+0000] {logging_mixin.py:150} INFO - [2026-01-03T13:49:31.460+0000] {manager.py:504} INFO - Created Permission View: can read on DAG:example_branch_datetime_operator_2
[2026-01-03T13:49:31.466+0000] {logging_mixin.py:150} INFO - [2026-01-03T13:49:31.466+0000] {manager.py:504} INFO - Created Permission View: can edit on DAG:example_branch_datetime_operator_2
[2026-01-03T13:49:31.486+0000] {logging_mixin.py:150} INFO - [2026-01-03T13:49:31.485+0000] {manager.py:504} INFO - Created Permission View: can delete on DAG:example_branch_datetime_operator
[2026-01-03T13:49:31.491+0000] {logging_mixin.py:150} INFO - [2026-01-03T13:49:31.491+0000] {manager.py:504} INFO - Created Permission View: can read on DAG:example_branch_datetime_operator
[2026-01-03T13:49:31.497+0000] {logging_mixin.py:150} INFO - [2026-01-03T13:49:31.497+0000] {manager.py:504} INFO - Created Permission View: can edit on DAG:example_branch_datetime_operator
[2026-01-03T13:49:31.514+0000] {logging_mixin.py:150} INFO - [2026-01-03T13:49:31.514+0000] {manager.py:504} INFO - Created Permission View: can delete on DAG:example_branch_datetime_operator_3
[2026-01-03T13:49:31.520+0000] {logging_mixin.py:150} INFO - [2026-01-03T13:49:31.520+0000] {manager.py:504} INFO - Created Permission View: can read on DAG:example_branch_datetime_operator_3
[2026-01-03T13:49:31.526+0000] {logging_mixin.py:150} INFO - [2026-01-03T13:49:31.526+0000] {manager.py:504} INFO - Created Permission View: can edit on DAG:example_branch_datetime_operator_3
[2026-01-03T13:49:31.530+0000] {logging_mixin.py:150} INFO - [2026-01-03T13:49:31.530+0000] {dag.py:2742} INFO - Sync 3 DAGs
[2026-01-03T13:49:31.538+0000] {logging_mixin.py:150} INFO - [2026-01-03T13:49:31.538+0000] {dag.py:2763} INFO - Creating ORM DAG for example_branch_datetime_operator_3
[2026-01-03T13:49:31.538+0000] {logging_mixin.py:150} INFO - [2026-01-03T13:49:31.538+0000] {dag.py:2763} INFO - Creating ORM DAG for example_branch_datetime_operator_2
[2026-01-03T13:49:31.539+0000] {logging_mixin.py:150} INFO - [2026-01-03T13:49:31.539+0000] {dag.py:2763} INFO - Creating ORM DAG for example_branch_datetime_operator
[2026-01-03T13:49:31.546+0000] {logging_mixin.py:150} INFO - [2026-01-03T13:49:31.546+0000] {dag.py:3504} INFO - Setting next_dagrun for example_branch_datetime_operator to 2026-01-02T00:00:00+00:00, run_after=2026-01-03T00:00:00+00:00
[2026-01-03T13:49:31.547+0000] {logging_mixin.py:150} INFO - [2026-01-03T13:49:31.547+0000] {dag.py:3504} INFO - Setting next_dagrun for example_branch_datetime_operator_2 to 2026-01-02T00:00:00+00:00, run_after=2026-01-03T00:00:00+00:00
[2026-01-03T13:49:31.549+0000] {logging_mixin.py:150} INFO - [2026-01-03T13:49:31.549+0000] {dag.py:3504} INFO - Setting next_dagrun for example_branch_datetime_operator_3 to 2026-01-02T00:00:00+00:00, run_after=2026-01-03T00:00:00+00:00
[2026-01-03T13:49:31.564+0000] {processor.py:179} INFO - Processing /home/vscode/.local/lib/python3.10/site-packages/airflow/example_dags/example_branch_datetime_operator.py took 0.202 seconds
[2026-01-03T13:50:18.852+0000] {processor.py:157} INFO - Started process (PID=10619) to work on /home/vscode/.local/lib/python3.10/site-packages/airflow/example_dags/example_branch_datetime_operator.py
[2026-01-03T13:50:18.853+0000] {processor.py:826} INFO - Processing file /home/vscode/.local/lib/python3.10/site-packages/airflow/example_dags/example_branch_datetime_operator.py for tasks to queue
[2026-01-03T13:50:18.853+0000] {logging_mixin.py:150} INFO - [2026-01-03T13:50:18.853+0000] {dagbag.py:541} INFO - Filling up the DagBag from /home/vscode/.local/lib/python3.10/site-packages/airflow/example_dags/example_branch_datetime_operator.py
[2026-01-03T13:50:18.862+0000] {processor.py:836} INFO - DAG(s) dict_keys(['example_branch_datetime_operator_3', 'example_branch_datetime_operator', 'example_branch_datetime_operator_2']) retrieved from /home/vscode/.local/lib/python3.10/site-packages/airflow/example_dags/example_branch_datetime_operator.py
[2026-01-03T13:50:18.880+0000] {logging_mixin.py:150} INFO - [2026-01-03T13:50:18.880+0000] {dag.py:2742} INFO - Sync 3 DAGs
[2026-01-03T13:50:18.896+0000] {logging_mixin.py:150} INFO - [2026-01-03T13:50:18.896+0000] {dag.py:3504} INFO - Setting next_dagrun for example_branch_datetime_operator to 2026-01-02T00:00:00+00:00, run_after=2026-01-03T00:00:00+00:00
[2026-01-03T13:50:18.899+0000] {logging_mixin.py:150} INFO - [2026-01-03T13:50:18.899+0000] {dag.py:3504} INFO - Setting next_dagrun for example_branch_datetime_operator_2 to 2026-01-02T00:00:00+00:00, run_after=2026-01-03T00:00:00+00:00
[2026-01-03T13:50:18.901+0000] {logging_mixin.py:150} INFO - [2026-01-03T13:50:18.900+0000] {dag.py:3504} INFO - Setting next_dagrun for example_branch_datetime_operator_3 to 2026-01-02T00:00:00+00:00, run_after=2026-01-03T00:00:00+00:00
[2026-01-03T13:50:18.914+0000] {processor.py:179} INFO - Processing /home/vscode/.local/lib/python3.10/site-packages/airflow/example_dags/example_branch_datetime_operator.py took 0.065 seconds
[2026-01-03T13:51:02.415+0000] {processor.py:157} INFO - Started process (PID=10943) to work on /home/vscode/.local/lib/python3.10/site-packages/airflow/example_dags/example_branch_datetime_operator.py
[2026-01-03T13:51:02.416+0000] {processor.py:826} INFO - Processing file /home/vscode/.local/lib/python3.10/site-packages/airflow/example_dags/example_branch_datetime_operator.py for tasks to queue
[2026-01-03T13:51:02.417+0000] {logging_mixin.py:150} INFO - [2026-01-03T13:51:02.417+0000] {dagbag.py:541} INFO - Filling up the DagBag from /home/vscode/.local/lib/python3.10/site-packages/airflow/example_dags/example_branch_datetime_operator.py
[2026-01-03T13:51:02.425+0000] {processor.py:836} INFO - DAG(s) dict_keys(['example_branch_datetime_operator_2', 'example_branch_datetime_operator', 'example_branch_datetime_operator_3']) retrieved from /home/vscode/.local/lib/python3.10/site-packages/airflow/example_dags/example_branch_datetime_operator.py
[2026-01-03T13:51:02.444+0000] {logging_mixin.py:150} INFO - [2026-01-03T13:51:02.444+0000] {dag.py:2742} INFO - Sync 3 DAGs
[2026-01-03T13:51:02.461+0000] {logging_mixin.py:150} INFO - [2026-01-03T13:51:02.460+0000] {dag.py:3504} INFO - Setting next_dagrun for example_branch_datetime_operator to 2026-01-02T00:00:00+00:00, run_after=2026-01-03T00:00:00+00:00
[2026-01-03T13:51:02.464+0000] {logging_mixin.py:150} INFO - [2026-01-03T13:51:02.464+0000] {dag.py:3504} INFO - Setting next_dagrun for example_branch_datetime_operator_2 to 2026-01-02T00:00:00+00:00, run_after=2026-01-03T00:00:00+00:00
[2026-01-03T13:51:02.466+0000] {logging_mixin.py:150} INFO - [2026-01-03T13:51:02.465+0000] {dag.py:3504} INFO - Setting next_dagrun for example_branch_datetime_operator_3 to 2026-01-02T00:00:00+00:00, run_after=2026-01-03T00:00:00+00:00
[2026-01-03T13:51:02.479+0000] {processor.py:179} INFO - Processing /home/vscode/.local/lib/python3.10/site-packages/airflow/example_dags/example_branch_datetime_operator.py took 0.067 seconds
[2026-01-03T13:51:45.657+0000] {processor.py:157} INFO - Started process (PID=11246) to work on /home/vscode/.local/lib/python3.10/site-packages/airflow/example_dags/example_branch_datetime_operator.py
[2026-01-03T13:51:45.657+0000] {processor.py:826} INFO - Processing file /home/vscode/.local/lib/python3.10/site-packages/airflow/example_dags/example_branch_datetime_operator.py for tasks to queue
[2026-01-03T13:51:45.658+0000] {logging_mixin.py:150} INFO - [2026-01-03T13:51:45.658+0000] {dagbag.py:541} INFO - Filling up the DagBag from /home/vscode/.local/lib/python3.10/site-packages/airflow/example_dags/example_branch_datetime_operator.py
[2026-01-03T13:51:45.666+0000] {processor.py:836} INFO - DAG(s) dict_keys(['example_branch_datetime_operator_2', 'example_branch_datetime_operator_3', 'example_branch_datetime_operator']) retrieved from /home/vscode/.local/lib/python3.10/site-packages/airflow/example_dags/example_branch_datetime_operator.py
[2026-01-03T13:51:45.685+0000] {logging_mixin.py:150} INFO - [2026-01-03T13:51:45.685+0000] {dag.py:2742} INFO - Sync 3 DAGs
[2026-01-03T13:51:45.701+0000] {logging_mixin.py:150} INFO - [2026-01-03T13:51:45.701+0000] {dag.py:3504} INFO - Setting next_dagrun for example_branch_datetime_operator to 2026-01-02T00:00:00+00:00, run_after=2026-01-03T00:00:00+00:00
[2026-01-03T13:51:45.705+0000] {logging_mixin.py:150} INFO - [2026-01-03T13:51:45.705+0000] {dag.py:3504} INFO - Setting next_dagrun for example_branch_datetime_operator_2 to 2026-01-02T00:00:00+00:00, run_after=2026-01-03T00:00:00+00:00
[2026-01-03T13:51:45.707+0000] {logging_mixin.py:150} INFO - [2026-01-03T13:51:45.707+0000] {dag.py:3504} INFO - Setting next_dagrun for example_branch_datetime_operator_3 to 2026-01-02T00:00:00+00:00, run_after=2026-01-03T00:00:00+00:00
[2026-01-03T13:51:45.724+0000] {processor.py:179} INFO - Processing /home/vscode/.local/lib/python3.10/site-packages/airflow/example_dags/example_branch_datetime_operator.py took 0.071 seconds
[2026-01-03T13:52:43.948+0000] {processor.py:157} INFO - Started process (PID=11663) to work on /home/vscode/.local/lib/python3.10/site-packages/airflow/example_dags/example_branch_datetime_operator.py
[2026-01-03T13:52:43.949+0000] {processor.py:826} INFO - Processing file /home/vscode/.local/lib/python3.10/site-packages/airflow/example_dags/example_branch_datetime_operator.py for tasks to queue
[2026-01-03T13:52:43.950+0000] {logging_mixin.py:150} INFO - [2026-01-03T13:52:43.950+0000] {dagbag.py:541} INFO - Filling up the DagBag from /home/vscode/.local/lib/python3.10/site-packages/airflow/example_dags/example_branch_datetime_operator.py
[2026-01-03T13:52:43.959+0000] {processor.py:836} INFO - DAG(s) dict_keys(['example_branch_datetime_operator_2', 'example_branch_datetime_operator', 'example_branch_datetime_operator_3']) retrieved from /home/vscode/.local/lib/python3.10/site-packages/airflow/example_dags/example_branch_datetime_operator.py
[2026-01-03T13:52:43.979+0000] {logging_mixin.py:150} INFO - [2026-01-03T13:52:43.979+0000] {dag.py:2742} INFO - Sync 3 DAGs
[2026-01-03T13:52:43.996+0000] {logging_mixin.py:150} INFO - [2026-01-03T13:52:43.996+0000] {dag.py:3504} INFO - Setting next_dagrun for example_branch_datetime_operator to 2026-01-02T00:00:00+00:00, run_after=2026-01-03T00:00:00+00:00
[2026-01-03T13:52:44.000+0000] {logging_mixin.py:150} INFO - [2026-01-03T13:52:44.000+0000] {dag.py:3504} INFO - Setting next_dagrun for example_branch_datetime_operator_2 to 2026-01-02T00:00:00+00:00, run_after=2026-01-03T00:00:00+00:00
[2026-01-03T13:52:44.002+0000] {logging_mixin.py:150} INFO - [2026-01-03T13:52:44.002+0000] {dag.py:3504} INFO - Setting next_dagrun for example_branch_datetime_operator_3 to 2026-01-02T00:00:00+00:00, run_after=2026-01-03T00:00:00+00:00
[2026-01-03T13:52:44.017+0000] {processor.py:179} INFO - Processing /home/vscode/.local/lib/python3.10/site-packages/airflow/example_dags/example_branch_datetime_operator.py took 0.071 seconds
[2026-01-03T13:53:38.943+0000] {processor.py:157} INFO - Started process (PID=12083) to work on /home/vscode/.local/lib/python3.10/site-packages/airflow/example_dags/example_branch_datetime_operator.py
[2026-01-03T13:53:38.943+0000] {processor.py:826} INFO - Processing file /home/vscode/.local/lib/python3.10/site-packages/airflow/example_dags/example_branch_datetime_operator.py for tasks to queue
[2026-01-03T13:53:38.944+0000] {logging_mixin.py:150} INFO - [2026-01-03T13:53:38.944+0000] {dagbag.py:541} INFO - Filling up the DagBag from /home/vscode/.local/lib/python3.10/site-packages/airflow/example_dags/example_branch_datetime_operator.py
[2026-01-03T13:53:38.952+0000] {processor.py:836} INFO - DAG(s) dict_keys(['example_branch_datetime_operator_2', 'example_branch_datetime_operator_3', 'example_branch_datetime_operator']) retrieved from /home/vscode/.local/lib/python3.10/site-packages/airflow/example_dags/example_branch_datetime_operator.py
[2026-01-03T13:53:38.971+0000] {logging_mixin.py:150} INFO - [2026-01-03T13:53:38.971+0000] {dag.py:2742} INFO - Sync 3 DAGs
[2026-01-03T13:53:38.988+0000] {logging_mixin.py:150} INFO - [2026-01-03T13:53:38.987+0000] {dag.py:3504} INFO - Setting next_dagrun for example_branch_datetime_operator to 2026-01-02T00:00:00+00:00, run_after=2026-01-03T00:00:00+00:00
[2026-01-03T13:53:38.991+0000] {logging_mixin.py:150} INFO - [2026-01-03T13:53:38.991+0000] {dag.py:3504} INFO - Setting next_dagrun for example_branch_datetime_operator_2 to 2026-01-02T00:00:00+00:00, run_after=2026-01-03T00:00:00+00:00
[2026-01-03T13:53:38.992+0000] {logging_mixin.py:150} INFO - [2026-01-03T13:53:38.992+0000] {dag.py:3504} INFO - Setting next_dagrun for example_branch_datetime_operator_3 to 2026-01-02T00:00:00+00:00, run_after=2026-01-03T00:00:00+00:00
[2026-01-03T13:53:39.006+0000] {processor.py:179} INFO - Processing /home/vscode/.local/lib/python3.10/site-packages/airflow/example_dags/example_branch_datetime_operator.py took 0.066 seconds
[2026-01-03T13:54:33.653+0000] {processor.py:157} INFO - Started process (PID=12538) to work on /home/vscode/.local/lib/python3.10/site-packages/airflow/example_dags/example_branch_datetime_operator.py
[2026-01-03T13:54:33.654+0000] {processor.py:826} INFO - Processing file /home/vscode/.local/lib/python3.10/site-packages/airflow/example_dags/example_branch_datetime_operator.py for tasks to queue
[2026-01-03T13:54:33.655+0000] {logging_mixin.py:150} INFO - [2026-01-03T13:54:33.654+0000] {dagbag.py:541} INFO - Filling up the DagBag from /home/vscode/.local/lib/python3.10/site-packages/airflow/example_dags/example_branch_datetime_operator.py
[2026-01-03T13:54:33.662+0000] {processor.py:836} INFO - DAG(s) dict_keys(['example_branch_datetime_operator_2', 'example_branch_datetime_operator', 'example_branch_datetime_operator_3']) retrieved from /home/vscode/.local/lib/python3.10/site-packages/airflow/example_dags/example_branch_datetime_operator.py
[2026-01-03T13:54:33.681+0000] {logging_mixin.py:150} INFO - [2026-01-03T13:54:33.681+0000] {dag.py:2742} INFO - Sync 3 DAGs
[2026-01-03T13:54:33.700+0000] {logging_mixin.py:150} INFO - [2026-01-03T13:54:33.700+0000] {dag.py:3504} INFO - Setting next_dagrun for example_branch_datetime_operator to 2026-01-02T00:00:00+00:00, run_after=2026-01-03T00:00:00+00:00
[2026-01-03T13:54:33.705+0000] {logging_mixin.py:150} INFO - [2026-01-03T13:54:33.705+0000] {dag.py:3504} INFO - Setting next_dagrun for example_branch_datetime_operator_2 to 2026-01-02T00:00:00+00:00, run_after=2026-01-03T00:00:00+00:00
[2026-01-03T13:54:33.708+0000] {logging_mixin.py:150} INFO - [2026-01-03T13:54:33.708+0000] {dag.py:3504} INFO - Setting next_dagrun for example_branch_datetime_operator_3 to 2026-01-02T00:00:00+00:00, run_after=2026-01-03T00:00:00+00:00
[2026-01-03T13:54:33.728+0000] {processor.py:179} INFO - Processing /home/vscode/.local/lib/python3.10/site-packages/airflow/example_dags/example_branch_datetime_operator.py took 0.077 seconds
[2026-01-03T13:55:19.766+0000] {processor.py:157} INFO - Started process (PID=12890) to work on /home/vscode/.local/lib/python3.10/site-packages/airflow/example_dags/example_branch_datetime_operator.py
[2026-01-03T13:55:19.766+0000] {processor.py:826} INFO - Processing file /home/vscode/.local/lib/python3.10/site-packages/airflow/example_dags/example_branch_datetime_operator.py for tasks to queue
[2026-01-03T13:55:19.767+0000] {logging_mixin.py:150} INFO - [2026-01-03T13:55:19.767+0000] {dagbag.py:541} INFO - Filling up the DagBag from /home/vscode/.local/lib/python3.10/site-packages/airflow/example_dags/example_branch_datetime_operator.py
[2026-01-03T13:55:19.775+0000] {processor.py:836} INFO - DAG(s) dict_keys(['example_branch_datetime_operator_2', 'example_branch_datetime_operator', 'example_branch_datetime_operator_3']) retrieved from /home/vscode/.local/lib/python3.10/site-packages/airflow/example_dags/example_branch_datetime_operator.py
[2026-01-03T13:55:19.793+0000] {logging_mixin.py:150} INFO - [2026-01-03T13:55:19.793+0000] {dag.py:2742} INFO - Sync 3 DAGs
[2026-01-03T13:55:19.810+0000] {logging_mixin.py:150} INFO - [2026-01-03T13:55:19.810+0000] {dag.py:3504} INFO - Setting next_dagrun for example_branch_datetime_operator to 2026-01-02T00:00:00+00:00, run_after=2026-01-03T00:00:00+00:00
[2026-01-03T13:55:19.813+0000] {logging_mixin.py:150} INFO - [2026-01-03T13:55:19.813+0000] {dag.py:3504} INFO - Setting next_dagrun for example_branch_datetime_operator_2 to 2026-01-02T00:00:00+00:00, run_after=2026-01-03T00:00:00+00:00
[2026-01-03T13:55:19.815+0000] {logging_mixin.py:150} INFO - [2026-01-03T13:55:19.815+0000] {dag.py:3504} INFO - Setting next_dagrun for example_branch_datetime_operator_3 to 2026-01-02T00:00:00+00:00, run_after=2026-01-03T00:00:00+00:00
[2026-01-03T13:55:19.829+0000] {processor.py:179} INFO - Processing /home/vscode/.local/lib/python3.10/site-packages/airflow/example_dags/example_branch_datetime_operator.py took 0.066 seconds
[2026-01-03T13:56:05.155+0000] {processor.py:157} INFO - Started process (PID=13438) to work on /home/vscode/.local/lib/python3.10/site-packages/airflow/example_dags/example_branch_datetime_operator.py
[2026-01-03T13:56:05.156+0000] {processor.py:826} INFO - Processing file /home/vscode/.local/lib/python3.10/site-packages/airflow/example_dags/example_branch_datetime_operator.py for tasks to queue
[2026-01-03T13:56:05.157+0000] {logging_mixin.py:150} INFO - [2026-01-03T13:56:05.157+0000] {dagbag.py:541} INFO - Filling up the DagBag from /home/vscode/.local/lib/python3.10/site-packages/airflow/example_dags/example_branch_datetime_operator.py
[2026-01-03T13:56:05.164+0000] {processor.py:836} INFO - DAG(s) dict_keys(['example_branch_datetime_operator_3', 'example_branch_datetime_operator_2', 'example_branch_datetime_operator']) retrieved from /home/vscode/.local/lib/python3.10/site-packages/airflow/example_dags/example_branch_datetime_operator.py
[2026-01-03T13:56:05.183+0000] {logging_mixin.py:150} INFO - [2026-01-03T13:56:05.182+0000] {dag.py:2742} INFO - Sync 3 DAGs
[2026-01-03T13:56:05.200+0000] {logging_mixin.py:150} INFO - [2026-01-03T13:56:05.199+0000] {dag.py:3504} INFO - Setting next_dagrun for example_branch_datetime_operator to 2026-01-02T00:00:00+00:00, run_after=2026-01-03T00:00:00+00:00
[2026-01-03T13:56:05.203+0000] {logging_mixin.py:150} INFO - [2026-01-03T13:56:05.203+0000] {dag.py:3504} INFO - Setting next_dagrun for example_branch_datetime_operator_2 to 2026-01-02T00:00:00+00:00, run_after=2026-01-03T00:00:00+00:00
[2026-01-03T13:56:05.205+0000] {logging_mixin.py:150} INFO - [2026-01-03T13:56:05.204+0000] {dag.py:3504} INFO - Setting next_dagrun for example_branch_datetime_operator_3 to 2026-01-02T00:00:00+00:00, run_after=2026-01-03T00:00:00+00:00
[2026-01-03T13:56:05.219+0000] {processor.py:179} INFO - Processing /home/vscode/.local/lib/python3.10/site-packages/airflow/example_dags/example_branch_datetime_operator.py took 0.066 seconds
[2026-01-03T13:56:47.029+0000] {processor.py:157} INFO - Started process (PID=13773) to work on /home/vscode/.local/lib/python3.10/site-packages/airflow/example_dags/example_branch_datetime_operator.py
[2026-01-03T13:56:47.029+0000] {processor.py:826} INFO - Processing file /home/vscode/.local/lib/python3.10/site-packages/airflow/example_dags/example_branch_datetime_operator.py for tasks to queue
[2026-01-03T13:56:47.030+0000] {logging_mixin.py:150} INFO - [2026-01-03T13:56:47.030+0000] {dagbag.py:541} INFO - Filling up the DagBag from /home/vscode/.local/lib/python3.10/site-packages/airflow/example_dags/example_branch_datetime_operator.py
[2026-01-03T13:56:47.038+0000] {processor.py:836} INFO - DAG(s) dict_keys(['example_branch_datetime_operator_2', 'example_branch_datetime_operator', 'example_branch_datetime_operator_3']) retrieved from /home/vscode/.local/lib/python3.10/site-packages/airflow/example_dags/example_branch_datetime_operator.py
[2026-01-03T13:56:47.056+0000] {logging_mixin.py:150} INFO - [2026-01-03T13:56:47.056+0000] {dag.py:2742} INFO - Sync 3 DAGs
[2026-01-03T13:56:47.072+0000] {logging_mixin.py:150} INFO - [2026-01-03T13:56:47.071+0000] {dag.py:3504} INFO - Setting next_dagrun for example_branch_datetime_operator to 2026-01-02T00:00:00+00:00, run_after=2026-01-03T00:00:00+00:00
[2026-01-03T13:56:47.075+0000] {logging_mixin.py:150} INFO - [2026-01-03T13:56:47.075+0000] {dag.py:3504} INFO - Setting next_dagrun for example_branch_datetime_operator_2 to 2026-01-02T00:00:00+00:00, run_after=2026-01-03T00:00:00+00:00
[2026-01-03T13:56:47.076+0000] {logging_mixin.py:150} INFO - [2026-01-03T13:56:47.076+0000] {dag.py:3504} INFO - Setting next_dagrun for example_branch_datetime_operator_3 to 2026-01-02T00:00:00+00:00, run_after=2026-01-03T00:00:00+00:00
[2026-01-03T13:56:47.090+0000] {processor.py:179} INFO - Processing /home/vscode/.local/lib/python3.10/site-packages/airflow/example_dags/example_branch_datetime_operator.py took 0.064 seconds
[2026-01-03T13:57:33.256+0000] {processor.py:157} INFO - Started process (PID=14089) to work on /home/vscode/.local/lib/python3.10/site-packages/airflow/example_dags/example_branch_datetime_operator.py
[2026-01-03T13:57:33.256+0000] {processor.py:826} INFO - Processing file /home/vscode/.local/lib/python3.10/site-packages/airflow/example_dags/example_branch_datetime_operator.py for tasks to queue
[2026-01-03T13:57:33.257+0000] {logging_mixin.py:150} INFO - [2026-01-03T13:57:33.257+0000] {dagbag.py:541} INFO - Filling up the DagBag from /home/vscode/.local/lib/python3.10/site-packages/airflow/example_dags/example_branch_datetime_operator.py
[2026-01-03T13:57:33.265+0000] {processor.py:836} INFO - DAG(s) dict_keys(['example_branch_datetime_operator_2', 'example_branch_datetime_operator_3', 'example_branch_datetime_operator']) retrieved from /home/vscode/.local/lib/python3.10/site-packages/airflow/example_dags/example_branch_datetime_operator.py
[2026-01-03T13:57:33.282+0000] {logging_mixin.py:150} INFO - [2026-01-03T13:57:33.282+0000] {dag.py:2742} INFO - Sync 3 DAGs
[2026-01-03T13:57:33.298+0000] {logging_mixin.py:150} INFO - [2026-01-03T13:57:33.298+0000] {dag.py:3504} INFO - Setting next_dagrun for example_branch_datetime_operator to 2026-01-02T00:00:00+00:00, run_after=2026-01-03T00:00:00+00:00
[2026-01-03T13:57:33.302+0000] {logging_mixin.py:150} INFO - [2026-01-03T13:57:33.302+0000] {dag.py:3504} INFO - Setting next_dagrun for example_branch_datetime_operator_2 to 2026-01-02T00:00:00+00:00, run_after=2026-01-03T00:00:00+00:00
[2026-01-03T13:57:33.304+0000] {logging_mixin.py:150} INFO - [2026-01-03T13:57:33.304+0000] {dag.py:3504} INFO - Setting next_dagrun for example_branch_datetime_operator_3 to 2026-01-02T00:00:00+00:00, run_after=2026-01-03T00:00:00+00:00
[2026-01-03T13:57:33.318+0000] {processor.py:179} INFO - Processing /home/vscode/.local/lib/python3.10/site-packages/airflow/example_dags/example_branch_datetime_operator.py took 0.065 seconds
[2026-01-03T13:58:26.914+0000] {processor.py:157} INFO - Started process (PID=14450) to work on /home/vscode/.local/lib/python3.10/site-packages/airflow/example_dags/example_branch_datetime_operator.py
[2026-01-03T13:58:26.914+0000] {processor.py:826} INFO - Processing file /home/vscode/.local/lib/python3.10/site-packages/airflow/example_dags/example_branch_datetime_operator.py for tasks to queue
[2026-01-03T13:58:26.915+0000] {logging_mixin.py:150} INFO - [2026-01-03T13:58:26.915+0000] {dagbag.py:541} INFO - Filling up the DagBag from /home/vscode/.local/lib/python3.10/site-packages/airflow/example_dags/example_branch_datetime_operator.py
[2026-01-03T13:58:26.923+0000] {processor.py:836} INFO - DAG(s) dict_keys(['example_branch_datetime_operator_3', 'example_branch_datetime_operator', 'example_branch_datetime_operator_2']) retrieved from /home/vscode/.local/lib/python3.10/site-packages/airflow/example_dags/example_branch_datetime_operator.py
[2026-01-03T13:58:26.941+0000] {logging_mixin.py:150} INFO - [2026-01-03T13:58:26.941+0000] {dag.py:2742} INFO - Sync 3 DAGs
[2026-01-03T13:58:26.956+0000] {logging_mixin.py:150} INFO - [2026-01-03T13:58:26.956+0000] {dag.py:3504} INFO - Setting next_dagrun for example_branch_datetime_operator to 2026-01-02T00:00:00+00:00, run_after=2026-01-03T00:00:00+00:00
[2026-01-03T13:58:26.960+0000] {logging_mixin.py:150} INFO - [2026-01-03T13:58:26.960+0000] {dag.py:3504} INFO - Setting next_dagrun for example_branch_datetime_operator_2 to 2026-01-02T00:00:00+00:00, run_after=2026-01-03T00:00:00+00:00
[2026-01-03T13:58:26.962+0000] {logging_mixin.py:150} INFO - [2026-01-03T13:58:26.962+0000] {dag.py:3504} INFO - Setting next_dagrun for example_branch_datetime_operator_3 to 2026-01-02T00:00:00+00:00, run_after=2026-01-03T00:00:00+00:00
[2026-01-03T13:58:26.975+0000] {processor.py:179} INFO - Processing /home/vscode/.local/lib/python3.10/site-packages/airflow/example_dags/example_branch_datetime_operator.py took 0.064 seconds
[2026-01-03T13:59:17.128+0000] {processor.py:157} INFO - Started process (PID=14819) to work on /home/vscode/.local/lib/python3.10/site-packages/airflow/example_dags/example_branch_datetime_operator.py
[2026-01-03T13:59:17.129+0000] {processor.py:826} INFO - Processing file /home/vscode/.local/lib/python3.10/site-packages/airflow/example_dags/example_branch_datetime_operator.py for tasks to queue
[2026-01-03T13:59:17.130+0000] {logging_mixin.py:150} INFO - [2026-01-03T13:59:17.129+0000] {dagbag.py:541} INFO - Filling up the DagBag from /home/vscode/.local/lib/python3.10/site-packages/airflow/example_dags/example_branch_datetime_operator.py
[2026-01-03T13:59:17.137+0000] {processor.py:836} INFO - DAG(s) dict_keys(['example_branch_datetime_operator', 'example_branch_datetime_operator_2', 'example_branch_datetime_operator_3']) retrieved from /home/vscode/.local/lib/python3.10/site-packages/airflow/example_dags/example_branch_datetime_operator.py
[2026-01-03T13:59:17.155+0000] {logging_mixin.py:150} INFO - [2026-01-03T13:59:17.155+0000] {dag.py:2742} INFO - Sync 3 DAGs
[2026-01-03T13:59:17.171+0000] {logging_mixin.py:150} INFO - [2026-01-03T13:59:17.170+0000] {dag.py:3504} INFO - Setting next_dagrun for example_branch_datetime_operator to 2026-01-02T00:00:00+00:00, run_after=2026-01-03T00:00:00+00:00
[2026-01-03T13:59:17.174+0000] {logging_mixin.py:150} INFO - [2026-01-03T13:59:17.174+0000] {dag.py:3504} INFO - Setting next_dagrun for example_branch_datetime_operator_2 to 2026-01-02T00:00:00+00:00, run_after=2026-01-03T00:00:00+00:00
[2026-01-03T13:59:17.175+0000] {logging_mixin.py:150} INFO - [2026-01-03T13:59:17.175+0000] {dag.py:3504} INFO - Setting next_dagrun for example_branch_datetime_operator_3 to 2026-01-02T00:00:00+00:00, run_after=2026-01-03T00:00:00+00:00
[2026-01-03T13:59:17.188+0000] {processor.py:179} INFO - Processing /home/vscode/.local/lib/python3.10/site-packages/airflow/example_dags/example_branch_datetime_operator.py took 0.063 seconds
[2026-01-03T14:00:02.806+0000] {processor.py:157} INFO - Started process (PID=15115) to work on /home/vscode/.local/lib/python3.10/site-packages/airflow/example_dags/example_branch_datetime_operator.py
[2026-01-03T14:00:02.807+0000] {processor.py:826} INFO - Processing file /home/vscode/.local/lib/python3.10/site-packages/airflow/example_dags/example_branch_datetime_operator.py for tasks to queue
[2026-01-03T14:00:02.808+0000] {logging_mixin.py:150} INFO - [2026-01-03T14:00:02.807+0000] {dagbag.py:541} INFO - Filling up the DagBag from /home/vscode/.local/lib/python3.10/site-packages/airflow/example_dags/example_branch_datetime_operator.py
[2026-01-03T14:00:02.815+0000] {processor.py:836} INFO - DAG(s) dict_keys(['example_branch_datetime_operator_2', 'example_branch_datetime_operator', 'example_branch_datetime_operator_3']) retrieved from /home/vscode/.local/lib/python3.10/site-packages/airflow/example_dags/example_branch_datetime_operator.py
[2026-01-03T14:00:02.834+0000] {logging_mixin.py:150} INFO - [2026-01-03T14:00:02.834+0000] {dag.py:2742} INFO - Sync 3 DAGs
[2026-01-03T14:00:02.851+0000] {logging_mixin.py:150} INFO - [2026-01-03T14:00:02.851+0000] {dag.py:3504} INFO - Setting next_dagrun for example_branch_datetime_operator to 2026-01-02T00:00:00+00:00, run_after=2026-01-03T00:00:00+00:00
[2026-01-03T14:00:02.856+0000] {logging_mixin.py:150} INFO - [2026-01-03T14:00:02.856+0000] {dag.py:3504} INFO - Setting next_dagrun for example_branch_datetime_operator_2 to 2026-01-02T00:00:00+00:00, run_after=2026-01-03T00:00:00+00:00
[2026-01-03T14:00:02.859+0000] {logging_mixin.py:150} INFO - [2026-01-03T14:00:02.858+0000] {dag.py:3504} INFO - Setting next_dagrun for example_branch_datetime_operator_3 to 2026-01-02T00:00:00+00:00, run_after=2026-01-03T00:00:00+00:00
[2026-01-03T14:00:02.879+0000] {processor.py:179} INFO - Processing /home/vscode/.local/lib/python3.10/site-packages/airflow/example_dags/example_branch_datetime_operator.py took 0.075 seconds
[2026-01-03T14:00:45.292+0000] {processor.py:157} INFO - Started process (PID=15407) to work on /home/vscode/.local/lib/python3.10/site-packages/airflow/example_dags/example_branch_datetime_operator.py
[2026-01-03T14:00:45.293+0000] {processor.py:826} INFO - Processing file /home/vscode/.local/lib/python3.10/site-packages/airflow/example_dags/example_branch_datetime_operator.py for tasks to queue
[2026-01-03T14:00:45.294+0000] {logging_mixin.py:150} INFO - [2026-01-03T14:00:45.293+0000] {dagbag.py:541} INFO - Filling up the DagBag from /home/vscode/.local/lib/python3.10/site-packages/airflow/example_dags/example_branch_datetime_operator.py
[2026-01-03T14:00:45.301+0000] {processor.py:836} INFO - DAG(s) dict_keys(['example_branch_datetime_operator_3', 'example_branch_datetime_operator', 'example_branch_datetime_operator_2']) retrieved from /home/vscode/.local/lib/python3.10/site-packages/airflow/example_dags/example_branch_datetime_operator.py
[2026-01-03T14:00:45.319+0000] {logging_mixin.py:150} INFO - [2026-01-03T14:00:45.319+0000] {dag.py:2742} INFO - Sync 3 DAGs
[2026-01-03T14:00:45.336+0000] {logging_mixin.py:150} INFO - [2026-01-03T14:00:45.336+0000] {dag.py:3504} INFO - Setting next_dagrun for example_branch_datetime_operator to 2026-01-02T00:00:00+00:00, run_after=2026-01-03T00:00:00+00:00
[2026-01-03T14:00:45.339+0000] {logging_mixin.py:150} INFO - [2026-01-03T14:00:45.339+0000] {dag.py:3504} INFO - Setting next_dagrun for example_branch_datetime_operator_2 to 2026-01-02T00:00:00+00:00, run_after=2026-01-03T00:00:00+00:00
[2026-01-03T14:00:45.342+0000] {logging_mixin.py:150} INFO - [2026-01-03T14:00:45.341+0000] {dag.py:3504} INFO - Setting next_dagrun for example_branch_datetime_operator_3 to 2026-01-02T00:00:00+00:00, run_after=2026-01-03T00:00:00+00:00
[2026-01-03T14:00:45.357+0000] {processor.py:179} INFO - Processing /home/vscode/.local/lib/python3.10/site-packages/airflow/example_dags/example_branch_datetime_operator.py took 0.067 seconds
[2026-01-03T14:01:38.001+0000] {processor.py:157} INFO - Started process (PID=15780) to work on /home/vscode/.local/lib/python3.10/site-packages/airflow/example_dags/example_branch_datetime_operator.py
[2026-01-03T14:01:38.002+0000] {processor.py:826} INFO - Processing file /home/vscode/.local/lib/python3.10/site-packages/airflow/example_dags/example_branch_datetime_operator.py for tasks to queue
[2026-01-03T14:01:38.003+0000] {logging_mixin.py:150} INFO - [2026-01-03T14:01:38.002+0000] {dagbag.py:541} INFO - Filling up the DagBag from /home/vscode/.local/lib/python3.10/site-packages/airflow/example_dags/example_branch_datetime_operator.py
[2026-01-03T14:01:38.010+0000] {processor.py:836} INFO - DAG(s) dict_keys(['example_branch_datetime_operator_2', 'example_branch_datetime_operator_3', 'example_branch_datetime_operator']) retrieved from /home/vscode/.local/lib/python3.10/site-packages/airflow/example_dags/example_branch_datetime_operator.py
[2026-01-03T14:01:38.028+0000] {logging_mixin.py:150} INFO - [2026-01-03T14:01:38.028+0000] {dag.py:2742} INFO - Sync 3 DAGs
[2026-01-03T14:01:38.044+0000] {logging_mixin.py:150} INFO - [2026-01-03T14:01:38.044+0000] {dag.py:3504} INFO - Setting next_dagrun for example_branch_datetime_operator to 2026-01-02T00:00:00+00:00, run_after=2026-01-03T00:00:00+00:00
[2026-01-03T14:01:38.047+0000] {logging_mixin.py:150} INFO - [2026-01-03T14:01:38.047+0000] {dag.py:3504} INFO - Setting next_dagrun for example_branch_datetime_operator_2 to 2026-01-02T00:00:00+00:00, run_after=2026-01-03T00:00:00+00:00
[2026-01-03T14:01:38.049+0000] {logging_mixin.py:150} INFO - [2026-01-03T14:01:38.049+0000] {dag.py:3504} INFO - Setting next_dagrun for example_branch_datetime_operator_3 to 2026-01-02T00:00:00+00:00, run_after=2026-01-03T00:00:00+00:00
[2026-01-03T14:01:38.063+0000] {processor.py:179} INFO - Processing /home/vscode/.local/lib/python3.10/site-packages/airflow/example_dags/example_branch_datetime_operator.py took 0.064 seconds
[2026-01-03T14:02:24.682+0000] {processor.py:157} INFO - Started process (PID=16100) to work on /home/vscode/.local/lib/python3.10/site-packages/airflow/example_dags/example_branch_datetime_operator.py
[2026-01-03T14:02:24.683+0000] {processor.py:826} INFO - Processing file /home/vscode/.local/lib/python3.10/site-packages/airflow/example_dags/example_branch_datetime_operator.py for tasks to queue
[2026-01-03T14:02:24.684+0000] {logging_mixin.py:150} INFO - [2026-01-03T14:02:24.684+0000] {dagbag.py:541} INFO - Filling up the DagBag from /home/vscode/.local/lib/python3.10/site-packages/airflow/example_dags/example_branch_datetime_operator.py
[2026-01-03T14:02:24.691+0000] {processor.py:836} INFO - DAG(s) dict_keys(['example_branch_datetime_operator_3', 'example_branch_datetime_operator', 'example_branch_datetime_operator_2']) retrieved from /home/vscode/.local/lib/python3.10/site-packages/airflow/example_dags/example_branch_datetime_operator.py
[2026-01-03T14:02:24.709+0000] {logging_mixin.py:150} INFO - [2026-01-03T14:02:24.709+0000] {dag.py:2742} INFO - Sync 3 DAGs
[2026-01-03T14:02:24.725+0000] {logging_mixin.py:150} INFO - [2026-01-03T14:02:24.725+0000] {dag.py:3504} INFO - Setting next_dagrun for example_branch_datetime_operator to 2026-01-02T00:00:00+00:00, run_after=2026-01-03T00:00:00+00:00
[2026-01-03T14:02:24.728+0000] {logging_mixin.py:150} INFO - [2026-01-03T14:02:24.728+0000] {dag.py:3504} INFO - Setting next_dagrun for example_branch_datetime_operator_2 to 2026-01-02T00:00:00+00:00, run_after=2026-01-03T00:00:00+00:00
[2026-01-03T14:02:24.729+0000] {logging_mixin.py:150} INFO - [2026-01-03T14:02:24.729+0000] {dag.py:3504} INFO - Setting next_dagrun for example_branch_datetime_operator_3 to 2026-01-02T00:00:00+00:00, run_after=2026-01-03T00:00:00+00:00
[2026-01-03T14:02:24.744+0000] {processor.py:179} INFO - Processing /home/vscode/.local/lib/python3.10/site-packages/airflow/example_dags/example_branch_datetime_operator.py took 0.064 seconds
[2026-01-03T14:03:18.352+0000] {processor.py:157} INFO - Started process (PID=16757) to work on /home/vscode/.local/lib/python3.10/site-packages/airflow/example_dags/example_branch_datetime_operator.py
[2026-01-03T14:03:18.353+0000] {processor.py:826} INFO - Processing file /home/vscode/.local/lib/python3.10/site-packages/airflow/example_dags/example_branch_datetime_operator.py for tasks to queue
[2026-01-03T14:03:18.354+0000] {logging_mixin.py:150} INFO - [2026-01-03T14:03:18.354+0000] {dagbag.py:541} INFO - Filling up the DagBag from /home/vscode/.local/lib/python3.10/site-packages/airflow/example_dags/example_branch_datetime_operator.py
[2026-01-03T14:03:18.361+0000] {processor.py:836} INFO - DAG(s) dict_keys(['example_branch_datetime_operator_2', 'example_branch_datetime_operator', 'example_branch_datetime_operator_3']) retrieved from /home/vscode/.local/lib/python3.10/site-packages/airflow/example_dags/example_branch_datetime_operator.py
[2026-01-03T14:03:18.379+0000] {logging_mixin.py:150} INFO - [2026-01-03T14:03:18.379+0000] {dag.py:2742} INFO - Sync 3 DAGs
[2026-01-03T14:03:18.395+0000] {logging_mixin.py:150} INFO - [2026-01-03T14:03:18.395+0000] {dag.py:3504} INFO - Setting next_dagrun for example_branch_datetime_operator to 2026-01-02T00:00:00+00:00, run_after=2026-01-03T00:00:00+00:00
[2026-01-03T14:03:18.398+0000] {logging_mixin.py:150} INFO - [2026-01-03T14:03:18.398+0000] {dag.py:3504} INFO - Setting next_dagrun for example_branch_datetime_operator_2 to 2026-01-02T00:00:00+00:00, run_after=2026-01-03T00:00:00+00:00
[2026-01-03T14:03:18.400+0000] {logging_mixin.py:150} INFO - [2026-01-03T14:03:18.399+0000] {dag.py:3504} INFO - Setting next_dagrun for example_branch_datetime_operator_3 to 2026-01-02T00:00:00+00:00, run_after=2026-01-03T00:00:00+00:00
[2026-01-03T14:03:18.413+0000] {processor.py:179} INFO - Processing /home/vscode/.local/lib/python3.10/site-packages/airflow/example_dags/example_branch_datetime_operator.py took 0.064 seconds
[2026-01-03T14:04:04.621+0000] {processor.py:157} INFO - Started process (PID=17333) to work on /home/vscode/.local/lib/python3.10/site-packages/airflow/example_dags/example_branch_datetime_operator.py
[2026-01-03T14:04:04.622+0000] {processor.py:826} INFO - Processing file /home/vscode/.local/lib/python3.10/site-packages/airflow/example_dags/example_branch_datetime_operator.py for tasks to queue
[2026-01-03T14:04:04.622+0000] {logging_mixin.py:150} INFO - [2026-01-03T14:04:04.622+0000] {dagbag.py:541} INFO - Filling up the DagBag from /home/vscode/.local/lib/python3.10/site-packages/airflow/example_dags/example_branch_datetime_operator.py
[2026-01-03T14:04:04.630+0000] {processor.py:836} INFO - DAG(s) dict_keys(['example_branch_datetime_operator_2', 'example_branch_datetime_operator', 'example_branch_datetime_operator_3']) retrieved from /home/vscode/.local/lib/python3.10/site-packages/airflow/example_dags/example_branch_datetime_operator.py
[2026-01-03T14:04:04.648+0000] {logging_mixin.py:150} INFO - [2026-01-03T14:04:04.648+0000] {dag.py:2742} INFO - Sync 3 DAGs
[2026-01-03T14:04:04.663+0000] {logging_mixin.py:150} INFO - [2026-01-03T14:04:04.663+0000] {dag.py:3504} INFO - Setting next_dagrun for example_branch_datetime_operator to 2026-01-02T00:00:00+00:00, run_after=2026-01-03T00:00:00+00:00
[2026-01-03T14:04:04.667+0000] {logging_mixin.py:150} INFO - [2026-01-03T14:04:04.667+0000] {dag.py:3504} INFO - Setting next_dagrun for example_branch_datetime_operator_2 to 2026-01-02T00:00:00+00:00, run_after=2026-01-03T00:00:00+00:00
[2026-01-03T14:04:04.669+0000] {logging_mixin.py:150} INFO - [2026-01-03T14:04:04.668+0000] {dag.py:3504} INFO - Setting next_dagrun for example_branch_datetime_operator_3 to 2026-01-02T00:00:00+00:00, run_after=2026-01-03T00:00:00+00:00
[2026-01-03T14:04:04.682+0000] {processor.py:179} INFO - Processing /home/vscode/.local/lib/python3.10/site-packages/airflow/example_dags/example_branch_datetime_operator.py took 0.063 seconds
