[2026-01-03T13:48:51.163+0000] {processor.py:157} INFO - Started process (PID=9936) to work on /home/vscode/.local/lib/python3.10/site-packages/airflow/example_dags/example_xcomargs.py
[2026-01-03T13:48:51.164+0000] {processor.py:826} INFO - Processing file /home/vscode/.local/lib/python3.10/site-packages/airflow/example_dags/example_xcomargs.py for tasks to queue
[2026-01-03T13:48:51.165+0000] {logging_mixin.py:150} INFO - [2026-01-03T13:48:51.165+0000] {dagbag.py:541} INFO - Filling up the DagBag from /home/vscode/.local/lib/python3.10/site-packages/airflow/example_dags/example_xcomargs.py
[2026-01-03T13:48:51.177+0000] {processor.py:836} INFO - DAG(s) dict_keys(['example_xcom_args_with_operators', 'example_xcom_args']) retrieved from /home/vscode/.local/lib/python3.10/site-packages/airflow/example_dags/example_xcomargs.py
[2026-01-03T13:48:51.255+0000] {logging_mixin.py:150} INFO - [2026-01-03T13:48:51.254+0000] {manager.py:504} INFO - Created Permission View: can delete on DAG:example_xcom_args_with_operators
[2026-01-03T13:48:51.266+0000] {logging_mixin.py:150} INFO - [2026-01-03T13:48:51.266+0000] {manager.py:504} INFO - Created Permission View: can read on DAG:example_xcom_args_with_operators
[2026-01-03T13:48:51.275+0000] {logging_mixin.py:150} INFO - [2026-01-03T13:48:51.274+0000] {manager.py:504} INFO - Created Permission View: can edit on DAG:example_xcom_args_with_operators
[2026-01-03T13:48:51.305+0000] {logging_mixin.py:150} INFO - [2026-01-03T13:48:51.305+0000] {manager.py:504} INFO - Created Permission View: can delete on DAG:example_xcom_args
[2026-01-03T13:48:51.313+0000] {logging_mixin.py:150} INFO - [2026-01-03T13:48:51.313+0000] {manager.py:504} INFO - Created Permission View: can read on DAG:example_xcom_args
[2026-01-03T13:48:51.321+0000] {logging_mixin.py:150} INFO - [2026-01-03T13:48:51.321+0000] {manager.py:504} INFO - Created Permission View: can edit on DAG:example_xcom_args
[2026-01-03T13:48:51.326+0000] {logging_mixin.py:150} INFO - [2026-01-03T13:48:51.326+0000] {dag.py:2742} INFO - Sync 2 DAGs
[2026-01-03T13:48:51.338+0000] {logging_mixin.py:150} INFO - [2026-01-03T13:48:51.337+0000] {dag.py:2763} INFO - Creating ORM DAG for example_xcom_args_with_operators
[2026-01-03T13:48:51.338+0000] {logging_mixin.py:150} INFO - [2026-01-03T13:48:51.338+0000] {dag.py:2763} INFO - Creating ORM DAG for example_xcom_args
[2026-01-03T13:48:51.349+0000] {logging_mixin.py:150} INFO - [2026-01-03T13:48:51.349+0000] {dag.py:3504} INFO - Setting next_dagrun for example_xcom_args to None, run_after=None
[2026-01-03T13:48:51.350+0000] {logging_mixin.py:150} INFO - [2026-01-03T13:48:51.350+0000] {dag.py:3504} INFO - Setting next_dagrun for example_xcom_args_with_operators to None, run_after=None
[2026-01-03T13:48:51.366+0000] {processor.py:179} INFO - Processing /home/vscode/.local/lib/python3.10/site-packages/airflow/example_dags/example_xcomargs.py took 0.206 seconds
[2026-01-03T13:49:40.501+0000] {processor.py:157} INFO - Started process (PID=10319) to work on /home/vscode/.local/lib/python3.10/site-packages/airflow/example_dags/example_xcomargs.py
[2026-01-03T13:49:40.502+0000] {processor.py:826} INFO - Processing file /home/vscode/.local/lib/python3.10/site-packages/airflow/example_dags/example_xcomargs.py for tasks to queue
[2026-01-03T13:49:40.502+0000] {logging_mixin.py:150} INFO - [2026-01-03T13:49:40.502+0000] {dagbag.py:541} INFO - Filling up the DagBag from /home/vscode/.local/lib/python3.10/site-packages/airflow/example_dags/example_xcomargs.py
[2026-01-03T13:49:40.509+0000] {processor.py:836} INFO - DAG(s) dict_keys(['example_xcom_args', 'example_xcom_args_with_operators']) retrieved from /home/vscode/.local/lib/python3.10/site-packages/airflow/example_dags/example_xcomargs.py
[2026-01-03T13:49:40.525+0000] {logging_mixin.py:150} INFO - [2026-01-03T13:49:40.524+0000] {dag.py:2742} INFO - Sync 2 DAGs
[2026-01-03T13:49:40.540+0000] {logging_mixin.py:150} INFO - [2026-01-03T13:49:40.540+0000] {dag.py:3504} INFO - Setting next_dagrun for example_xcom_args to None, run_after=None
[2026-01-03T13:49:40.542+0000] {logging_mixin.py:150} INFO - [2026-01-03T13:49:40.542+0000] {dag.py:3504} INFO - Setting next_dagrun for example_xcom_args_with_operators to None, run_after=None
[2026-01-03T13:49:40.556+0000] {processor.py:179} INFO - Processing /home/vscode/.local/lib/python3.10/site-packages/airflow/example_dags/example_xcomargs.py took 0.058 seconds
[2026-01-03T13:50:25.117+0000] {processor.py:157} INFO - Started process (PID=10666) to work on /home/vscode/.local/lib/python3.10/site-packages/airflow/example_dags/example_xcomargs.py
[2026-01-03T13:50:25.118+0000] {processor.py:826} INFO - Processing file /home/vscode/.local/lib/python3.10/site-packages/airflow/example_dags/example_xcomargs.py for tasks to queue
[2026-01-03T13:50:25.118+0000] {logging_mixin.py:150} INFO - [2026-01-03T13:50:25.118+0000] {dagbag.py:541} INFO - Filling up the DagBag from /home/vscode/.local/lib/python3.10/site-packages/airflow/example_dags/example_xcomargs.py
[2026-01-03T13:50:25.125+0000] {processor.py:836} INFO - DAG(s) dict_keys(['example_xcom_args', 'example_xcom_args_with_operators']) retrieved from /home/vscode/.local/lib/python3.10/site-packages/airflow/example_dags/example_xcomargs.py
[2026-01-03T13:50:25.140+0000] {logging_mixin.py:150} INFO - [2026-01-03T13:50:25.140+0000] {dag.py:2742} INFO - Sync 2 DAGs
[2026-01-03T13:50:25.154+0000] {logging_mixin.py:150} INFO - [2026-01-03T13:50:25.154+0000] {dag.py:3504} INFO - Setting next_dagrun for example_xcom_args to None, run_after=None
[2026-01-03T13:50:25.156+0000] {logging_mixin.py:150} INFO - [2026-01-03T13:50:25.156+0000] {dag.py:3504} INFO - Setting next_dagrun for example_xcom_args_with_operators to None, run_after=None
[2026-01-03T13:50:25.169+0000] {processor.py:179} INFO - Processing /home/vscode/.local/lib/python3.10/site-packages/airflow/example_dags/example_xcomargs.py took 0.055 seconds
[2026-01-03T13:51:06.936+0000] {processor.py:157} INFO - Started process (PID=10965) to work on /home/vscode/.local/lib/python3.10/site-packages/airflow/example_dags/example_xcomargs.py
[2026-01-03T13:51:06.937+0000] {processor.py:826} INFO - Processing file /home/vscode/.local/lib/python3.10/site-packages/airflow/example_dags/example_xcomargs.py for tasks to queue
[2026-01-03T13:51:06.937+0000] {logging_mixin.py:150} INFO - [2026-01-03T13:51:06.937+0000] {dagbag.py:541} INFO - Filling up the DagBag from /home/vscode/.local/lib/python3.10/site-packages/airflow/example_dags/example_xcomargs.py
[2026-01-03T13:51:06.944+0000] {processor.py:836} INFO - DAG(s) dict_keys(['example_xcom_args', 'example_xcom_args_with_operators']) retrieved from /home/vscode/.local/lib/python3.10/site-packages/airflow/example_dags/example_xcomargs.py
[2026-01-03T13:51:06.969+0000] {logging_mixin.py:150} INFO - [2026-01-03T13:51:06.969+0000] {dag.py:2742} INFO - Sync 2 DAGs
[2026-01-03T13:51:06.984+0000] {logging_mixin.py:150} INFO - [2026-01-03T13:51:06.984+0000] {dag.py:3504} INFO - Setting next_dagrun for example_xcom_args to None, run_after=None
[2026-01-03T13:51:06.987+0000] {logging_mixin.py:150} INFO - [2026-01-03T13:51:06.986+0000] {dag.py:3504} INFO - Setting next_dagrun for example_xcom_args_with_operators to None, run_after=None
[2026-01-03T13:51:07.001+0000] {processor.py:179} INFO - Processing /home/vscode/.local/lib/python3.10/site-packages/airflow/example_dags/example_xcomargs.py took 0.068 seconds
[2026-01-03T13:51:50.177+0000] {processor.py:157} INFO - Started process (PID=11277) to work on /home/vscode/.local/lib/python3.10/site-packages/airflow/example_dags/example_xcomargs.py
[2026-01-03T13:51:50.178+0000] {processor.py:826} INFO - Processing file /home/vscode/.local/lib/python3.10/site-packages/airflow/example_dags/example_xcomargs.py for tasks to queue
[2026-01-03T13:51:50.179+0000] {logging_mixin.py:150} INFO - [2026-01-03T13:51:50.178+0000] {dagbag.py:541} INFO - Filling up the DagBag from /home/vscode/.local/lib/python3.10/site-packages/airflow/example_dags/example_xcomargs.py
[2026-01-03T13:51:50.186+0000] {processor.py:836} INFO - DAG(s) dict_keys(['example_xcom_args', 'example_xcom_args_with_operators']) retrieved from /home/vscode/.local/lib/python3.10/site-packages/airflow/example_dags/example_xcomargs.py
[2026-01-03T13:51:50.202+0000] {logging_mixin.py:150} INFO - [2026-01-03T13:51:50.201+0000] {dag.py:2742} INFO - Sync 2 DAGs
[2026-01-03T13:51:50.218+0000] {logging_mixin.py:150} INFO - [2026-01-03T13:51:50.217+0000] {dag.py:3504} INFO - Setting next_dagrun for example_xcom_args to None, run_after=None
[2026-01-03T13:51:50.220+0000] {logging_mixin.py:150} INFO - [2026-01-03T13:51:50.220+0000] {dag.py:3504} INFO - Setting next_dagrun for example_xcom_args_with_operators to None, run_after=None
[2026-01-03T13:51:50.234+0000] {processor.py:179} INFO - Processing /home/vscode/.local/lib/python3.10/site-packages/airflow/example_dags/example_xcomargs.py took 0.059 seconds
[2026-01-03T13:52:33.296+0000] {processor.py:157} INFO - Started process (PID=11587) to work on /home/vscode/.local/lib/python3.10/site-packages/airflow/example_dags/example_xcomargs.py
[2026-01-03T13:52:33.297+0000] {processor.py:826} INFO - Processing file /home/vscode/.local/lib/python3.10/site-packages/airflow/example_dags/example_xcomargs.py for tasks to queue
[2026-01-03T13:52:33.298+0000] {logging_mixin.py:150} INFO - [2026-01-03T13:52:33.297+0000] {dagbag.py:541} INFO - Filling up the DagBag from /home/vscode/.local/lib/python3.10/site-packages/airflow/example_dags/example_xcomargs.py
[2026-01-03T13:52:33.305+0000] {processor.py:836} INFO - DAG(s) dict_keys(['example_xcom_args_with_operators', 'example_xcom_args']) retrieved from /home/vscode/.local/lib/python3.10/site-packages/airflow/example_dags/example_xcomargs.py
[2026-01-03T13:52:33.322+0000] {logging_mixin.py:150} INFO - [2026-01-03T13:52:33.322+0000] {dag.py:2742} INFO - Sync 2 DAGs
[2026-01-03T13:52:33.338+0000] {logging_mixin.py:150} INFO - [2026-01-03T13:52:33.338+0000] {dag.py:3504} INFO - Setting next_dagrun for example_xcom_args to None, run_after=None
[2026-01-03T13:52:33.341+0000] {logging_mixin.py:150} INFO - [2026-01-03T13:52:33.341+0000] {dag.py:3504} INFO - Setting next_dagrun for example_xcom_args_with_operators to None, run_after=None
[2026-01-03T13:52:33.356+0000] {processor.py:179} INFO - Processing /home/vscode/.local/lib/python3.10/site-packages/airflow/example_dags/example_xcomargs.py took 0.063 seconds
[2026-01-03T13:53:15.944+0000] {processor.py:157} INFO - Started process (PID=11899) to work on /home/vscode/.local/lib/python3.10/site-packages/airflow/example_dags/example_xcomargs.py
[2026-01-03T13:53:15.945+0000] {processor.py:826} INFO - Processing file /home/vscode/.local/lib/python3.10/site-packages/airflow/example_dags/example_xcomargs.py for tasks to queue
[2026-01-03T13:53:15.946+0000] {logging_mixin.py:150} INFO - [2026-01-03T13:53:15.945+0000] {dagbag.py:541} INFO - Filling up the DagBag from /home/vscode/.local/lib/python3.10/site-packages/airflow/example_dags/example_xcomargs.py
[2026-01-03T13:53:15.952+0000] {processor.py:836} INFO - DAG(s) dict_keys(['example_xcom_args', 'example_xcom_args_with_operators']) retrieved from /home/vscode/.local/lib/python3.10/site-packages/airflow/example_dags/example_xcomargs.py
[2026-01-03T13:53:15.968+0000] {logging_mixin.py:150} INFO - [2026-01-03T13:53:15.968+0000] {dag.py:2742} INFO - Sync 2 DAGs
[2026-01-03T13:53:15.983+0000] {logging_mixin.py:150} INFO - [2026-01-03T13:53:15.983+0000] {dag.py:3504} INFO - Setting next_dagrun for example_xcom_args to None, run_after=None
[2026-01-03T13:53:15.986+0000] {logging_mixin.py:150} INFO - [2026-01-03T13:53:15.986+0000] {dag.py:3504} INFO - Setting next_dagrun for example_xcom_args_with_operators to None, run_after=None
[2026-01-03T13:53:16.000+0000] {processor.py:179} INFO - Processing /home/vscode/.local/lib/python3.10/site-packages/airflow/example_dags/example_xcomargs.py took 0.059 seconds
[2026-01-03T13:53:58.081+0000] {processor.py:157} INFO - Started process (PID=12260) to work on /home/vscode/.local/lib/python3.10/site-packages/airflow/example_dags/example_xcomargs.py
[2026-01-03T13:53:58.081+0000] {processor.py:826} INFO - Processing file /home/vscode/.local/lib/python3.10/site-packages/airflow/example_dags/example_xcomargs.py for tasks to queue
[2026-01-03T13:53:58.082+0000] {logging_mixin.py:150} INFO - [2026-01-03T13:53:58.082+0000] {dagbag.py:541} INFO - Filling up the DagBag from /home/vscode/.local/lib/python3.10/site-packages/airflow/example_dags/example_xcomargs.py
[2026-01-03T13:53:58.089+0000] {processor.py:836} INFO - DAG(s) dict_keys(['example_xcom_args_with_operators', 'example_xcom_args']) retrieved from /home/vscode/.local/lib/python3.10/site-packages/airflow/example_dags/example_xcomargs.py
[2026-01-03T13:53:58.105+0000] {logging_mixin.py:150} INFO - [2026-01-03T13:53:58.104+0000] {dag.py:2742} INFO - Sync 2 DAGs
[2026-01-03T13:53:58.119+0000] {logging_mixin.py:150} INFO - [2026-01-03T13:53:58.119+0000] {dag.py:3504} INFO - Setting next_dagrun for example_xcom_args to None, run_after=None
[2026-01-03T13:53:58.122+0000] {logging_mixin.py:150} INFO - [2026-01-03T13:53:58.122+0000] {dag.py:3504} INFO - Setting next_dagrun for example_xcom_args_with_operators to None, run_after=None
[2026-01-03T13:53:58.136+0000] {processor.py:179} INFO - Processing /home/vscode/.local/lib/python3.10/site-packages/airflow/example_dags/example_xcomargs.py took 0.058 seconds
[2026-01-03T13:54:38.656+0000] {processor.py:157} INFO - Started process (PID=12571) to work on /home/vscode/.local/lib/python3.10/site-packages/airflow/example_dags/example_xcomargs.py
[2026-01-03T13:54:38.657+0000] {processor.py:826} INFO - Processing file /home/vscode/.local/lib/python3.10/site-packages/airflow/example_dags/example_xcomargs.py for tasks to queue
[2026-01-03T13:54:38.658+0000] {logging_mixin.py:150} INFO - [2026-01-03T13:54:38.657+0000] {dagbag.py:541} INFO - Filling up the DagBag from /home/vscode/.local/lib/python3.10/site-packages/airflow/example_dags/example_xcomargs.py
[2026-01-03T13:54:38.665+0000] {processor.py:836} INFO - DAG(s) dict_keys(['example_xcom_args', 'example_xcom_args_with_operators']) retrieved from /home/vscode/.local/lib/python3.10/site-packages/airflow/example_dags/example_xcomargs.py
[2026-01-03T13:54:38.682+0000] {logging_mixin.py:150} INFO - [2026-01-03T13:54:38.681+0000] {dag.py:2742} INFO - Sync 2 DAGs
[2026-01-03T13:54:38.697+0000] {logging_mixin.py:150} INFO - [2026-01-03T13:54:38.696+0000] {dag.py:3504} INFO - Setting next_dagrun for example_xcom_args to None, run_after=None
[2026-01-03T13:54:38.699+0000] {logging_mixin.py:150} INFO - [2026-01-03T13:54:38.699+0000] {dag.py:3504} INFO - Setting next_dagrun for example_xcom_args_with_operators to None, run_after=None
[2026-01-03T13:54:38.713+0000] {processor.py:179} INFO - Processing /home/vscode/.local/lib/python3.10/site-packages/airflow/example_dags/example_xcomargs.py took 0.060 seconds
[2026-01-03T13:55:14.025+0000] {processor.py:157} INFO - Started process (PID=12849) to work on /home/vscode/.local/lib/python3.10/site-packages/airflow/example_dags/example_xcomargs.py
[2026-01-03T13:55:14.026+0000] {processor.py:826} INFO - Processing file /home/vscode/.local/lib/python3.10/site-packages/airflow/example_dags/example_xcomargs.py for tasks to queue
[2026-01-03T13:55:14.027+0000] {logging_mixin.py:150} INFO - [2026-01-03T13:55:14.026+0000] {dagbag.py:541} INFO - Filling up the DagBag from /home/vscode/.local/lib/python3.10/site-packages/airflow/example_dags/example_xcomargs.py
[2026-01-03T13:55:14.034+0000] {processor.py:836} INFO - DAG(s) dict_keys(['example_xcom_args', 'example_xcom_args_with_operators']) retrieved from /home/vscode/.local/lib/python3.10/site-packages/airflow/example_dags/example_xcomargs.py
[2026-01-03T13:55:14.051+0000] {logging_mixin.py:150} INFO - [2026-01-03T13:55:14.050+0000] {dag.py:2742} INFO - Sync 2 DAGs
[2026-01-03T13:55:14.069+0000] {logging_mixin.py:150} INFO - [2026-01-03T13:55:14.068+0000] {dag.py:3504} INFO - Setting next_dagrun for example_xcom_args to None, run_after=None
[2026-01-03T13:55:14.071+0000] {logging_mixin.py:150} INFO - [2026-01-03T13:55:14.071+0000] {dag.py:3504} INFO - Setting next_dagrun for example_xcom_args_with_operators to None, run_after=None
[2026-01-03T13:55:14.086+0000] {processor.py:179} INFO - Processing /home/vscode/.local/lib/python3.10/site-packages/airflow/example_dags/example_xcomargs.py took 0.064 seconds
[2026-01-03T13:55:54.040+0000] {processor.py:157} INFO - Started process (PID=13278) to work on /home/vscode/.local/lib/python3.10/site-packages/airflow/example_dags/example_xcomargs.py
[2026-01-03T13:55:54.041+0000] {processor.py:826} INFO - Processing file /home/vscode/.local/lib/python3.10/site-packages/airflow/example_dags/example_xcomargs.py for tasks to queue
[2026-01-03T13:55:54.042+0000] {logging_mixin.py:150} INFO - [2026-01-03T13:55:54.042+0000] {dagbag.py:541} INFO - Filling up the DagBag from /home/vscode/.local/lib/python3.10/site-packages/airflow/example_dags/example_xcomargs.py
[2026-01-03T13:55:54.049+0000] {processor.py:836} INFO - DAG(s) dict_keys(['example_xcom_args', 'example_xcom_args_with_operators']) retrieved from /home/vscode/.local/lib/python3.10/site-packages/airflow/example_dags/example_xcomargs.py
[2026-01-03T13:55:54.065+0000] {logging_mixin.py:150} INFO - [2026-01-03T13:55:54.065+0000] {dag.py:2742} INFO - Sync 2 DAGs
[2026-01-03T13:55:54.080+0000] {logging_mixin.py:150} INFO - [2026-01-03T13:55:54.080+0000] {dag.py:3504} INFO - Setting next_dagrun for example_xcom_args to None, run_after=None
[2026-01-03T13:55:54.082+0000] {logging_mixin.py:150} INFO - [2026-01-03T13:55:54.082+0000] {dag.py:3504} INFO - Setting next_dagrun for example_xcom_args_with_operators to None, run_after=None
[2026-01-03T13:55:54.097+0000] {processor.py:179} INFO - Processing /home/vscode/.local/lib/python3.10/site-packages/airflow/example_dags/example_xcomargs.py took 0.060 seconds
[2026-01-03T13:56:36.770+0000] {processor.py:157} INFO - Started process (PID=13693) to work on /home/vscode/.local/lib/python3.10/site-packages/airflow/example_dags/example_xcomargs.py
[2026-01-03T13:56:36.770+0000] {processor.py:826} INFO - Processing file /home/vscode/.local/lib/python3.10/site-packages/airflow/example_dags/example_xcomargs.py for tasks to queue
[2026-01-03T13:56:36.771+0000] {logging_mixin.py:150} INFO - [2026-01-03T13:56:36.771+0000] {dagbag.py:541} INFO - Filling up the DagBag from /home/vscode/.local/lib/python3.10/site-packages/airflow/example_dags/example_xcomargs.py
[2026-01-03T13:56:36.778+0000] {processor.py:836} INFO - DAG(s) dict_keys(['example_xcom_args', 'example_xcom_args_with_operators']) retrieved from /home/vscode/.local/lib/python3.10/site-packages/airflow/example_dags/example_xcomargs.py
[2026-01-03T13:56:36.796+0000] {logging_mixin.py:150} INFO - [2026-01-03T13:56:36.795+0000] {dag.py:2742} INFO - Sync 2 DAGs
[2026-01-03T13:56:36.810+0000] {logging_mixin.py:150} INFO - [2026-01-03T13:56:36.810+0000] {dag.py:3504} INFO - Setting next_dagrun for example_xcom_args to None, run_after=None
[2026-01-03T13:56:36.812+0000] {logging_mixin.py:150} INFO - [2026-01-03T13:56:36.812+0000] {dag.py:3504} INFO - Setting next_dagrun for example_xcom_args_with_operators to None, run_after=None
[2026-01-03T13:56:36.826+0000] {processor.py:179} INFO - Processing /home/vscode/.local/lib/python3.10/site-packages/airflow/example_dags/example_xcomargs.py took 0.059 seconds
[2026-01-03T13:57:19.575+0000] {processor.py:157} INFO - Started process (PID=14001) to work on /home/vscode/.local/lib/python3.10/site-packages/airflow/example_dags/example_xcomargs.py
[2026-01-03T13:57:19.576+0000] {processor.py:826} INFO - Processing file /home/vscode/.local/lib/python3.10/site-packages/airflow/example_dags/example_xcomargs.py for tasks to queue
[2026-01-03T13:57:19.576+0000] {logging_mixin.py:150} INFO - [2026-01-03T13:57:19.576+0000] {dagbag.py:541} INFO - Filling up the DagBag from /home/vscode/.local/lib/python3.10/site-packages/airflow/example_dags/example_xcomargs.py
[2026-01-03T13:57:19.583+0000] {processor.py:836} INFO - DAG(s) dict_keys(['example_xcom_args_with_operators', 'example_xcom_args']) retrieved from /home/vscode/.local/lib/python3.10/site-packages/airflow/example_dags/example_xcomargs.py
[2026-01-03T13:57:19.600+0000] {logging_mixin.py:150} INFO - [2026-01-03T13:57:19.599+0000] {dag.py:2742} INFO - Sync 2 DAGs
[2026-01-03T13:57:19.614+0000] {logging_mixin.py:150} INFO - [2026-01-03T13:57:19.614+0000] {dag.py:3504} INFO - Setting next_dagrun for example_xcom_args to None, run_after=None
[2026-01-03T13:57:19.616+0000] {logging_mixin.py:150} INFO - [2026-01-03T13:57:19.616+0000] {dag.py:3504} INFO - Setting next_dagrun for example_xcom_args_with_operators to None, run_after=None
[2026-01-03T13:57:19.629+0000] {processor.py:179} INFO - Processing /home/vscode/.local/lib/python3.10/site-packages/airflow/example_dags/example_xcomargs.py took 0.057 seconds
[2026-01-03T13:58:02.351+0000] {processor.py:157} INFO - Started process (PID=14281) to work on /home/vscode/.local/lib/python3.10/site-packages/airflow/example_dags/example_xcomargs.py
[2026-01-03T13:58:02.351+0000] {processor.py:826} INFO - Processing file /home/vscode/.local/lib/python3.10/site-packages/airflow/example_dags/example_xcomargs.py for tasks to queue
[2026-01-03T13:58:02.352+0000] {logging_mixin.py:150} INFO - [2026-01-03T13:58:02.352+0000] {dagbag.py:541} INFO - Filling up the DagBag from /home/vscode/.local/lib/python3.10/site-packages/airflow/example_dags/example_xcomargs.py
[2026-01-03T13:58:02.359+0000] {processor.py:836} INFO - DAG(s) dict_keys(['example_xcom_args', 'example_xcom_args_with_operators']) retrieved from /home/vscode/.local/lib/python3.10/site-packages/airflow/example_dags/example_xcomargs.py
[2026-01-03T13:58:02.374+0000] {logging_mixin.py:150} INFO - [2026-01-03T13:58:02.374+0000] {dag.py:2742} INFO - Sync 2 DAGs
[2026-01-03T13:58:02.389+0000] {logging_mixin.py:150} INFO - [2026-01-03T13:58:02.388+0000] {dag.py:3504} INFO - Setting next_dagrun for example_xcom_args to None, run_after=None
[2026-01-03T13:58:02.391+0000] {logging_mixin.py:150} INFO - [2026-01-03T13:58:02.391+0000] {dag.py:3504} INFO - Setting next_dagrun for example_xcom_args_with_operators to None, run_after=None
[2026-01-03T13:58:02.404+0000] {processor.py:179} INFO - Processing /home/vscode/.local/lib/python3.10/site-packages/airflow/example_dags/example_xcomargs.py took 0.056 seconds
[2026-01-03T13:58:43.981+0000] {processor.py:157} INFO - Started process (PID=14563) to work on /home/vscode/.local/lib/python3.10/site-packages/airflow/example_dags/example_xcomargs.py
[2026-01-03T13:58:43.982+0000] {processor.py:826} INFO - Processing file /home/vscode/.local/lib/python3.10/site-packages/airflow/example_dags/example_xcomargs.py for tasks to queue
[2026-01-03T13:58:43.982+0000] {logging_mixin.py:150} INFO - [2026-01-03T13:58:43.982+0000] {dagbag.py:541} INFO - Filling up the DagBag from /home/vscode/.local/lib/python3.10/site-packages/airflow/example_dags/example_xcomargs.py
[2026-01-03T13:58:43.989+0000] {processor.py:836} INFO - DAG(s) dict_keys(['example_xcom_args', 'example_xcom_args_with_operators']) retrieved from /home/vscode/.local/lib/python3.10/site-packages/airflow/example_dags/example_xcomargs.py
[2026-01-03T13:58:44.003+0000] {logging_mixin.py:150} INFO - [2026-01-03T13:58:44.003+0000] {dag.py:2742} INFO - Sync 2 DAGs
[2026-01-03T13:58:44.018+0000] {logging_mixin.py:150} INFO - [2026-01-03T13:58:44.018+0000] {dag.py:3504} INFO - Setting next_dagrun for example_xcom_args to None, run_after=None
[2026-01-03T13:58:44.020+0000] {logging_mixin.py:150} INFO - [2026-01-03T13:58:44.020+0000] {dag.py:3504} INFO - Setting next_dagrun for example_xcom_args_with_operators to None, run_after=None
[2026-01-03T13:58:44.034+0000] {processor.py:179} INFO - Processing /home/vscode/.local/lib/python3.10/site-packages/airflow/example_dags/example_xcomargs.py took 0.056 seconds
[2026-01-03T13:59:19.400+0000] {processor.py:157} INFO - Started process (PID=14836) to work on /home/vscode/.local/lib/python3.10/site-packages/airflow/example_dags/example_xcomargs.py
[2026-01-03T13:59:19.401+0000] {processor.py:826} INFO - Processing file /home/vscode/.local/lib/python3.10/site-packages/airflow/example_dags/example_xcomargs.py for tasks to queue
[2026-01-03T13:59:19.401+0000] {logging_mixin.py:150} INFO - [2026-01-03T13:59:19.401+0000] {dagbag.py:541} INFO - Filling up the DagBag from /home/vscode/.local/lib/python3.10/site-packages/airflow/example_dags/example_xcomargs.py
[2026-01-03T13:59:19.408+0000] {processor.py:836} INFO - DAG(s) dict_keys(['example_xcom_args_with_operators', 'example_xcom_args']) retrieved from /home/vscode/.local/lib/python3.10/site-packages/airflow/example_dags/example_xcomargs.py
[2026-01-03T13:59:19.423+0000] {logging_mixin.py:150} INFO - [2026-01-03T13:59:19.423+0000] {dag.py:2742} INFO - Sync 2 DAGs
[2026-01-03T13:59:19.437+0000] {logging_mixin.py:150} INFO - [2026-01-03T13:59:19.437+0000] {dag.py:3504} INFO - Setting next_dagrun for example_xcom_args to None, run_after=None
[2026-01-03T13:59:19.440+0000] {logging_mixin.py:150} INFO - [2026-01-03T13:59:19.439+0000] {dag.py:3504} INFO - Setting next_dagrun for example_xcom_args_with_operators to None, run_after=None
[2026-01-03T13:59:19.452+0000] {processor.py:179} INFO - Processing /home/vscode/.local/lib/python3.10/site-packages/airflow/example_dags/example_xcomargs.py took 0.056 seconds
[2026-01-03T14:00:07.091+0000] {processor.py:157} INFO - Started process (PID=15147) to work on /home/vscode/.local/lib/python3.10/site-packages/airflow/example_dags/example_xcomargs.py
[2026-01-03T14:00:07.092+0000] {processor.py:826} INFO - Processing file /home/vscode/.local/lib/python3.10/site-packages/airflow/example_dags/example_xcomargs.py for tasks to queue
[2026-01-03T14:00:07.093+0000] {logging_mixin.py:150} INFO - [2026-01-03T14:00:07.092+0000] {dagbag.py:541} INFO - Filling up the DagBag from /home/vscode/.local/lib/python3.10/site-packages/airflow/example_dags/example_xcomargs.py
[2026-01-03T14:00:07.101+0000] {processor.py:836} INFO - DAG(s) dict_keys(['example_xcom_args_with_operators', 'example_xcom_args']) retrieved from /home/vscode/.local/lib/python3.10/site-packages/airflow/example_dags/example_xcomargs.py
[2026-01-03T14:00:07.123+0000] {logging_mixin.py:150} INFO - [2026-01-03T14:00:07.123+0000] {dag.py:2742} INFO - Sync 2 DAGs
[2026-01-03T14:00:07.141+0000] {logging_mixin.py:150} INFO - [2026-01-03T14:00:07.141+0000] {dag.py:3504} INFO - Setting next_dagrun for example_xcom_args to None, run_after=None
[2026-01-03T14:00:07.144+0000] {logging_mixin.py:150} INFO - [2026-01-03T14:00:07.143+0000] {dag.py:3504} INFO - Setting next_dagrun for example_xcom_args_with_operators to None, run_after=None
[2026-01-03T14:00:07.157+0000] {processor.py:179} INFO - Processing /home/vscode/.local/lib/python3.10/site-packages/airflow/example_dags/example_xcomargs.py took 0.068 seconds
[2026-01-03T14:00:49.603+0000] {processor.py:157} INFO - Started process (PID=15434) to work on /home/vscode/.local/lib/python3.10/site-packages/airflow/example_dags/example_xcomargs.py
[2026-01-03T14:00:49.603+0000] {processor.py:826} INFO - Processing file /home/vscode/.local/lib/python3.10/site-packages/airflow/example_dags/example_xcomargs.py for tasks to queue
[2026-01-03T14:00:49.604+0000] {logging_mixin.py:150} INFO - [2026-01-03T14:00:49.604+0000] {dagbag.py:541} INFO - Filling up the DagBag from /home/vscode/.local/lib/python3.10/site-packages/airflow/example_dags/example_xcomargs.py
[2026-01-03T14:00:49.611+0000] {processor.py:836} INFO - DAG(s) dict_keys(['example_xcom_args', 'example_xcom_args_with_operators']) retrieved from /home/vscode/.local/lib/python3.10/site-packages/airflow/example_dags/example_xcomargs.py
[2026-01-03T14:00:49.626+0000] {logging_mixin.py:150} INFO - [2026-01-03T14:00:49.626+0000] {dag.py:2742} INFO - Sync 2 DAGs
[2026-01-03T14:00:49.641+0000] {logging_mixin.py:150} INFO - [2026-01-03T14:00:49.640+0000] {dag.py:3504} INFO - Setting next_dagrun for example_xcom_args to None, run_after=None
[2026-01-03T14:00:49.643+0000] {logging_mixin.py:150} INFO - [2026-01-03T14:00:49.643+0000] {dag.py:3504} INFO - Setting next_dagrun for example_xcom_args_with_operators to None, run_after=None
[2026-01-03T14:00:49.657+0000] {processor.py:179} INFO - Processing /home/vscode/.local/lib/python3.10/site-packages/airflow/example_dags/example_xcomargs.py took 0.057 seconds
[2026-01-03T14:01:27.721+0000] {processor.py:157} INFO - Started process (PID=15698) to work on /home/vscode/.local/lib/python3.10/site-packages/airflow/example_dags/example_xcomargs.py
[2026-01-03T14:01:27.722+0000] {processor.py:826} INFO - Processing file /home/vscode/.local/lib/python3.10/site-packages/airflow/example_dags/example_xcomargs.py for tasks to queue
[2026-01-03T14:01:27.723+0000] {logging_mixin.py:150} INFO - [2026-01-03T14:01:27.723+0000] {dagbag.py:541} INFO - Filling up the DagBag from /home/vscode/.local/lib/python3.10/site-packages/airflow/example_dags/example_xcomargs.py
[2026-01-03T14:01:27.730+0000] {processor.py:836} INFO - DAG(s) dict_keys(['example_xcom_args_with_operators', 'example_xcom_args']) retrieved from /home/vscode/.local/lib/python3.10/site-packages/airflow/example_dags/example_xcomargs.py
[2026-01-03T14:01:27.745+0000] {logging_mixin.py:150} INFO - [2026-01-03T14:01:27.745+0000] {dag.py:2742} INFO - Sync 2 DAGs
[2026-01-03T14:01:27.759+0000] {logging_mixin.py:150} INFO - [2026-01-03T14:01:27.759+0000] {dag.py:3504} INFO - Setting next_dagrun for example_xcom_args to None, run_after=None
[2026-01-03T14:01:27.762+0000] {logging_mixin.py:150} INFO - [2026-01-03T14:01:27.762+0000] {dag.py:3504} INFO - Setting next_dagrun for example_xcom_args_with_operators to None, run_after=None
[2026-01-03T14:01:27.775+0000] {processor.py:179} INFO - Processing /home/vscode/.local/lib/python3.10/site-packages/airflow/example_dags/example_xcomargs.py took 0.056 seconds
[2026-01-03T14:02:15.675+0000] {processor.py:157} INFO - Started process (PID=16045) to work on /home/vscode/.local/lib/python3.10/site-packages/airflow/example_dags/example_xcomargs.py
[2026-01-03T14:02:15.676+0000] {processor.py:826} INFO - Processing file /home/vscode/.local/lib/python3.10/site-packages/airflow/example_dags/example_xcomargs.py for tasks to queue
[2026-01-03T14:02:15.677+0000] {logging_mixin.py:150} INFO - [2026-01-03T14:02:15.676+0000] {dagbag.py:541} INFO - Filling up the DagBag from /home/vscode/.local/lib/python3.10/site-packages/airflow/example_dags/example_xcomargs.py
[2026-01-03T14:02:15.685+0000] {processor.py:836} INFO - DAG(s) dict_keys(['example_xcom_args_with_operators', 'example_xcom_args']) retrieved from /home/vscode/.local/lib/python3.10/site-packages/airflow/example_dags/example_xcomargs.py
[2026-01-03T14:02:15.709+0000] {logging_mixin.py:150} INFO - [2026-01-03T14:02:15.709+0000] {dag.py:2742} INFO - Sync 2 DAGs
[2026-01-03T14:02:15.730+0000] {logging_mixin.py:150} INFO - [2026-01-03T14:02:15.730+0000] {dag.py:3504} INFO - Setting next_dagrun for example_xcom_args to None, run_after=None
[2026-01-03T14:02:15.733+0000] {logging_mixin.py:150} INFO - [2026-01-03T14:02:15.733+0000] {dag.py:3504} INFO - Setting next_dagrun for example_xcom_args_with_operators to None, run_after=None
[2026-01-03T14:02:15.753+0000] {processor.py:179} INFO - Processing /home/vscode/.local/lib/python3.10/site-packages/airflow/example_dags/example_xcomargs.py took 0.082 seconds
[2026-01-03T14:02:56.648+0000] {processor.py:157} INFO - Started process (PID=16424) to work on /home/vscode/.local/lib/python3.10/site-packages/airflow/example_dags/example_xcomargs.py
[2026-01-03T14:02:56.649+0000] {processor.py:826} INFO - Processing file /home/vscode/.local/lib/python3.10/site-packages/airflow/example_dags/example_xcomargs.py for tasks to queue
[2026-01-03T14:02:56.650+0000] {logging_mixin.py:150} INFO - [2026-01-03T14:02:56.649+0000] {dagbag.py:541} INFO - Filling up the DagBag from /home/vscode/.local/lib/python3.10/site-packages/airflow/example_dags/example_xcomargs.py
[2026-01-03T14:02:56.657+0000] {processor.py:836} INFO - DAG(s) dict_keys(['example_xcom_args_with_operators', 'example_xcom_args']) retrieved from /home/vscode/.local/lib/python3.10/site-packages/airflow/example_dags/example_xcomargs.py
[2026-01-03T14:02:56.673+0000] {logging_mixin.py:150} INFO - [2026-01-03T14:02:56.673+0000] {dag.py:2742} INFO - Sync 2 DAGs
[2026-01-03T14:02:56.688+0000] {logging_mixin.py:150} INFO - [2026-01-03T14:02:56.688+0000] {dag.py:3504} INFO - Setting next_dagrun for example_xcom_args to None, run_after=None
[2026-01-03T14:02:56.690+0000] {logging_mixin.py:150} INFO - [2026-01-03T14:02:56.690+0000] {dag.py:3504} INFO - Setting next_dagrun for example_xcom_args_with_operators to None, run_after=None
[2026-01-03T14:02:56.703+0000] {processor.py:179} INFO - Processing /home/vscode/.local/lib/python3.10/site-packages/airflow/example_dags/example_xcomargs.py took 0.058 seconds
[2026-01-03T14:03:37.767+0000] {processor.py:157} INFO - Started process (PID=17013) to work on /home/vscode/.local/lib/python3.10/site-packages/airflow/example_dags/example_xcomargs.py
[2026-01-03T14:03:37.768+0000] {processor.py:826} INFO - Processing file /home/vscode/.local/lib/python3.10/site-packages/airflow/example_dags/example_xcomargs.py for tasks to queue
[2026-01-03T14:03:37.769+0000] {logging_mixin.py:150} INFO - [2026-01-03T14:03:37.769+0000] {dagbag.py:541} INFO - Filling up the DagBag from /home/vscode/.local/lib/python3.10/site-packages/airflow/example_dags/example_xcomargs.py
[2026-01-03T14:03:37.778+0000] {processor.py:836} INFO - DAG(s) dict_keys(['example_xcom_args', 'example_xcom_args_with_operators']) retrieved from /home/vscode/.local/lib/python3.10/site-packages/airflow/example_dags/example_xcomargs.py
[2026-01-03T14:03:37.801+0000] {logging_mixin.py:150} INFO - [2026-01-03T14:03:37.801+0000] {dag.py:2742} INFO - Sync 2 DAGs
[2026-01-03T14:03:37.823+0000] {logging_mixin.py:150} INFO - [2026-01-03T14:03:37.823+0000] {dag.py:3504} INFO - Setting next_dagrun for example_xcom_args to None, run_after=None
[2026-01-03T14:03:37.826+0000] {logging_mixin.py:150} INFO - [2026-01-03T14:03:37.826+0000] {dag.py:3504} INFO - Setting next_dagrun for example_xcom_args_with_operators to None, run_after=None
[2026-01-03T14:03:37.844+0000] {processor.py:179} INFO - Processing /home/vscode/.local/lib/python3.10/site-packages/airflow/example_dags/example_xcomargs.py took 0.080 seconds
