[2026-01-03T13:49:14.508+0000] {processor.py:157} INFO - Started process (PID=10148) to work on /home/vscode/.local/lib/python3.10/site-packages/airflow/example_dags/example_kubernetes_executor.py
[2026-01-03T13:49:14.508+0000] {processor.py:826} INFO - Processing file /home/vscode/.local/lib/python3.10/site-packages/airflow/example_dags/example_kubernetes_executor.py for tasks to queue
[2026-01-03T13:49:14.509+0000] {logging_mixin.py:150} INFO - [2026-01-03T13:49:14.509+0000] {dagbag.py:541} INFO - Filling up the DagBag from /home/vscode/.local/lib/python3.10/site-packages/airflow/example_dags/example_kubernetes_executor.py
[2026-01-03T13:49:14.512+0000] {logging_mixin.py:150} INFO - [2026-01-03T13:49:14.512+0000] {example_kubernetes_executor.py:41} WARNING - The example_kubernetes_executor example DAG requires the kubernetes provider. Please install it with: pip install apache-airflow[cncf.kubernetes]
[2026-01-03T13:49:14.512+0000] {processor.py:838} WARNING - No viable dags retrieved from /home/vscode/.local/lib/python3.10/site-packages/airflow/example_dags/example_kubernetes_executor.py
[2026-01-03T13:49:14.520+0000] {processor.py:179} INFO - Processing /home/vscode/.local/lib/python3.10/site-packages/airflow/example_dags/example_kubernetes_executor.py took 0.015 seconds
[2026-01-03T13:50:00.733+0000] {processor.py:157} INFO - Started process (PID=10472) to work on /home/vscode/.local/lib/python3.10/site-packages/airflow/example_dags/example_kubernetes_executor.py
[2026-01-03T13:50:00.734+0000] {processor.py:826} INFO - Processing file /home/vscode/.local/lib/python3.10/site-packages/airflow/example_dags/example_kubernetes_executor.py for tasks to queue
[2026-01-03T13:50:00.734+0000] {logging_mixin.py:150} INFO - [2026-01-03T13:50:00.734+0000] {dagbag.py:541} INFO - Filling up the DagBag from /home/vscode/.local/lib/python3.10/site-packages/airflow/example_dags/example_kubernetes_executor.py
[2026-01-03T13:50:00.737+0000] {logging_mixin.py:150} INFO - [2026-01-03T13:50:00.737+0000] {example_kubernetes_executor.py:41} WARNING - The example_kubernetes_executor example DAG requires the kubernetes provider. Please install it with: pip install apache-airflow[cncf.kubernetes]
[2026-01-03T13:50:00.737+0000] {processor.py:838} WARNING - No viable dags retrieved from /home/vscode/.local/lib/python3.10/site-packages/airflow/example_dags/example_kubernetes_executor.py
[2026-01-03T13:50:00.745+0000] {processor.py:179} INFO - Processing /home/vscode/.local/lib/python3.10/site-packages/airflow/example_dags/example_kubernetes_executor.py took 0.015 seconds
[2026-01-03T13:50:43.949+0000] {processor.py:157} INFO - Started process (PID=10816) to work on /home/vscode/.local/lib/python3.10/site-packages/airflow/example_dags/example_kubernetes_executor.py
[2026-01-03T13:50:43.950+0000] {processor.py:826} INFO - Processing file /home/vscode/.local/lib/python3.10/site-packages/airflow/example_dags/example_kubernetes_executor.py for tasks to queue
[2026-01-03T13:50:43.951+0000] {logging_mixin.py:150} INFO - [2026-01-03T13:50:43.951+0000] {dagbag.py:541} INFO - Filling up the DagBag from /home/vscode/.local/lib/python3.10/site-packages/airflow/example_dags/example_kubernetes_executor.py
[2026-01-03T13:50:43.954+0000] {logging_mixin.py:150} INFO - [2026-01-03T13:50:43.954+0000] {example_kubernetes_executor.py:41} WARNING - The example_kubernetes_executor example DAG requires the kubernetes provider. Please install it with: pip install apache-airflow[cncf.kubernetes]
[2026-01-03T13:50:43.954+0000] {processor.py:838} WARNING - No viable dags retrieved from /home/vscode/.local/lib/python3.10/site-packages/airflow/example_dags/example_kubernetes_executor.py
[2026-01-03T13:50:43.962+0000] {processor.py:179} INFO - Processing /home/vscode/.local/lib/python3.10/site-packages/airflow/example_dags/example_kubernetes_executor.py took 0.016 seconds
[2026-01-03T13:51:28.483+0000] {processor.py:157} INFO - Started process (PID=11110) to work on /home/vscode/.local/lib/python3.10/site-packages/airflow/example_dags/example_kubernetes_executor.py
[2026-01-03T13:51:28.484+0000] {processor.py:826} INFO - Processing file /home/vscode/.local/lib/python3.10/site-packages/airflow/example_dags/example_kubernetes_executor.py for tasks to queue
[2026-01-03T13:51:28.485+0000] {logging_mixin.py:150} INFO - [2026-01-03T13:51:28.485+0000] {dagbag.py:541} INFO - Filling up the DagBag from /home/vscode/.local/lib/python3.10/site-packages/airflow/example_dags/example_kubernetes_executor.py
[2026-01-03T13:51:28.489+0000] {logging_mixin.py:150} INFO - [2026-01-03T13:51:28.488+0000] {example_kubernetes_executor.py:41} WARNING - The example_kubernetes_executor example DAG requires the kubernetes provider. Please install it with: pip install apache-airflow[cncf.kubernetes]
[2026-01-03T13:51:28.489+0000] {processor.py:838} WARNING - No viable dags retrieved from /home/vscode/.local/lib/python3.10/site-packages/airflow/example_dags/example_kubernetes_executor.py
[2026-01-03T13:51:28.497+0000] {processor.py:179} INFO - Processing /home/vscode/.local/lib/python3.10/site-packages/airflow/example_dags/example_kubernetes_executor.py took 0.016 seconds
[2026-01-03T13:52:11.899+0000] {processor.py:157} INFO - Started process (PID=11449) to work on /home/vscode/.local/lib/python3.10/site-packages/airflow/example_dags/example_kubernetes_executor.py
[2026-01-03T13:52:11.900+0000] {processor.py:826} INFO - Processing file /home/vscode/.local/lib/python3.10/site-packages/airflow/example_dags/example_kubernetes_executor.py for tasks to queue
[2026-01-03T13:52:11.901+0000] {logging_mixin.py:150} INFO - [2026-01-03T13:52:11.901+0000] {dagbag.py:541} INFO - Filling up the DagBag from /home/vscode/.local/lib/python3.10/site-packages/airflow/example_dags/example_kubernetes_executor.py
[2026-01-03T13:52:11.905+0000] {logging_mixin.py:150} INFO - [2026-01-03T13:52:11.905+0000] {example_kubernetes_executor.py:41} WARNING - The example_kubernetes_executor example DAG requires the kubernetes provider. Please install it with: pip install apache-airflow[cncf.kubernetes]
[2026-01-03T13:52:11.906+0000] {processor.py:838} WARNING - No viable dags retrieved from /home/vscode/.local/lib/python3.10/site-packages/airflow/example_dags/example_kubernetes_executor.py
[2026-01-03T13:52:11.918+0000] {processor.py:179} INFO - Processing /home/vscode/.local/lib/python3.10/site-packages/airflow/example_dags/example_kubernetes_executor.py took 0.024 seconds
[2026-01-03T13:52:55.981+0000] {processor.py:157} INFO - Started process (PID=11748) to work on /home/vscode/.local/lib/python3.10/site-packages/airflow/example_dags/example_kubernetes_executor.py
[2026-01-03T13:52:55.982+0000] {processor.py:826} INFO - Processing file /home/vscode/.local/lib/python3.10/site-packages/airflow/example_dags/example_kubernetes_executor.py for tasks to queue
[2026-01-03T13:52:55.982+0000] {logging_mixin.py:150} INFO - [2026-01-03T13:52:55.982+0000] {dagbag.py:541} INFO - Filling up the DagBag from /home/vscode/.local/lib/python3.10/site-packages/airflow/example_dags/example_kubernetes_executor.py
[2026-01-03T13:52:55.985+0000] {logging_mixin.py:150} INFO - [2026-01-03T13:52:55.985+0000] {example_kubernetes_executor.py:41} WARNING - The example_kubernetes_executor example DAG requires the kubernetes provider. Please install it with: pip install apache-airflow[cncf.kubernetes]
[2026-01-03T13:52:55.985+0000] {processor.py:838} WARNING - No viable dags retrieved from /home/vscode/.local/lib/python3.10/site-packages/airflow/example_dags/example_kubernetes_executor.py
[2026-01-03T13:52:55.994+0000] {processor.py:179} INFO - Processing /home/vscode/.local/lib/python3.10/site-packages/airflow/example_dags/example_kubernetes_executor.py took 0.016 seconds
[2026-01-03T13:53:36.990+0000] {processor.py:157} INFO - Started process (PID=12068) to work on /home/vscode/.local/lib/python3.10/site-packages/airflow/example_dags/example_kubernetes_executor.py
[2026-01-03T13:53:36.991+0000] {processor.py:826} INFO - Processing file /home/vscode/.local/lib/python3.10/site-packages/airflow/example_dags/example_kubernetes_executor.py for tasks to queue
[2026-01-03T13:53:36.992+0000] {logging_mixin.py:150} INFO - [2026-01-03T13:53:36.991+0000] {dagbag.py:541} INFO - Filling up the DagBag from /home/vscode/.local/lib/python3.10/site-packages/airflow/example_dags/example_kubernetes_executor.py
[2026-01-03T13:53:36.994+0000] {logging_mixin.py:150} INFO - [2026-01-03T13:53:36.994+0000] {example_kubernetes_executor.py:41} WARNING - The example_kubernetes_executor example DAG requires the kubernetes provider. Please install it with: pip install apache-airflow[cncf.kubernetes]
[2026-01-03T13:53:36.995+0000] {processor.py:838} WARNING - No viable dags retrieved from /home/vscode/.local/lib/python3.10/site-packages/airflow/example_dags/example_kubernetes_executor.py
[2026-01-03T13:53:37.003+0000] {processor.py:179} INFO - Processing /home/vscode/.local/lib/python3.10/site-packages/airflow/example_dags/example_kubernetes_executor.py took 0.015 seconds
[2026-01-03T13:54:19.487+0000] {processor.py:157} INFO - Started process (PID=12429) to work on /home/vscode/.local/lib/python3.10/site-packages/airflow/example_dags/example_kubernetes_executor.py
[2026-01-03T13:54:19.488+0000] {processor.py:826} INFO - Processing file /home/vscode/.local/lib/python3.10/site-packages/airflow/example_dags/example_kubernetes_executor.py for tasks to queue
[2026-01-03T13:54:19.489+0000] {logging_mixin.py:150} INFO - [2026-01-03T13:54:19.489+0000] {dagbag.py:541} INFO - Filling up the DagBag from /home/vscode/.local/lib/python3.10/site-packages/airflow/example_dags/example_kubernetes_executor.py
[2026-01-03T13:54:19.492+0000] {logging_mixin.py:150} INFO - [2026-01-03T13:54:19.492+0000] {example_kubernetes_executor.py:41} WARNING - The example_kubernetes_executor example DAG requires the kubernetes provider. Please install it with: pip install apache-airflow[cncf.kubernetes]
[2026-01-03T13:54:19.492+0000] {processor.py:838} WARNING - No viable dags retrieved from /home/vscode/.local/lib/python3.10/site-packages/airflow/example_dags/example_kubernetes_executor.py
[2026-01-03T13:54:19.500+0000] {processor.py:179} INFO - Processing /home/vscode/.local/lib/python3.10/site-packages/airflow/example_dags/example_kubernetes_executor.py took 0.015 seconds
[2026-01-03T13:55:02.405+0000] {processor.py:157} INFO - Started process (PID=12751) to work on /home/vscode/.local/lib/python3.10/site-packages/airflow/example_dags/example_kubernetes_executor.py
[2026-01-03T13:55:02.406+0000] {processor.py:826} INFO - Processing file /home/vscode/.local/lib/python3.10/site-packages/airflow/example_dags/example_kubernetes_executor.py for tasks to queue
[2026-01-03T13:55:02.407+0000] {logging_mixin.py:150} INFO - [2026-01-03T13:55:02.406+0000] {dagbag.py:541} INFO - Filling up the DagBag from /home/vscode/.local/lib/python3.10/site-packages/airflow/example_dags/example_kubernetes_executor.py
[2026-01-03T13:55:02.409+0000] {logging_mixin.py:150} INFO - [2026-01-03T13:55:02.409+0000] {example_kubernetes_executor.py:41} WARNING - The example_kubernetes_executor example DAG requires the kubernetes provider. Please install it with: pip install apache-airflow[cncf.kubernetes]
[2026-01-03T13:55:02.410+0000] {processor.py:838} WARNING - No viable dags retrieved from /home/vscode/.local/lib/python3.10/site-packages/airflow/example_dags/example_kubernetes_executor.py
[2026-01-03T13:55:02.418+0000] {processor.py:179} INFO - Processing /home/vscode/.local/lib/python3.10/site-packages/airflow/example_dags/example_kubernetes_executor.py took 0.015 seconds
[2026-01-03T13:55:45.457+0000] {processor.py:157} INFO - Started process (PID=13209) to work on /home/vscode/.local/lib/python3.10/site-packages/airflow/example_dags/example_kubernetes_executor.py
[2026-01-03T13:55:45.458+0000] {processor.py:826} INFO - Processing file /home/vscode/.local/lib/python3.10/site-packages/airflow/example_dags/example_kubernetes_executor.py for tasks to queue
[2026-01-03T13:55:45.459+0000] {logging_mixin.py:150} INFO - [2026-01-03T13:55:45.459+0000] {dagbag.py:541} INFO - Filling up the DagBag from /home/vscode/.local/lib/python3.10/site-packages/airflow/example_dags/example_kubernetes_executor.py
[2026-01-03T13:55:45.461+0000] {logging_mixin.py:150} INFO - [2026-01-03T13:55:45.461+0000] {example_kubernetes_executor.py:41} WARNING - The example_kubernetes_executor example DAG requires the kubernetes provider. Please install it with: pip install apache-airflow[cncf.kubernetes]
[2026-01-03T13:55:45.462+0000] {processor.py:838} WARNING - No viable dags retrieved from /home/vscode/.local/lib/python3.10/site-packages/airflow/example_dags/example_kubernetes_executor.py
[2026-01-03T13:55:45.470+0000] {processor.py:179} INFO - Processing /home/vscode/.local/lib/python3.10/site-packages/airflow/example_dags/example_kubernetes_executor.py took 0.015 seconds
[2026-01-03T13:56:31.198+0000] {processor.py:157} INFO - Started process (PID=13646) to work on /home/vscode/.local/lib/python3.10/site-packages/airflow/example_dags/example_kubernetes_executor.py
[2026-01-03T13:56:31.199+0000] {processor.py:826} INFO - Processing file /home/vscode/.local/lib/python3.10/site-packages/airflow/example_dags/example_kubernetes_executor.py for tasks to queue
[2026-01-03T13:56:31.200+0000] {logging_mixin.py:150} INFO - [2026-01-03T13:56:31.200+0000] {dagbag.py:541} INFO - Filling up the DagBag from /home/vscode/.local/lib/python3.10/site-packages/airflow/example_dags/example_kubernetes_executor.py
[2026-01-03T13:56:31.203+0000] {logging_mixin.py:150} INFO - [2026-01-03T13:56:31.203+0000] {example_kubernetes_executor.py:41} WARNING - The example_kubernetes_executor example DAG requires the kubernetes provider. Please install it with: pip install apache-airflow[cncf.kubernetes]
[2026-01-03T13:56:31.203+0000] {processor.py:838} WARNING - No viable dags retrieved from /home/vscode/.local/lib/python3.10/site-packages/airflow/example_dags/example_kubernetes_executor.py
[2026-01-03T13:56:31.211+0000] {processor.py:179} INFO - Processing /home/vscode/.local/lib/python3.10/site-packages/airflow/example_dags/example_kubernetes_executor.py took 0.015 seconds
[2026-01-03T13:57:13.866+0000] {processor.py:157} INFO - Started process (PID=13959) to work on /home/vscode/.local/lib/python3.10/site-packages/airflow/example_dags/example_kubernetes_executor.py
[2026-01-03T13:57:13.867+0000] {processor.py:826} INFO - Processing file /home/vscode/.local/lib/python3.10/site-packages/airflow/example_dags/example_kubernetes_executor.py for tasks to queue
[2026-01-03T13:57:13.867+0000] {logging_mixin.py:150} INFO - [2026-01-03T13:57:13.867+0000] {dagbag.py:541} INFO - Filling up the DagBag from /home/vscode/.local/lib/python3.10/site-packages/airflow/example_dags/example_kubernetes_executor.py
[2026-01-03T13:57:13.870+0000] {logging_mixin.py:150} INFO - [2026-01-03T13:57:13.870+0000] {example_kubernetes_executor.py:41} WARNING - The example_kubernetes_executor example DAG requires the kubernetes provider. Please install it with: pip install apache-airflow[cncf.kubernetes]
[2026-01-03T13:57:13.870+0000] {processor.py:838} WARNING - No viable dags retrieved from /home/vscode/.local/lib/python3.10/site-packages/airflow/example_dags/example_kubernetes_executor.py
[2026-01-03T13:57:13.882+0000] {processor.py:179} INFO - Processing /home/vscode/.local/lib/python3.10/site-packages/airflow/example_dags/example_kubernetes_executor.py took 0.019 seconds
[2026-01-03T13:57:57.209+0000] {processor.py:157} INFO - Started process (PID=14253) to work on /home/vscode/.local/lib/python3.10/site-packages/airflow/example_dags/example_kubernetes_executor.py
[2026-01-03T13:57:57.210+0000] {processor.py:826} INFO - Processing file /home/vscode/.local/lib/python3.10/site-packages/airflow/example_dags/example_kubernetes_executor.py for tasks to queue
[2026-01-03T13:57:57.210+0000] {logging_mixin.py:150} INFO - [2026-01-03T13:57:57.210+0000] {dagbag.py:541} INFO - Filling up the DagBag from /home/vscode/.local/lib/python3.10/site-packages/airflow/example_dags/example_kubernetes_executor.py
[2026-01-03T13:57:57.213+0000] {logging_mixin.py:150} INFO - [2026-01-03T13:57:57.213+0000] {example_kubernetes_executor.py:41} WARNING - The example_kubernetes_executor example DAG requires the kubernetes provider. Please install it with: pip install apache-airflow[cncf.kubernetes]
[2026-01-03T13:57:57.213+0000] {processor.py:838} WARNING - No viable dags retrieved from /home/vscode/.local/lib/python3.10/site-packages/airflow/example_dags/example_kubernetes_executor.py
[2026-01-03T13:57:57.223+0000] {processor.py:179} INFO - Processing /home/vscode/.local/lib/python3.10/site-packages/airflow/example_dags/example_kubernetes_executor.py took 0.017 seconds
[2026-01-03T13:58:40.057+0000] {processor.py:157} INFO - Started process (PID=14537) to work on /home/vscode/.local/lib/python3.10/site-packages/airflow/example_dags/example_kubernetes_executor.py
[2026-01-03T13:58:40.057+0000] {processor.py:826} INFO - Processing file /home/vscode/.local/lib/python3.10/site-packages/airflow/example_dags/example_kubernetes_executor.py for tasks to queue
[2026-01-03T13:58:40.058+0000] {logging_mixin.py:150} INFO - [2026-01-03T13:58:40.058+0000] {dagbag.py:541} INFO - Filling up the DagBag from /home/vscode/.local/lib/python3.10/site-packages/airflow/example_dags/example_kubernetes_executor.py
[2026-01-03T13:58:40.061+0000] {logging_mixin.py:150} INFO - [2026-01-03T13:58:40.061+0000] {example_kubernetes_executor.py:41} WARNING - The example_kubernetes_executor example DAG requires the kubernetes provider. Please install it with: pip install apache-airflow[cncf.kubernetes]
[2026-01-03T13:58:40.061+0000] {processor.py:838} WARNING - No viable dags retrieved from /home/vscode/.local/lib/python3.10/site-packages/airflow/example_dags/example_kubernetes_executor.py
[2026-01-03T13:58:40.069+0000] {processor.py:179} INFO - Processing /home/vscode/.local/lib/python3.10/site-packages/airflow/example_dags/example_kubernetes_executor.py took 0.015 seconds
[2026-01-03T13:59:24.543+0000] {processor.py:157} INFO - Started process (PID=14864) to work on /home/vscode/.local/lib/python3.10/site-packages/airflow/example_dags/example_kubernetes_executor.py
[2026-01-03T13:59:24.544+0000] {processor.py:826} INFO - Processing file /home/vscode/.local/lib/python3.10/site-packages/airflow/example_dags/example_kubernetes_executor.py for tasks to queue
[2026-01-03T13:59:24.546+0000] {logging_mixin.py:150} INFO - [2026-01-03T13:59:24.545+0000] {dagbag.py:541} INFO - Filling up the DagBag from /home/vscode/.local/lib/python3.10/site-packages/airflow/example_dags/example_kubernetes_executor.py
[2026-01-03T13:59:24.549+0000] {logging_mixin.py:150} INFO - [2026-01-03T13:59:24.549+0000] {example_kubernetes_executor.py:41} WARNING - The example_kubernetes_executor example DAG requires the kubernetes provider. Please install it with: pip install apache-airflow[cncf.kubernetes]
[2026-01-03T13:59:24.549+0000] {processor.py:838} WARNING - No viable dags retrieved from /home/vscode/.local/lib/python3.10/site-packages/airflow/example_dags/example_kubernetes_executor.py
[2026-01-03T13:59:24.560+0000] {processor.py:179} INFO - Processing /home/vscode/.local/lib/python3.10/site-packages/airflow/example_dags/example_kubernetes_executor.py took 0.021 seconds
[2026-01-03T14:00:11.891+0000] {processor.py:157} INFO - Started process (PID=15181) to work on /home/vscode/.local/lib/python3.10/site-packages/airflow/example_dags/example_kubernetes_executor.py
[2026-01-03T14:00:11.891+0000] {processor.py:826} INFO - Processing file /home/vscode/.local/lib/python3.10/site-packages/airflow/example_dags/example_kubernetes_executor.py for tasks to queue
[2026-01-03T14:00:11.892+0000] {logging_mixin.py:150} INFO - [2026-01-03T14:00:11.892+0000] {dagbag.py:541} INFO - Filling up the DagBag from /home/vscode/.local/lib/python3.10/site-packages/airflow/example_dags/example_kubernetes_executor.py
[2026-01-03T14:00:11.895+0000] {logging_mixin.py:150} INFO - [2026-01-03T14:00:11.895+0000] {example_kubernetes_executor.py:41} WARNING - The example_kubernetes_executor example DAG requires the kubernetes provider. Please install it with: pip install apache-airflow[cncf.kubernetes]
[2026-01-03T14:00:11.895+0000] {processor.py:838} WARNING - No viable dags retrieved from /home/vscode/.local/lib/python3.10/site-packages/airflow/example_dags/example_kubernetes_executor.py
[2026-01-03T14:00:11.903+0000] {processor.py:179} INFO - Processing /home/vscode/.local/lib/python3.10/site-packages/airflow/example_dags/example_kubernetes_executor.py took 0.015 seconds
[2026-01-03T14:00:53.603+0000] {processor.py:157} INFO - Started process (PID=15461) to work on /home/vscode/.local/lib/python3.10/site-packages/airflow/example_dags/example_kubernetes_executor.py
[2026-01-03T14:00:53.603+0000] {processor.py:826} INFO - Processing file /home/vscode/.local/lib/python3.10/site-packages/airflow/example_dags/example_kubernetes_executor.py for tasks to queue
[2026-01-03T14:00:53.604+0000] {logging_mixin.py:150} INFO - [2026-01-03T14:00:53.604+0000] {dagbag.py:541} INFO - Filling up the DagBag from /home/vscode/.local/lib/python3.10/site-packages/airflow/example_dags/example_kubernetes_executor.py
[2026-01-03T14:00:53.607+0000] {logging_mixin.py:150} INFO - [2026-01-03T14:00:53.607+0000] {example_kubernetes_executor.py:41} WARNING - The example_kubernetes_executor example DAG requires the kubernetes provider. Please install it with: pip install apache-airflow[cncf.kubernetes]
[2026-01-03T14:00:53.607+0000] {processor.py:838} WARNING - No viable dags retrieved from /home/vscode/.local/lib/python3.10/site-packages/airflow/example_dags/example_kubernetes_executor.py
[2026-01-03T14:00:53.615+0000] {processor.py:179} INFO - Processing /home/vscode/.local/lib/python3.10/site-packages/airflow/example_dags/example_kubernetes_executor.py took 0.015 seconds
[2026-01-03T14:01:34.597+0000] {processor.py:157} INFO - Started process (PID=15751) to work on /home/vscode/.local/lib/python3.10/site-packages/airflow/example_dags/example_kubernetes_executor.py
[2026-01-03T14:01:34.598+0000] {processor.py:826} INFO - Processing file /home/vscode/.local/lib/python3.10/site-packages/airflow/example_dags/example_kubernetes_executor.py for tasks to queue
[2026-01-03T14:01:34.598+0000] {logging_mixin.py:150} INFO - [2026-01-03T14:01:34.598+0000] {dagbag.py:541} INFO - Filling up the DagBag from /home/vscode/.local/lib/python3.10/site-packages/airflow/example_dags/example_kubernetes_executor.py
[2026-01-03T14:01:34.601+0000] {logging_mixin.py:150} INFO - [2026-01-03T14:01:34.601+0000] {example_kubernetes_executor.py:41} WARNING - The example_kubernetes_executor example DAG requires the kubernetes provider. Please install it with: pip install apache-airflow[cncf.kubernetes]
[2026-01-03T14:01:34.601+0000] {processor.py:838} WARNING - No viable dags retrieved from /home/vscode/.local/lib/python3.10/site-packages/airflow/example_dags/example_kubernetes_executor.py
[2026-01-03T14:01:34.609+0000] {processor.py:179} INFO - Processing /home/vscode/.local/lib/python3.10/site-packages/airflow/example_dags/example_kubernetes_executor.py took 0.015 seconds
[2026-01-03T14:02:22.276+0000] {processor.py:157} INFO - Started process (PID=16088) to work on /home/vscode/.local/lib/python3.10/site-packages/airflow/example_dags/example_kubernetes_executor.py
[2026-01-03T14:02:22.277+0000] {processor.py:826} INFO - Processing file /home/vscode/.local/lib/python3.10/site-packages/airflow/example_dags/example_kubernetes_executor.py for tasks to queue
[2026-01-03T14:02:22.277+0000] {logging_mixin.py:150} INFO - [2026-01-03T14:02:22.277+0000] {dagbag.py:541} INFO - Filling up the DagBag from /home/vscode/.local/lib/python3.10/site-packages/airflow/example_dags/example_kubernetes_executor.py
[2026-01-03T14:02:22.280+0000] {logging_mixin.py:150} INFO - [2026-01-03T14:02:22.280+0000] {example_kubernetes_executor.py:41} WARNING - The example_kubernetes_executor example DAG requires the kubernetes provider. Please install it with: pip install apache-airflow[cncf.kubernetes]
[2026-01-03T14:02:22.280+0000] {processor.py:838} WARNING - No viable dags retrieved from /home/vscode/.local/lib/python3.10/site-packages/airflow/example_dags/example_kubernetes_executor.py
[2026-01-03T14:02:22.288+0000] {processor.py:179} INFO - Processing /home/vscode/.local/lib/python3.10/site-packages/airflow/example_dags/example_kubernetes_executor.py took 0.015 seconds
[2026-01-03T14:03:04.323+0000] {processor.py:157} INFO - Started process (PID=16580) to work on /home/vscode/.local/lib/python3.10/site-packages/airflow/example_dags/example_kubernetes_executor.py
[2026-01-03T14:03:04.324+0000] {processor.py:826} INFO - Processing file /home/vscode/.local/lib/python3.10/site-packages/airflow/example_dags/example_kubernetes_executor.py for tasks to queue
[2026-01-03T14:03:04.325+0000] {logging_mixin.py:150} INFO - [2026-01-03T14:03:04.325+0000] {dagbag.py:541} INFO - Filling up the DagBag from /home/vscode/.local/lib/python3.10/site-packages/airflow/example_dags/example_kubernetes_executor.py
[2026-01-03T14:03:04.329+0000] {logging_mixin.py:150} INFO - [2026-01-03T14:03:04.329+0000] {example_kubernetes_executor.py:41} WARNING - The example_kubernetes_executor example DAG requires the kubernetes provider. Please install it with: pip install apache-airflow[cncf.kubernetes]
[2026-01-03T14:03:04.329+0000] {processor.py:838} WARNING - No viable dags retrieved from /home/vscode/.local/lib/python3.10/site-packages/airflow/example_dags/example_kubernetes_executor.py
[2026-01-03T14:03:04.340+0000] {processor.py:179} INFO - Processing /home/vscode/.local/lib/python3.10/site-packages/airflow/example_dags/example_kubernetes_executor.py took 0.020 seconds
[2026-01-03T14:03:45.217+0000] {processor.py:157} INFO - Started process (PID=17120) to work on /home/vscode/.local/lib/python3.10/site-packages/airflow/example_dags/example_kubernetes_executor.py
[2026-01-03T14:03:45.217+0000] {processor.py:826} INFO - Processing file /home/vscode/.local/lib/python3.10/site-packages/airflow/example_dags/example_kubernetes_executor.py for tasks to queue
[2026-01-03T14:03:45.218+0000] {logging_mixin.py:150} INFO - [2026-01-03T14:03:45.218+0000] {dagbag.py:541} INFO - Filling up the DagBag from /home/vscode/.local/lib/python3.10/site-packages/airflow/example_dags/example_kubernetes_executor.py
[2026-01-03T14:03:45.221+0000] {logging_mixin.py:150} INFO - [2026-01-03T14:03:45.220+0000] {example_kubernetes_executor.py:41} WARNING - The example_kubernetes_executor example DAG requires the kubernetes provider. Please install it with: pip install apache-airflow[cncf.kubernetes]
[2026-01-03T14:03:45.221+0000] {processor.py:838} WARNING - No viable dags retrieved from /home/vscode/.local/lib/python3.10/site-packages/airflow/example_dags/example_kubernetes_executor.py
[2026-01-03T14:03:45.229+0000] {processor.py:179} INFO - Processing /home/vscode/.local/lib/python3.10/site-packages/airflow/example_dags/example_kubernetes_executor.py took 0.015 seconds
