[2026-01-03T13:49:00.052+0000] {processor.py:157} INFO - Started process (PID=10003) to work on /home/vscode/.local/lib/python3.10/site-packages/airflow/example_dags/example_trigger_controller_dag.py
[2026-01-03T13:49:00.054+0000] {processor.py:826} INFO - Processing file /home/vscode/.local/lib/python3.10/site-packages/airflow/example_dags/example_trigger_controller_dag.py for tasks to queue
[2026-01-03T13:49:00.057+0000] {logging_mixin.py:150} INFO - [2026-01-03T13:49:00.057+0000] {dagbag.py:541} INFO - Filling up the DagBag from /home/vscode/.local/lib/python3.10/site-packages/airflow/example_dags/example_trigger_controller_dag.py
[2026-01-03T13:49:00.068+0000] {processor.py:836} INFO - DAG(s) dict_keys(['example_trigger_controller_dag']) retrieved from /home/vscode/.local/lib/python3.10/site-packages/airflow/example_dags/example_trigger_controller_dag.py
[2026-01-03T13:49:00.244+0000] {logging_mixin.py:150} INFO - [2026-01-03T13:49:00.244+0000] {manager.py:504} INFO - Created Permission View: can delete on DAG:example_trigger_controller_dag
[2026-01-03T13:49:00.263+0000] {logging_mixin.py:150} INFO - [2026-01-03T13:49:00.263+0000] {manager.py:504} INFO - Created Permission View: can read on DAG:example_trigger_controller_dag
[2026-01-03T13:49:00.270+0000] {logging_mixin.py:150} INFO - [2026-01-03T13:49:00.270+0000] {manager.py:504} INFO - Created Permission View: can edit on DAG:example_trigger_controller_dag
[2026-01-03T13:49:00.285+0000] {logging_mixin.py:150} INFO - [2026-01-03T13:49:00.285+0000] {dag.py:2742} INFO - Sync 1 DAGs
[2026-01-03T13:49:00.295+0000] {logging_mixin.py:150} INFO - [2026-01-03T13:49:00.295+0000] {dag.py:2763} INFO - Creating ORM DAG for example_trigger_controller_dag
[2026-01-03T13:49:00.302+0000] {logging_mixin.py:150} INFO - [2026-01-03T13:49:00.302+0000] {dag.py:3504} INFO - Setting next_dagrun for example_trigger_controller_dag to 2021-01-01T00:00:00+00:00, run_after=2021-01-01T00:00:00+00:00
[2026-01-03T13:49:00.317+0000] {processor.py:179} INFO - Processing /home/vscode/.local/lib/python3.10/site-packages/airflow/example_dags/example_trigger_controller_dag.py took 0.268 seconds
[2026-01-03T13:49:46.791+0000] {processor.py:157} INFO - Started process (PID=10379) to work on /home/vscode/.local/lib/python3.10/site-packages/airflow/example_dags/example_trigger_controller_dag.py
[2026-01-03T13:49:46.792+0000] {processor.py:826} INFO - Processing file /home/vscode/.local/lib/python3.10/site-packages/airflow/example_dags/example_trigger_controller_dag.py for tasks to queue
[2026-01-03T13:49:46.793+0000] {logging_mixin.py:150} INFO - [2026-01-03T13:49:46.793+0000] {dagbag.py:541} INFO - Filling up the DagBag from /home/vscode/.local/lib/python3.10/site-packages/airflow/example_dags/example_trigger_controller_dag.py
[2026-01-03T13:49:46.797+0000] {processor.py:836} INFO - DAG(s) dict_keys(['example_trigger_controller_dag']) retrieved from /home/vscode/.local/lib/python3.10/site-packages/airflow/example_dags/example_trigger_controller_dag.py
[2026-01-03T13:49:46.811+0000] {logging_mixin.py:150} INFO - [2026-01-03T13:49:46.811+0000] {dag.py:2742} INFO - Sync 1 DAGs
[2026-01-03T13:49:46.826+0000] {logging_mixin.py:150} INFO - [2026-01-03T13:49:46.826+0000] {dag.py:3504} INFO - Setting next_dagrun for example_trigger_controller_dag to 2021-01-01T00:00:00+00:00, run_after=2021-01-01T00:00:00+00:00
[2026-01-03T13:49:46.841+0000] {processor.py:179} INFO - Processing /home/vscode/.local/lib/python3.10/site-packages/airflow/example_dags/example_trigger_controller_dag.py took 0.052 seconds
[2026-01-03T13:50:31.002+0000] {processor.py:157} INFO - Started process (PID=10708) to work on /home/vscode/.local/lib/python3.10/site-packages/airflow/example_dags/example_trigger_controller_dag.py
[2026-01-03T13:50:31.003+0000] {processor.py:826} INFO - Processing file /home/vscode/.local/lib/python3.10/site-packages/airflow/example_dags/example_trigger_controller_dag.py for tasks to queue
[2026-01-03T13:50:31.004+0000] {logging_mixin.py:150} INFO - [2026-01-03T13:50:31.003+0000] {dagbag.py:541} INFO - Filling up the DagBag from /home/vscode/.local/lib/python3.10/site-packages/airflow/example_dags/example_trigger_controller_dag.py
[2026-01-03T13:50:31.008+0000] {processor.py:836} INFO - DAG(s) dict_keys(['example_trigger_controller_dag']) retrieved from /home/vscode/.local/lib/python3.10/site-packages/airflow/example_dags/example_trigger_controller_dag.py
[2026-01-03T13:50:31.023+0000] {logging_mixin.py:150} INFO - [2026-01-03T13:50:31.023+0000] {dag.py:2742} INFO - Sync 1 DAGs
[2026-01-03T13:50:31.038+0000] {logging_mixin.py:150} INFO - [2026-01-03T13:50:31.037+0000] {dag.py:3504} INFO - Setting next_dagrun for example_trigger_controller_dag to 2021-01-01T00:00:00+00:00, run_after=2021-01-01T00:00:00+00:00
[2026-01-03T13:50:31.056+0000] {processor.py:179} INFO - Processing /home/vscode/.local/lib/python3.10/site-packages/airflow/example_dags/example_trigger_controller_dag.py took 0.057 seconds
[2026-01-03T13:51:14.256+0000] {processor.py:157} INFO - Started process (PID=11021) to work on /home/vscode/.local/lib/python3.10/site-packages/airflow/example_dags/example_trigger_controller_dag.py
[2026-01-03T13:51:14.257+0000] {processor.py:826} INFO - Processing file /home/vscode/.local/lib/python3.10/site-packages/airflow/example_dags/example_trigger_controller_dag.py for tasks to queue
[2026-01-03T13:51:14.258+0000] {logging_mixin.py:150} INFO - [2026-01-03T13:51:14.258+0000] {dagbag.py:541} INFO - Filling up the DagBag from /home/vscode/.local/lib/python3.10/site-packages/airflow/example_dags/example_trigger_controller_dag.py
[2026-01-03T13:51:14.262+0000] {processor.py:836} INFO - DAG(s) dict_keys(['example_trigger_controller_dag']) retrieved from /home/vscode/.local/lib/python3.10/site-packages/airflow/example_dags/example_trigger_controller_dag.py
[2026-01-03T13:51:14.276+0000] {logging_mixin.py:150} INFO - [2026-01-03T13:51:14.276+0000] {dag.py:2742} INFO - Sync 1 DAGs
[2026-01-03T13:51:14.292+0000] {logging_mixin.py:150} INFO - [2026-01-03T13:51:14.292+0000] {dag.py:3504} INFO - Setting next_dagrun for example_trigger_controller_dag to 2021-01-01T00:00:00+00:00, run_after=2021-01-01T00:00:00+00:00
[2026-01-03T13:51:14.308+0000] {processor.py:179} INFO - Processing /home/vscode/.local/lib/python3.10/site-packages/airflow/example_dags/example_trigger_controller_dag.py took 0.054 seconds
[2026-01-03T13:51:57.583+0000] {processor.py:157} INFO - Started process (PID=11343) to work on /home/vscode/.local/lib/python3.10/site-packages/airflow/example_dags/example_trigger_controller_dag.py
[2026-01-03T13:51:57.584+0000] {processor.py:826} INFO - Processing file /home/vscode/.local/lib/python3.10/site-packages/airflow/example_dags/example_trigger_controller_dag.py for tasks to queue
[2026-01-03T13:51:57.584+0000] {logging_mixin.py:150} INFO - [2026-01-03T13:51:57.584+0000] {dagbag.py:541} INFO - Filling up the DagBag from /home/vscode/.local/lib/python3.10/site-packages/airflow/example_dags/example_trigger_controller_dag.py
[2026-01-03T13:51:57.589+0000] {processor.py:836} INFO - DAG(s) dict_keys(['example_trigger_controller_dag']) retrieved from /home/vscode/.local/lib/python3.10/site-packages/airflow/example_dags/example_trigger_controller_dag.py
[2026-01-03T13:51:57.603+0000] {logging_mixin.py:150} INFO - [2026-01-03T13:51:57.602+0000] {dag.py:2742} INFO - Sync 1 DAGs
[2026-01-03T13:51:57.618+0000] {logging_mixin.py:150} INFO - [2026-01-03T13:51:57.617+0000] {dag.py:3504} INFO - Setting next_dagrun for example_trigger_controller_dag to 2021-01-01T00:00:00+00:00, run_after=2021-01-01T00:00:00+00:00
[2026-01-03T13:51:57.634+0000] {processor.py:179} INFO - Processing /home/vscode/.local/lib/python3.10/site-packages/airflow/example_dags/example_trigger_controller_dag.py took 0.053 seconds
[2026-01-03T13:52:40.396+0000] {processor.py:157} INFO - Started process (PID=11631) to work on /home/vscode/.local/lib/python3.10/site-packages/airflow/example_dags/example_trigger_controller_dag.py
[2026-01-03T13:52:40.397+0000] {processor.py:826} INFO - Processing file /home/vscode/.local/lib/python3.10/site-packages/airflow/example_dags/example_trigger_controller_dag.py for tasks to queue
[2026-01-03T13:52:40.398+0000] {logging_mixin.py:150} INFO - [2026-01-03T13:52:40.397+0000] {dagbag.py:541} INFO - Filling up the DagBag from /home/vscode/.local/lib/python3.10/site-packages/airflow/example_dags/example_trigger_controller_dag.py
[2026-01-03T13:52:40.402+0000] {processor.py:836} INFO - DAG(s) dict_keys(['example_trigger_controller_dag']) retrieved from /home/vscode/.local/lib/python3.10/site-packages/airflow/example_dags/example_trigger_controller_dag.py
[2026-01-03T13:52:40.421+0000] {logging_mixin.py:150} INFO - [2026-01-03T13:52:40.421+0000] {dag.py:2742} INFO - Sync 1 DAGs
[2026-01-03T13:52:40.448+0000] {logging_mixin.py:150} INFO - [2026-01-03T13:52:40.447+0000] {dag.py:3504} INFO - Setting next_dagrun for example_trigger_controller_dag to 2021-01-01T00:00:00+00:00, run_after=2021-01-01T00:00:00+00:00
[2026-01-03T13:52:40.476+0000] {processor.py:179} INFO - Processing /home/vscode/.local/lib/python3.10/site-packages/airflow/example_dags/example_trigger_controller_dag.py took 0.083 seconds
[2026-01-03T13:53:22.753+0000] {processor.py:157} INFO - Started process (PID=11954) to work on /home/vscode/.local/lib/python3.10/site-packages/airflow/example_dags/example_trigger_controller_dag.py
[2026-01-03T13:53:22.758+0000] {processor.py:826} INFO - Processing file /home/vscode/.local/lib/python3.10/site-packages/airflow/example_dags/example_trigger_controller_dag.py for tasks to queue
[2026-01-03T13:53:22.759+0000] {logging_mixin.py:150} INFO - [2026-01-03T13:53:22.759+0000] {dagbag.py:541} INFO - Filling up the DagBag from /home/vscode/.local/lib/python3.10/site-packages/airflow/example_dags/example_trigger_controller_dag.py
[2026-01-03T13:53:22.765+0000] {processor.py:836} INFO - DAG(s) dict_keys(['example_trigger_controller_dag']) retrieved from /home/vscode/.local/lib/python3.10/site-packages/airflow/example_dags/example_trigger_controller_dag.py
[2026-01-03T13:53:22.783+0000] {logging_mixin.py:150} INFO - [2026-01-03T13:53:22.783+0000] {dag.py:2742} INFO - Sync 1 DAGs
[2026-01-03T13:53:22.808+0000] {logging_mixin.py:150} INFO - [2026-01-03T13:53:22.808+0000] {dag.py:3504} INFO - Setting next_dagrun for example_trigger_controller_dag to 2021-01-01T00:00:00+00:00, run_after=2021-01-01T00:00:00+00:00
[2026-01-03T13:53:22.843+0000] {processor.py:179} INFO - Processing /home/vscode/.local/lib/python3.10/site-packages/airflow/example_dags/example_trigger_controller_dag.py took 0.101 seconds
[2026-01-03T13:54:04.997+0000] {processor.py:157} INFO - Started process (PID=12310) to work on /home/vscode/.local/lib/python3.10/site-packages/airflow/example_dags/example_trigger_controller_dag.py
[2026-01-03T13:54:04.998+0000] {processor.py:826} INFO - Processing file /home/vscode/.local/lib/python3.10/site-packages/airflow/example_dags/example_trigger_controller_dag.py for tasks to queue
[2026-01-03T13:54:04.999+0000] {logging_mixin.py:150} INFO - [2026-01-03T13:54:04.998+0000] {dagbag.py:541} INFO - Filling up the DagBag from /home/vscode/.local/lib/python3.10/site-packages/airflow/example_dags/example_trigger_controller_dag.py
[2026-01-03T13:54:05.003+0000] {processor.py:836} INFO - DAG(s) dict_keys(['example_trigger_controller_dag']) retrieved from /home/vscode/.local/lib/python3.10/site-packages/airflow/example_dags/example_trigger_controller_dag.py
[2026-01-03T13:54:05.017+0000] {logging_mixin.py:150} INFO - [2026-01-03T13:54:05.017+0000] {dag.py:2742} INFO - Sync 1 DAGs
[2026-01-03T13:54:05.036+0000] {logging_mixin.py:150} INFO - [2026-01-03T13:54:05.036+0000] {dag.py:3504} INFO - Setting next_dagrun for example_trigger_controller_dag to 2021-01-01T00:00:00+00:00, run_after=2021-01-01T00:00:00+00:00
[2026-01-03T13:54:05.058+0000] {processor.py:179} INFO - Processing /home/vscode/.local/lib/python3.10/site-packages/airflow/example_dags/example_trigger_controller_dag.py took 0.063 seconds
[2026-01-03T13:54:44.218+0000] {processor.py:157} INFO - Started process (PID=12619) to work on /home/vscode/.local/lib/python3.10/site-packages/airflow/example_dags/example_trigger_controller_dag.py
[2026-01-03T13:54:44.219+0000] {processor.py:826} INFO - Processing file /home/vscode/.local/lib/python3.10/site-packages/airflow/example_dags/example_trigger_controller_dag.py for tasks to queue
[2026-01-03T13:54:44.220+0000] {logging_mixin.py:150} INFO - [2026-01-03T13:54:44.220+0000] {dagbag.py:541} INFO - Filling up the DagBag from /home/vscode/.local/lib/python3.10/site-packages/airflow/example_dags/example_trigger_controller_dag.py
[2026-01-03T13:54:44.224+0000] {processor.py:836} INFO - DAG(s) dict_keys(['example_trigger_controller_dag']) retrieved from /home/vscode/.local/lib/python3.10/site-packages/airflow/example_dags/example_trigger_controller_dag.py
[2026-01-03T13:54:44.238+0000] {logging_mixin.py:150} INFO - [2026-01-03T13:54:44.238+0000] {dag.py:2742} INFO - Sync 1 DAGs
[2026-01-03T13:54:44.253+0000] {logging_mixin.py:150} INFO - [2026-01-03T13:54:44.253+0000] {dag.py:3504} INFO - Setting next_dagrun for example_trigger_controller_dag to 2021-01-01T00:00:00+00:00, run_after=2021-01-01T00:00:00+00:00
[2026-01-03T13:54:44.268+0000] {processor.py:179} INFO - Processing /home/vscode/.local/lib/python3.10/site-packages/airflow/example_dags/example_trigger_controller_dag.py took 0.052 seconds
[2026-01-03T13:55:28.303+0000] {processor.py:157} INFO - Started process (PID=12948) to work on /home/vscode/.local/lib/python3.10/site-packages/airflow/example_dags/example_trigger_controller_dag.py
[2026-01-03T13:55:28.303+0000] {processor.py:826} INFO - Processing file /home/vscode/.local/lib/python3.10/site-packages/airflow/example_dags/example_trigger_controller_dag.py for tasks to queue
[2026-01-03T13:55:28.304+0000] {logging_mixin.py:150} INFO - [2026-01-03T13:55:28.304+0000] {dagbag.py:541} INFO - Filling up the DagBag from /home/vscode/.local/lib/python3.10/site-packages/airflow/example_dags/example_trigger_controller_dag.py
[2026-01-03T13:55:28.308+0000] {processor.py:836} INFO - DAG(s) dict_keys(['example_trigger_controller_dag']) retrieved from /home/vscode/.local/lib/python3.10/site-packages/airflow/example_dags/example_trigger_controller_dag.py
[2026-01-03T13:55:28.323+0000] {logging_mixin.py:150} INFO - [2026-01-03T13:55:28.323+0000] {dag.py:2742} INFO - Sync 1 DAGs
[2026-01-03T13:55:28.338+0000] {logging_mixin.py:150} INFO - [2026-01-03T13:55:28.337+0000] {dag.py:3504} INFO - Setting next_dagrun for example_trigger_controller_dag to 2021-01-01T00:00:00+00:00, run_after=2021-01-01T00:00:00+00:00
[2026-01-03T13:55:28.353+0000] {processor.py:179} INFO - Processing /home/vscode/.local/lib/python3.10/site-packages/airflow/example_dags/example_trigger_controller_dag.py took 0.053 seconds
[2026-01-03T13:56:11.069+0000] {processor.py:157} INFO - Started process (PID=13489) to work on /home/vscode/.local/lib/python3.10/site-packages/airflow/example_dags/example_trigger_controller_dag.py
[2026-01-03T13:56:11.070+0000] {processor.py:826} INFO - Processing file /home/vscode/.local/lib/python3.10/site-packages/airflow/example_dags/example_trigger_controller_dag.py for tasks to queue
[2026-01-03T13:56:11.070+0000] {logging_mixin.py:150} INFO - [2026-01-03T13:56:11.070+0000] {dagbag.py:541} INFO - Filling up the DagBag from /home/vscode/.local/lib/python3.10/site-packages/airflow/example_dags/example_trigger_controller_dag.py
[2026-01-03T13:56:11.074+0000] {processor.py:836} INFO - DAG(s) dict_keys(['example_trigger_controller_dag']) retrieved from /home/vscode/.local/lib/python3.10/site-packages/airflow/example_dags/example_trigger_controller_dag.py
[2026-01-03T13:56:11.089+0000] {logging_mixin.py:150} INFO - [2026-01-03T13:56:11.089+0000] {dag.py:2742} INFO - Sync 1 DAGs
[2026-01-03T13:56:11.106+0000] {logging_mixin.py:150} INFO - [2026-01-03T13:56:11.105+0000] {dag.py:3504} INFO - Setting next_dagrun for example_trigger_controller_dag to 2021-01-01T00:00:00+00:00, run_after=2021-01-01T00:00:00+00:00
[2026-01-03T13:56:11.121+0000] {processor.py:179} INFO - Processing /home/vscode/.local/lib/python3.10/site-packages/airflow/example_dags/example_trigger_controller_dag.py took 0.055 seconds
[2026-01-03T13:56:54.443+0000] {processor.py:157} INFO - Started process (PID=13833) to work on /home/vscode/.local/lib/python3.10/site-packages/airflow/example_dags/example_trigger_controller_dag.py
[2026-01-03T13:56:54.444+0000] {processor.py:826} INFO - Processing file /home/vscode/.local/lib/python3.10/site-packages/airflow/example_dags/example_trigger_controller_dag.py for tasks to queue
[2026-01-03T13:56:54.445+0000] {logging_mixin.py:150} INFO - [2026-01-03T13:56:54.444+0000] {dagbag.py:541} INFO - Filling up the DagBag from /home/vscode/.local/lib/python3.10/site-packages/airflow/example_dags/example_trigger_controller_dag.py
[2026-01-03T13:56:54.449+0000] {processor.py:836} INFO - DAG(s) dict_keys(['example_trigger_controller_dag']) retrieved from /home/vscode/.local/lib/python3.10/site-packages/airflow/example_dags/example_trigger_controller_dag.py
[2026-01-03T13:56:54.462+0000] {logging_mixin.py:150} INFO - [2026-01-03T13:56:54.462+0000] {dag.py:2742} INFO - Sync 1 DAGs
[2026-01-03T13:56:54.479+0000] {logging_mixin.py:150} INFO - [2026-01-03T13:56:54.479+0000] {dag.py:3504} INFO - Setting next_dagrun for example_trigger_controller_dag to 2021-01-01T00:00:00+00:00, run_after=2021-01-01T00:00:00+00:00
[2026-01-03T13:56:54.498+0000] {processor.py:179} INFO - Processing /home/vscode/.local/lib/python3.10/site-packages/airflow/example_dags/example_trigger_controller_dag.py took 0.057 seconds
[2026-01-03T13:57:40.971+0000] {processor.py:157} INFO - Started process (PID=14147) to work on /home/vscode/.local/lib/python3.10/site-packages/airflow/example_dags/example_trigger_controller_dag.py
[2026-01-03T13:57:40.972+0000] {processor.py:826} INFO - Processing file /home/vscode/.local/lib/python3.10/site-packages/airflow/example_dags/example_trigger_controller_dag.py for tasks to queue
[2026-01-03T13:57:40.973+0000] {logging_mixin.py:150} INFO - [2026-01-03T13:57:40.972+0000] {dagbag.py:541} INFO - Filling up the DagBag from /home/vscode/.local/lib/python3.10/site-packages/airflow/example_dags/example_trigger_controller_dag.py
[2026-01-03T13:57:40.977+0000] {processor.py:836} INFO - DAG(s) dict_keys(['example_trigger_controller_dag']) retrieved from /home/vscode/.local/lib/python3.10/site-packages/airflow/example_dags/example_trigger_controller_dag.py
[2026-01-03T13:57:40.992+0000] {logging_mixin.py:150} INFO - [2026-01-03T13:57:40.992+0000] {dag.py:2742} INFO - Sync 1 DAGs
[2026-01-03T13:57:41.008+0000] {logging_mixin.py:150} INFO - [2026-01-03T13:57:41.008+0000] {dag.py:3504} INFO - Setting next_dagrun for example_trigger_controller_dag to 2021-01-01T00:00:00+00:00, run_after=2021-01-01T00:00:00+00:00
[2026-01-03T13:57:41.023+0000] {processor.py:179} INFO - Processing /home/vscode/.local/lib/python3.10/site-packages/airflow/example_dags/example_trigger_controller_dag.py took 0.055 seconds
[2026-01-03T13:58:21.483+0000] {processor.py:157} INFO - Started process (PID=14416) to work on /home/vscode/.local/lib/python3.10/site-packages/airflow/example_dags/example_trigger_controller_dag.py
[2026-01-03T13:58:21.484+0000] {processor.py:826} INFO - Processing file /home/vscode/.local/lib/python3.10/site-packages/airflow/example_dags/example_trigger_controller_dag.py for tasks to queue
[2026-01-03T13:58:21.485+0000] {logging_mixin.py:150} INFO - [2026-01-03T13:58:21.485+0000] {dagbag.py:541} INFO - Filling up the DagBag from /home/vscode/.local/lib/python3.10/site-packages/airflow/example_dags/example_trigger_controller_dag.py
[2026-01-03T13:58:21.489+0000] {processor.py:836} INFO - DAG(s) dict_keys(['example_trigger_controller_dag']) retrieved from /home/vscode/.local/lib/python3.10/site-packages/airflow/example_dags/example_trigger_controller_dag.py
[2026-01-03T13:58:21.502+0000] {logging_mixin.py:150} INFO - [2026-01-03T13:58:21.502+0000] {dag.py:2742} INFO - Sync 1 DAGs
[2026-01-03T13:58:21.520+0000] {logging_mixin.py:150} INFO - [2026-01-03T13:58:21.520+0000] {dag.py:3504} INFO - Setting next_dagrun for example_trigger_controller_dag to 2021-01-01T00:00:00+00:00, run_after=2021-01-01T00:00:00+00:00
[2026-01-03T13:58:21.537+0000] {processor.py:179} INFO - Processing /home/vscode/.local/lib/python3.10/site-packages/airflow/example_dags/example_trigger_controller_dag.py took 0.056 seconds
[2026-01-03T13:59:03.154+0000] {processor.py:157} INFO - Started process (PID=14724) to work on /home/vscode/.local/lib/python3.10/site-packages/airflow/example_dags/example_trigger_controller_dag.py
[2026-01-03T13:59:03.155+0000] {processor.py:826} INFO - Processing file /home/vscode/.local/lib/python3.10/site-packages/airflow/example_dags/example_trigger_controller_dag.py for tasks to queue
[2026-01-03T13:59:03.156+0000] {logging_mixin.py:150} INFO - [2026-01-03T13:59:03.156+0000] {dagbag.py:541} INFO - Filling up the DagBag from /home/vscode/.local/lib/python3.10/site-packages/airflow/example_dags/example_trigger_controller_dag.py
[2026-01-03T13:59:03.162+0000] {processor.py:836} INFO - DAG(s) dict_keys(['example_trigger_controller_dag']) retrieved from /home/vscode/.local/lib/python3.10/site-packages/airflow/example_dags/example_trigger_controller_dag.py
[2026-01-03T13:59:03.180+0000] {logging_mixin.py:150} INFO - [2026-01-03T13:59:03.180+0000] {dag.py:2742} INFO - Sync 1 DAGs
[2026-01-03T13:59:03.202+0000] {logging_mixin.py:150} INFO - [2026-01-03T13:59:03.201+0000] {dag.py:3504} INFO - Setting next_dagrun for example_trigger_controller_dag to 2021-01-01T00:00:00+00:00, run_after=2021-01-01T00:00:00+00:00
[2026-01-03T13:59:03.219+0000] {processor.py:179} INFO - Processing /home/vscode/.local/lib/python3.10/site-packages/airflow/example_dags/example_trigger_controller_dag.py took 0.068 seconds
[2026-01-03T13:59:49.677+0000] {processor.py:157} INFO - Started process (PID=15035) to work on /home/vscode/.local/lib/python3.10/site-packages/airflow/example_dags/example_trigger_controller_dag.py
[2026-01-03T13:59:49.678+0000] {processor.py:826} INFO - Processing file /home/vscode/.local/lib/python3.10/site-packages/airflow/example_dags/example_trigger_controller_dag.py for tasks to queue
[2026-01-03T13:59:49.679+0000] {logging_mixin.py:150} INFO - [2026-01-03T13:59:49.679+0000] {dagbag.py:541} INFO - Filling up the DagBag from /home/vscode/.local/lib/python3.10/site-packages/airflow/example_dags/example_trigger_controller_dag.py
[2026-01-03T13:59:49.684+0000] {processor.py:836} INFO - DAG(s) dict_keys(['example_trigger_controller_dag']) retrieved from /home/vscode/.local/lib/python3.10/site-packages/airflow/example_dags/example_trigger_controller_dag.py
[2026-01-03T13:59:49.702+0000] {logging_mixin.py:150} INFO - [2026-01-03T13:59:49.702+0000] {dag.py:2742} INFO - Sync 1 DAGs
[2026-01-03T13:59:49.716+0000] {logging_mixin.py:150} INFO - [2026-01-03T13:59:49.716+0000] {dag.py:3504} INFO - Setting next_dagrun for example_trigger_controller_dag to 2021-01-01T00:00:00+00:00, run_after=2021-01-01T00:00:00+00:00
[2026-01-03T13:59:49.731+0000] {processor.py:179} INFO - Processing /home/vscode/.local/lib/python3.10/site-packages/airflow/example_dags/example_trigger_controller_dag.py took 0.058 seconds
[2026-01-03T14:00:33.212+0000] {processor.py:157} INFO - Started process (PID=15322) to work on /home/vscode/.local/lib/python3.10/site-packages/airflow/example_dags/example_trigger_controller_dag.py
[2026-01-03T14:00:33.213+0000] {processor.py:826} INFO - Processing file /home/vscode/.local/lib/python3.10/site-packages/airflow/example_dags/example_trigger_controller_dag.py for tasks to queue
[2026-01-03T14:00:33.213+0000] {logging_mixin.py:150} INFO - [2026-01-03T14:00:33.213+0000] {dagbag.py:541} INFO - Filling up the DagBag from /home/vscode/.local/lib/python3.10/site-packages/airflow/example_dags/example_trigger_controller_dag.py
[2026-01-03T14:00:33.217+0000] {processor.py:836} INFO - DAG(s) dict_keys(['example_trigger_controller_dag']) retrieved from /home/vscode/.local/lib/python3.10/site-packages/airflow/example_dags/example_trigger_controller_dag.py
[2026-01-03T14:00:33.232+0000] {logging_mixin.py:150} INFO - [2026-01-03T14:00:33.232+0000] {dag.py:2742} INFO - Sync 1 DAGs
[2026-01-03T14:00:33.248+0000] {logging_mixin.py:150} INFO - [2026-01-03T14:00:33.248+0000] {dag.py:3504} INFO - Setting next_dagrun for example_trigger_controller_dag to 2021-01-01T00:00:00+00:00, run_after=2021-01-01T00:00:00+00:00
[2026-01-03T14:00:33.266+0000] {processor.py:179} INFO - Processing /home/vscode/.local/lib/python3.10/site-packages/airflow/example_dags/example_trigger_controller_dag.py took 0.057 seconds
[2026-01-03T14:01:13.443+0000] {processor.py:157} INFO - Started process (PID=15591) to work on /home/vscode/.local/lib/python3.10/site-packages/airflow/example_dags/example_trigger_controller_dag.py
[2026-01-03T14:01:13.444+0000] {processor.py:826} INFO - Processing file /home/vscode/.local/lib/python3.10/site-packages/airflow/example_dags/example_trigger_controller_dag.py for tasks to queue
[2026-01-03T14:01:13.445+0000] {logging_mixin.py:150} INFO - [2026-01-03T14:01:13.444+0000] {dagbag.py:541} INFO - Filling up the DagBag from /home/vscode/.local/lib/python3.10/site-packages/airflow/example_dags/example_trigger_controller_dag.py
[2026-01-03T14:01:13.448+0000] {processor.py:836} INFO - DAG(s) dict_keys(['example_trigger_controller_dag']) retrieved from /home/vscode/.local/lib/python3.10/site-packages/airflow/example_dags/example_trigger_controller_dag.py
[2026-01-03T14:01:13.462+0000] {logging_mixin.py:150} INFO - [2026-01-03T14:01:13.462+0000] {dag.py:2742} INFO - Sync 1 DAGs
[2026-01-03T14:01:13.477+0000] {logging_mixin.py:150} INFO - [2026-01-03T14:01:13.476+0000] {dag.py:3504} INFO - Setting next_dagrun for example_trigger_controller_dag to 2021-01-01T00:00:00+00:00, run_after=2021-01-01T00:00:00+00:00
[2026-01-03T14:01:13.492+0000] {processor.py:179} INFO - Processing /home/vscode/.local/lib/python3.10/site-packages/airflow/example_dags/example_trigger_controller_dag.py took 0.052 seconds
[2026-01-03T14:01:55.213+0000] {processor.py:157} INFO - Started process (PID=15908) to work on /home/vscode/.local/lib/python3.10/site-packages/airflow/example_dags/example_trigger_controller_dag.py
[2026-01-03T14:01:55.214+0000] {processor.py:826} INFO - Processing file /home/vscode/.local/lib/python3.10/site-packages/airflow/example_dags/example_trigger_controller_dag.py for tasks to queue
[2026-01-03T14:01:55.215+0000] {logging_mixin.py:150} INFO - [2026-01-03T14:01:55.215+0000] {dagbag.py:541} INFO - Filling up the DagBag from /home/vscode/.local/lib/python3.10/site-packages/airflow/example_dags/example_trigger_controller_dag.py
[2026-01-03T14:01:55.218+0000] {processor.py:836} INFO - DAG(s) dict_keys(['example_trigger_controller_dag']) retrieved from /home/vscode/.local/lib/python3.10/site-packages/airflow/example_dags/example_trigger_controller_dag.py
[2026-01-03T14:01:55.231+0000] {logging_mixin.py:150} INFO - [2026-01-03T14:01:55.231+0000] {dag.py:2742} INFO - Sync 1 DAGs
[2026-01-03T14:01:55.246+0000] {logging_mixin.py:150} INFO - [2026-01-03T14:01:55.246+0000] {dag.py:3504} INFO - Setting next_dagrun for example_trigger_controller_dag to 2021-01-01T00:00:00+00:00, run_after=2021-01-01T00:00:00+00:00
[2026-01-03T14:01:55.260+0000] {processor.py:179} INFO - Processing /home/vscode/.local/lib/python3.10/site-packages/airflow/example_dags/example_trigger_controller_dag.py took 0.050 seconds
[2026-01-03T14:02:32.092+0000] {processor.py:157} INFO - Started process (PID=16155) to work on /home/vscode/.local/lib/python3.10/site-packages/airflow/example_dags/example_trigger_controller_dag.py
[2026-01-03T14:02:32.093+0000] {processor.py:826} INFO - Processing file /home/vscode/.local/lib/python3.10/site-packages/airflow/example_dags/example_trigger_controller_dag.py for tasks to queue
[2026-01-03T14:02:32.093+0000] {logging_mixin.py:150} INFO - [2026-01-03T14:02:32.093+0000] {dagbag.py:541} INFO - Filling up the DagBag from /home/vscode/.local/lib/python3.10/site-packages/airflow/example_dags/example_trigger_controller_dag.py
[2026-01-03T14:02:32.097+0000] {processor.py:836} INFO - DAG(s) dict_keys(['example_trigger_controller_dag']) retrieved from /home/vscode/.local/lib/python3.10/site-packages/airflow/example_dags/example_trigger_controller_dag.py
[2026-01-03T14:02:32.111+0000] {logging_mixin.py:150} INFO - [2026-01-03T14:02:32.111+0000] {dag.py:2742} INFO - Sync 1 DAGs
[2026-01-03T14:02:32.131+0000] {logging_mixin.py:150} INFO - [2026-01-03T14:02:32.131+0000] {dag.py:3504} INFO - Setting next_dagrun for example_trigger_controller_dag to 2021-01-01T00:00:00+00:00, run_after=2021-01-01T00:00:00+00:00
[2026-01-03T14:02:32.153+0000] {processor.py:179} INFO - Processing /home/vscode/.local/lib/python3.10/site-packages/airflow/example_dags/example_trigger_controller_dag.py took 0.064 seconds
[2026-01-03T14:03:11.584+0000] {processor.py:157} INFO - Started process (PID=16674) to work on /home/vscode/.local/lib/python3.10/site-packages/airflow/example_dags/example_trigger_controller_dag.py
[2026-01-03T14:03:11.585+0000] {processor.py:826} INFO - Processing file /home/vscode/.local/lib/python3.10/site-packages/airflow/example_dags/example_trigger_controller_dag.py for tasks to queue
[2026-01-03T14:03:11.586+0000] {logging_mixin.py:150} INFO - [2026-01-03T14:03:11.586+0000] {dagbag.py:541} INFO - Filling up the DagBag from /home/vscode/.local/lib/python3.10/site-packages/airflow/example_dags/example_trigger_controller_dag.py
[2026-01-03T14:03:11.591+0000] {processor.py:836} INFO - DAG(s) dict_keys(['example_trigger_controller_dag']) retrieved from /home/vscode/.local/lib/python3.10/site-packages/airflow/example_dags/example_trigger_controller_dag.py
[2026-01-03T14:03:11.610+0000] {logging_mixin.py:150} INFO - [2026-01-03T14:03:11.610+0000] {dag.py:2742} INFO - Sync 1 DAGs
[2026-01-03T14:03:11.632+0000] {logging_mixin.py:150} INFO - [2026-01-03T14:03:11.632+0000] {dag.py:3504} INFO - Setting next_dagrun for example_trigger_controller_dag to 2021-01-01T00:00:00+00:00, run_after=2021-01-01T00:00:00+00:00
[2026-01-03T14:03:11.653+0000] {processor.py:179} INFO - Processing /home/vscode/.local/lib/python3.10/site-packages/airflow/example_dags/example_trigger_controller_dag.py took 0.072 seconds
[2026-01-03T14:03:56.961+0000] {processor.py:157} INFO - Started process (PID=17267) to work on /home/vscode/.local/lib/python3.10/site-packages/airflow/example_dags/example_trigger_controller_dag.py
[2026-01-03T14:03:56.962+0000] {processor.py:826} INFO - Processing file /home/vscode/.local/lib/python3.10/site-packages/airflow/example_dags/example_trigger_controller_dag.py for tasks to queue
[2026-01-03T14:03:56.962+0000] {logging_mixin.py:150} INFO - [2026-01-03T14:03:56.962+0000] {dagbag.py:541} INFO - Filling up the DagBag from /home/vscode/.local/lib/python3.10/site-packages/airflow/example_dags/example_trigger_controller_dag.py
[2026-01-03T14:03:56.966+0000] {processor.py:836} INFO - DAG(s) dict_keys(['example_trigger_controller_dag']) retrieved from /home/vscode/.local/lib/python3.10/site-packages/airflow/example_dags/example_trigger_controller_dag.py
[2026-01-03T14:03:56.980+0000] {logging_mixin.py:150} INFO - [2026-01-03T14:03:56.979+0000] {dag.py:2742} INFO - Sync 1 DAGs
[2026-01-03T14:03:56.994+0000] {logging_mixin.py:150} INFO - [2026-01-03T14:03:56.993+0000] {dag.py:3504} INFO - Setting next_dagrun for example_trigger_controller_dag to 2021-01-01T00:00:00+00:00, run_after=2021-01-01T00:00:00+00:00
[2026-01-03T14:03:57.010+0000] {processor.py:179} INFO - Processing /home/vscode/.local/lib/python3.10/site-packages/airflow/example_dags/example_trigger_controller_dag.py took 0.051 seconds
