[2026-01-03T13:48:52.503+0000] {processor.py:157} INFO - Started process (PID=9945) to work on /home/vscode/.local/lib/python3.10/site-packages/airflow/example_dags/tutorial_taskflow_api.py
[2026-01-03T13:48:52.504+0000] {processor.py:826} INFO - Processing file /home/vscode/.local/lib/python3.10/site-packages/airflow/example_dags/tutorial_taskflow_api.py for tasks to queue
[2026-01-03T13:48:52.504+0000] {logging_mixin.py:150} INFO - [2026-01-03T13:48:52.504+0000] {dagbag.py:541} INFO - Filling up the DagBag from /home/vscode/.local/lib/python3.10/site-packages/airflow/example_dags/tutorial_taskflow_api.py
[2026-01-03T13:48:52.511+0000] {processor.py:836} INFO - DAG(s) dict_keys(['tutorial_taskflow_api']) retrieved from /home/vscode/.local/lib/python3.10/site-packages/airflow/example_dags/tutorial_taskflow_api.py
[2026-01-03T13:48:52.586+0000] {logging_mixin.py:150} INFO - [2026-01-03T13:48:52.586+0000] {manager.py:504} INFO - Created Permission View: can delete on DAG:tutorial_taskflow_api
[2026-01-03T13:48:52.594+0000] {logging_mixin.py:150} INFO - [2026-01-03T13:48:52.593+0000] {manager.py:504} INFO - Created Permission View: can read on DAG:tutorial_taskflow_api
[2026-01-03T13:48:52.599+0000] {logging_mixin.py:150} INFO - [2026-01-03T13:48:52.599+0000] {manager.py:504} INFO - Created Permission View: can edit on DAG:tutorial_taskflow_api
[2026-01-03T13:48:52.609+0000] {logging_mixin.py:150} INFO - [2026-01-03T13:48:52.608+0000] {dag.py:2742} INFO - Sync 1 DAGs
[2026-01-03T13:48:52.615+0000] {logging_mixin.py:150} INFO - [2026-01-03T13:48:52.615+0000] {dag.py:2763} INFO - Creating ORM DAG for tutorial_taskflow_api
[2026-01-03T13:48:52.621+0000] {logging_mixin.py:150} INFO - [2026-01-03T13:48:52.621+0000] {dag.py:3504} INFO - Setting next_dagrun for tutorial_taskflow_api to None, run_after=None
[2026-01-03T13:48:52.636+0000] {processor.py:179} INFO - Processing /home/vscode/.local/lib/python3.10/site-packages/airflow/example_dags/tutorial_taskflow_api.py took 0.136 seconds
[2026-01-03T13:49:41.649+0000] {processor.py:157} INFO - Started process (PID=10338) to work on /home/vscode/.local/lib/python3.10/site-packages/airflow/example_dags/tutorial_taskflow_api.py
[2026-01-03T13:49:41.650+0000] {processor.py:826} INFO - Processing file /home/vscode/.local/lib/python3.10/site-packages/airflow/example_dags/tutorial_taskflow_api.py for tasks to queue
[2026-01-03T13:49:41.651+0000] {logging_mixin.py:150} INFO - [2026-01-03T13:49:41.650+0000] {dagbag.py:541} INFO - Filling up the DagBag from /home/vscode/.local/lib/python3.10/site-packages/airflow/example_dags/tutorial_taskflow_api.py
[2026-01-03T13:49:41.656+0000] {processor.py:836} INFO - DAG(s) dict_keys(['tutorial_taskflow_api']) retrieved from /home/vscode/.local/lib/python3.10/site-packages/airflow/example_dags/tutorial_taskflow_api.py
[2026-01-03T13:49:41.669+0000] {logging_mixin.py:150} INFO - [2026-01-03T13:49:41.669+0000] {dag.py:2742} INFO - Sync 1 DAGs
[2026-01-03T13:49:41.683+0000] {logging_mixin.py:150} INFO - [2026-01-03T13:49:41.683+0000] {dag.py:3504} INFO - Setting next_dagrun for tutorial_taskflow_api to None, run_after=None
[2026-01-03T13:49:41.699+0000] {processor.py:179} INFO - Processing /home/vscode/.local/lib/python3.10/site-packages/airflow/example_dags/tutorial_taskflow_api.py took 0.052 seconds
[2026-01-03T13:50:25.339+0000] {processor.py:157} INFO - Started process (PID=10671) to work on /home/vscode/.local/lib/python3.10/site-packages/airflow/example_dags/tutorial_taskflow_api.py
[2026-01-03T13:50:25.340+0000] {processor.py:826} INFO - Processing file /home/vscode/.local/lib/python3.10/site-packages/airflow/example_dags/tutorial_taskflow_api.py for tasks to queue
[2026-01-03T13:50:25.340+0000] {logging_mixin.py:150} INFO - [2026-01-03T13:50:25.340+0000] {dagbag.py:541} INFO - Filling up the DagBag from /home/vscode/.local/lib/python3.10/site-packages/airflow/example_dags/tutorial_taskflow_api.py
[2026-01-03T13:50:25.346+0000] {processor.py:836} INFO - DAG(s) dict_keys(['tutorial_taskflow_api']) retrieved from /home/vscode/.local/lib/python3.10/site-packages/airflow/example_dags/tutorial_taskflow_api.py
[2026-01-03T13:50:25.359+0000] {logging_mixin.py:150} INFO - [2026-01-03T13:50:25.359+0000] {dag.py:2742} INFO - Sync 1 DAGs
[2026-01-03T13:50:25.374+0000] {logging_mixin.py:150} INFO - [2026-01-03T13:50:25.373+0000] {dag.py:3504} INFO - Setting next_dagrun for tutorial_taskflow_api to None, run_after=None
[2026-01-03T13:50:25.388+0000] {processor.py:179} INFO - Processing /home/vscode/.local/lib/python3.10/site-packages/airflow/example_dags/tutorial_taskflow_api.py took 0.053 seconds
[2026-01-03T13:51:07.979+0000] {processor.py:157} INFO - Started process (PID=10973) to work on /home/vscode/.local/lib/python3.10/site-packages/airflow/example_dags/tutorial_taskflow_api.py
[2026-01-03T13:51:07.979+0000] {processor.py:826} INFO - Processing file /home/vscode/.local/lib/python3.10/site-packages/airflow/example_dags/tutorial_taskflow_api.py for tasks to queue
[2026-01-03T13:51:07.981+0000] {logging_mixin.py:150} INFO - [2026-01-03T13:51:07.980+0000] {dagbag.py:541} INFO - Filling up the DagBag from /home/vscode/.local/lib/python3.10/site-packages/airflow/example_dags/tutorial_taskflow_api.py
[2026-01-03T13:51:07.989+0000] {processor.py:836} INFO - DAG(s) dict_keys(['tutorial_taskflow_api']) retrieved from /home/vscode/.local/lib/python3.10/site-packages/airflow/example_dags/tutorial_taskflow_api.py
[2026-01-03T13:51:08.007+0000] {logging_mixin.py:150} INFO - [2026-01-03T13:51:08.006+0000] {dag.py:2742} INFO - Sync 1 DAGs
[2026-01-03T13:51:08.026+0000] {logging_mixin.py:150} INFO - [2026-01-03T13:51:08.025+0000] {dag.py:3504} INFO - Setting next_dagrun for tutorial_taskflow_api to None, run_after=None
[2026-01-03T13:51:08.047+0000] {processor.py:179} INFO - Processing /home/vscode/.local/lib/python3.10/site-packages/airflow/example_dags/tutorial_taskflow_api.py took 0.072 seconds
[2026-01-03T13:51:51.309+0000] {processor.py:157} INFO - Started process (PID=11296) to work on /home/vscode/.local/lib/python3.10/site-packages/airflow/example_dags/tutorial_taskflow_api.py
[2026-01-03T13:51:51.310+0000] {processor.py:826} INFO - Processing file /home/vscode/.local/lib/python3.10/site-packages/airflow/example_dags/tutorial_taskflow_api.py for tasks to queue
[2026-01-03T13:51:51.311+0000] {logging_mixin.py:150} INFO - [2026-01-03T13:51:51.310+0000] {dagbag.py:541} INFO - Filling up the DagBag from /home/vscode/.local/lib/python3.10/site-packages/airflow/example_dags/tutorial_taskflow_api.py
[2026-01-03T13:51:51.316+0000] {processor.py:836} INFO - DAG(s) dict_keys(['tutorial_taskflow_api']) retrieved from /home/vscode/.local/lib/python3.10/site-packages/airflow/example_dags/tutorial_taskflow_api.py
[2026-01-03T13:51:51.329+0000] {logging_mixin.py:150} INFO - [2026-01-03T13:51:51.329+0000] {dag.py:2742} INFO - Sync 1 DAGs
[2026-01-03T13:51:51.344+0000] {logging_mixin.py:150} INFO - [2026-01-03T13:51:51.344+0000] {dag.py:3504} INFO - Setting next_dagrun for tutorial_taskflow_api to None, run_after=None
[2026-01-03T13:51:51.360+0000] {processor.py:179} INFO - Processing /home/vscode/.local/lib/python3.10/site-packages/airflow/example_dags/tutorial_taskflow_api.py took 0.053 seconds
[2026-01-03T13:52:34.429+0000] {processor.py:157} INFO - Started process (PID=11595) to work on /home/vscode/.local/lib/python3.10/site-packages/airflow/example_dags/tutorial_taskflow_api.py
[2026-01-03T13:52:34.430+0000] {processor.py:826} INFO - Processing file /home/vscode/.local/lib/python3.10/site-packages/airflow/example_dags/tutorial_taskflow_api.py for tasks to queue
[2026-01-03T13:52:34.430+0000] {logging_mixin.py:150} INFO - [2026-01-03T13:52:34.430+0000] {dagbag.py:541} INFO - Filling up the DagBag from /home/vscode/.local/lib/python3.10/site-packages/airflow/example_dags/tutorial_taskflow_api.py
[2026-01-03T13:52:34.436+0000] {processor.py:836} INFO - DAG(s) dict_keys(['tutorial_taskflow_api']) retrieved from /home/vscode/.local/lib/python3.10/site-packages/airflow/example_dags/tutorial_taskflow_api.py
[2026-01-03T13:52:34.451+0000] {logging_mixin.py:150} INFO - [2026-01-03T13:52:34.451+0000] {dag.py:2742} INFO - Sync 1 DAGs
[2026-01-03T13:52:34.467+0000] {logging_mixin.py:150} INFO - [2026-01-03T13:52:34.467+0000] {dag.py:3504} INFO - Setting next_dagrun for tutorial_taskflow_api to None, run_after=None
[2026-01-03T13:52:34.485+0000] {processor.py:179} INFO - Processing /home/vscode/.local/lib/python3.10/site-packages/airflow/example_dags/tutorial_taskflow_api.py took 0.059 seconds
[2026-01-03T13:53:16.431+0000] {processor.py:157} INFO - Started process (PID=11906) to work on /home/vscode/.local/lib/python3.10/site-packages/airflow/example_dags/tutorial_taskflow_api.py
[2026-01-03T13:53:16.432+0000] {processor.py:826} INFO - Processing file /home/vscode/.local/lib/python3.10/site-packages/airflow/example_dags/tutorial_taskflow_api.py for tasks to queue
[2026-01-03T13:53:16.433+0000] {logging_mixin.py:150} INFO - [2026-01-03T13:53:16.432+0000] {dagbag.py:541} INFO - Filling up the DagBag from /home/vscode/.local/lib/python3.10/site-packages/airflow/example_dags/tutorial_taskflow_api.py
[2026-01-03T13:53:16.438+0000] {processor.py:836} INFO - DAG(s) dict_keys(['tutorial_taskflow_api']) retrieved from /home/vscode/.local/lib/python3.10/site-packages/airflow/example_dags/tutorial_taskflow_api.py
[2026-01-03T13:53:16.453+0000] {logging_mixin.py:150} INFO - [2026-01-03T13:53:16.452+0000] {dag.py:2742} INFO - Sync 1 DAGs
[2026-01-03T13:53:16.468+0000] {logging_mixin.py:150} INFO - [2026-01-03T13:53:16.468+0000] {dag.py:3504} INFO - Setting next_dagrun for tutorial_taskflow_api to None, run_after=None
[2026-01-03T13:53:16.484+0000] {processor.py:179} INFO - Processing /home/vscode/.local/lib/python3.10/site-packages/airflow/example_dags/tutorial_taskflow_api.py took 0.057 seconds
[2026-01-03T13:53:59.219+0000] {processor.py:157} INFO - Started process (PID=12268) to work on /home/vscode/.local/lib/python3.10/site-packages/airflow/example_dags/tutorial_taskflow_api.py
[2026-01-03T13:53:59.220+0000] {processor.py:826} INFO - Processing file /home/vscode/.local/lib/python3.10/site-packages/airflow/example_dags/tutorial_taskflow_api.py for tasks to queue
[2026-01-03T13:53:59.221+0000] {logging_mixin.py:150} INFO - [2026-01-03T13:53:59.220+0000] {dagbag.py:541} INFO - Filling up the DagBag from /home/vscode/.local/lib/python3.10/site-packages/airflow/example_dags/tutorial_taskflow_api.py
[2026-01-03T13:53:59.226+0000] {processor.py:836} INFO - DAG(s) dict_keys(['tutorial_taskflow_api']) retrieved from /home/vscode/.local/lib/python3.10/site-packages/airflow/example_dags/tutorial_taskflow_api.py
[2026-01-03T13:53:59.240+0000] {logging_mixin.py:150} INFO - [2026-01-03T13:53:59.240+0000] {dag.py:2742} INFO - Sync 1 DAGs
[2026-01-03T13:53:59.254+0000] {logging_mixin.py:150} INFO - [2026-01-03T13:53:59.254+0000] {dag.py:3504} INFO - Setting next_dagrun for tutorial_taskflow_api to None, run_after=None
[2026-01-03T13:53:59.270+0000] {processor.py:179} INFO - Processing /home/vscode/.local/lib/python3.10/site-packages/airflow/example_dags/tutorial_taskflow_api.py took 0.053 seconds
[2026-01-03T13:54:39.797+0000] {processor.py:157} INFO - Started process (PID=12579) to work on /home/vscode/.local/lib/python3.10/site-packages/airflow/example_dags/tutorial_taskflow_api.py
[2026-01-03T13:54:39.798+0000] {processor.py:826} INFO - Processing file /home/vscode/.local/lib/python3.10/site-packages/airflow/example_dags/tutorial_taskflow_api.py for tasks to queue
[2026-01-03T13:54:39.799+0000] {logging_mixin.py:150} INFO - [2026-01-03T13:54:39.799+0000] {dagbag.py:541} INFO - Filling up the DagBag from /home/vscode/.local/lib/python3.10/site-packages/airflow/example_dags/tutorial_taskflow_api.py
[2026-01-03T13:54:39.804+0000] {processor.py:836} INFO - DAG(s) dict_keys(['tutorial_taskflow_api']) retrieved from /home/vscode/.local/lib/python3.10/site-packages/airflow/example_dags/tutorial_taskflow_api.py
[2026-01-03T13:54:39.818+0000] {logging_mixin.py:150} INFO - [2026-01-03T13:54:39.818+0000] {dag.py:2742} INFO - Sync 1 DAGs
[2026-01-03T13:54:39.834+0000] {logging_mixin.py:150} INFO - [2026-01-03T13:54:39.834+0000] {dag.py:3504} INFO - Setting next_dagrun for tutorial_taskflow_api to None, run_after=None
[2026-01-03T13:54:39.849+0000] {processor.py:179} INFO - Processing /home/vscode/.local/lib/python3.10/site-packages/airflow/example_dags/tutorial_taskflow_api.py took 0.054 seconds
[2026-01-03T13:55:14.627+0000] {processor.py:157} INFO - Started process (PID=12856) to work on /home/vscode/.local/lib/python3.10/site-packages/airflow/example_dags/tutorial_taskflow_api.py
[2026-01-03T13:55:14.628+0000] {processor.py:826} INFO - Processing file /home/vscode/.local/lib/python3.10/site-packages/airflow/example_dags/tutorial_taskflow_api.py for tasks to queue
[2026-01-03T13:55:14.629+0000] {logging_mixin.py:150} INFO - [2026-01-03T13:55:14.629+0000] {dagbag.py:541} INFO - Filling up the DagBag from /home/vscode/.local/lib/python3.10/site-packages/airflow/example_dags/tutorial_taskflow_api.py
[2026-01-03T13:55:14.634+0000] {processor.py:836} INFO - DAG(s) dict_keys(['tutorial_taskflow_api']) retrieved from /home/vscode/.local/lib/python3.10/site-packages/airflow/example_dags/tutorial_taskflow_api.py
[2026-01-03T13:55:14.648+0000] {logging_mixin.py:150} INFO - [2026-01-03T13:55:14.648+0000] {dag.py:2742} INFO - Sync 1 DAGs
[2026-01-03T13:55:14.665+0000] {logging_mixin.py:150} INFO - [2026-01-03T13:55:14.664+0000] {dag.py:3504} INFO - Setting next_dagrun for tutorial_taskflow_api to None, run_after=None
[2026-01-03T13:55:14.681+0000] {processor.py:179} INFO - Processing /home/vscode/.local/lib/python3.10/site-packages/airflow/example_dags/tutorial_taskflow_api.py took 0.056 seconds
[2026-01-03T13:55:55.172+0000] {processor.py:157} INFO - Started process (PID=13286) to work on /home/vscode/.local/lib/python3.10/site-packages/airflow/example_dags/tutorial_taskflow_api.py
[2026-01-03T13:55:55.173+0000] {processor.py:826} INFO - Processing file /home/vscode/.local/lib/python3.10/site-packages/airflow/example_dags/tutorial_taskflow_api.py for tasks to queue
[2026-01-03T13:55:55.173+0000] {logging_mixin.py:150} INFO - [2026-01-03T13:55:55.173+0000] {dagbag.py:541} INFO - Filling up the DagBag from /home/vscode/.local/lib/python3.10/site-packages/airflow/example_dags/tutorial_taskflow_api.py
[2026-01-03T13:55:55.179+0000] {processor.py:836} INFO - DAG(s) dict_keys(['tutorial_taskflow_api']) retrieved from /home/vscode/.local/lib/python3.10/site-packages/airflow/example_dags/tutorial_taskflow_api.py
[2026-01-03T13:55:55.192+0000] {logging_mixin.py:150} INFO - [2026-01-03T13:55:55.192+0000] {dag.py:2742} INFO - Sync 1 DAGs
[2026-01-03T13:55:55.211+0000] {logging_mixin.py:150} INFO - [2026-01-03T13:55:55.211+0000] {dag.py:3504} INFO - Setting next_dagrun for tutorial_taskflow_api to None, run_after=None
[2026-01-03T13:55:55.227+0000] {processor.py:179} INFO - Processing /home/vscode/.local/lib/python3.10/site-packages/airflow/example_dags/tutorial_taskflow_api.py took 0.057 seconds
[2026-01-03T13:56:37.907+0000] {processor.py:157} INFO - Started process (PID=13701) to work on /home/vscode/.local/lib/python3.10/site-packages/airflow/example_dags/tutorial_taskflow_api.py
[2026-01-03T13:56:37.908+0000] {processor.py:826} INFO - Processing file /home/vscode/.local/lib/python3.10/site-packages/airflow/example_dags/tutorial_taskflow_api.py for tasks to queue
[2026-01-03T13:56:37.909+0000] {logging_mixin.py:150} INFO - [2026-01-03T13:56:37.908+0000] {dagbag.py:541} INFO - Filling up the DagBag from /home/vscode/.local/lib/python3.10/site-packages/airflow/example_dags/tutorial_taskflow_api.py
[2026-01-03T13:56:37.914+0000] {processor.py:836} INFO - DAG(s) dict_keys(['tutorial_taskflow_api']) retrieved from /home/vscode/.local/lib/python3.10/site-packages/airflow/example_dags/tutorial_taskflow_api.py
[2026-01-03T13:56:37.928+0000] {logging_mixin.py:150} INFO - [2026-01-03T13:56:37.928+0000] {dag.py:2742} INFO - Sync 1 DAGs
[2026-01-03T13:56:37.942+0000] {logging_mixin.py:150} INFO - [2026-01-03T13:56:37.942+0000] {dag.py:3504} INFO - Setting next_dagrun for tutorial_taskflow_api to None, run_after=None
[2026-01-03T13:56:37.958+0000] {processor.py:179} INFO - Processing /home/vscode/.local/lib/python3.10/site-packages/airflow/example_dags/tutorial_taskflow_api.py took 0.054 seconds
[2026-01-03T13:57:20.704+0000] {processor.py:157} INFO - Started process (PID=14009) to work on /home/vscode/.local/lib/python3.10/site-packages/airflow/example_dags/tutorial_taskflow_api.py
[2026-01-03T13:57:20.705+0000] {processor.py:826} INFO - Processing file /home/vscode/.local/lib/python3.10/site-packages/airflow/example_dags/tutorial_taskflow_api.py for tasks to queue
[2026-01-03T13:57:20.705+0000] {logging_mixin.py:150} INFO - [2026-01-03T13:57:20.705+0000] {dagbag.py:541} INFO - Filling up the DagBag from /home/vscode/.local/lib/python3.10/site-packages/airflow/example_dags/tutorial_taskflow_api.py
[2026-01-03T13:57:20.711+0000] {processor.py:836} INFO - DAG(s) dict_keys(['tutorial_taskflow_api']) retrieved from /home/vscode/.local/lib/python3.10/site-packages/airflow/example_dags/tutorial_taskflow_api.py
[2026-01-03T13:57:20.724+0000] {logging_mixin.py:150} INFO - [2026-01-03T13:57:20.724+0000] {dag.py:2742} INFO - Sync 1 DAGs
[2026-01-03T13:57:20.739+0000] {logging_mixin.py:150} INFO - [2026-01-03T13:57:20.739+0000] {dag.py:3504} INFO - Setting next_dagrun for tutorial_taskflow_api to None, run_after=None
[2026-01-03T13:57:20.753+0000] {processor.py:179} INFO - Processing /home/vscode/.local/lib/python3.10/site-packages/airflow/example_dags/tutorial_taskflow_api.py took 0.052 seconds
[2026-01-03T13:58:03.483+0000] {processor.py:157} INFO - Started process (PID=14295) to work on /home/vscode/.local/lib/python3.10/site-packages/airflow/example_dags/tutorial_taskflow_api.py
[2026-01-03T13:58:03.483+0000] {processor.py:826} INFO - Processing file /home/vscode/.local/lib/python3.10/site-packages/airflow/example_dags/tutorial_taskflow_api.py for tasks to queue
[2026-01-03T13:58:03.484+0000] {logging_mixin.py:150} INFO - [2026-01-03T13:58:03.484+0000] {dagbag.py:541} INFO - Filling up the DagBag from /home/vscode/.local/lib/python3.10/site-packages/airflow/example_dags/tutorial_taskflow_api.py
[2026-01-03T13:58:03.489+0000] {processor.py:836} INFO - DAG(s) dict_keys(['tutorial_taskflow_api']) retrieved from /home/vscode/.local/lib/python3.10/site-packages/airflow/example_dags/tutorial_taskflow_api.py
[2026-01-03T13:58:03.502+0000] {logging_mixin.py:150} INFO - [2026-01-03T13:58:03.502+0000] {dag.py:2742} INFO - Sync 1 DAGs
[2026-01-03T13:58:03.516+0000] {logging_mixin.py:150} INFO - [2026-01-03T13:58:03.516+0000] {dag.py:3504} INFO - Setting next_dagrun for tutorial_taskflow_api to None, run_after=None
[2026-01-03T13:58:03.533+0000] {processor.py:179} INFO - Processing /home/vscode/.local/lib/python3.10/site-packages/airflow/example_dags/tutorial_taskflow_api.py took 0.053 seconds
[2026-01-03T13:58:44.310+0000] {processor.py:157} INFO - Started process (PID=14565) to work on /home/vscode/.local/lib/python3.10/site-packages/airflow/example_dags/tutorial_taskflow_api.py
[2026-01-03T13:58:44.311+0000] {processor.py:826} INFO - Processing file /home/vscode/.local/lib/python3.10/site-packages/airflow/example_dags/tutorial_taskflow_api.py for tasks to queue
[2026-01-03T13:58:44.311+0000] {logging_mixin.py:150} INFO - [2026-01-03T13:58:44.311+0000] {dagbag.py:541} INFO - Filling up the DagBag from /home/vscode/.local/lib/python3.10/site-packages/airflow/example_dags/tutorial_taskflow_api.py
[2026-01-03T13:58:44.320+0000] {processor.py:836} INFO - DAG(s) dict_keys(['tutorial_taskflow_api']) retrieved from /home/vscode/.local/lib/python3.10/site-packages/airflow/example_dags/tutorial_taskflow_api.py
[2026-01-03T13:58:44.338+0000] {logging_mixin.py:150} INFO - [2026-01-03T13:58:44.338+0000] {dag.py:2742} INFO - Sync 1 DAGs
[2026-01-03T13:58:44.355+0000] {logging_mixin.py:150} INFO - [2026-01-03T13:58:44.355+0000] {dag.py:3504} INFO - Setting next_dagrun for tutorial_taskflow_api to None, run_after=None
[2026-01-03T13:58:44.370+0000] {processor.py:179} INFO - Processing /home/vscode/.local/lib/python3.10/site-packages/airflow/example_dags/tutorial_taskflow_api.py took 0.063 seconds
[2026-01-03T13:59:20.539+0000] {processor.py:157} INFO - Started process (PID=14844) to work on /home/vscode/.local/lib/python3.10/site-packages/airflow/example_dags/tutorial_taskflow_api.py
[2026-01-03T13:59:20.540+0000] {processor.py:826} INFO - Processing file /home/vscode/.local/lib/python3.10/site-packages/airflow/example_dags/tutorial_taskflow_api.py for tasks to queue
[2026-01-03T13:59:20.540+0000] {logging_mixin.py:150} INFO - [2026-01-03T13:59:20.540+0000] {dagbag.py:541} INFO - Filling up the DagBag from /home/vscode/.local/lib/python3.10/site-packages/airflow/example_dags/tutorial_taskflow_api.py
[2026-01-03T13:59:20.545+0000] {processor.py:836} INFO - DAG(s) dict_keys(['tutorial_taskflow_api']) retrieved from /home/vscode/.local/lib/python3.10/site-packages/airflow/example_dags/tutorial_taskflow_api.py
[2026-01-03T13:59:20.558+0000] {logging_mixin.py:150} INFO - [2026-01-03T13:59:20.558+0000] {dag.py:2742} INFO - Sync 1 DAGs
[2026-01-03T13:59:20.572+0000] {logging_mixin.py:150} INFO - [2026-01-03T13:59:20.572+0000] {dag.py:3504} INFO - Setting next_dagrun for tutorial_taskflow_api to None, run_after=None
[2026-01-03T13:59:20.587+0000] {processor.py:179} INFO - Processing /home/vscode/.local/lib/python3.10/site-packages/airflow/example_dags/tutorial_taskflow_api.py took 0.051 seconds
[2026-01-03T14:00:07.359+0000] {processor.py:157} INFO - Started process (PID=15155) to work on /home/vscode/.local/lib/python3.10/site-packages/airflow/example_dags/tutorial_taskflow_api.py
[2026-01-03T14:00:07.360+0000] {processor.py:826} INFO - Processing file /home/vscode/.local/lib/python3.10/site-packages/airflow/example_dags/tutorial_taskflow_api.py for tasks to queue
[2026-01-03T14:00:07.361+0000] {logging_mixin.py:150} INFO - [2026-01-03T14:00:07.360+0000] {dagbag.py:541} INFO - Filling up the DagBag from /home/vscode/.local/lib/python3.10/site-packages/airflow/example_dags/tutorial_taskflow_api.py
[2026-01-03T14:00:07.366+0000] {processor.py:836} INFO - DAG(s) dict_keys(['tutorial_taskflow_api']) retrieved from /home/vscode/.local/lib/python3.10/site-packages/airflow/example_dags/tutorial_taskflow_api.py
[2026-01-03T14:00:07.379+0000] {logging_mixin.py:150} INFO - [2026-01-03T14:00:07.379+0000] {dag.py:2742} INFO - Sync 1 DAGs
[2026-01-03T14:00:07.394+0000] {logging_mixin.py:150} INFO - [2026-01-03T14:00:07.393+0000] {dag.py:3504} INFO - Setting next_dagrun for tutorial_taskflow_api to None, run_after=None
[2026-01-03T14:00:07.409+0000] {processor.py:179} INFO - Processing /home/vscode/.local/lib/python3.10/site-packages/airflow/example_dags/tutorial_taskflow_api.py took 0.052 seconds
[2026-01-03T14:00:50.270+0000] {processor.py:157} INFO - Started process (PID=15441) to work on /home/vscode/.local/lib/python3.10/site-packages/airflow/example_dags/tutorial_taskflow_api.py
[2026-01-03T14:00:50.271+0000] {processor.py:826} INFO - Processing file /home/vscode/.local/lib/python3.10/site-packages/airflow/example_dags/tutorial_taskflow_api.py for tasks to queue
[2026-01-03T14:00:50.271+0000] {logging_mixin.py:150} INFO - [2026-01-03T14:00:50.271+0000] {dagbag.py:541} INFO - Filling up the DagBag from /home/vscode/.local/lib/python3.10/site-packages/airflow/example_dags/tutorial_taskflow_api.py
[2026-01-03T14:00:50.277+0000] {processor.py:836} INFO - DAG(s) dict_keys(['tutorial_taskflow_api']) retrieved from /home/vscode/.local/lib/python3.10/site-packages/airflow/example_dags/tutorial_taskflow_api.py
[2026-01-03T14:00:50.290+0000] {logging_mixin.py:150} INFO - [2026-01-03T14:00:50.290+0000] {dag.py:2742} INFO - Sync 1 DAGs
[2026-01-03T14:00:50.305+0000] {logging_mixin.py:150} INFO - [2026-01-03T14:00:50.305+0000] {dag.py:3504} INFO - Setting next_dagrun for tutorial_taskflow_api to None, run_after=None
[2026-01-03T14:00:50.319+0000] {processor.py:179} INFO - Processing /home/vscode/.local/lib/python3.10/site-packages/airflow/example_dags/tutorial_taskflow_api.py took 0.052 seconds
[2026-01-03T14:01:28.852+0000] {processor.py:157} INFO - Started process (PID=15706) to work on /home/vscode/.local/lib/python3.10/site-packages/airflow/example_dags/tutorial_taskflow_api.py
[2026-01-03T14:01:28.853+0000] {processor.py:826} INFO - Processing file /home/vscode/.local/lib/python3.10/site-packages/airflow/example_dags/tutorial_taskflow_api.py for tasks to queue
[2026-01-03T14:01:28.853+0000] {logging_mixin.py:150} INFO - [2026-01-03T14:01:28.853+0000] {dagbag.py:541} INFO - Filling up the DagBag from /home/vscode/.local/lib/python3.10/site-packages/airflow/example_dags/tutorial_taskflow_api.py
[2026-01-03T14:01:28.859+0000] {processor.py:836} INFO - DAG(s) dict_keys(['tutorial_taskflow_api']) retrieved from /home/vscode/.local/lib/python3.10/site-packages/airflow/example_dags/tutorial_taskflow_api.py
[2026-01-03T14:01:28.872+0000] {logging_mixin.py:150} INFO - [2026-01-03T14:01:28.872+0000] {dag.py:2742} INFO - Sync 1 DAGs
[2026-01-03T14:01:28.886+0000] {logging_mixin.py:150} INFO - [2026-01-03T14:01:28.886+0000] {dag.py:3504} INFO - Setting next_dagrun for tutorial_taskflow_api to None, run_after=None
[2026-01-03T14:01:28.901+0000] {processor.py:179} INFO - Processing /home/vscode/.local/lib/python3.10/site-packages/airflow/example_dags/tutorial_taskflow_api.py took 0.052 seconds
[2026-01-03T14:02:16.809+0000] {processor.py:157} INFO - Started process (PID=16053) to work on /home/vscode/.local/lib/python3.10/site-packages/airflow/example_dags/tutorial_taskflow_api.py
[2026-01-03T14:02:16.810+0000] {processor.py:826} INFO - Processing file /home/vscode/.local/lib/python3.10/site-packages/airflow/example_dags/tutorial_taskflow_api.py for tasks to queue
[2026-01-03T14:02:16.810+0000] {logging_mixin.py:150} INFO - [2026-01-03T14:02:16.810+0000] {dagbag.py:541} INFO - Filling up the DagBag from /home/vscode/.local/lib/python3.10/site-packages/airflow/example_dags/tutorial_taskflow_api.py
[2026-01-03T14:02:16.816+0000] {processor.py:836} INFO - DAG(s) dict_keys(['tutorial_taskflow_api']) retrieved from /home/vscode/.local/lib/python3.10/site-packages/airflow/example_dags/tutorial_taskflow_api.py
[2026-01-03T14:02:16.828+0000] {logging_mixin.py:150} INFO - [2026-01-03T14:02:16.828+0000] {dag.py:2742} INFO - Sync 1 DAGs
[2026-01-03T14:02:16.843+0000] {logging_mixin.py:150} INFO - [2026-01-03T14:02:16.842+0000] {dag.py:3504} INFO - Setting next_dagrun for tutorial_taskflow_api to None, run_after=None
[2026-01-03T14:02:16.857+0000] {processor.py:179} INFO - Processing /home/vscode/.local/lib/python3.10/site-packages/airflow/example_dags/tutorial_taskflow_api.py took 0.051 seconds
[2026-01-03T14:02:57.787+0000] {processor.py:157} INFO - Started process (PID=16432) to work on /home/vscode/.local/lib/python3.10/site-packages/airflow/example_dags/tutorial_taskflow_api.py
[2026-01-03T14:02:57.788+0000] {processor.py:826} INFO - Processing file /home/vscode/.local/lib/python3.10/site-packages/airflow/example_dags/tutorial_taskflow_api.py for tasks to queue
[2026-01-03T14:02:57.788+0000] {logging_mixin.py:150} INFO - [2026-01-03T14:02:57.788+0000] {dagbag.py:541} INFO - Filling up the DagBag from /home/vscode/.local/lib/python3.10/site-packages/airflow/example_dags/tutorial_taskflow_api.py
[2026-01-03T14:02:57.794+0000] {processor.py:836} INFO - DAG(s) dict_keys(['tutorial_taskflow_api']) retrieved from /home/vscode/.local/lib/python3.10/site-packages/airflow/example_dags/tutorial_taskflow_api.py
[2026-01-03T14:02:57.807+0000] {logging_mixin.py:150} INFO - [2026-01-03T14:02:57.807+0000] {dag.py:2742} INFO - Sync 1 DAGs
[2026-01-03T14:02:57.823+0000] {logging_mixin.py:150} INFO - [2026-01-03T14:02:57.823+0000] {dag.py:3504} INFO - Setting next_dagrun for tutorial_taskflow_api to None, run_after=None
[2026-01-03T14:02:57.839+0000] {processor.py:179} INFO - Processing /home/vscode/.local/lib/python3.10/site-packages/airflow/example_dags/tutorial_taskflow_api.py took 0.054 seconds
[2026-01-03T14:03:38.913+0000] {processor.py:157} INFO - Started process (PID=17015) to work on /home/vscode/.local/lib/python3.10/site-packages/airflow/example_dags/tutorial_taskflow_api.py
[2026-01-03T14:03:38.914+0000] {processor.py:826} INFO - Processing file /home/vscode/.local/lib/python3.10/site-packages/airflow/example_dags/tutorial_taskflow_api.py for tasks to queue
[2026-01-03T14:03:38.915+0000] {logging_mixin.py:150} INFO - [2026-01-03T14:03:38.914+0000] {dagbag.py:541} INFO - Filling up the DagBag from /home/vscode/.local/lib/python3.10/site-packages/airflow/example_dags/tutorial_taskflow_api.py
[2026-01-03T14:03:38.920+0000] {processor.py:836} INFO - DAG(s) dict_keys(['tutorial_taskflow_api']) retrieved from /home/vscode/.local/lib/python3.10/site-packages/airflow/example_dags/tutorial_taskflow_api.py
[2026-01-03T14:03:38.933+0000] {logging_mixin.py:150} INFO - [2026-01-03T14:03:38.933+0000] {dag.py:2742} INFO - Sync 1 DAGs
[2026-01-03T14:03:38.947+0000] {logging_mixin.py:150} INFO - [2026-01-03T14:03:38.947+0000] {dag.py:3504} INFO - Setting next_dagrun for tutorial_taskflow_api to None, run_after=None
[2026-01-03T14:03:38.962+0000] {processor.py:179} INFO - Processing /home/vscode/.local/lib/python3.10/site-packages/airflow/example_dags/tutorial_taskflow_api.py took 0.051 seconds
