[2026-01-03T13:48:47.556+0000] {processor.py:157} INFO - Started process (PID=9874) to work on /home/vscode/.local/lib/python3.10/site-packages/airflow/example_dags/tutorial_taskflow_api_virtualenv.py
[2026-01-03T13:48:47.557+0000] {processor.py:826} INFO - Processing file /home/vscode/.local/lib/python3.10/site-packages/airflow/example_dags/tutorial_taskflow_api_virtualenv.py for tasks to queue
[2026-01-03T13:48:47.558+0000] {logging_mixin.py:150} INFO - [2026-01-03T13:48:47.557+0000] {dagbag.py:541} INFO - Filling up the DagBag from /home/vscode/.local/lib/python3.10/site-packages/airflow/example_dags/tutorial_taskflow_api_virtualenv.py
[2026-01-03T13:48:47.565+0000] {processor.py:836} INFO - DAG(s) dict_keys(['tutorial_taskflow_api_virtualenv']) retrieved from /home/vscode/.local/lib/python3.10/site-packages/airflow/example_dags/tutorial_taskflow_api_virtualenv.py
[2026-01-03T13:48:47.654+0000] {logging_mixin.py:150} INFO - [2026-01-03T13:48:47.653+0000] {manager.py:504} INFO - Created Permission View: can delete on DAG:tutorial_taskflow_api_virtualenv
[2026-01-03T13:48:47.661+0000] {logging_mixin.py:150} INFO - [2026-01-03T13:48:47.661+0000] {manager.py:504} INFO - Created Permission View: can read on DAG:tutorial_taskflow_api_virtualenv
[2026-01-03T13:48:47.666+0000] {logging_mixin.py:150} INFO - [2026-01-03T13:48:47.666+0000] {manager.py:504} INFO - Created Permission View: can edit on DAG:tutorial_taskflow_api_virtualenv
[2026-01-03T13:48:47.674+0000] {logging_mixin.py:150} INFO - [2026-01-03T13:48:47.674+0000] {dag.py:2742} INFO - Sync 1 DAGs
[2026-01-03T13:48:47.681+0000] {logging_mixin.py:150} INFO - [2026-01-03T13:48:47.681+0000] {dag.py:2763} INFO - Creating ORM DAG for tutorial_taskflow_api_virtualenv
[2026-01-03T13:48:47.687+0000] {logging_mixin.py:150} INFO - [2026-01-03T13:48:47.687+0000] {dag.py:3504} INFO - Setting next_dagrun for tutorial_taskflow_api_virtualenv to None, run_after=None
[2026-01-03T13:48:47.701+0000] {processor.py:179} INFO - Processing /home/vscode/.local/lib/python3.10/site-packages/airflow/example_dags/tutorial_taskflow_api_virtualenv.py took 0.148 seconds
[2026-01-03T13:49:37.635+0000] {processor.py:157} INFO - Started process (PID=10301) to work on /home/vscode/.local/lib/python3.10/site-packages/airflow/example_dags/tutorial_taskflow_api_virtualenv.py
[2026-01-03T13:49:37.636+0000] {processor.py:826} INFO - Processing file /home/vscode/.local/lib/python3.10/site-packages/airflow/example_dags/tutorial_taskflow_api_virtualenv.py for tasks to queue
[2026-01-03T13:49:37.637+0000] {logging_mixin.py:150} INFO - [2026-01-03T13:49:37.637+0000] {dagbag.py:541} INFO - Filling up the DagBag from /home/vscode/.local/lib/python3.10/site-packages/airflow/example_dags/tutorial_taskflow_api_virtualenv.py
[2026-01-03T13:49:37.643+0000] {processor.py:836} INFO - DAG(s) dict_keys(['tutorial_taskflow_api_virtualenv']) retrieved from /home/vscode/.local/lib/python3.10/site-packages/airflow/example_dags/tutorial_taskflow_api_virtualenv.py
[2026-01-03T13:49:37.656+0000] {logging_mixin.py:150} INFO - [2026-01-03T13:49:37.656+0000] {dag.py:2742} INFO - Sync 1 DAGs
[2026-01-03T13:49:37.670+0000] {logging_mixin.py:150} INFO - [2026-01-03T13:49:37.670+0000] {dag.py:3504} INFO - Setting next_dagrun for tutorial_taskflow_api_virtualenv to None, run_after=None
[2026-01-03T13:49:37.686+0000] {processor.py:179} INFO - Processing /home/vscode/.local/lib/python3.10/site-packages/airflow/example_dags/tutorial_taskflow_api_virtualenv.py took 0.053 seconds
[2026-01-03T13:50:21.714+0000] {processor.py:157} INFO - Started process (PID=10648) to work on /home/vscode/.local/lib/python3.10/site-packages/airflow/example_dags/tutorial_taskflow_api_virtualenv.py
[2026-01-03T13:50:21.715+0000] {processor.py:826} INFO - Processing file /home/vscode/.local/lib/python3.10/site-packages/airflow/example_dags/tutorial_taskflow_api_virtualenv.py for tasks to queue
[2026-01-03T13:50:21.716+0000] {logging_mixin.py:150} INFO - [2026-01-03T13:50:21.715+0000] {dagbag.py:541} INFO - Filling up the DagBag from /home/vscode/.local/lib/python3.10/site-packages/airflow/example_dags/tutorial_taskflow_api_virtualenv.py
[2026-01-03T13:50:21.722+0000] {processor.py:836} INFO - DAG(s) dict_keys(['tutorial_taskflow_api_virtualenv']) retrieved from /home/vscode/.local/lib/python3.10/site-packages/airflow/example_dags/tutorial_taskflow_api_virtualenv.py
[2026-01-03T13:50:21.738+0000] {logging_mixin.py:150} INFO - [2026-01-03T13:50:21.737+0000] {dag.py:2742} INFO - Sync 1 DAGs
[2026-01-03T13:50:21.755+0000] {logging_mixin.py:150} INFO - [2026-01-03T13:50:21.755+0000] {dag.py:3504} INFO - Setting next_dagrun for tutorial_taskflow_api_virtualenv to None, run_after=None
[2026-01-03T13:50:21.771+0000] {processor.py:179} INFO - Processing /home/vscode/.local/lib/python3.10/site-packages/airflow/example_dags/tutorial_taskflow_api_virtualenv.py took 0.059 seconds
[2026-01-03T13:51:03.977+0000] {processor.py:157} INFO - Started process (PID=10950) to work on /home/vscode/.local/lib/python3.10/site-packages/airflow/example_dags/tutorial_taskflow_api_virtualenv.py
[2026-01-03T13:51:03.978+0000] {processor.py:826} INFO - Processing file /home/vscode/.local/lib/python3.10/site-packages/airflow/example_dags/tutorial_taskflow_api_virtualenv.py for tasks to queue
[2026-01-03T13:51:03.979+0000] {logging_mixin.py:150} INFO - [2026-01-03T13:51:03.978+0000] {dagbag.py:541} INFO - Filling up the DagBag from /home/vscode/.local/lib/python3.10/site-packages/airflow/example_dags/tutorial_taskflow_api_virtualenv.py
[2026-01-03T13:51:03.987+0000] {processor.py:836} INFO - DAG(s) dict_keys(['tutorial_taskflow_api_virtualenv']) retrieved from /home/vscode/.local/lib/python3.10/site-packages/airflow/example_dags/tutorial_taskflow_api_virtualenv.py
[2026-01-03T13:51:04.001+0000] {logging_mixin.py:150} INFO - [2026-01-03T13:51:04.000+0000] {dag.py:2742} INFO - Sync 1 DAGs
[2026-01-03T13:51:04.016+0000] {logging_mixin.py:150} INFO - [2026-01-03T13:51:04.016+0000] {dag.py:3504} INFO - Setting next_dagrun for tutorial_taskflow_api_virtualenv to None, run_after=None
[2026-01-03T13:51:04.036+0000] {processor.py:179} INFO - Processing /home/vscode/.local/lib/python3.10/site-packages/airflow/example_dags/tutorial_taskflow_api_virtualenv.py took 0.062 seconds
[2026-01-03T13:51:47.470+0000] {processor.py:157} INFO - Started process (PID=11265) to work on /home/vscode/.local/lib/python3.10/site-packages/airflow/example_dags/tutorial_taskflow_api_virtualenv.py
[2026-01-03T13:51:47.471+0000] {processor.py:826} INFO - Processing file /home/vscode/.local/lib/python3.10/site-packages/airflow/example_dags/tutorial_taskflow_api_virtualenv.py for tasks to queue
[2026-01-03T13:51:47.472+0000] {logging_mixin.py:150} INFO - [2026-01-03T13:51:47.472+0000] {dagbag.py:541} INFO - Filling up the DagBag from /home/vscode/.local/lib/python3.10/site-packages/airflow/example_dags/tutorial_taskflow_api_virtualenv.py
[2026-01-03T13:51:47.478+0000] {processor.py:836} INFO - DAG(s) dict_keys(['tutorial_taskflow_api_virtualenv']) retrieved from /home/vscode/.local/lib/python3.10/site-packages/airflow/example_dags/tutorial_taskflow_api_virtualenv.py
[2026-01-03T13:51:47.492+0000] {logging_mixin.py:150} INFO - [2026-01-03T13:51:47.492+0000] {dag.py:2742} INFO - Sync 1 DAGs
[2026-01-03T13:51:47.507+0000] {logging_mixin.py:150} INFO - [2026-01-03T13:51:47.507+0000] {dag.py:3504} INFO - Setting next_dagrun for tutorial_taskflow_api_virtualenv to None, run_after=None
[2026-01-03T13:51:47.525+0000] {processor.py:179} INFO - Processing /home/vscode/.local/lib/python3.10/site-packages/airflow/example_dags/tutorial_taskflow_api_virtualenv.py took 0.057 seconds
[2026-01-03T13:52:30.262+0000] {processor.py:157} INFO - Started process (PID=11569) to work on /home/vscode/.local/lib/python3.10/site-packages/airflow/example_dags/tutorial_taskflow_api_virtualenv.py
[2026-01-03T13:52:30.263+0000] {processor.py:826} INFO - Processing file /home/vscode/.local/lib/python3.10/site-packages/airflow/example_dags/tutorial_taskflow_api_virtualenv.py for tasks to queue
[2026-01-03T13:52:30.263+0000] {logging_mixin.py:150} INFO - [2026-01-03T13:52:30.263+0000] {dagbag.py:541} INFO - Filling up the DagBag from /home/vscode/.local/lib/python3.10/site-packages/airflow/example_dags/tutorial_taskflow_api_virtualenv.py
[2026-01-03T13:52:30.270+0000] {processor.py:836} INFO - DAG(s) dict_keys(['tutorial_taskflow_api_virtualenv']) retrieved from /home/vscode/.local/lib/python3.10/site-packages/airflow/example_dags/tutorial_taskflow_api_virtualenv.py
[2026-01-03T13:52:30.285+0000] {logging_mixin.py:150} INFO - [2026-01-03T13:52:30.284+0000] {dag.py:2742} INFO - Sync 1 DAGs
[2026-01-03T13:52:30.301+0000] {logging_mixin.py:150} INFO - [2026-01-03T13:52:30.301+0000] {dag.py:3504} INFO - Setting next_dagrun for tutorial_taskflow_api_virtualenv to None, run_after=None
[2026-01-03T13:52:30.319+0000] {processor.py:179} INFO - Processing /home/vscode/.local/lib/python3.10/site-packages/airflow/example_dags/tutorial_taskflow_api_virtualenv.py took 0.060 seconds
[2026-01-03T13:53:12.542+0000] {processor.py:157} INFO - Started process (PID=11875) to work on /home/vscode/.local/lib/python3.10/site-packages/airflow/example_dags/tutorial_taskflow_api_virtualenv.py
[2026-01-03T13:53:12.543+0000] {processor.py:826} INFO - Processing file /home/vscode/.local/lib/python3.10/site-packages/airflow/example_dags/tutorial_taskflow_api_virtualenv.py for tasks to queue
[2026-01-03T13:53:12.544+0000] {logging_mixin.py:150} INFO - [2026-01-03T13:53:12.543+0000] {dagbag.py:541} INFO - Filling up the DagBag from /home/vscode/.local/lib/python3.10/site-packages/airflow/example_dags/tutorial_taskflow_api_virtualenv.py
[2026-01-03T13:53:12.549+0000] {processor.py:836} INFO - DAG(s) dict_keys(['tutorial_taskflow_api_virtualenv']) retrieved from /home/vscode/.local/lib/python3.10/site-packages/airflow/example_dags/tutorial_taskflow_api_virtualenv.py
[2026-01-03T13:53:12.564+0000] {logging_mixin.py:150} INFO - [2026-01-03T13:53:12.563+0000] {dag.py:2742} INFO - Sync 1 DAGs
[2026-01-03T13:53:12.580+0000] {logging_mixin.py:150} INFO - [2026-01-03T13:53:12.579+0000] {dag.py:3504} INFO - Setting next_dagrun for tutorial_taskflow_api_virtualenv to None, run_after=None
[2026-01-03T13:53:12.596+0000] {processor.py:179} INFO - Processing /home/vscode/.local/lib/python3.10/site-packages/airflow/example_dags/tutorial_taskflow_api_virtualenv.py took 0.057 seconds
[2026-01-03T13:53:55.838+0000] {processor.py:157} INFO - Started process (PID=12238) to work on /home/vscode/.local/lib/python3.10/site-packages/airflow/example_dags/tutorial_taskflow_api_virtualenv.py
[2026-01-03T13:53:55.838+0000] {processor.py:826} INFO - Processing file /home/vscode/.local/lib/python3.10/site-packages/airflow/example_dags/tutorial_taskflow_api_virtualenv.py for tasks to queue
[2026-01-03T13:53:55.839+0000] {logging_mixin.py:150} INFO - [2026-01-03T13:53:55.839+0000] {dagbag.py:541} INFO - Filling up the DagBag from /home/vscode/.local/lib/python3.10/site-packages/airflow/example_dags/tutorial_taskflow_api_virtualenv.py
[2026-01-03T13:53:55.845+0000] {processor.py:836} INFO - DAG(s) dict_keys(['tutorial_taskflow_api_virtualenv']) retrieved from /home/vscode/.local/lib/python3.10/site-packages/airflow/example_dags/tutorial_taskflow_api_virtualenv.py
[2026-01-03T13:53:55.859+0000] {logging_mixin.py:150} INFO - [2026-01-03T13:53:55.859+0000] {dag.py:2742} INFO - Sync 1 DAGs
[2026-01-03T13:53:55.874+0000] {logging_mixin.py:150} INFO - [2026-01-03T13:53:55.874+0000] {dag.py:3504} INFO - Setting next_dagrun for tutorial_taskflow_api_virtualenv to None, run_after=None
[2026-01-03T13:53:55.892+0000] {processor.py:179} INFO - Processing /home/vscode/.local/lib/python3.10/site-packages/airflow/example_dags/tutorial_taskflow_api_virtualenv.py took 0.057 seconds
[2026-01-03T13:54:36.028+0000] {processor.py:157} INFO - Started process (PID=12555) to work on /home/vscode/.local/lib/python3.10/site-packages/airflow/example_dags/tutorial_taskflow_api_virtualenv.py
[2026-01-03T13:54:36.029+0000] {processor.py:826} INFO - Processing file /home/vscode/.local/lib/python3.10/site-packages/airflow/example_dags/tutorial_taskflow_api_virtualenv.py for tasks to queue
[2026-01-03T13:54:36.030+0000] {logging_mixin.py:150} INFO - [2026-01-03T13:54:36.029+0000] {dagbag.py:541} INFO - Filling up the DagBag from /home/vscode/.local/lib/python3.10/site-packages/airflow/example_dags/tutorial_taskflow_api_virtualenv.py
[2026-01-03T13:54:36.036+0000] {processor.py:836} INFO - DAG(s) dict_keys(['tutorial_taskflow_api_virtualenv']) retrieved from /home/vscode/.local/lib/python3.10/site-packages/airflow/example_dags/tutorial_taskflow_api_virtualenv.py
[2026-01-03T13:54:36.051+0000] {logging_mixin.py:150} INFO - [2026-01-03T13:54:36.051+0000] {dag.py:2742} INFO - Sync 1 DAGs
[2026-01-03T13:54:36.066+0000] {logging_mixin.py:150} INFO - [2026-01-03T13:54:36.065+0000] {dag.py:3504} INFO - Setting next_dagrun for tutorial_taskflow_api_virtualenv to None, run_after=None
[2026-01-03T13:54:36.082+0000] {processor.py:179} INFO - Processing /home/vscode/.local/lib/python3.10/site-packages/airflow/example_dags/tutorial_taskflow_api_virtualenv.py took 0.058 seconds
[2026-01-03T13:55:10.629+0000] {processor.py:157} INFO - Started process (PID=12819) to work on /home/vscode/.local/lib/python3.10/site-packages/airflow/example_dags/tutorial_taskflow_api_virtualenv.py
[2026-01-03T13:55:10.630+0000] {processor.py:826} INFO - Processing file /home/vscode/.local/lib/python3.10/site-packages/airflow/example_dags/tutorial_taskflow_api_virtualenv.py for tasks to queue
[2026-01-03T13:55:10.631+0000] {logging_mixin.py:150} INFO - [2026-01-03T13:55:10.630+0000] {dagbag.py:541} INFO - Filling up the DagBag from /home/vscode/.local/lib/python3.10/site-packages/airflow/example_dags/tutorial_taskflow_api_virtualenv.py
[2026-01-03T13:55:10.637+0000] {processor.py:836} INFO - DAG(s) dict_keys(['tutorial_taskflow_api_virtualenv']) retrieved from /home/vscode/.local/lib/python3.10/site-packages/airflow/example_dags/tutorial_taskflow_api_virtualenv.py
[2026-01-03T13:55:10.651+0000] {logging_mixin.py:150} INFO - [2026-01-03T13:55:10.651+0000] {dag.py:2742} INFO - Sync 1 DAGs
[2026-01-03T13:55:10.666+0000] {logging_mixin.py:150} INFO - [2026-01-03T13:55:10.666+0000] {dag.py:3504} INFO - Setting next_dagrun for tutorial_taskflow_api_virtualenv to None, run_after=None
[2026-01-03T13:55:10.682+0000] {processor.py:179} INFO - Processing /home/vscode/.local/lib/python3.10/site-packages/airflow/example_dags/tutorial_taskflow_api_virtualenv.py took 0.056 seconds
[2026-01-03T13:55:50.627+0000] {processor.py:157} INFO - Started process (PID=13242) to work on /home/vscode/.local/lib/python3.10/site-packages/airflow/example_dags/tutorial_taskflow_api_virtualenv.py
[2026-01-03T13:55:50.628+0000] {processor.py:826} INFO - Processing file /home/vscode/.local/lib/python3.10/site-packages/airflow/example_dags/tutorial_taskflow_api_virtualenv.py for tasks to queue
[2026-01-03T13:55:50.629+0000] {logging_mixin.py:150} INFO - [2026-01-03T13:55:50.628+0000] {dagbag.py:541} INFO - Filling up the DagBag from /home/vscode/.local/lib/python3.10/site-packages/airflow/example_dags/tutorial_taskflow_api_virtualenv.py
[2026-01-03T13:55:50.637+0000] {processor.py:836} INFO - DAG(s) dict_keys(['tutorial_taskflow_api_virtualenv']) retrieved from /home/vscode/.local/lib/python3.10/site-packages/airflow/example_dags/tutorial_taskflow_api_virtualenv.py
[2026-01-03T13:55:50.657+0000] {logging_mixin.py:150} INFO - [2026-01-03T13:55:50.656+0000] {dag.py:2742} INFO - Sync 1 DAGs
[2026-01-03T13:55:50.679+0000] {logging_mixin.py:150} INFO - [2026-01-03T13:55:50.679+0000] {dag.py:3504} INFO - Setting next_dagrun for tutorial_taskflow_api_virtualenv to None, run_after=None
[2026-01-03T13:55:50.700+0000] {processor.py:179} INFO - Processing /home/vscode/.local/lib/python3.10/site-packages/airflow/example_dags/tutorial_taskflow_api_virtualenv.py took 0.076 seconds
[2026-01-03T13:56:22.486+0000] {processor.py:157} INFO - Started process (PID=13576) to work on /home/vscode/.local/lib/python3.10/site-packages/airflow/example_dags/tutorial_taskflow_api_virtualenv.py
[2026-01-03T13:56:22.487+0000] {processor.py:826} INFO - Processing file /home/vscode/.local/lib/python3.10/site-packages/airflow/example_dags/tutorial_taskflow_api_virtualenv.py for tasks to queue
[2026-01-03T13:56:22.488+0000] {logging_mixin.py:150} INFO - [2026-01-03T13:56:22.488+0000] {dagbag.py:541} INFO - Filling up the DagBag from /home/vscode/.local/lib/python3.10/site-packages/airflow/example_dags/tutorial_taskflow_api_virtualenv.py
[2026-01-03T13:56:22.493+0000] {processor.py:836} INFO - DAG(s) dict_keys(['tutorial_taskflow_api_virtualenv']) retrieved from /home/vscode/.local/lib/python3.10/site-packages/airflow/example_dags/tutorial_taskflow_api_virtualenv.py
[2026-01-03T13:56:22.507+0000] {logging_mixin.py:150} INFO - [2026-01-03T13:56:22.507+0000] {dag.py:2742} INFO - Sync 1 DAGs
[2026-01-03T13:56:22.522+0000] {logging_mixin.py:150} INFO - [2026-01-03T13:56:22.521+0000] {dag.py:3504} INFO - Setting next_dagrun for tutorial_taskflow_api_virtualenv to None, run_after=None
[2026-01-03T13:56:22.536+0000] {processor.py:179} INFO - Processing /home/vscode/.local/lib/python3.10/site-packages/airflow/example_dags/tutorial_taskflow_api_virtualenv.py took 0.052 seconds
[2026-01-03T13:57:04.440+0000] {processor.py:157} INFO - Started process (PID=13906) to work on /home/vscode/.local/lib/python3.10/site-packages/airflow/example_dags/tutorial_taskflow_api_virtualenv.py
[2026-01-03T13:57:04.441+0000] {processor.py:826} INFO - Processing file /home/vscode/.local/lib/python3.10/site-packages/airflow/example_dags/tutorial_taskflow_api_virtualenv.py for tasks to queue
[2026-01-03T13:57:04.442+0000] {logging_mixin.py:150} INFO - [2026-01-03T13:57:04.442+0000] {dagbag.py:541} INFO - Filling up the DagBag from /home/vscode/.local/lib/python3.10/site-packages/airflow/example_dags/tutorial_taskflow_api_virtualenv.py
[2026-01-03T13:57:04.447+0000] {processor.py:836} INFO - DAG(s) dict_keys(['tutorial_taskflow_api_virtualenv']) retrieved from /home/vscode/.local/lib/python3.10/site-packages/airflow/example_dags/tutorial_taskflow_api_virtualenv.py
[2026-01-03T13:57:04.461+0000] {logging_mixin.py:150} INFO - [2026-01-03T13:57:04.460+0000] {dag.py:2742} INFO - Sync 1 DAGs
[2026-01-03T13:57:04.475+0000] {logging_mixin.py:150} INFO - [2026-01-03T13:57:04.475+0000] {dag.py:3504} INFO - Setting next_dagrun for tutorial_taskflow_api_virtualenv to None, run_after=None
[2026-01-03T13:57:04.490+0000] {processor.py:179} INFO - Processing /home/vscode/.local/lib/python3.10/site-packages/airflow/example_dags/tutorial_taskflow_api_virtualenv.py took 0.052 seconds
[2026-01-03T13:57:48.294+0000] {processor.py:157} INFO - Started process (PID=14193) to work on /home/vscode/.local/lib/python3.10/site-packages/airflow/example_dags/tutorial_taskflow_api_virtualenv.py
[2026-01-03T13:57:48.295+0000] {processor.py:826} INFO - Processing file /home/vscode/.local/lib/python3.10/site-packages/airflow/example_dags/tutorial_taskflow_api_virtualenv.py for tasks to queue
[2026-01-03T13:57:48.296+0000] {logging_mixin.py:150} INFO - [2026-01-03T13:57:48.296+0000] {dagbag.py:541} INFO - Filling up the DagBag from /home/vscode/.local/lib/python3.10/site-packages/airflow/example_dags/tutorial_taskflow_api_virtualenv.py
[2026-01-03T13:57:48.301+0000] {processor.py:836} INFO - DAG(s) dict_keys(['tutorial_taskflow_api_virtualenv']) retrieved from /home/vscode/.local/lib/python3.10/site-packages/airflow/example_dags/tutorial_taskflow_api_virtualenv.py
[2026-01-03T13:57:48.315+0000] {logging_mixin.py:150} INFO - [2026-01-03T13:57:48.314+0000] {dag.py:2742} INFO - Sync 1 DAGs
[2026-01-03T13:57:48.329+0000] {logging_mixin.py:150} INFO - [2026-01-03T13:57:48.329+0000] {dag.py:3504} INFO - Setting next_dagrun for tutorial_taskflow_api_virtualenv to None, run_after=None
[2026-01-03T13:57:48.344+0000] {processor.py:179} INFO - Processing /home/vscode/.local/lib/python3.10/site-packages/airflow/example_dags/tutorial_taskflow_api_virtualenv.py took 0.052 seconds
[2026-01-03T13:58:28.046+0000] {processor.py:157} INFO - Started process (PID=14458) to work on /home/vscode/.local/lib/python3.10/site-packages/airflow/example_dags/tutorial_taskflow_api_virtualenv.py
[2026-01-03T13:58:28.047+0000] {processor.py:826} INFO - Processing file /home/vscode/.local/lib/python3.10/site-packages/airflow/example_dags/tutorial_taskflow_api_virtualenv.py for tasks to queue
[2026-01-03T13:58:28.047+0000] {logging_mixin.py:150} INFO - [2026-01-03T13:58:28.047+0000] {dagbag.py:541} INFO - Filling up the DagBag from /home/vscode/.local/lib/python3.10/site-packages/airflow/example_dags/tutorial_taskflow_api_virtualenv.py
[2026-01-03T13:58:28.053+0000] {processor.py:836} INFO - DAG(s) dict_keys(['tutorial_taskflow_api_virtualenv']) retrieved from /home/vscode/.local/lib/python3.10/site-packages/airflow/example_dags/tutorial_taskflow_api_virtualenv.py
[2026-01-03T13:58:28.066+0000] {logging_mixin.py:150} INFO - [2026-01-03T13:58:28.066+0000] {dag.py:2742} INFO - Sync 1 DAGs
[2026-01-03T13:58:28.081+0000] {logging_mixin.py:150} INFO - [2026-01-03T13:58:28.081+0000] {dag.py:3504} INFO - Setting next_dagrun for tutorial_taskflow_api_virtualenv to None, run_after=None
[2026-01-03T13:58:28.096+0000] {processor.py:179} INFO - Processing /home/vscode/.local/lib/python3.10/site-packages/airflow/example_dags/tutorial_taskflow_api_virtualenv.py took 0.053 seconds
[2026-01-03T13:59:06.853+0000] {processor.py:157} INFO - Started process (PID=14750) to work on /home/vscode/.local/lib/python3.10/site-packages/airflow/example_dags/tutorial_taskflow_api_virtualenv.py
[2026-01-03T13:59:06.854+0000] {processor.py:826} INFO - Processing file /home/vscode/.local/lib/python3.10/site-packages/airflow/example_dags/tutorial_taskflow_api_virtualenv.py for tasks to queue
[2026-01-03T13:59:06.855+0000] {logging_mixin.py:150} INFO - [2026-01-03T13:59:06.855+0000] {dagbag.py:541} INFO - Filling up the DagBag from /home/vscode/.local/lib/python3.10/site-packages/airflow/example_dags/tutorial_taskflow_api_virtualenv.py
[2026-01-03T13:59:06.861+0000] {processor.py:836} INFO - DAG(s) dict_keys(['tutorial_taskflow_api_virtualenv']) retrieved from /home/vscode/.local/lib/python3.10/site-packages/airflow/example_dags/tutorial_taskflow_api_virtualenv.py
[2026-01-03T13:59:06.874+0000] {logging_mixin.py:150} INFO - [2026-01-03T13:59:06.874+0000] {dag.py:2742} INFO - Sync 1 DAGs
[2026-01-03T13:59:06.889+0000] {logging_mixin.py:150} INFO - [2026-01-03T13:59:06.889+0000] {dag.py:3504} INFO - Setting next_dagrun for tutorial_taskflow_api_virtualenv to None, run_after=None
[2026-01-03T13:59:06.905+0000] {processor.py:179} INFO - Processing /home/vscode/.local/lib/python3.10/site-packages/airflow/example_dags/tutorial_taskflow_api_virtualenv.py took 0.054 seconds
[2026-01-03T13:59:47.961+0000] {processor.py:157} INFO - Started process (PID=15025) to work on /home/vscode/.local/lib/python3.10/site-packages/airflow/example_dags/tutorial_taskflow_api_virtualenv.py
[2026-01-03T13:59:47.961+0000] {processor.py:826} INFO - Processing file /home/vscode/.local/lib/python3.10/site-packages/airflow/example_dags/tutorial_taskflow_api_virtualenv.py for tasks to queue
[2026-01-03T13:59:47.962+0000] {logging_mixin.py:150} INFO - [2026-01-03T13:59:47.962+0000] {dagbag.py:541} INFO - Filling up the DagBag from /home/vscode/.local/lib/python3.10/site-packages/airflow/example_dags/tutorial_taskflow_api_virtualenv.py
[2026-01-03T13:59:47.968+0000] {processor.py:836} INFO - DAG(s) dict_keys(['tutorial_taskflow_api_virtualenv']) retrieved from /home/vscode/.local/lib/python3.10/site-packages/airflow/example_dags/tutorial_taskflow_api_virtualenv.py
[2026-01-03T13:59:47.986+0000] {logging_mixin.py:150} INFO - [2026-01-03T13:59:47.986+0000] {dag.py:2742} INFO - Sync 1 DAGs
[2026-01-03T13:59:48.008+0000] {logging_mixin.py:150} INFO - [2026-01-03T13:59:48.007+0000] {dag.py:3504} INFO - Setting next_dagrun for tutorial_taskflow_api_virtualenv to None, run_after=None
[2026-01-03T13:59:48.032+0000] {processor.py:179} INFO - Processing /home/vscode/.local/lib/python3.10/site-packages/airflow/example_dags/tutorial_taskflow_api_virtualenv.py took 0.074 seconds
[2026-01-03T14:00:19.902+0000] {processor.py:157} INFO - Started process (PID=15240) to work on /home/vscode/.local/lib/python3.10/site-packages/airflow/example_dags/tutorial_taskflow_api_virtualenv.py
[2026-01-03T14:00:19.903+0000] {processor.py:826} INFO - Processing file /home/vscode/.local/lib/python3.10/site-packages/airflow/example_dags/tutorial_taskflow_api_virtualenv.py for tasks to queue
[2026-01-03T14:00:19.903+0000] {logging_mixin.py:150} INFO - [2026-01-03T14:00:19.903+0000] {dagbag.py:541} INFO - Filling up the DagBag from /home/vscode/.local/lib/python3.10/site-packages/airflow/example_dags/tutorial_taskflow_api_virtualenv.py
[2026-01-03T14:00:19.909+0000] {processor.py:836} INFO - DAG(s) dict_keys(['tutorial_taskflow_api_virtualenv']) retrieved from /home/vscode/.local/lib/python3.10/site-packages/airflow/example_dags/tutorial_taskflow_api_virtualenv.py
[2026-01-03T14:00:19.923+0000] {logging_mixin.py:150} INFO - [2026-01-03T14:00:19.923+0000] {dag.py:2742} INFO - Sync 1 DAGs
[2026-01-03T14:00:19.938+0000] {logging_mixin.py:150} INFO - [2026-01-03T14:00:19.937+0000] {dag.py:3504} INFO - Setting next_dagrun for tutorial_taskflow_api_virtualenv to None, run_after=None
[2026-01-03T14:00:19.953+0000] {processor.py:179} INFO - Processing /home/vscode/.local/lib/python3.10/site-packages/airflow/example_dags/tutorial_taskflow_api_virtualenv.py took 0.053 seconds
[2026-01-03T14:00:59.878+0000] {processor.py:157} INFO - Started process (PID=15503) to work on /home/vscode/.local/lib/python3.10/site-packages/airflow/example_dags/tutorial_taskflow_api_virtualenv.py
[2026-01-03T14:00:59.878+0000] {processor.py:826} INFO - Processing file /home/vscode/.local/lib/python3.10/site-packages/airflow/example_dags/tutorial_taskflow_api_virtualenv.py for tasks to queue
[2026-01-03T14:00:59.879+0000] {logging_mixin.py:150} INFO - [2026-01-03T14:00:59.879+0000] {dagbag.py:541} INFO - Filling up the DagBag from /home/vscode/.local/lib/python3.10/site-packages/airflow/example_dags/tutorial_taskflow_api_virtualenv.py
[2026-01-03T14:00:59.885+0000] {processor.py:836} INFO - DAG(s) dict_keys(['tutorial_taskflow_api_virtualenv']) retrieved from /home/vscode/.local/lib/python3.10/site-packages/airflow/example_dags/tutorial_taskflow_api_virtualenv.py
[2026-01-03T14:00:59.899+0000] {logging_mixin.py:150} INFO - [2026-01-03T14:00:59.898+0000] {dag.py:2742} INFO - Sync 1 DAGs
[2026-01-03T14:00:59.913+0000] {logging_mixin.py:150} INFO - [2026-01-03T14:00:59.913+0000] {dag.py:3504} INFO - Setting next_dagrun for tutorial_taskflow_api_virtualenv to None, run_after=None
[2026-01-03T14:00:59.928+0000] {processor.py:179} INFO - Processing /home/vscode/.local/lib/python3.10/site-packages/airflow/example_dags/tutorial_taskflow_api_virtualenv.py took 0.053 seconds
[2026-01-03T14:01:39.734+0000] {processor.py:157} INFO - Started process (PID=15790) to work on /home/vscode/.local/lib/python3.10/site-packages/airflow/example_dags/tutorial_taskflow_api_virtualenv.py
[2026-01-03T14:01:39.735+0000] {processor.py:826} INFO - Processing file /home/vscode/.local/lib/python3.10/site-packages/airflow/example_dags/tutorial_taskflow_api_virtualenv.py for tasks to queue
[2026-01-03T14:01:39.735+0000] {logging_mixin.py:150} INFO - [2026-01-03T14:01:39.735+0000] {dagbag.py:541} INFO - Filling up the DagBag from /home/vscode/.local/lib/python3.10/site-packages/airflow/example_dags/tutorial_taskflow_api_virtualenv.py
[2026-01-03T14:01:39.741+0000] {processor.py:836} INFO - DAG(s) dict_keys(['tutorial_taskflow_api_virtualenv']) retrieved from /home/vscode/.local/lib/python3.10/site-packages/airflow/example_dags/tutorial_taskflow_api_virtualenv.py
[2026-01-03T14:01:39.758+0000] {logging_mixin.py:150} INFO - [2026-01-03T14:01:39.757+0000] {dag.py:2742} INFO - Sync 1 DAGs
[2026-01-03T14:01:39.772+0000] {logging_mixin.py:150} INFO - [2026-01-03T14:01:39.772+0000] {dag.py:3504} INFO - Setting next_dagrun for tutorial_taskflow_api_virtualenv to None, run_after=None
[2026-01-03T14:01:39.787+0000] {processor.py:179} INFO - Processing /home/vscode/.local/lib/python3.10/site-packages/airflow/example_dags/tutorial_taskflow_api_virtualenv.py took 0.056 seconds
[2026-01-03T14:02:13.941+0000] {processor.py:157} INFO - Started process (PID=16029) to work on /home/vscode/.local/lib/python3.10/site-packages/airflow/example_dags/tutorial_taskflow_api_virtualenv.py
[2026-01-03T14:02:13.943+0000] {processor.py:826} INFO - Processing file /home/vscode/.local/lib/python3.10/site-packages/airflow/example_dags/tutorial_taskflow_api_virtualenv.py for tasks to queue
[2026-01-03T14:02:13.944+0000] {logging_mixin.py:150} INFO - [2026-01-03T14:02:13.943+0000] {dagbag.py:541} INFO - Filling up the DagBag from /home/vscode/.local/lib/python3.10/site-packages/airflow/example_dags/tutorial_taskflow_api_virtualenv.py
[2026-01-03T14:02:13.952+0000] {processor.py:836} INFO - DAG(s) dict_keys(['tutorial_taskflow_api_virtualenv']) retrieved from /home/vscode/.local/lib/python3.10/site-packages/airflow/example_dags/tutorial_taskflow_api_virtualenv.py
[2026-01-03T14:02:13.971+0000] {logging_mixin.py:150} INFO - [2026-01-03T14:02:13.971+0000] {dag.py:2742} INFO - Sync 1 DAGs
[2026-01-03T14:02:13.991+0000] {logging_mixin.py:150} INFO - [2026-01-03T14:02:13.991+0000] {dag.py:3504} INFO - Setting next_dagrun for tutorial_taskflow_api_virtualenv to None, run_after=None
[2026-01-03T14:02:14.012+0000] {processor.py:179} INFO - Processing /home/vscode/.local/lib/python3.10/site-packages/airflow/example_dags/tutorial_taskflow_api_virtualenv.py took 0.074 seconds
[2026-01-03T14:02:55.080+0000] {processor.py:157} INFO - Started process (PID=16402) to work on /home/vscode/.local/lib/python3.10/site-packages/airflow/example_dags/tutorial_taskflow_api_virtualenv.py
[2026-01-03T14:02:55.081+0000] {processor.py:826} INFO - Processing file /home/vscode/.local/lib/python3.10/site-packages/airflow/example_dags/tutorial_taskflow_api_virtualenv.py for tasks to queue
[2026-01-03T14:02:55.082+0000] {logging_mixin.py:150} INFO - [2026-01-03T14:02:55.082+0000] {dagbag.py:541} INFO - Filling up the DagBag from /home/vscode/.local/lib/python3.10/site-packages/airflow/example_dags/tutorial_taskflow_api_virtualenv.py
[2026-01-03T14:02:55.088+0000] {processor.py:836} INFO - DAG(s) dict_keys(['tutorial_taskflow_api_virtualenv']) retrieved from /home/vscode/.local/lib/python3.10/site-packages/airflow/example_dags/tutorial_taskflow_api_virtualenv.py
[2026-01-03T14:02:55.101+0000] {logging_mixin.py:150} INFO - [2026-01-03T14:02:55.101+0000] {dag.py:2742} INFO - Sync 1 DAGs
[2026-01-03T14:02:55.117+0000] {logging_mixin.py:150} INFO - [2026-01-03T14:02:55.117+0000] {dag.py:3504} INFO - Setting next_dagrun for tutorial_taskflow_api_virtualenv to None, run_after=None
[2026-01-03T14:02:55.133+0000] {processor.py:179} INFO - Processing /home/vscode/.local/lib/python3.10/site-packages/airflow/example_dags/tutorial_taskflow_api_virtualenv.py took 0.055 seconds
[2026-01-03T14:03:36.749+0000] {processor.py:157} INFO - Started process (PID=17004) to work on /home/vscode/.local/lib/python3.10/site-packages/airflow/example_dags/tutorial_taskflow_api_virtualenv.py
[2026-01-03T14:03:36.750+0000] {processor.py:826} INFO - Processing file /home/vscode/.local/lib/python3.10/site-packages/airflow/example_dags/tutorial_taskflow_api_virtualenv.py for tasks to queue
[2026-01-03T14:03:36.750+0000] {logging_mixin.py:150} INFO - [2026-01-03T14:03:36.750+0000] {dagbag.py:541} INFO - Filling up the DagBag from /home/vscode/.local/lib/python3.10/site-packages/airflow/example_dags/tutorial_taskflow_api_virtualenv.py
[2026-01-03T14:03:36.756+0000] {processor.py:836} INFO - DAG(s) dict_keys(['tutorial_taskflow_api_virtualenv']) retrieved from /home/vscode/.local/lib/python3.10/site-packages/airflow/example_dags/tutorial_taskflow_api_virtualenv.py
[2026-01-03T14:03:36.769+0000] {logging_mixin.py:150} INFO - [2026-01-03T14:03:36.769+0000] {dag.py:2742} INFO - Sync 1 DAGs
[2026-01-03T14:03:36.784+0000] {logging_mixin.py:150} INFO - [2026-01-03T14:03:36.783+0000] {dag.py:3504} INFO - Setting next_dagrun for tutorial_taskflow_api_virtualenv to None, run_after=None
[2026-01-03T14:03:36.798+0000] {processor.py:179} INFO - Processing /home/vscode/.local/lib/python3.10/site-packages/airflow/example_dags/tutorial_taskflow_api_virtualenv.py took 0.052 seconds
[2026-01-03T14:04:22.227+0000] {processor.py:157} INFO - Started process (PID=17516) to work on /home/vscode/.local/lib/python3.10/site-packages/airflow/example_dags/tutorial_taskflow_api_virtualenv.py
[2026-01-03T14:04:22.228+0000] {processor.py:826} INFO - Processing file /home/vscode/.local/lib/python3.10/site-packages/airflow/example_dags/tutorial_taskflow_api_virtualenv.py for tasks to queue
[2026-01-03T14:04:22.229+0000] {logging_mixin.py:150} INFO - [2026-01-03T14:04:22.228+0000] {dagbag.py:541} INFO - Filling up the DagBag from /home/vscode/.local/lib/python3.10/site-packages/airflow/example_dags/tutorial_taskflow_api_virtualenv.py
[2026-01-03T14:04:22.236+0000] {processor.py:836} INFO - DAG(s) dict_keys(['tutorial_taskflow_api_virtualenv']) retrieved from /home/vscode/.local/lib/python3.10/site-packages/airflow/example_dags/tutorial_taskflow_api_virtualenv.py
[2026-01-03T14:04:22.252+0000] {logging_mixin.py:150} INFO - [2026-01-03T14:04:22.252+0000] {dag.py:2742} INFO - Sync 1 DAGs
[2026-01-03T14:04:22.269+0000] {logging_mixin.py:150} INFO - [2026-01-03T14:04:22.268+0000] {dag.py:3504} INFO - Setting next_dagrun for tutorial_taskflow_api_virtualenv to None, run_after=None
[2026-01-03T14:04:22.284+0000] {processor.py:179} INFO - Processing /home/vscode/.local/lib/python3.10/site-packages/airflow/example_dags/tutorial_taskflow_api_virtualenv.py took 0.060 seconds
